12-28 03:12:14.174  9439  9439 W stemux:SystemUX: Binder 0xb400007bcc08ca08 destroyed after setInheritRt before being parceled.
12-28 03:12:14.174  9439  9439 W stemux:SystemUX: Binder 0xb400007b5f2071b8 destroyed after setInheritRt before being parceled.
12-28 03:12:14.175  3621  3913 W .oculus.vrshell: Binder 0x7b435336d0 destroyed after setInheritRt before being parceled.
12-28 03:12:14.175  3621  3913 W .oculus.vrshell: Binder 0x7b1df36760 destroyed after setInheritRt before being parceled.
12-28 03:12:14.175  3621  3913 W .oculus.vrshell: Binder 0x7b1df36578 destroyed after setInheritRt before being parceled.
12-28 03:12:14.175  3621  3913 W .oculus.vrshell: Binder 0x7ace802808 destroyed after setInheritRt before being parceled.
12-28 03:12:14.180  9439  9483 W stemux:SystemUX: Binder 0xb400007b5f0e1690 destroyed after setInheritRt before being parceled.
12-28 03:12:14.181  3621  3913 W .oculus.vrshell: Binder 0x7b1df3fcd0 destroyed after setInheritRt before being parceled.
12-28 03:12:14.182  3621  3621 W .oculus.vrshell: Binder 0x7b1df35720 destroyed after setInheritRt before being parceled.
12-28 03:12:14.182  3621  3621 W .oculus.vrshell: Binder 0x7ac06e52c8 destroyed after setInheritRt before being parceled.
12-28 03:12:14.182  3621  3621 W .oculus.vrshell: Binder 0x7b1df36b18 destroyed after setInheritRt before being parceled.
12-28 03:12:14.184  9439  9439 W stemux:SystemUX: Binder 0xb400007b5f17a490 destroyed after setInheritRt before being parceled.
12-28 03:12:14.184  9439  9439 W stemux:SystemUX: Binder 0xb400007be9d2dec8 destroyed after setInheritRt before being parceled.
12-28 03:12:14.184  9439  9439 W stemux:SystemUX: Binder 0xb400007b5f17a3e8 destroyed after setInheritRt before being parceled.
12-28 03:12:14.184  3621  3621 W BackgroundStartupDetector: bgMode=BACKGROUND
12-28 03:12:14.186  9439  9439 W BackgroundStartupDetector/SystemUX: bgMode=BACKGROUND
12-28 03:12:14.191  1258  1258 W SurfaceFlinger: couldn't log to binary event log: overflow.
12-28 03:12:14.191  1258  1258 W SurfaceFlinger: couldn't log to binary event log: overflow.
12-28 03:12:14.194   803   803 W liblightmanager: indefinite OFF, adjust to be end of sequence
12-28 03:12:14.195  1065  1426 W FrameSync: [FrameSync_1_0] DiscardFrame is triggered, Client called BeginFrame too many times, frame->Stage 2 FrameBeginIndex 161 
12-28 03:12:14.230  1065  1426 W FrameSync: [FrameSync_1_0] DiscardFrame is triggered, Client called BeginFrame too many times, frame->Stage 2 FrameBeginIndex 162 
12-28 03:12:14.268  9439  9458 W System  : A resource failed to call Surface.release. 
12-28 03:12:14.268  9439  9458 W System  : A resource failed to call Surface.release. 
12-28 03:12:14.344  1852 14888 W CompositorVR: Failed to get DRM Vsync timestamp? result -1
12-28 03:12:14.347  1258  1258 W SurfaceFlinger: couldn't log to binary event log: overflow.
12-28 03:12:14.347  1258  1258 W SurfaceFlinger: couldn't log to binary event log: overflow.
12-28 03:12:14.348  1258  1258 W SurfaceFlinger: couldn't log to binary event log: overflow.
12-28 03:12:14.348  1258  1258 W SurfaceFlinger: couldn't log to binary event log: overflow.
12-28 03:12:14.357  2891  3197 W PresenceAPK(RichPresenceManagerModule): Could not update presence due to screen state change. Module status is not ready
12-28 03:12:14.358  1852 14888 W CompositorVR: Failed to get DRM Vsync timestamp? result -1
12-28 03:12:14.359  1852 14888 W CompositorClient: GetClientFeatureFlag SharedMemory is null -1
12-28 03:12:14.361  1457  4005 W ActivityManager: Unable to start service Intent { cmp=com.meta.federatedcomputing.oculus/com.meta.federatedcomputing.service.AnalyticsEventService } U=0: not found
12-28 03:12:14.361  3042  3042 W AbstractFederatedAnalyticsEventClientWithMessengerTransport: Failed to bind to Service
12-28 03:12:14.364  3621  3905 W [SEO] PanelAppHost: PanelAppHost entity destroyed externally without ExitNextFrame - marking as SystemClosure
12-28 03:12:14.368   799   828 E PAL: StreamPCM: stop: 703: In PAL_AUDIO_INPUT case, device count - 1
12-28 03:12:14.370   799   828 E PAL: ResourceManager: voteSleepMonitor: 1758: ioctl device is not open
12-28 03:12:14.371  9439  9439 W WindowOnBackDispatcher: sendCancelIfRunning: isInProgress=falsecallback=android.view.ViewRootImpl$$ExternalSyntheticLambda17@f19e99f
12-28 03:12:14.372  1852 14888 W CompositorVR: Failed to get DRM Vsync timestamp? result -1
12-28 03:12:14.372  1457  1643 W system_server: Binder 0xb400007b2bdcf660 destroyed after setInheritRt before being parceled.
12-28 03:12:14.392     0     0 E msm_cdc_disable_ondemand_supply: either dev or supplies or cdc_vreg is NULL
12-28 03:12:14.392     0     0 E lpass-cdc soc: spf_core_platform:lpass-cdc: lpass_cdc_dmic_clk_enable: dmic power supply disable failed
12-28 03:12:14.392     0     0 E msm_cdc_disable_ondemand_supply: either dev or supplies or cdc_vreg is NULL
12-28 03:12:14.393     0     0 E lpass-cdc soc: spf_core_platform:lpass-cdc: lpass_cdc_dmic_clk_enable: dmic power supply disable failed
12-28 03:12:14.378  9439  9483 W stemux:SystemUX: Binder 0xb400007b5f3dca90 destroyed after setInheritRt before being parceled.
12-28 03:12:14.379  9439  9439 W stemux:SystemUX: Binder 0xb400007b5f21f6c0 destroyed after setInheritRt before being parceled.
12-28 03:12:14.379  9439  9439 W stemux:SystemUX: Binder 0xb400007bcc08d7c8 destroyed after setInheritRt before being parceled.
12-28 03:12:14.379  9439  9439 W stemux:SystemUX: Binder 0xb400007b5f21f668 destroyed after setInheritRt before being parceled.
12-28 03:12:14.380  1457  4005 W InputManager-JNI: Input channel object 'c986878 com.oculus.android_panel_app.AndroidPanelLayer-com.oculus.systemux-portal_overlay_0 (client)' was disposed without first being removed with the input manager!
12-28 03:12:14.383  1258  1258 W surfaceflinger: Binder 0xb40000746a4454f0 destroyed after setInheritRt before being parceled.
12-28 03:12:14.383  1258  1258 W surfaceflinger: Binder 0xb40000746a4453f8 destroyed after setInheritRt before being parceled.
12-28 03:12:14.384  1065 15952 W MRSS    : MIXEDREALITY: MrCombinedService: screenStatus notification but no change
12-28 03:12:14.387  1258  1258 W surfaceflinger: Binder 0xb40000746a51cdc8 destroyed after setInheritRt before being parceled.
12-28 03:12:14.387  1258  1258 W surfaceflinger: Binder 0xb40000746a591410 destroyed after setInheritRt before being parceled.
12-28 03:12:14.389  6441  6441 E AppProcessKiller: screen off
12-28 03:12:14.389  4060  4060 W fwkit_sic_Refresher: [fwkit SilentConfigRefresher.java:15] refresh interval less than 24 hour
12-28 03:12:14.389  6441  6624 E AppProcessKiller: Type=10010
12-28 03:12:14.389  6441  6624 W AppProcessKiller: MESSAGE_DISPATCH
12-28 03:12:14.389  4060  4060 W fwkit_sic_Reporter: [fwkit SilentInstallReporter.java:13] report interval less than 24 hour
12-28 03:12:14.389  1457  1643 W system_server: Binder 0xb400007abe1cb280 destroyed after setInheritRt before being parceled.
12-28 03:12:14.390  6441  6441 E AppProcessKiller: current battery=44
12-28 03:12:14.391  3621  3661 E [UNSET] ShellApplication: No global VolumetricWindowToken found for VolumetricWindowToken: VolumetricWindowToken { scope = 2, token = android.os.BinderProxy@ec1c251, persistableToken = 63572765-a009-4c2d-b5a9-91cc8375e49e }
12-28 03:12:14.392  3621  3661 E BufferQueueProducer: [SurfaceTexture-100-3621-23](id:e250000004b,api:0,p:-1,c:3621) disconnect: not connected (req=1)
12-28 03:12:14.392  1258  1258 W surfaceflinger: Binder 0xb40000746a445d60 destroyed after setInheritRt before being parceled.
12-28 03:12:14.393  1258  1258 W surfaceflinger: Binder 0xb40000746a445bc8 destroyed after setInheritRt before being parceled.
12-28 03:12:14.393  1258  1258 W surfaceflinger: Binder 0xb40000746a4e0c08 destroyed after setInheritRt before being parceled.
12-28 03:12:14.393  1258  1258 W surfaceflinger: Binder 0xb40000746a4f6410 destroyed after setInheritRt before being parceled.
12-28 03:12:14.395  1245  1294 W SDM     : DisplayBase::CommitOrPrepare: Prepare failed: 3
12-28 03:12:14.404  1031 15963 W mediaserver64: Binder 0xb4000071e980af68 destroyed after setInheritRt before being parceled.
12-28 03:12:14.406  9439  9439 W WindowOnBackDispatcher: sendCancelIfRunning: isInProgress=falsecallback=android.view.ViewRootImpl$$ExternalSyntheticLambda17@ab7622c
12-28 03:12:14.408  1457  3916 W InputManager-JNI: Input channel object '88a40d2 com.oculus.systemux/com.oculus.panelapp.virtualobjects.VirtualObjectsActivity (client)' was disposed without first being removed with the input manager!
12-28 03:12:14.410  1852  4413 W CompositorClient: GetClientFeatureFlag SharedMemory is null -1
12-28 03:12:14.410  1457  1522 W UsageStatsService: Unexpected activity event reported! (com.oculus.systemux/com.oculus.panelapp.virtualobjects.VirtualObjectsActivity event : 23 instanceId : 118367699)
12-28 03:12:14.411  1852  1852 W CompositorServer: TimeWarp (Compositor) is not initialized to apply MR Harmonization.
12-28 03:12:14.416  1031 15967 W mediaserver64: Binder 0xb4000071e7e301b8 destroyed after setInheritRt before being parceled.
12-28 03:12:14.417  1031 15967 W Codec2Client: query -- param skipped: index = 1107298332.
12-28 03:12:14.417  1031 15967 W Codec2Client: query -- param skipped: index = 1342179345.
12-28 03:12:14.417  1031 15967 W Codec2Client: query -- param skipped: index = 2415921170.
12-28 03:12:14.424   850  3419 W Parcel  : Expecting binder but got null!
12-28 03:12:14.424  1031 15965 W AudioTrack: setPackageForSession_l: packageName is empty
12-28 03:12:14.431  3621  3905 W [SEO] FrameCommandHelpers: Could not close panel app 63572765-a009-4c2d-b5a9-91cc8375e49e
12-28 03:12:14.442  3621  3905 W .oculus.vrshell: Binder 0x7aa66ff0c8 destroyed after setInheritRt before being parceled.
12-28 03:12:14.442  3621  3905 W .oculus.vrshell: Binder 0x7a4f84e468 destroyed after setInheritRt before being parceled.
12-28 03:12:14.529   850  1686 W audioserver: Binder 0xb4000077a881a768 destroyed after setInheritRt before being parceled.
12-28 03:12:14.529   850  1686 W audioserver: Binder 0xb4000077a8814138 destroyed after setInheritRt before being parceled.
12-28 03:12:14.529   850  1686 W audioserver: Binder 0xb4000077a881a688 destroyed after setInheritRt before being parceled.
12-28 03:12:14.629  4713  9300 E [CT]    : SP:AP:AnchorPersistence: Cloud erase failed. Not purging any anchors
12-28 03:12:14.630  4713 15976 W ThreadHelpers [RUNTIMEIPC]: RuntimeIPC::SetName: thread name 'AsyncRequestWorker' was truncated to 'AsyncRequestWor'
12-28 03:12:14.646  1155 15104 W Tracking: CALIBRATION_RUNTIME: CalibrationHandler: No stable calibration available to persist.
12-28 03:12:14.658  4713  9305 W [CT]    : SP:AP:AnchorLocalStorage: listAllAnchors listed 0 anchors
12-28 03:12:14.658  4713  9305 W [CT]    : SP:AP:AnchorLocalStorage: listAllAnchors listed 0 anchors
12-28 03:12:14.658  4713  9305 W [CT]    : SP:AP:AnchorLocalStorage: listAllAnchors listed 0 anchors
12-28 03:12:14.658  4713  9305 W [CT]    : SP:AP:AnchorLocalStorage: listAllAnchors listed 0 anchors
12-28 03:12:14.659  4713  9305 W [CT]    : SP:AP:AnchorLocalStorage: listAllAnchors listed 0 anchors
12-28 03:12:14.659  4713  9305 W [CT]    : SP:AP:AnchorLocalStorage: listAllAnchors listed 0 anchors
12-28 03:12:14.659  4713  9305 W [CT]    : SP:AP:AnchorLocalStorage: listAllAnchors listed 0 anchors
12-28 03:12:14.659  4713  9305 W [CT]    : SP:AP:AnchorLocalStorage: listAllAnchors listed 0 anchors
12-28 03:12:14.659  4713  9305 W [CT]    : SP:AP:AnchorLocalStorage: listAllAnchors listed 0 anchors
12-28 03:12:14.659  4713  9305 W [CT]    : SP:AP:AnchorLocalStorage: listAllAnchors listed 0 anchors
12-28 03:12:14.659  4713  9305 W [CT]    : SP:AP:AnchorLocalStorage: listAllAnchors listed 0 anchors
12-28 03:12:14.667  1031 15967 W mediaserver64: Binder 0xb4000071e9812fd8 destroyed after setInheritRt before being parceled.
12-28 03:12:14.668  1031  8347 W AMessage: failed to post message as target looper for handler 0 is gone.
12-28 03:12:14.668  1029  2853 W mediaextractor: Binder 0xb40000765ac19478 destroyed after setInheritRt before being parceled.
12-28 03:12:14.669  1031  8347 W mediaserver64: Binder 0xb4000071e7e30c78 destroyed after setInheritRt before being parceled.
12-28 03:12:14.669  1031  8347 W mediaserver64: Binder 0xb4000071e7e2a558 destroyed after setInheritRt before being parceled.
12-28 03:12:14.749   803   803 W liblightmanager: indefinite OFF, adjust to be end of sequence
12-28 03:12:14.771   850  1686 W audioserver: Binder 0xb4000077a881a068 destroyed after setInheritRt before being parceled.
12-28 03:12:14.771   850  1686 W audioserver: Binder 0xb4000077a8814638 destroyed after setInheritRt before being parceled.
12-28 03:12:14.771   850  1686 W audioserver: Binder 0xb4000077a881a458 destroyed after setInheritRt before being parceled.
12-28 03:12:17.666   799   799 E PAL: ResourceManager: voteSleepMonitor: 1758: ioctl device is not open
12-28 03:12:17.670   799   799 E audio_route: unable to find path 'vi-feedback'
12-28 03:12:19.112  3042  8473 E LoggingErrorHandler: Retrofit error, url: [https://graph.oculus.com/authenticate_application], kind: [NETWORK], status: [0 - ], headers: , body: []
12-28 03:12:19.112  3042  8473 E CoresdkAnalyticsEvent: could not set key=message value=null
12-28 03:12:19.113  3042  8473 E ExternalPlatformNetwork: could not get access token from the server for 'com.oculus.browser'
12-28 03:12:19.113  3042  8473 E ExternalPlatformNetwork: retrofit.RetrofitError: java.net.SocketTimeoutException: failed to connect to graph.oculus.com/108.160.170.26 (port 443) from /192.168.31.136 (port 41162) after 15000ms
12-28 03:12:19.113  3042  8473 E ExternalPlatformNetwork: 	at retrofit.RestAdapter$RestHandler.invokeRequest(:341)
12-28 03:12:19.113  3042  8473 E ExternalPlatformNetwork: 	at retrofit.RestAdapter$RestHandler.invoke(:29)
12-28 03:12:19.113  3042  8473 E ExternalPlatformNetwork: 	at java.lang.reflect.Proxy.invoke(Proxy.java:1006)
12-28 03:12:19.113  3042  8473 E ExternalPlatformNetwork: 	at $Proxy14.getAppScopedToken(Unknown Source)
12-28 03:12:19.113  3042  8473 E ExternalPlatformNetwork: 	at com.oculus.horizon.service.ExternalPlatformNetwork.getAppScopedAccessToken(:343)
12-28 03:12:19.113  3042  8473 E ExternalPlatformNetwork: 	at com.oculus.horizon.service.result.ResultBuilder.A00(:2743)
12-28 03:12:19.113  3042  8473 E ExternalPlatformNetwork: 	at X.004.A0H(:3)
12-28 03:12:19.113  3042  8473 E ExternalPlatformNetwork: 	at com.oculus.horizon.service.OVRService$5.getAppScopedAccessToken(:15)
12-28 03:12:19.113  3042  8473 E ExternalPlatformNetwork: 	at com.oculus.aidl.OVRServiceInterface$Stub.onTransact(:91)
12-28 03:12:19.113  3042  8473 E ExternalPlatformNetwork: 	at android.os.Binder.transact(Binder.java:1208)
12-28 03:12:19.113  3042  8473 E ExternalPlatformNetwork: 	at com.facebook.secure.ktx.service.IdentityCheckingBinder.onTransact(:51)
12-28 03:12:19.113  3042  8473 E ExternalPlatformNetwork: 	at android.os.Binder.execTransactInternal(Binder.java:1364)
12-28 03:12:19.113  3042  8473 E ExternalPlatformNetwork: 	at android.os.Binder.execTransact(Binder.java:1300)
12-28 03:12:19.113  3042  8473 E ExternalPlatformNetwork: Caused by: java.io.IOException: java.net.SocketTimeoutException: failed to connect to graph.oculus.com/108.160.170.26 (port 443) from /192.168.31.136 (port 41162) after 15000ms
12-28 03:12:19.113  3042  8473 E ExternalPlatformNetwork: 	at com.oculus.http.common.ExceptionHandlingInterceptor.intercept(:13)
12-28 03:12:19.113  3042  8473 E ExternalPlatformNetwork: 	at X.1kB.A00(:111)
12-28 03:12:19.113  3042  8473 E ExternalPlatformNetwork: 	at X.1kB.AHV(:4)
12-28 03:12:19.113  3042  8473 E ExternalPlatformNetwork: 	at X.1jQ.A03(:80)
12-28 03:12:19.113  3042  8473 E ExternalPlatformNetwork: 	at X.1jQ.A02(:37)
12-28 03:12:19.113  3042  8473 E ExternalPlatformNetwork: 	at X.18h.execute(:130)
12-28 03:12:19.113  3042  8473 E ExternalPlatformNetwork: 	at retrofit.RestAdapter$RestHandler.invokeRequest(:119)
12-28 03:12:19.113  3042  8473 E ExternalPlatformNetwork: 	... 12 more
12-28 03:12:19.113  3042  8473 E ExternalPlatformNetwork: Caused by: java.net.SocketTimeoutException: failed to connect to graph.oculus.com/108.160.170.26 (port 443) from /192.168.31.136 (port 41162) after 15000ms
12-28 03:12:19.113  3042  8473 E ExternalPlatformNetwork: 	at libcore.io.IoBridge.connectErrno(IoBridge.java:235)
12-28 03:12:19.113  3042  8473 E ExternalPlatformNetwork: 	at libcore.io.IoBridge.connect(IoBridge.java:179)
12-28 03:12:19.113  3042  8473 E ExternalPlatformNetwork: 	at java.net.PlainSocketImpl.socketConnect(PlainSocketImpl.java:142)
12-28 03:12:19.113  3042  8473 E ExternalPlatformNetwork: 	at java.net.AbstractPlainSocketImpl.doConnect(AbstractPlainSocketImpl.java:390)
12-28 03:12:19.113  3042  8473 E ExternalPlatformNetwork: 	at java.net.AbstractPlainSocketImpl.connectToAddress(AbstractPlainSocketImpl.java:230)
12-28 03:12:19.113  3042  8473 E ExternalPlatformNetwork: 	at java.net.AbstractPlainSocketImpl.connect(AbstractPlainSocketImpl.java:212)
12-28 03:12:19.113  3042  8473 E ExternalPlatformNetwork: 	at java.net.SocksSocketImpl.connect(SocksSocketImpl.java:436)
12-28 03:12:19.113  3042  8473 E ExternalPlatformNetwork: 	at java.net.Socket.connect(Socket.java:646)
12-28 03:12:19.113  3042  8473 E ExternalPlatformNetwork: 	at X.1ht.A08(:0)
12-28 03:12:19.113  3042  8473 E ExternalPlatformNetwork: 	at X.1ji.A00(:46)
12-28 03:12:19.113  3042  8473 E ExternalPlatformNetwork: 	at X.1jb.intercept(:1128)
12-28 03:12:19.113  3042  8473 E ExternalPlatformNetwork: 	at X.1kB.A00(:111)
12-28 03:12:19.113  3042  8473 E ExternalPlatformNetwork: 	at X.1kB.AHV(:4)
12-28 03:12:19.113  3042  8473 E ExternalPlatformNetwork: 	at X.1kA.intercept(:478)
12-28 03:12:19.113  3042  8473 E ExternalPlatformNetwork: 	at X.1kB.A00(:111)
12-28 03:12:19.113  3042  8473 E ExternalPlatformNetwork: 	at X.1kB.AHV(:4)
12-28 03:12:19.113  3042  8473 E ExternalPlatformNetwork: 	at X.1A5.intercept(:227)
12-28 03:12:19.113  3042  8473 E ExternalPlatformNetwork: 	at X.1kB.A00(:111)
12-28 03:12:19.113  3042  8473 E ExternalPlatformNetwork: 	at X.1jZ.intercept(:43)
12-28 03:12:19.113  3042  8473 E ExternalPlatformNetwork: 	at X.1kB.A00(:111)
12-28 03:12:19.113  3042  8473 E ExternalPlatformNetwork: 	at X.1kB.AHV(:4)
12-28 03:12:19.113  3042  8473 E ExternalPlatformNetwork: 	at com.oculus.http.common.ExceptionHandlingInterceptor.intercept(:5)
12-28 03:12:19.113  3042  8473 E ExternalPlatformNetwork: 	... 18 more
12-28 03:12:19.114  3042  8473 E AuthLogger: Action failed: OBTAIN_TOKEN_3P, callingPackage: com.oculus.browser, accountType: null, tokenType: null, extras: {calling_app_id=1916519981771802, options=method: getAppScopedToken, token_type=, token_retrieval_3p=legacy_auth}, duration: 35019ms
12-28 03:12:19.114  3042  8473 E AuthLogger: retrofit.RetrofitError: java.net.SocketTimeoutException: failed to connect to graph.oculus.com/108.160.170.26 (port 443) from /192.168.31.136 (port 41162) after 15000ms
12-28 03:12:19.114  3042  8473 E AuthLogger: 	at retrofit.RestAdapter$RestHandler.invokeRequest(:341)
12-28 03:12:19.114  3042  8473 E AuthLogger: 	at retrofit.RestAdapter$RestHandler.invoke(:29)
12-28 03:12:19.114  3042  8473 E AuthLogger: 	at java.lang.reflect.Proxy.invoke(Proxy.java:1006)
12-28 03:12:19.114  3042  8473 E AuthLogger: 	at $Proxy14.getAppScopedToken(Unknown Source)
12-28 03:12:19.114  3042  8473 E AuthLogger: 	at com.oculus.horizon.service.ExternalPlatformNetwork.getAppScopedAccessToken(:343)
12-28 03:12:19.114  3042  8473 E AuthLogger: 	at com.oculus.horizon.service.result.ResultBuilder.A00(:2743)
12-28 03:12:19.114  3042  8473 E AuthLogger: 	at X.004.A0H(:3)
12-28 03:12:19.114  3042  8473 E AuthLogger: 	at com.oculus.horizon.service.OVRService$5.getAppScopedAccessToken(:15)
12-28 03:12:19.114  3042  8473 E AuthLogger: 	at com.oculus.aidl.OVRServiceInterface$Stub.onTransact(:91)
12-28 03:12:19.114  3042  8473 E AuthLogger: 	at android.os.Binder.transact(Binder.java:1208)
12-28 03:12:19.114  3042  8473 E AuthLogger: 	at com.facebook.secure.ktx.service.IdentityCheckingBinder.onTransact(:51)
12-28 03:12:19.114  3042  8473 E AuthLogger: 	at android.os.Binder.execTransactInternal(Binder.java:1364)
12-28 03:12:19.114  3042  8473 E AuthLogger: 	at android.os.Binder.execTransact(Binder.java:1300)
12-28 03:12:19.114  3042  8473 E AuthLogger: Caused by: java.io.IOException: java.net.SocketTimeoutException: failed to connect to graph.oculus.com/108.160.170.26 (port 443) from /192.168.31.136 (port 41162) after 15000ms
12-28 03:12:19.114  3042  8473 E AuthLogger: 	at com.oculus.http.common.ExceptionHandlingInterceptor.intercept(:13)
12-28 03:12:19.114  3042  8473 E AuthLogger: 	at X.1kB.A00(:111)
12-28 03:12:19.114  3042  8473 E AuthLogger: 	at X.1kB.AHV(:4)
12-28 03:12:19.114  3042  8473 E AuthLogger: 	at X.1jQ.A03(:80)
12-28 03:12:19.114  3042  8473 E AuthLogger: 	at X.1jQ.A02(:37)
12-28 03:12:19.114  3042  8473 E AuthLogger: 	at X.18h.execute(:130)
12-28 03:12:19.114  3042  8473 E AuthLogger: 	at retrofit.RestAdapter$RestHandler.invokeRequest(:119)
12-28 03:12:19.114  3042  8473 E AuthLogger: 	... 12 more
12-28 03:12:19.114  3042  8473 E AuthLogger: Caused by: java.net.SocketTimeoutException: failed to connect to graph.oculus.com/108.160.170.26 (port 443) from /192.168.31.136 (port 41162) after 15000ms
12-28 03:12:19.114  3042  8473 E AuthLogger: 	at libcore.io.IoBridge.connectErrno(IoBridge.java:235)
12-28 03:12:19.114  3042  8473 E AuthLogger: 	at libcore.io.IoBridge.connect(IoBridge.java:179)
12-28 03:12:19.114  3042  8473 E AuthLogger: 	at java.net.PlainSocketImpl.socketConnect(PlainSocketImpl.java:142)
12-28 03:12:19.114  3042  8473 E AuthLogger: 	at java.net.AbstractPlainSocketImpl.doConnect(AbstractPlainSocketImpl.java:390)
12-28 03:12:19.114  3042  8473 E AuthLogger: 	at java.net.AbstractPlainSocketImpl.connectToAddress(AbstractPlainSocketImpl.java:230)
12-28 03:12:19.114  3042  8473 E AuthLogger: 	at java.net.AbstractPlainSocketImpl.connect(AbstractPlainSocketImpl.java:212)
12-28 03:12:19.114  3042  8473 E AuthLogger: 	at java.net.SocksSocketImpl.connect(SocksSocketImpl.java:436)
12-28 03:12:19.114  3042  8473 E AuthLogger: 	at java.net.Socket.connect(Socket.java:646)
12-28 03:12:19.114  3042  8473 E AuthLogger: 	at X.1ht.A08(:0)
12-28 03:12:19.114  3042  8473 E AuthLogger: 	at X.1ji.A00(:46)
12-28 03:12:19.114  3042  8473 E AuthLogger: 	at X.1jb.intercept(:1128)
12-28 03:12:19.114  3042  8473 E AuthLogger: 	at X.1kB.A00(:111)
12-28 03:12:19.114  3042  8473 E AuthLogger: 	at X.1kB.AHV(:4)
12-28 03:12:19.114  3042  8473 E AuthLogger: 	at X.1kA.intercept(:478)
12-28 03:12:19.114  3042  8473 E AuthLogger: 	at X.1kB.A00(:111)
12-28 03:12:19.114  3042  8473 E AuthLogger: 	at X.1kB.AHV(:4)
12-28 03:12:19.114  3042  8473 E AuthLogger: 	at X.1A5.intercept(:227)
12-28 03:12:19.114  3042  8473 E AuthLogger: 	at X.1kB.A00(:111)
12-28 03:12:19.114  3042  8473 E AuthLogger: 	at X.1jZ.intercept(:43)
12-28 03:12:19.114  3042  8473 E AuthLogger: 	at X.1kB.A00(:111)
12-28 03:12:19.114  3042  8473 E AuthLogger: 	at X.1kB.AHV(:4)
12-28 03:12:19.114  3042  8473 E AuthLogger: 	at com.oculus.http.common.ExceptionHandlingInterceptor.intercept(:5)
12-28 03:12:19.114  3042  8473 E AuthLogger: 	... 18 more
12-28 03:12:19.114  3042  8473 E AppScopedAccessTokenResultBuilder: ResultBuilder error has been set to: java.net.SocketTimeoutException: failed to connect to graph.oculus.com/108.160.170.26 (port 443) from /192.168.31.136 (port 41162) after 15000ms
12-28 03:12:19.114  3042  8473 E AppScopedAccessTokenResultBuilder: retrofit.RetrofitError: java.net.SocketTimeoutException: failed to connect to graph.oculus.com/108.160.170.26 (port 443) from /192.168.31.136 (port 41162) after 15000ms
12-28 03:12:19.114  3042  8473 E AppScopedAccessTokenResultBuilder: 	at retrofit.RestAdapter$RestHandler.invokeRequest(:341)
12-28 03:12:19.114  3042  8473 E AppScopedAccessTokenResultBuilder: 	at retrofit.RestAdapter$RestHandler.invoke(:29)
12-28 03:12:19.114  3042  8473 E AppScopedAccessTokenResultBuilder: 	at java.lang.reflect.Proxy.invoke(Proxy.java:1006)
12-28 03:12:19.114  3042  8473 E AppScopedAccessTokenResultBuilder: 	at $Proxy14.getAppScopedToken(Unknown Source)
12-28 03:12:19.114  3042  8473 E AppScopedAccessTokenResultBuilder: 	at com.oculus.horizon.service.ExternalPlatformNetwork.getAppScopedAccessToken(:343)
12-28 03:12:19.114  3042  8473 E AppScopedAccessTokenResultBuilder: 	at com.oculus.horizon.service.result.ResultBuilder.A00(:2743)
12-28 03:12:19.114  3042  8473 E AppScopedAccessTokenResultBuilder: 	at X.004.A0H(:3)
12-28 03:12:19.114  3042  8473 E AppScopedAccessTokenResultBuilder: 	at com.oculus.horizon.service.OVRService$5.getAppScopedAccessToken(:15)
12-28 03:12:19.114  3042  8473 E AppScopedAccessTokenResultBuilder: 	at com.oculus.aidl.OVRServiceInterface$Stub.onTransact(:91)
12-28 03:12:19.114  3042  8473 E AppScopedAccessTokenResultBuilder: 	at android.os.Binder.transact(Binder.java:1208)
12-28 03:12:19.114  3042  8473 E AppScopedAccessTokenResultBuilder: 	at com.facebook.secure.ktx.service.IdentityCheckingBinder.onTransact(:51)
12-28 03:12:19.114  3042  8473 E AppScopedAccessTokenResultBuilder: 	at android.os.Binder.execTransactInternal(Binder.java:1364)
12-28 03:12:19.114  3042  8473 E AppScopedAccessTokenResultBuilder: 	at android.os.Binder.execTransact(Binder.java:1300)
12-28 03:12:19.114  3042  8473 E AppScopedAccessTokenResultBuilder: Caused by: java.io.IOException: java.net.SocketTimeoutException: failed to connect to graph.oculus.com/108.160.170.26 (port 443) from /192.168.31.136 (port 41162) after 15000ms
12-28 03:12:19.114  3042  8473 E AppScopedAccessTokenResultBuilder: 	at com.oculus.http.common.ExceptionHandlingInterceptor.intercept(:13)
12-28 03:12:19.114  3042  8473 E AppScopedAccessTokenResultBuilder: 	at X.1kB.A00(:111)
12-28 03:12:19.114  3042  8473 E AppScopedAccessTokenResultBuilder: 	at X.1kB.AHV(:4)
12-28 03:12:19.114  3042  8473 E AppScopedAccessTokenResultBuilder: 	at X.1jQ.A03(:80)
12-28 03:12:19.114  3042  8473 E AppScopedAccessTokenResultBuilder: 	at X.1jQ.A02(:37)
12-28 03:12:19.114  3042  8473 E AppScopedAccessTokenResultBuilder: 	at X.18h.execute(:130)
12-28 03:12:19.114  3042  8473 E AppScopedAccessTokenResultBuilder: 	at retrofit.RestAdapter$RestHandler.invokeRequest(:119)
12-28 03:12:19.114  3042  8473 E AppScopedAccessTokenResultBuilder: 	... 12 more
12-28 03:12:19.114  3042  8473 E AppScopedAccessTokenResultBuilder: Caused by: java.net.SocketTimeoutException: failed to connect to graph.oculus.com/108.160.170.26 (port 443) from /192.168.31.136 (port 41162) after 15000ms
12-28 03:12:19.114  3042  8473 E AppScopedAccessTokenResultBuilder: 	at libcore.io.IoBridge.connectErrno(IoBridge.java:235)
12-28 03:12:19.114  3042  8473 E AppScopedAccessTokenResultBuilder: 	at libcore.io.IoBridge.connect(IoBridge.java:179)
12-28 03:12:19.114  3042  8473 E AppScopedAccessTokenResultBuilder: 	at java.net.PlainSocketImpl.socketConnect(PlainSocketImpl.java:142)
12-28 03:12:19.114  3042  8473 E AppScopedAccessTokenResultBuilder: 	at java.net.AbstractPlainSocketImpl.doConnect(AbstractPlainSocketImpl.java:390)
12-28 03:12:19.114  3042  8473 E AppScopedAccessTokenResultBuilder: 	at java.net.AbstractPlainSocketImpl.connectToAddress(AbstractPlainSocketImpl.java:230)
12-28 03:12:19.114  3042  8473 E AppScopedAccessTokenResultBuilder: 	at java.net.AbstractPlainSocketImpl.connect(AbstractPlainSocketImpl.java:212)
12-28 03:12:19.114  3042  8473 E AppScopedAccessTokenResultBuilder: 	at java.net.SocksSocketImpl.connect(SocksSocketImpl.java:436)
12-28 03:12:19.114  3042  8473 E AppScopedAccessTokenResultBuilder: 	at java.net.Socket.connect(Socket.java:646)
12-28 03:12:19.114  3042  8473 E AppScopedAccessTokenResultBuilder: 	at X.1ht.A08(:0)
12-28 03:12:19.114  3042  8473 E AppScopedAccessTokenResultBuilder: 	at X.1ji.A00(:46)
12-28 03:12:19.114  3042  8473 E AppScopedAccessTokenResultBuilder: 	at X.1jb.intercept(:1128)
12-28 03:12:19.114  3042  8473 E AppScopedAccessTokenResultBuilder: 	at X.1kB.A00(:111)
12-28 03:12:19.114  3042  8473 E AppScopedAccessTokenResultBuilder: 	at X.1kB.AHV(:4)
12-28 03:12:19.114  3042  8473 E AppScopedAccessTokenResultBuilder: 	at X.1kA.intercept(:478)
12-28 03:12:19.114  3042  8473 E AppScopedAccessTokenResultBuilder: 	at X.1kB.A00(:111)
12-28 03:12:19.114  3042  8473 E AppScopedAccessTokenResultBuilder: 	at X.1kB.AHV(:4)
12-28 03:12:19.114  3042  8473 E AppScopedAccessTokenResultBuilder: 	at X.1A5.intercept(:227)
12-28 03:12:19.114  3042  8473 E AppScopedAccessTokenResultBuilder: 	at X.1kB.A00(:111)
12-28 03:12:19.114  3042  8473 E AppScopedAccessTokenResultBuilder: 	at X.1jZ.intercept(:43)
12-28 03:12:19.114  3042  8473 E AppScopedAccessTokenResultBuilder: 	at X.1kB.A00(:111)
12-28 03:12:19.114  3042  8473 E AppScopedAccessTokenResultBuilder: 	at X.1kB.AHV(:4)
12-28 03:12:19.114  3042  8473 E AppScopedAccessTokenResultBuilder: 	at com.oculus.http.common.ExceptionHandlingInterceptor.intercept(:5)
12-28 03:12:19.114  3042  8473 E AppScopedAccessTokenResultBuilder: 	... 18 more
12-28 03:12:19.114  3042  8473 E com.oculus.platform.util.Util: operation failed
12-28 03:12:19.114  3042  8473 E com.oculus.platform.util.Util: retrofit.RetrofitError: java.net.SocketTimeoutException: failed to connect to graph.oculus.com/108.160.170.26 (port 443) from /192.168.31.136 (port 41162) after 15000ms
12-28 03:12:19.114  3042  8473 E com.oculus.platform.util.Util: 	at retrofit.RestAdapter$RestHandler.invokeRequest(:341)
12-28 03:12:19.114  3042  8473 E com.oculus.platform.util.Util: 	at retrofit.RestAdapter$RestHandler.invoke(:29)
12-28 03:12:19.114  3042  8473 E com.oculus.platform.util.Util: 	at java.lang.reflect.Proxy.invoke(Proxy.java:1006)
12-28 03:12:19.114  3042  8473 E com.oculus.platform.util.Util: 	at $Proxy14.getAppScopedToken(Unknown Source)
12-28 03:12:19.114  3042  8473 E com.oculus.platform.util.Util: 	at com.oculus.horizon.service.ExternalPlatformNetwork.getAppScopedAccessToken(:343)
12-28 03:12:19.114  3042  8473 E com.oculus.platform.util.Util: 	at com.oculus.horizon.service.result.ResultBuilder.A00(:2743)
12-28 03:12:19.114  3042  8473 E com.oculus.platform.util.Util: 	at X.004.A0H(:3)
12-28 03:12:19.114  3042  8473 E com.oculus.platform.util.Util: 	at com.oculus.horizon.service.OVRService$5.getAppScopedAccessToken(:15)
12-28 03:12:19.114  3042  8473 E com.oculus.platform.util.Util: 	at com.oculus.aidl.OVRServiceInterface$Stub.onTransact(:91)
12-28 03:12:19.114  3042  8473 E com.oculus.platform.util.Util: 	at android.os.Binder.transact(Binder.java:1208)
12-28 03:12:19.114  3042  8473 E com.oculus.platform.util.Util: 	at com.facebook.secure.ktx.service.IdentityCheckingBinder.onTransact(:51)
12-28 03:12:19.114  3042  8473 E com.oculus.platform.util.Util: 	at android.os.Binder.execTransactInternal(Binder.java:1364)
12-28 03:12:19.114  3042  8473 E com.oculus.platform.util.Util: 	at android.os.Binder.execTransact(Binder.java:1300)
12-28 03:12:19.114  3042  8473 E com.oculus.platform.util.Util: Caused by: java.io.IOException: java.net.SocketTimeoutException: failed to connect to graph.oculus.com/108.160.170.26 (port 443) from /192.168.31.136 (port 41162) after 15000ms
12-28 03:12:19.114  3042  8473 E com.oculus.platform.util.Util: 	at com.oculus.http.common.ExceptionHandlingInterceptor.intercept(:13)
12-28 03:12:19.114  3042  8473 E com.oculus.platform.util.Util: 	at X.1kB.A00(:111)
12-28 03:12:19.114  3042  8473 E com.oculus.platform.util.Util: 	at X.1kB.AHV(:4)
12-28 03:12:19.114  3042  8473 E com.oculus.platform.util.Util: 	at X.1jQ.A03(:80)
12-28 03:12:19.114  3042  8473 E com.oculus.platform.util.Util: 	at X.1jQ.A02(:37)
12-28 03:12:19.114  3042  8473 E com.oculus.platform.util.Util: 	at X.18h.execute(:130)
12-28 03:12:19.114  3042  8473 E com.oculus.platform.util.Util: 	at retrofit.RestAdapter$RestHandler.invokeRequest(:119)
12-28 03:12:19.114  3042  8473 E com.oculus.platform.util.Util: 	... 12 more
12-28 03:12:19.114  3042  8473 E com.oculus.platform.util.Util: Caused by: java.net.SocketTimeoutException: failed to connect to graph.oculus.com/108.160.170.26 (port 443) from /192.168.31.136 (port 41162) after 15000ms
12-28 03:12:19.114  3042  8473 E com.oculus.platform.util.Util: 	at libcore.io.IoBridge.connectErrno(IoBridge.java:235)
12-28 03:12:19.114  3042  8473 E com.oculus.platform.util.Util: 	at libcore.io.IoBridge.connect(IoBridge.java:179)
12-28 03:12:19.114  3042  8473 E com.oculus.platform.util.Util: 	at java.net.PlainSocketImpl.socketConnect(PlainSocketImpl.java:142)
12-28 03:12:19.114  3042  8473 E com.oculus.platform.util.Util: 	at java.net.AbstractPlainSocketImpl.doConnect(AbstractPlainSocketImpl.java:390)
12-28 03:12:19.114  3042  8473 E com.oculus.platform.util.Util: 	at java.net.AbstractPlainSocketImpl.connectToAddress(AbstractPlainSocketImpl.java:230)
12-28 03:12:19.114  3042  8473 E com.oculus.platform.util.Util: 	at java.net.AbstractPlainSocketImpl.connect(AbstractPlainSocketImpl.java:212)
12-28 03:12:19.114  3042  8473 E com.oculus.platform.util.Util: 	at java.net.SocksSocketImpl.connect(SocksSocketImpl.java:436)
12-28 03:12:19.114  3042  8473 E com.oculus.platform.util.Util: 	at java.net.Socket.connect(Socket.java:646)
12-28 03:12:19.114  3042  8473 E com.oculus.platform.util.Util: 	at X.1ht.A08(:0)
12-28 03:12:19.114  3042  8473 E com.oculus.platform.util.Util: 	at X.1ji.A00(:46)
12-28 03:12:19.114  3042  8473 E com.oculus.platform.util.Util: 	at X.1jb.intercept(:1128)
12-28 03:12:19.114  3042  8473 E com.oculus.platform.util.Util: 	at X.1kB.A00(:111)
12-28 03:12:19.114  3042  8473 E com.oculus.platform.util.Util: 	at X.1kB.AHV(:4)
12-28 03:12:19.114  3042  8473 E com.oculus.platform.util.Util: 	at X.1kA.intercept(:478)
12-28 03:12:19.114  3042  8473 E com.oculus.platform.util.Util: 	at X.1kB.A00(:111)
12-28 03:12:19.114  3042  8473 E com.oculus.platform.util.Util: 	at X.1kB.AHV(:4)
12-28 03:12:19.114  3042  8473 E com.oculus.platform.util.Util: 	at X.1A5.intercept(:227)
12-28 03:12:19.114  3042  8473 E com.oculus.platform.util.Util: 	at X.1kB.A00(:111)
12-28 03:12:19.114  3042  8473 E com.oculus.platform.util.Util: 	at X.1jZ.intercept(:43)
12-28 03:12:19.114  3042  8473 E com.oculus.platform.util.Util: 	at X.1kB.A00(:111)
12-28 03:12:19.114  3042  8473 E com.oculus.platform.util.Util: 	at X.1kB.AHV(:4)
12-28 03:12:19.114  3042  8473 E com.oculus.platform.util.Util: 	at com.oculus.http.common.ExceptionHandlingInterceptor.intercept(:5)
12-28 03:12:19.114  3042  8473 E com.oculus.platform.util.Util: 	... 18 more
12-28 03:12:19.115 10201 10310 E cr_OVRServiceManager: AccessToken empty
12-28 03:12:19.115 10201 10310 E cr_ParentalControlsSettings: Unable to fetch parental controls settings.
12-28 03:12:19.115 10201 10310 E cr_AccessTokenHandler: Failed to retrieve Oculus access token
12-28 03:12:19.115 10201 10310 E cr_AccessTokenHandler: Failed to retrieve Oculus access token
12-28 03:12:20.044     0     0 W healthd : battery l=44 v=3803 t=45.0 h=2 st=3 c=-254522 fc=5169000 cc=30 chg=
12-28 03:12:20.533  6441  6441 E AppProcessKiller: current battery=44
12-28 03:12:21.244  1457  1676 W BestClock: java.time.DateTimeException: Missing network time fix
12-28 03:12:21.249  1457  1677 W BestClock: java.time.DateTimeException: Missing network time fix
12-28 03:12:21.249  1457  1677 W BestClock: java.time.DateTimeException: Missing network time fix
12-28 03:12:21.256  1457  1676 W BestClock: java.time.DateTimeException: Missing network time fix
12-28 03:12:24.171  1457  1513 W ProcessStats: Tracking association SourceState{cbee4ff com.oculus.ocms/10035 ImpFg #5232} whose proc state 5 is better than process ProcessState{1ee8567 com.oculus.quickplayservice/1000 pkg=com.oculus.quickplayservice} proc state 14 (59 skipped)
12-28 03:12:24.413  3042  8103 E LoggingErrorHandler: Retrofit error, url: [https://graph.oculus.com/authenticate_application], kind: [NETWORK], status: [0 - ], headers: , body: []
12-28 03:12:24.413  3042  8103 E CoresdkAnalyticsEvent: could not set key=message value=null
12-28 03:12:24.416  3042  8103 E AuthLogger: Action failed: OBTAIN_TOKEN, callingPackage: com.facebook.spatial_persistence_service, accountType: com.oculus, tokenType: , extras: {calling_app_id=null, network_status=WIFI}, duration: 15021ms
12-28 03:12:24.416  3042  8103 E AuthLogger: com.oculus.auth.components.NetworkError: com.oculus.http.core.base.ApiError: retrofit.RetrofitError: java.net.SocketTimeoutException: failed to connect to graph.oculus.com/108.160.170.26 (port 443) from /192.168.31.136 (port 41170) after 15000ms
12-28 03:12:24.416  3042  8103 E AuthLogger: 	at com.oculus.auth.components.TokenProvider.throwAsSpecificError(:62)
12-28 03:12:24.416  3042  8103 E AuthLogger: 	at com.oculus.auth.components.TokenProvider.obtainAccessToken(:144)
12-28 03:12:24.416  3042  8103 E AuthLogger: 	at com.oculus.auth.components.TokenProvider.obtainToken(:77)
12-28 03:12:24.416  3042  8103 E AuthLogger: 	at com.oculus.auth.authenticator.oculus.OculusAuthenticator.doGetAuthToken(:84089)
12-28 03:12:24.416  3042  8103 E AuthLogger: 	at com.oculus.auth.authenticator.common.BaseAuthenticator.getAuthTokenSync(:78)
12-28 03:12:24.416  3042  8103 E AuthLogger: 	at com.oculus.auth.authenticator.common.BaseAuthenticator.getAuthToken(:132)
12-28 03:12:24.416  3042  8103 E AuthLogger: 	at android.accounts.AbstractAccountAuthenticator$Transport.getAuthToken(AbstractAccountAuthenticator.java:251)
12-28 03:12:24.416  3042  8103 E AuthLogger: 	at android.accounts.IAccountAuthenticator$Stub.onTransact(IAccountAuthenticator.java:253)
12-28 03:12:24.416  3042  8103 E AuthLogger: 	at android.os.Binder.execTransactInternal(Binder.java:1369)
12-28 03:12:24.416  3042  8103 E AuthLogger: 	at android.os.Binder.execTransact(Binder.java:1300)
12-28 03:12:24.416  3042  8103 E AuthLogger: Caused by: com.oculus.http.core.base.ApiError: retrofit.RetrofitError: java.net.SocketTimeoutException: failed to connect to graph.oculus.com/108.160.170.26 (port 443) from /192.168.31.136 (port 41170) after 15000ms
12-28 03:12:24.416  3042  8103 E AuthLogger: 	at com.oculus.auth.api.AuthMethods.authenticateApplication(:23)
12-28 03:12:24.416  3042  8103 E AuthLogger: 	at com.oculus.auth.components.TokenProvider.obtainAccessToken(:102)
12-28 03:12:24.416  3042  8103 E AuthLogger: 	... 8 more
12-28 03:12:24.416  3042  8103 E AuthLogger: Caused by: retrofit.RetrofitError: java.net.SocketTimeoutException: failed to connect to graph.oculus.com/108.160.170.26 (port 443) from /192.168.31.136 (port 41170) after 15000ms
12-28 03:12:24.416  3042  8103 E AuthLogger: 	at retrofit.RestAdapter$RestHandler.invokeRequest(:341)
12-28 03:12:24.416  3042  8103 E AuthLogger: 	at retrofit.RestAdapter$RestHandler.invoke(:29)
12-28 03:12:24.416  3042  8103 E AuthLogger: 	at java.lang.reflect.Proxy.invoke(Proxy.java:1006)
12-28 03:12:24.416  3042  8103 E AuthLogger: 	at $Proxy3.authenticateApplication(Unknown Source)
12-28 03:12:24.416  3042  8103 E AuthLogger: 	at com.oculus.auth.api.AuthMethods.authenticateApplication(:15)
12-28 03:12:24.416  3042  8103 E AuthLogger: 	... 9 more
12-28 03:12:24.416  3042  8103 E AuthLogger: Caused by: java.io.IOException: java.net.SocketTimeoutException: failed to connect to graph.oculus.com/108.160.170.26 (port 443) from /192.168.31.136 (port 41170) after 15000ms
12-28 03:12:24.416  3042  8103 E AuthLogger: 	at com.oculus.http.common.ExceptionHandlingInterceptor.intercept(:13)
12-28 03:12:24.416  3042  8103 E AuthLogger: 	at X.1kB.A00(:111)
12-28 03:12:24.416  3042  8103 E AuthLogger: 	at X.1kB.AHV(:4)
12-28 03:12:24.416  3042  8103 E AuthLogger: 	at X.1jQ.A03(:80)
12-28 03:12:24.416  3042  8103 E AuthLogger: 	at X.1jQ.A02(:37)
12-28 03:12:24.416  3042  8103 E AuthLogger: 	at X.18h.execute(:130)
12-28 03:12:24.416  3042  8103 E AuthLogger: 	at retrofit.RestAdapter$RestHandler.invokeRequest(:119)
12-28 03:12:24.416  3042  8103 E AuthLogger: 	... 13 more
12-28 03:12:24.416  3042  8103 E AuthLogger: Caused by: java.net.SocketTimeoutException: failed to connect to graph.oculus.com/108.160.170.26 (port 443) from /192.168.31.136 (port 41170) after 15000ms
12-28 03:12:24.416  3042  8103 E AuthLogger: 	at libcore.io.IoBridge.connectErrno(IoBridge.java:235)
12-28 03:12:24.416  3042  8103 E AuthLogger: 	at libcore.io.IoBridge.connect(IoBridge.java:179)
12-28 03:12:24.416  3042  8103 E AuthLogger: 	at java.net.PlainSocketImpl.socketConnect(PlainSocketImpl.java:142)
12-28 03:12:24.416  3042  8103 E AuthLogger: 	at java.net.AbstractPlainSocketImpl.doConnect(AbstractPlainSocketImpl.java:390)
12-28 03:12:24.416  3042  8103 E AuthLogger: 	at java.net.AbstractPlainSocketImpl.connectToAddress(AbstractPlainSocketImpl.java:230)
12-28 03:12:24.416  3042  8103 E AuthLogger: 	at java.net.AbstractPlainSocketImpl.connect(AbstractPlainSocketImpl.java:212)
12-28 03:12:24.416  3042  8103 E AuthLogger: 	at java.net.SocksSocketImpl.connect(SocksSocketImpl.java:436)
12-28 03:12:24.416  3042  8103 E AuthLogger: 	at java.net.Socket.connect(Socket.java:646)
12-28 03:12:24.416  3042  8103 E AuthLogger: 	at X.1ht.A08(:0)
12-28 03:12:24.416  3042  8103 E AuthLogger: 	at X.1ji.A00(:46)
12-28 03:12:24.416  3042  8103 E AuthLogger: 	at X.1jb.intercept(:1128)
12-28 03:12:24.416  3042  8103 E AuthLogger: 	at X.1kB.A00(:111)
12-28 03:12:24.416  3042  8103 E AuthLogger: 	at X.1kB.AHV(:4)
12-28 03:12:24.416  3042  8103 E AuthLogger: 	at X.1kA.intercept(:478)
12-28 03:12:24.416  3042  8103 E AuthLogger: 	at X.1kB.A00(:111)
12-28 03:12:24.416  3042  8103 E AuthLogger: 	at X.1kB.AHV(:4)
12-28 03:12:24.416  3042  8103 E AuthLogger: 	at X.1A5.intercept(:227)
12-28 03:12:24.416  3042  8103 E AuthLogger: 	at X.1kB.A00(:111)
12-28 03:12:24.416  3042  8103 E AuthLogger: 	at X.1jZ.intercept(:43)
12-28 03:12:24.416  3042  8103 E AuthLogger: 	at X.1kB.A00(:111)
12-28 03:12:24.416  3042  8103 E AuthLogger: 	at X.1kB.AHV(:4)
12-28 03:12:24.416  3042  8103 E AuthLogger: 	at com.oculus.http.common.ExceptionHandlingInterceptor.intercept(:5)
12-28 03:12:24.416  3042  8103 E AuthLogger: 	... 19 more
12-28 03:12:24.417  4713  9313 E AuthServiceClient: IOException 
12-28 03:12:24.417  4713  9313 E AuthServiceClient: java.io.IOException: com.oculus.auth.components.NetworkError: com.oculus.http.core.base.ApiError: retrofit.RetrofitError: java.net.SocketTimeoutException: failed to connect to graph.oculus.com/108.160.170.26 (port 443) from /192.168.31.136 (port 41170) after 15000ms
12-28 03:12:24.417  4713  9313 E AuthServiceClient: 	at android.accounts.AccountManager.convertErrorToException(AccountManager.java:2616)
12-28 03:12:24.417  4713  9313 E AuthServiceClient: 	at android.accounts.AccountManager.-$$Nest$mconvertErrorToException(Unknown Source:0)
12-28 03:12:24.417  4713  9313 E AuthServiceClient: 	at android.accounts.AccountManager$AmsTask$Response.onError(AccountManager.java:2467)
12-28 03:12:24.417  4713  9313 E AuthServiceClient: 	at android.accounts.IAccountManagerResponse$Stub.onTransact(IAccountManagerResponse.java:107)
12-28 03:12:24.417  4713  9313 E AuthServiceClient: 	at android.os.Binder.execTransactInternal(Binder.java:1369)
12-28 03:12:24.417  4713  9313 E AuthServiceClient: 	at android.os.Binder.execTransact(Binder.java:1300)
12-28 03:12:24.418  4713  9759 E [CT]    : SP:SPS:RetryingAccessTokenProvider: Failed to get access token: Unknown error: response is null
12-28 03:12:24.418  4713  9759 E [CT]    : SP:SPS:RetryingAccessTokenProvider: Failed to get access token after 2 retries.
12-28 03:12:24.421  4713  9759 E [CT]    : SP:VpsModule:TelemertyReporter: VPS request failed with vps error code: -19504 event uuid: de9d2499-e1fc-f033-a63e-b705dfe299a1
12-28 03:12:24.421  4713  9759 E [CT]    : SP:VpsModule:TelemertyReporter: VPS request failed with vps error code: -19504 event uuid: 2e712e8c-06aa-c87c-69a6-64c591723d5d
12-28 03:12:27.521  1457  1763 W NetworkTimeUpdateService: nextRefreshElapsedRealtimeMillis is a time in the past. Scheduling using currentElapsedRealtimeMillis instead
12-28 03:12:28.870  1065  1419 W MRSS    : MIXEDREALITY: CapabilityWorkExecutor: WatchdogProbe [mrss_async_sys]: Capability MetaAssistedSceneCapture timed out, it's taking more than 30ms to complete, expected max 30ms. Total expirations: 1.
12-28 03:12:28.870  1065  1419 E MRSS    : MUSTFIX: MIXEDREALITY.Executor: [Throttled count=2] [mrss_async_sys] Timing out on MetaAssistedSceneCapture.
12-28 03:12:28.894  1065  1198 W MRSS    : MIXEDREALITY: CapabilityWorkExecutor: WatchdogProbe [mrss_async_sys]: Capability MetaAssistedSceneCapture completed in 54ms, expected max 30ms. Total expirations: 1.
12-28 03:12:28.894  1065  1198 E MRSS    : MUSTFIX: MIXEDREALITY.Executor: [Throttled count=1] [mrss_async_sys] Final Timeout on MetaAssistedSceneCapture. Capability MetaAssistedSceneCapture completed in 54ms, expected max 30ms. Total expirations: 1.
12-28 03:12:29.462   833 14844 E libosutils: Failed to create output stream to '/data/vendor/misc/sensors/serialnumber/8ed444f94d812d73': : No such file or directory
12-28 03:12:29.462   833 14844 E SensorService: Failed to write to file /data/vendor/misc/sensors/serialnumber/8ed444f94d812d73: Unknown error -2
12-28 03:12:29.465   833 14844 E libosutils: Failed to create output stream to '/data/vendor/misc/sensors/serialnumber/8ed444f94d812d73': : No such file or directory
12-28 03:12:29.465   833 14844 E SensorService: Failed to write to file /data/vendor/misc/sensors/serialnumber/8ed444f94d812d73: Unknown error -2
12-28 03:12:29.467   833 14844 E libosutils: Failed to create output stream to '/data/vendor/misc/sensors/serialnumber/8ed444f94d812d73': : No such file or directory
12-28 03:12:29.467   833 14844 E SensorService: Failed to write to file /data/vendor/misc/sensors/serialnumber/8ed444f94d812d73: Unknown error -2
12-28 03:12:29.613   833 14845 E SyncBossHAL: [error  ] syncboss_hal_input_controller.c(116): 8ed444f94d812d73: IMU corrupt: cur = 1921687294, last = 1876267857, delta = 45419437, a = {867, -101, 526}, g = {6, -18, -6}
12-28 03:12:29.614  1155 14987 W Tracking: CONSTELLATION_Right: [Throttled count=302] P+C Right: Could not retrieve 3dof fallback pose.
12-28 03:12:29.799   816  1759 E android.hardware.usb: Fatal: Cannot open file to switch back to drp
12-28 03:12:29.822   816  1759 E android.hardware.usb: Fatal: Cannot open file to switch back to drp
12-28 03:12:29.893   799  1645 E PAL: API: pal_set_param: 1313: Failed to set global parameter 36, status -2
12-28 03:12:29.893   799  1645 E AHAL: AudioDevice: SetLatestBatteryStatus: 2367: error while handling battery status changed event result(-2)
12-28 03:12:29.908     0     0 W healthd : battery l=44 v=3786 t=43.0 h=2 st=3 c=-554823 fc=5169000 cc=30 chg=u
12-28 03:12:29.897  1457  1522 W VibratorManager: Failed to vibrate; no vibrator manager service.
12-28 03:12:29.903  1031 16008 W mediaserver64: Binder 0xb4000071e980af68 destroyed after setInheritRt before being parceled.
12-28 03:12:29.905  1457  1538 W BatteryExternalStatsWorker: error reading modem stats:ERROR_PHONE_NOT_AVAILABLE
12-28 03:12:29.906  1457  1522 W Ringtone: Use of stream types is deprecated for operations other than volume control
12-28 03:12:29.906  1457  1522 W Ringtone: See the documentation of setStreamType() for what to use instead with android.media.AudioAttributes to qualify your playback use case
12-28 03:12:29.906  1029  2853 W mediaextractor: Binder 0xb40000765ac191d8 destroyed after setInheritRt before being parceled.
12-28 03:12:29.911  1031 16012 W mediaserver64: Binder 0xb4000071e980af68 destroyed after setInheritRt before being parceled.
12-28 03:12:29.916  1457  1538 E system_server: Cannot obtain CPU frequency count
12-28 03:12:29.916  1457  1538 E system_server: Cannot obtain CPU frequency count
12-28 03:12:29.916  1457  1538 E system_server: Cannot obtain CPU frequency count
12-28 03:12:29.916  1457  1538 E system_server: Cannot read thread CPU times for PID 1457
12-28 03:12:29.941     0     0 W healthd : battery l=44 v=3786 t=43.0 h=2 st=3 c=-554823 fc=5169000 cc=30 chg=u
12-28 03:12:29.977     0     0 W healthd : battery l=44 v=3786 t=43.0 h=2 st=3 c=-554823 fc=5169000 cc=30 chg=u
12-28 03:12:29.982     0     0 W healthd : battery l=44 v=3786 t=43.0 h=2 st=3 c=-554823 fc=5169000 cc=30 chg=u
12-28 03:12:30.010     0     0 W healthd : battery l=44 v=3786 t=43.0 h=2 st=3 c=-554823 fc=5169000 cc=30 chg=u
12-28 03:12:30.015     0     0 W healthd : battery l=44 v=3768 t=43.0 h=2 st=3 c=-781879 fc=5169000 cc=30 chg=u
12-28 03:12:30.020     0     0 W healthd : battery l=44 v=3768 t=43.0 h=2 st=3 c=-781879 fc=5169000 cc=30 chg=u
12-28 03:12:30.040     0     0 W healthd : battery l=44 v=3768 t=43.0 h=2 st=3 c=-781879 fc=5169000 cc=30 chg=u
12-28 03:12:30.252     0     0 W healthd : battery l=44 v=3788 t=43.0 h=2 st=3 c=-529920 fc=5169000 cc=30 chg=u
12-28 03:12:30.396  3328  3442 W GooglePlayServicesUtil: io.homeassistant.companion.android requires the Google Play Store, but it is missing.
12-28 03:12:30.396  3328  3442 W GoogleApiManager: The service for com.google.android.gms.internal.location.zzg is not available: ConnectionResult{statusCode=SERVICE_INVALID, resolution=null, message=null}
12-28 03:12:30.396  6441  6441 E AppProcessKiller: current battery=44
12-28 03:12:30.396  3328  3442 W GooglePlayServicesUtil: io.homeassistant.companion.android requires the Google Play Store, but it is missing.
12-28 03:12:30.396  3328  3442 W GoogleApiManager: The service for com.google.android.gms.internal.location.zzg is not available: ConnectionResult{statusCode=SERVICE_INVALID, resolution=null, message=null}
12-28 03:12:30.397  3328  3442 W GooglePlayServicesUtil: io.homeassistant.companion.android requires the Google Play Store, but it is missing.
