12-28 03:11:48.514  1155 15787 W Tracking: NIMBLE:ExposureControl: [Throttled count=24] Unable to compute adjustment without histogram data
12-28 03:11:48.642  2280  2861 E CompanionRW2: AccountUtil: AuthenticatorException is thrown in isLoggedIn: 
12-28 03:11:48.642  2280  2861 E CompanionRW2: android.accounts.AuthenticatorException: android.accounts.OperationCanceledException
12-28 03:11:48.642  2280  2861 E CompanionRW2: 	at horizonos.supplement.accountauth.HzAccountManager.getTokenBlocking(HzAccountManager.java:124)
12-28 03:11:48.642  2280  2861 E CompanionRW2: 	at horizonos.supplement.accountauth.HzAccountManager.isLoggedIn(HzAccountManager.java:9)
12-28 03:11:48.642  2280  2861 E CompanionRW2: 	at com.oculus.companion.inbound.workers.util.AccountUtil.isLoggedIn(AccountUtil.java:171)
12-28 03:11:48.642  2280  2861 E CompanionRW2: 	at com.oculus.companion.inbound.workers.util.AccountUtil.horizonStatus(AccountUtil.java:137)
12-28 03:11:48.642  2280  2861 E CompanionRW2: 	at com.oculus.companion.inbound.workers.assets.state.ReceiverPeriodic.refreshHorizonState(ReceiverPeriodic.java:238)
12-28 03:11:48.642  2280  2861 E CompanionRW2: 	at com.oculus.companion.inbound.workers.assets.state.ReceiverPeriodic.updating(ReceiverPeriodic.java:133)
12-28 03:11:48.642  2280  2861 E CompanionRW2: 	at com.oculus.companion.inbound.workers.assets.state.ReceiverPeriodic.-$$Nest$mupdating(ReceiverPeriodic.java:0)
12-28 03:11:48.642  2280  2861 E CompanionRW2: 	at com.oculus.companion.inbound.workers.assets.state.ReceiverPeriodic$1.run(ReceiverPeriodic.java:68)
12-28 03:11:48.642  2280  2861 E CompanionRW2: 	at android.os.Handler.handleCallback(Handler.java:958)
12-28 03:11:48.642  2280  2861 E CompanionRW2: 	at android.os.Handler.dispatchMessage(Handler.java:99)
12-28 03:11:48.642  2280  2861 E CompanionRW2: 	at android.os.Looper.loopOnce(Looper.java:218)
12-28 03:11:48.642  2280  2861 E CompanionRW2: 	at android.os.Looper.loop(Looper.java:310)
12-28 03:11:48.642  2280  2861 E CompanionRW2: 	at android.os.HandlerThread.run(HandlerThread.java:67)
12-28 03:11:48.642  2280  2861 E CompanionRW2: Caused by: android.accounts.OperationCanceledException
12-28 03:11:48.642  2280  2861 E CompanionRW2: 	at android.accounts.AccountManager$AmsTask.internalGetResult(AccountManager.java:2411)
12-28 03:11:48.642  2280  2861 E CompanionRW2: 	at android.accounts.AccountManager$AmsTask.getResult(AccountManager.java:2423)
12-28 03:11:48.642  2280  2861 E CompanionRW2: 	at android.accounts.AccountManager$AmsTask.getResult(AccountManager.java:2332)
12-28 03:11:48.642  2280  2861 E CompanionRW2: 	at horizonos.supplement.accountauth.a.getResult(HzGetTokenFuture.java:6)
12-28 03:11:48.642  2280  2861 E CompanionRW2: 	at horizonos.supplement.accountauth.HzAccountManager.getTokenBlocking(HzAccountManager.java:108)
12-28 03:11:48.642  2280  2861 E CompanionRW2: 	... 12 more
12-28 03:11:48.924  1155 15104 W Tracking: Vega: Images too dark, 
12-28 03:11:49.048   822   875 W SyncBossFW: 1881125 [warning] {BSP }: Mag interrupt pin LOW in drdy handler
12-28 03:11:49.065   833  1367 E FrameSetCollator: [{4,13},{5,13}] 8 FrameSets had unexpected timestamps (in the last 5249.52ms). Ex: slot 0 1881115.625ms -> 1881129.450ms (observed period: 13.825ms, expected period: 13.888ms (-0.063ms))
12-28 03:11:49.248   822   875 W SyncBossFW: 1881325 [warning] {BSP }: Mag interrupt pin LOW in drdy handler
12-28 03:11:49.404  1155 15105 W TrackingService: 25 late Color frame set were dropped: timestamp 1881.462657, current monochrome 1881.467872
12-28 03:11:49.514  1155 15787 W Tracking: NIMBLE:ExposureControl: [Throttled count=29] Unable to compute adjustment without histogram data
12-28 03:11:50.000     0     0 W healthd : battery l=44 v=3630 t=45.0 h=2 st=3 c=-2426573 fc=5169000 cc=30 chg=
12-28 03:11:50.488  6441  6441 E AppProcessKiller: current battery=44
12-28 03:11:50.515  1155 15787 W Tracking: NIMBLE:ExposureControl: [Throttled count=14] Unable to compute adjustment without histogram data
12-28 03:11:50.721  1155 15104 W Tracking: VEGA:HM:MAP_TRACKING: Validation failed on Submap id = 2, version = 111320572
12-28 03:11:51.210  3621  3905 W ShellHsr: Embodiment: BaseEmbodimentSystem::setAvatarVisibility could not find avatar for id 131073
12-28 03:11:51.210  3621  3905 W ShellHsr: Embodiment: BaseEmbodimentSystem::setNameTagVisibility could not find avatar for id 131073
12-28 03:11:51.321  3621  3905 E ShellHsr: Avatar: avatarState.avatarId is invalid, aborting prePhysicsSystem
12-28 03:11:51.322  3621  3905 E ShellHsr: Avatar: avatarState.avatarId is invalid, aborting postFinalizedTransformsSystem
12-28 03:11:51.546  1155 15787 W Tracking: NIMBLE:ExposureControl: [Throttled count=30] Unable to compute adjustment without histogram data
12-28 03:11:51.951  1155 15104 W Tracking: Vega: Images too dark, 
12-28 03:11:53.259   833  1367 E FrameSetCollator: [{4,13},{5,13}] 12 FrameSets had unexpected timestamps (in the last 4194.13ms). Ex: slot 0 1885309.648ms -> 1885323.579ms (observed period: 13.931ms, expected period: 13.888ms (0.043ms))
12-28 03:11:54.355  3042  8103 E LoggingErrorHandler: Retrofit error, url: [https://graph.oculus.com/authenticate_application], kind: [NETWORK], status: [0 - ], headers: , body: []
12-28 03:11:54.355  3042  8103 E CoresdkAnalyticsEvent: could not set key=message value=null
12-28 03:11:54.356  3042  8103 E AuthLogger: Action failed: OBTAIN_TOKEN, callingPackage: com.facebook.spatial_persistence_service, accountType: com.oculus, tokenType: , extras: {calling_app_id=null, network_status=WIFI}, duration: 15028ms
12-28 03:11:54.356  3042  8103 E AuthLogger: com.oculus.auth.components.NetworkError: com.oculus.http.core.base.ApiError: retrofit.RetrofitError: java.net.SocketTimeoutException: failed to connect to graph.oculus.com/199.16.156.39 (port 443) from /192.168.31.136 (port 47130) after 15000ms
12-28 03:11:54.356  3042  8103 E AuthLogger: 	at com.oculus.auth.components.TokenProvider.throwAsSpecificError(:62)
12-28 03:11:54.356  3042  8103 E AuthLogger: 	at com.oculus.auth.components.TokenProvider.obtainAccessToken(:144)
12-28 03:11:54.356  3042  8103 E AuthLogger: 	at com.oculus.auth.components.TokenProvider.obtainToken(:77)
12-28 03:11:54.356  3042  8103 E AuthLogger: 	at com.oculus.auth.authenticator.oculus.OculusAuthenticator.doGetAuthToken(:84089)
12-28 03:11:54.356  3042  8103 E AuthLogger: 	at com.oculus.auth.authenticator.common.BaseAuthenticator.getAuthTokenSync(:78)
12-28 03:11:54.356  3042  8103 E AuthLogger: 	at com.oculus.auth.authenticator.common.BaseAuthenticator.getAuthToken(:132)
12-28 03:11:54.356  3042  8103 E AuthLogger: 	at android.accounts.AbstractAccountAuthenticator$Transport.getAuthToken(AbstractAccountAuthenticator.java:251)
12-28 03:11:54.356  3042  8103 E AuthLogger: 	at android.accounts.IAccountAuthenticator$Stub.onTransact(IAccountAuthenticator.java:253)
12-28 03:11:54.356  3042  8103 E AuthLogger: 	at android.os.Binder.execTransactInternal(Binder.java:1369)
12-28 03:11:54.356  3042  8103 E AuthLogger: 	at android.os.Binder.execTransact(Binder.java:1300)
12-28 03:11:54.356  3042  8103 E AuthLogger: Caused by: com.oculus.http.core.base.ApiError: retrofit.RetrofitError: java.net.SocketTimeoutException: failed to connect to graph.oculus.com/199.16.156.39 (port 443) from /192.168.31.136 (port 47130) after 15000ms
12-28 03:11:54.356  3042  8103 E AuthLogger: 	at com.oculus.auth.api.AuthMethods.authenticateApplication(:23)
12-28 03:11:54.356  3042  8103 E AuthLogger: 	at com.oculus.auth.components.TokenProvider.obtainAccessToken(:102)
12-28 03:11:54.356  3042  8103 E AuthLogger: 	... 8 more
12-28 03:11:54.356  3042  8103 E AuthLogger: Caused by: retrofit.RetrofitError: java.net.SocketTimeoutException: failed to connect to graph.oculus.com/199.16.156.39 (port 443) from /192.168.31.136 (port 47130) after 15000ms
12-28 03:11:54.356  3042  8103 E AuthLogger: 	at retrofit.RestAdapter$RestHandler.invokeRequest(:341)
12-28 03:11:54.356  3042  8103 E AuthLogger: 	at retrofit.RestAdapter$RestHandler.invoke(:29)
12-28 03:11:54.356  3042  8103 E AuthLogger: 	at java.lang.reflect.Proxy.invoke(Proxy.java:1006)
12-28 03:11:54.356  3042  8103 E AuthLogger: 	at $Proxy3.authenticateApplication(Unknown Source)
12-28 03:11:54.356  3042  8103 E AuthLogger: 	at com.oculus.auth.api.AuthMethods.authenticateApplication(:15)
12-28 03:11:54.356  3042  8103 E AuthLogger: 	... 9 more
12-28 03:11:54.356  3042  8103 E AuthLogger: Caused by: java.io.IOException: java.net.SocketTimeoutException: failed to connect to graph.oculus.com/199.16.156.39 (port 443) from /192.168.31.136 (port 47130) after 15000ms
12-28 03:11:54.356  3042  8103 E AuthLogger: 	at com.oculus.http.common.ExceptionHandlingInterceptor.intercept(:13)
12-28 03:11:54.356  3042  8103 E AuthLogger: 	at X.1kB.A00(:111)
12-28 03:11:54.356  3042  8103 E AuthLogger: 	at X.1kB.AHV(:4)
12-28 03:11:54.356  3042  8103 E AuthLogger: 	at X.1jQ.A03(:80)
12-28 03:11:54.356  3042  8103 E AuthLogger: 	at X.1jQ.A02(:37)
12-28 03:11:54.356  3042  8103 E AuthLogger: 	at X.18h.execute(:130)
12-28 03:11:54.356  3042  8103 E AuthLogger: 	at retrofit.RestAdapter$RestHandler.invokeRequest(:119)
12-28 03:11:54.356  3042  8103 E AuthLogger: 	... 13 more
12-28 03:11:54.356  3042  8103 E AuthLogger: Caused by: java.net.SocketTimeoutException: failed to connect to graph.oculus.com/199.16.156.39 (port 443) from /192.168.31.136 (port 47130) after 15000ms
12-28 03:11:54.356  3042  8103 E AuthLogger: 	at libcore.io.IoBridge.connectErrno(IoBridge.java:235)
12-28 03:11:54.356  3042  8103 E AuthLogger: 	at libcore.io.IoBridge.connect(IoBridge.java:179)
12-28 03:11:54.356  3042  8103 E AuthLogger: 	at java.net.PlainSocketImpl.socketConnect(PlainSocketImpl.java:142)
12-28 03:11:54.356  3042  8103 E AuthLogger: 	at java.net.AbstractPlainSocketImpl.doConnect(AbstractPlainSocketImpl.java:390)
12-28 03:11:54.356  3042  8103 E AuthLogger: 	at java.net.AbstractPlainSocketImpl.connectToAddress(AbstractPlainSocketImpl.java:230)
12-28 03:11:54.356  3042  8103 E AuthLogger: 	at java.net.AbstractPlainSocketImpl.connect(AbstractPlainSocketImpl.java:212)
12-28 03:11:54.356  3042  8103 E AuthLogger: 	at java.net.SocksSocketImpl.connect(SocksSocketImpl.java:436)
12-28 03:11:54.356  3042  8103 E AuthLogger: 	at java.net.Socket.connect(Socket.java:646)
12-28 03:11:54.356  3042  8103 E AuthLogger: 	at X.1ht.A08(:0)
12-28 03:11:54.356  3042  8103 E AuthLogger: 	at X.1ji.A00(:46)
12-28 03:11:54.356  3042  8103 E AuthLogger: 	at X.1jb.intercept(:1128)
12-28 03:11:54.356  3042  8103 E AuthLogger: 	at X.1kB.A00(:111)
12-28 03:11:54.356  3042  8103 E AuthLogger: 	at X.1kB.AHV(:4)
12-28 03:11:54.356  3042  8103 E AuthLogger: 	at X.1kA.intercept(:478)
12-28 03:11:54.356  3042  8103 E AuthLogger: 	at X.1kB.A00(:111)
12-28 03:11:54.356  3042  8103 E AuthLogger: 	at X.1kB.AHV(:4)
12-28 03:11:54.356  3042  8103 E AuthLogger: 	at X.1A5.intercept(:227)
12-28 03:11:54.356  3042  8103 E AuthLogger: 	at X.1kB.A00(:111)
12-28 03:11:54.356  3042  8103 E AuthLogger: 	at X.1jZ.intercept(:43)
12-28 03:11:54.356  3042  8103 E AuthLogger: 	at X.1kB.A00(:111)
12-28 03:11:54.356  3042  8103 E AuthLogger: 	at X.1kB.AHV(:4)
12-28 03:11:54.356  3042  8103 E AuthLogger: 	at com.oculus.http.common.ExceptionHandlingInterceptor.intercept(:5)
12-28 03:11:54.356  3042  8103 E AuthLogger: 	... 19 more
12-28 03:11:54.357  4713  9313 E AuthServiceClient: IOException 
12-28 03:11:54.357  4713  9313 E AuthServiceClient: java.io.IOException: com.oculus.auth.components.NetworkError: com.oculus.http.core.base.ApiError: retrofit.RetrofitError: java.net.SocketTimeoutException: failed to connect to graph.oculus.com/199.16.156.39 (port 443) from /192.168.31.136 (port 47130) after 15000ms
12-28 03:11:54.357  4713  9313 E AuthServiceClient: 	at android.accounts.AccountManager.convertErrorToException(AccountManager.java:2616)
12-28 03:11:54.357  4713  9313 E AuthServiceClient: 	at android.accounts.AccountManager.-$$Nest$mconvertErrorToException(Unknown Source:0)
12-28 03:11:54.357  4713  9313 E AuthServiceClient: 	at android.accounts.AccountManager$AmsTask$Response.onError(AccountManager.java:2467)
12-28 03:11:54.357  4713  9313 E AuthServiceClient: 	at android.accounts.IAccountManagerResponse$Stub.onTransact(IAccountManagerResponse.java:107)
12-28 03:11:54.357  4713  9313 E AuthServiceClient: 	at android.os.Binder.execTransactInternal(Binder.java:1369)
12-28 03:11:54.357  4713  9313 E AuthServiceClient: 	at android.os.Binder.execTransact(Binder.java:1300)
12-28 03:11:54.358  4713  9759 E [CT]    : SP:SPS:RetryingAccessTokenProvider: Failed to get access token: Unknown error: response is null
12-28 03:11:54.371  3042  8103 E OculusAuthenticator: failed to verify first party application check
12-28 03:11:55.047  1155 15104 W Tracking: Vega: Images too dark, 
12-28 03:11:55.472  1155 15105 W TrackingService: 13 late Color frame set were dropped: timestamp 1887.531622, current monochrome 1887.534296
12-28 03:11:56.223  3621  3905 W ShellHsr: Embodiment: BaseEmbodimentSystem::setAvatarVisibility could not find avatar for id 131073
12-28 03:11:56.223  3621  3905 W ShellHsr: Embodiment: BaseEmbodimentSystem::setNameTagVisibility could not find avatar for id 131073
12-28 03:11:56.334  3621  3905 E ShellHsr: Avatar: avatarState.avatarId is invalid, aborting prePhysicsSystem
12-28 03:11:56.335  3621  3905 E ShellHsr: Avatar: avatarState.avatarId is invalid, aborting postFinalizedTransformsSystem
12-28 03:11:57.759   833  1367 E FrameSetCollator: [{4,13},{5,13}] 2 FrameSets had unexpected timestamps (in the last 4499.66ms). Ex: slot 0 1889809.194ms -> 1889823.127ms (observed period: 13.933ms, expected period: 13.888ms (0.045ms))
12-28 03:11:58.046  1155 15787 W Tracking: NIMBLE:ExposureControl: [Throttled count=27] Unable to compute adjustment without histogram data
12-28 03:11:58.157  1155 15104 W Tracking: Vega: Images too dark, 
12-28 03:11:59.065   833  1367 E FrameSetCollator: [{4,13},{5,13}] 3 FrameSets had unexpected timestamps (in the last 1305.59ms). Ex: slot 0 1891114.616ms -> 1891128.556ms (observed period: 13.940ms, expected period: 13.888ms (0.052ms))
12-28 03:11:59.237  1457  1676 W BestClock: java.time.DateTimeException: Missing network time fix
12-28 03:11:59.240  1457  1676 W BestClock: java.time.DateTimeException: Missing network time fix
12-28 03:11:59.285  1065  2174 W RipcClient [RUNTIMEIPC]: [RIPC_CONNECT_LOG] DisconnectFromServer: Not connected: 0, Client: native_process.system:/system_ext/bin/mrsystemservice:1065, Server: native_process.system:/system_ext/bin/trackingservice:0 (MapperOperationsServer)
12-28 03:11:59.297  1143  1409 W TrackingFidelityService: Fidelity data undefined in catalog for enabling feature like pt_display_sync. 6 similar misses.
12-28 03:11:59.305   833  1367 W SensorService: received frame for disabled cam5
12-28 03:11:59.306   833  1392 W SensorService: [color] Skipped updateSyncbossFrameTag - no updater or override provided
12-28 03:11:59.314   833  1367 E SensorService: failed to handle frame metadata for cam 5 streamType 13, dropping frame!
12-28 03:11:59.318   833  1367 E SensorService: failed to handle frame metadata for cam 4 streamType 13, dropping frame!
12-28 03:11:59.326  1065  1419 W MRSS    : MIXEDREALITY: CameraComputeCapability: WatchdogProbe: Frame Color delayed for 35ms, expected max delay 35ms. 
12-28 03:11:59.347   833  1367 E SensorService: failed to handle frame metadata for cam 5 streamType 13, dropping frame!
12-28 03:11:59.351   833  1367 E SensorService: failed to handle frame metadata for cam 4 streamType 13, dropping frame!
12-28 03:11:59.361  1065  1419 W MRSS    : MIXEDREALITY: CameraComputeCapability: WatchdogProbe: Frame Color delayed for 70ms, expected max delay 35ms. 
12-28 03:11:59.370   833  1367 E FrameSetCollator: [{4,13},{5,13}] releasing incomplete frame set: (4:1, 5:0), (deadlineMissed, muxModeMisMatch) = (1, 1), (captureDevTs, currentTs, tolerance, current+tolerance) = (1891434140000, 1891364756000, 30000, 1891364786000), (frame.slotIndex) = (0), (frame.modeIndex, frameSet.modeIndex) = (1, 2)
12-28 03:11:59.374  1065 15457 W MRSS    : MIXEDREALITY: CameraComputeCapability: WatchdogProbe: Frame Color arrived after 83ms, expected max delay 35ms. 
12-28 03:11:59.380   833  1206 W libsensortelemetry: Slot id 14 was out of range in DropDetector
12-28 03:11:59.380   833  1206 W libsensortelemetry: 
12-28 03:11:59.380   833  1206 W libsensortelemetry: Origin: vendor/meta/libs/libsensortelemetry/src/DropDetector.cpp:217
12-28 03:11:59.380   833  1206 W libsensortelemetry: 
12-28 03:11:59.380   833  1206 W libsensortelemetry: Error trace:
12-28 03:11:59.380   833  1206 W libsensortelemetry: # 1: vendor/meta/libs/libsensortelemetry/src/CameraSystemMetrics.cpp:1149 reporting timestamp for hal camera 5
12-28 03:11:59.380   833  1206 W libsensortelemetry: 
12-28 03:11:59.380   833  1206 W libsensortelemetry: Failed assertion at: vendor/meta/libs/libsensortelemetry/src/CameraSystemMetrics.cpp:616
12-28 03:11:59.380   833  1206 W libsensortelemetry: 
12-28 03:11:59.716   833 15103 W XrCameraHal: XrCameraLogical.cpp:dbgValidateFrameTimestamp: Task [ queue size: 0 threads: 1 ] Received Globally older Mono result - diff    3249271 Last: [ gCamId 1  gFrameId 9165 gLastTimestamp: 1901805974188 ] Frame: [ camId 3 frameId 9166 timestamp: 1901802724917 ]
12-28 03:11:59.716   833 15102 W XrCameraHal: XrCameraLogical.cpp:dbgValidateFrameTimestamp: Task [ queue size: 1 threads: 1 ] Received Globally older Mono result - diff    3224167 Last: [ gCamId 1  gFrameId 9165 gLastTimestamp: 1901805974188 ] Frame: [ camId 2 frameId 9166 timestamp: 1901802750021 ]
12-28 03:11:59.785  1457  1523 W ProcessStats: Tracking association SourceState{cbee4ff com.oculus.ocms/10035 BTop #5101} whose proc state 2 is better than process ProcessState{1ee8567 com.oculus.quickplayservice/1000 pkg=com.oculus.quickplayservice} proc state 14 (11 skipped)
12-28 03:11:59.844  3538  9520 E [CT]    : SP:AF:AnchorRegistry: getAnchor Failed to find handle 63 in map.
12-28 03:11:59.844  3538  9520 E [CT]    : SP:AF:AnchorRegistry: getAnchor Failed to find handle 62 in map.
12-28 03:11:59.844  3538  9520 E [CT]    : SP:AF:AnchorRegistry: getAnchor Failed to find handle 60 in map.
12-28 03:11:59.844  3538  9520 E [CT]    : SP:AF:AnchorRegistry: getAnchor Failed to find handle 59 in map.
12-28 03:11:59.844  3538  9520 E [CT]    : SP:AF:AnchorRegistry: getAnchor Failed to find handle 58 in map.
12-28 03:11:59.844  3538  9520 E [CT]    : SP:AF:AnchorRegistry: getAnchor Failed to find handle 57 in map.
12-28 03:11:59.844  3538  9520 E [CT]    : SP:AF:AnchorRegistry: getAnchor Failed to find handle 55 in map.
12-28 03:11:59.844  3538  9520 E [CT]    : SP:AF:AnchorRegistry: getAnchor Failed to find handle 54 in map.
12-28 03:11:59.845  3538  9520 E [CT]    : SP:AF:AnchorRegistry: getAnchor Failed to find handle 53 in map.
12-28 03:11:59.845  3538  9520 E [CT]    : SP:AF:AnchorRegistry: getAnchor Failed to find handle 50 in map.
12-28 03:11:59.845  3538  9520 E [CT]    : SP:AF:AnchorRegistry: getAnchor Failed to find handle 48 in map.
12-28 03:11:59.845  3538  9520 E [CT]    : SP:AF:AnchorRegistry: getAnchor Failed to find handle 52 in map.
12-28 03:11:59.845  3538  9520 E [CT]    : SP:AF:AnchorRegistry: getAnchor Failed to find handle 46 in map.
12-28 03:11:59.845  3538  9520 E [CT]    : SP:AF:AnchorRegistry: getAnchor Failed to find handle 45 in map.
12-28 03:11:59.845  3538  9520 E [CT]    : SP:AF:AnchorRegistry: getAnchor Failed to find handle 51 in map.
12-28 03:11:59.845  3538  9520 E [CT]    : SP:AF:AnchorRegistry: getAnchor Failed to find handle 44 in map.
12-28 03:11:59.845  3538  9520 E [CT]    : SP:AF:AnchorRegistry: getAnchor Failed to find handle 56 in map.
12-28 03:11:59.845  3538  9520 E [CT]    : SP:AF:AnchorRegistry: getAnchor Failed to find handle 47 in map.
12-28 03:11:59.845  3538  9520 E [CT]    : SP:AF:AnchorRegistry: getAnchor Failed to find handle 43 in map.
12-28 03:11:59.845  3538  9520 E [CT]    : SP:AF:AnchorRegistry: getAnchor Failed to find handle 49 in map.
12-28 03:11:59.845  3538  9520 E [CT]    : SP:AF:AnchorRegistry: getAnchor Failed to find handle 61 in map.
12-28 03:11:59.846  3538  9520 W StateMachine: StateMachine::ProcessSignal GuardianRoomCapture received registered signal lifecycleSuspend but the current state InvalidState is not listening to this signal
12-28 03:11:59.846  3538  9520 W StateMachine: StateMachine::ProcessSignal ManualRoomCapture received registered signal lifecycleSuspend but the current state ManualInvalidState is not listening to this signal
12-28 03:11:59.846  3538  9520 W SafetyIndicatorMgr: SafetyIndicatorMgr::SwitchActiveSafetyIndicator Switching to an invalid indicator type
12-28 03:11:59.919  1155 15104 W Tracking: VEGA:HM:MAP_TRACKING: Validation failed on Submap id = 2, version = 1046910781
12-28 03:11:59.921  1155  1480 W Tracking: MapDB: Attempt to load with empty list.
12-28 03:11:59.921  1155  1480 W Tracking: MapDB: Attempt to save with empty list.
12-28 03:12:00.011     0     0 W healthd : battery l=44 v=3672 t=45.0 h=2 st=3 c=-1862961 fc=5169000 cc=30 chg=
12-28 03:12:00.047  3538  9520 W GuardianInput: GuardianInput::UpdateActionData needs a valid OpenXr Session!
12-28 03:12:00.047  3538  9520 W GuardianInput: GuardianInput::UpdateRawHeadLocation needs a valid OpenXr Session!
12-28 03:12:00.189  1155 15104 W Tracking: VEGA:HM:MAP_TRACKING: Validation failed on Submap id = 2, version = 836296856
12-28 03:12:00.192  1155  1480 W Tracking: MapDB: Attempt to load with empty list.
12-28 03:12:00.192  1155  1480 W Tracking: MapDB: Attempt to save with empty list.
12-28 03:12:00.459  1155 15104 W Tracking: VEGA:HM:MAP_TRACKING: Validation failed on Submap id = 2, version = 2004867275
12-28 03:12:00.499  6441  6441 E AppProcessKiller: current battery=44
12-28 03:12:00.915  1155 15104 E Tracking: VEGA:HM:MAP_TRACKING: All submaps have bad map tracking!
12-28 03:12:01.051  1155 15787 W Tracking: NIMBLE:ExposureControl: [Throttled count=38] Unable to compute adjustment without histogram data
12-28 03:12:01.052  1155  1480 W Tracking: MapDB: Attempt to load with empty list.
12-28 03:12:01.052  1155  1480 W Tracking: MapDB: Attempt to save with empty list.
12-28 03:12:01.181  1155 15104 W Tracking: Vega: Images too dark, 
12-28 03:12:01.236  3621  3905 W ShellHsr: Embodiment: BaseEmbodimentSystem::setAvatarVisibility could not find avatar for id 131073
12-28 03:12:01.236  3621  3905 W ShellHsr: Embodiment: BaseEmbodimentSystem::setNameTagVisibility could not find avatar for id 131073
12-28 03:12:01.313  1155 15104 W Tracking: VEGA:HM:MAP_TRACKING: Validation failed on Submap id = 2, version = 1405468213
12-28 03:12:01.348  3621  3905 E ShellHsr: Avatar: avatarState.avatarId is invalid, aborting prePhysicsSystem
12-28 03:12:01.349  3621  3905 E ShellHsr: Avatar: avatarState.avatarId is invalid, aborting postFinalizedTransformsSystem
12-28 03:12:01.580  1155 15104 W Tracking: VEGA:HM:MAP_TRACKING: Validation failed on Submap id = 2, version = 1300720567
12-28 03:12:01.715   822   875 W SyncBossFW: 1893791 [warning] {BSP }: Mag interrupt pin LOW in drdy handler
12-28 03:12:04.096  3042  8473 E ExternalPlatformNetwork: AuthenticatorException while getting token from AccountManager
12-28 03:12:04.096  3042  8473 E ExternalPlatformNetwork: android.accounts.AuthenticatorException: android.accounts.OperationCanceledException
12-28 03:12:04.096  3042  8473 E ExternalPlatformNetwork: 	at horizonos.supplement.accountauth.HzAccountManager.getTokenBlocking(HzAccountManager.java:124)
12-28 03:12:04.096  3042  8473 E ExternalPlatformNetwork: 	at com.oculus.horizon.service.ExternalPlatformNetwork.getTokenFromAccountManager(:38)
12-28 03:12:04.096  3042  8473 E ExternalPlatformNetwork: 	at com.oculus.horizon.service.ExternalPlatformNetwork.getAppScopedAccessToken(:221)
12-28 03:12:04.096  3042  8473 E ExternalPlatformNetwork: 	at com.oculus.horizon.service.result.ResultBuilder.A00(:2743)
12-28 03:12:04.096  3042  8473 E ExternalPlatformNetwork: 	at X.004.A0H(:3)
12-28 03:12:04.096  3042  8473 E ExternalPlatformNetwork: 	at com.oculus.horizon.service.OVRService$5.getAppScopedAccessToken(:15)
12-28 03:12:04.096  3042  8473 E ExternalPlatformNetwork: 	at com.oculus.aidl.OVRServiceInterface$Stub.onTransact(:91)
12-28 03:12:04.096  3042  8473 E ExternalPlatformNetwork: 	at android.os.Binder.transact(Binder.java:1208)
12-28 03:12:04.096  3042  8473 E ExternalPlatformNetwork: 	at com.facebook.secure.ktx.service.IdentityCheckingBinder.onTransact(:51)
12-28 03:12:04.096  3042  8473 E ExternalPlatformNetwork: 	at android.os.Binder.execTransactInternal(Binder.java:1364)
12-28 03:12:04.096  3042  8473 E ExternalPlatformNetwork: 	at android.os.Binder.execTransact(Binder.java:1300)
12-28 03:12:04.096  3042  8473 E ExternalPlatformNetwork: Caused by: android.accounts.OperationCanceledException
12-28 03:12:04.096  3042  8473 E ExternalPlatformNetwork: 	at android.accounts.AccountManager$AmsTask.internalGetResult(AccountManager.java:2411)
12-28 03:12:04.096  3042  8473 E ExternalPlatformNetwork: 	at android.accounts.AccountManager$AmsTask.getResult(AccountManager.java:2423)
12-28 03:12:04.096  3042  8473 E ExternalPlatformNetwork: 	at android.accounts.AccountManager$AmsTask.getResult(AccountManager.java:2332)
12-28 03:12:04.096  3042  8473 E ExternalPlatformNetwork: 	at horizonos.supplement.accountauth.a.getResult(HzGetTokenFuture.java:6)
12-28 03:12:04.096  3042  8473 E ExternalPlatformNetwork: 	at horizonos.supplement.accountauth.HzAccountManager.getTokenBlocking(HzAccountManager.java:108)
12-28 03:12:04.096  3042  8473 E ExternalPlatformNetwork: 	... 10 more
12-28 03:12:04.097  3042  8473 E AuthLogger: Action failed: OBTAIN_TOKEN_3P, callingPackage: com.oculus.browser, accountType: null, tokenType: null, extras: {calling_app_id=1916519981771802, token_type=, token_retrieval_3p=vr_account_manager}, duration: 20002ms
12-28 03:12:04.097  3042  8473 E AuthLogger: android.accounts.AuthenticatorException: android.accounts.OperationCanceledException
12-28 03:12:04.097  3042  8473 E AuthLogger: 	at horizonos.supplement.accountauth.HzAccountManager.getTokenBlocking(HzAccountManager.java:124)
12-28 03:12:04.097  3042  8473 E AuthLogger: 	at com.oculus.horizon.service.ExternalPlatformNetwork.getTokenFromAccountManager(:38)
12-28 03:12:04.097  3042  8473 E AuthLogger: 	at com.oculus.horizon.service.ExternalPlatformNetwork.getAppScopedAccessToken(:221)
12-28 03:12:04.097  3042  8473 E AuthLogger: 	at com.oculus.horizon.service.result.ResultBuilder.A00(:2743)
12-28 03:12:04.097  3042  8473 E AuthLogger: 	at X.004.A0H(:3)
12-28 03:12:04.097  3042  8473 E AuthLogger: 	at com.oculus.horizon.service.OVRService$5.getAppScopedAccessToken(:15)
12-28 03:12:04.097  3042  8473 E AuthLogger: 	at com.oculus.aidl.OVRServiceInterface$Stub.onTransact(:91)
12-28 03:12:04.097  3042  8473 E AuthLogger: 	at android.os.Binder.transact(Binder.java:1208)
12-28 03:12:04.097  3042  8473 E AuthLogger: 	at com.facebook.secure.ktx.service.IdentityCheckingBinder.onTransact(:51)
12-28 03:12:04.097  3042  8473 E AuthLogger: 	at android.os.Binder.execTransactInternal(Binder.java:1364)
12-28 03:12:04.097  3042  8473 E AuthLogger: 	at android.os.Binder.execTransact(Binder.java:1300)
12-28 03:12:04.097  3042  8473 E AuthLogger: Caused by: android.accounts.OperationCanceledException
12-28 03:12:04.097  3042  8473 E AuthLogger: 	at android.accounts.AccountManager$AmsTask.internalGetResult(AccountManager.java:2411)
12-28 03:12:04.097  3042  8473 E AuthLogger: 	at android.accounts.AccountManager$AmsTask.getResult(AccountManager.java:2423)
12-28 03:12:04.097  3042  8473 E AuthLogger: 	at android.accounts.AccountManager$AmsTask.getResult(AccountManager.java:2332)
12-28 03:12:04.097  3042  8473 E AuthLogger: 	at horizonos.supplement.accountauth.a.getResult(HzGetTokenFuture.java:6)
12-28 03:12:04.097  3042  8473 E AuthLogger: 	at horizonos.supplement.accountauth.HzAccountManager.getTokenBlocking(HzAccountManager.java:108)
12-28 03:12:04.097  3042  8473 E AuthLogger: 	... 10 more
12-28 03:12:04.245  1155 15104 W Tracking: Vega: Images too dark, 
12-28 03:12:06.251  3621  3905 W ShellHsr: Embodiment: BaseEmbodimentSystem::setAvatarVisibility could not find avatar for id 131073
12-28 03:12:06.251  3621  3905 W ShellHsr: Embodiment: BaseEmbodimentSystem::setNameTagVisibility could not find avatar for id 131073
12-28 03:12:06.362  3621  3905 E ShellHsr: Avatar: avatarState.avatarId is invalid, aborting prePhysicsSystem
12-28 03:12:06.363  3621  3905 E ShellHsr: Avatar: avatarState.avatarId is invalid, aborting postFinalizedTransformsSystem
12-28 03:12:06.780  1155 15787 W Tracking: NIMBLE:ExposureControl: [Throttled count=12] Unable to compute adjustment without histogram data
12-28 03:12:07.314  1155 15104 W Tracking: Vega: Images too dark, 
12-28 03:12:07.579  1457  4005 W JobScheduler: Job didn't exist in JobStore: 7200c8b #u0a158/83132 com.vrzwk.QuestTool/androidx.work.impl.background.systemjob.SystemJobService
12-28 03:12:07.582  1457  4005 W JobScheduler: Job didn't exist in JobStore: af9e168 #u0a158/83039 com.vrzwk.QuestTool/androidx.work.impl.background.systemjob.SystemJobService
12-28 03:12:07.584  1457  4005 W JobScheduler: Job didn't exist in JobStore: d82d981 #u0a158/83133 com.vrzwk.QuestTool/androidx.work.impl.background.systemjob.SystemJobService
12-28 03:12:07.587  1457  4005 W JobScheduler: Job didn't exist in JobStore: 9c21a26 #u0a158/83134 com.vrzwk.QuestTool/androidx.work.impl.background.systemjob.SystemJobService
12-28 03:12:07.591  1457  4005 W JobScheduler: Job didn't exist in JobStore: b00e667 #u0a158/83135 com.vrzwk.QuestTool/androidx.work.impl.background.systemjob.SystemJobService
12-28 03:12:07.593  1457  4005 W JobScheduler: Job didn't exist in JobStore: 3fac14 #u0a158/83136 com.vrzwk.QuestTool/androidx.work.impl.background.systemjob.SystemJobService
12-28 03:12:07.642 15884 15884 W SoLoader: Initializing SoLoader: 0
12-28 03:12:07.642 15884 15884 W SoLoader: Recording new base apk path: /data/app/~~BHDjGoyYwVoPyR4rQmG7Vw==/com.oculus.panelapp.calendar-PGqGv9CZoOFRYfTFAs7jtA==/base.apk
12-28 03:12:07.642 15884 15884 W SoLoader: Previously recorded 0 base apk paths.
12-28 03:12:07.643 15884 15884 W SoLoader: SoLoader initialized: 0
12-28 03:12:07.652 15884 15884 W BackgroundStartupDetector: coldStartMode=DEFINITELY_BACKGROUND
12-28 03:12:07.652 15884 15884 W BackgroundStartupDetector: bgMode=BACKGROUND
12-28 03:12:07.659  1457  4005 W JobScheduler: Job didn't exist in JobStore: 1dcacca #u0a163/1178 com.oculus.panelapp.calendar/androidx.work.impl.background.systemjob.SystemJobService
12-28 03:12:07.675 15884 15922 W WM-Processor: Didn't find WorkSpec for id WorkGenerationalId(workSpecId=00d5c383-9faf-4b27-854b-3194a4adc1c5, generation=0)
12-28 03:12:07.682 15884 15923 E QPLProvider: QuickPerformanceLogger instance wasn't installed in provider, returning noop. Please call QuickPerformanceLoggerProvider.setQuickPerformanceLogger() before getting the instance.
12-28 03:12:07.682 15884 15923 E QPLProvider: java.lang.IllegalStateException: No QPL instance provided
12-28 03:12:07.682 15884 15923 E QPLProvider: 	at com.facebook.quicklog.QuickPerformanceLoggerProvider.getQPLInstance(QuickPerformanceLoggerProvider.java:46)
12-28 03:12:07.682 15884 15923 E QPLProvider: 	at com.oculus.panelapp.calendar.logging.QPLLoggerImpl.<init>(QPLLogger.kt:156)
12-28 03:12:07.682 15884 15923 E QPLProvider: 	at com.oculus.panelapp.calendar.logging.GeneratedLoggingModule_b6b7fc36._UL__ULSEP_com_oculus_panelapp_calendar_logging_QPLLoggerImpl_ULSEP_FACTORY_METHOD(GeneratedLoggingModule_b6b7fc36.java:20)
12-28 03:12:07.682 15884 15923 E QPLProvider: 	at com.facebook.ultralight.UL$factorymap0.get0(Unknown Source:265)
12-28 03:12:07.682 15884 15923 E QPLProvider: 	at com.facebook.ultralight.UL$factorymap0.get(Unknown Source:6)
12-28 03:12:07.682 15884 15923 E QPLProvider: 	at com.facebook.ultralight.UL$factorymap.get(Unknown Source:6)
12-28 03:12:07.682 15884 15923 E QPLProvider: 	at com.facebook.inject.ApplicationScope.getEagerWithoutTypeSafety(ApplicationScope.java:187)
12-28 03:12:07.682 15884 15923 E QPLProvider: 	at com.facebook.inject.ApplicationScope.getEager(ApplicationScope.java:161)
12-28 03:12:07.682 15884 15923 E QPLProvider: 	at com.facebook.kinject.ApplicationScope.getEager(ApplicationScope.kt:24)
12-28 03:12:07.682 15884 15923 E QPLProvider: 	at com.oculus.panelapp.calendar.notification.CalendarNotificationsSync.<clinit>(CalendarNotificationsSync.kt:29)
12-28 03:12:07.682 15884 15923 E QPLProvider: 	at com.oculus.panelapp.calendar.CalendarNotificationsPeriodicWorkManager.doWork(CalendarNotificationsPeriodicWorkManager.kt:19)
12-28 03:12:07.682 15884 15923 E QPLProvider: 	at androidx.work.CoroutineWorker$startWork$1.invokeSuspend(CoroutineWorker.kt:68)
12-28 03:12:07.682 15884 15923 E QPLProvider: 	at kotlin.coroutines.jvm.internal.BaseContinuationImpl.resumeWith(ContinuationImpl.kt:33)
12-28 03:12:07.682 15884 15923 E QPLProvider: 	at kotlinx.coroutines.DispatchedTask.run(DispatchedTask.kt:101)
12-28 03:12:07.682 15884 15923 E QPLProvider: 	at kotlinx.coroutines.scheduling.CoroutineScheduler.runSafely(CoroutineScheduler.kt:589)
12-28 03:12:07.682 15884 15923 E QPLProvider: 	at kotlinx.coroutines.scheduling.CoroutineScheduler$Worker.executeTask(CoroutineScheduler.kt:832)
12-28 03:12:07.682 15884 15923 E QPLProvider: 	at kotlinx.coroutines.scheduling.CoroutineScheduler$Worker.runWorker(CoroutineScheduler.kt:720)
12-28 03:12:07.682 15884 15923 E QPLProvider: 	at kotlinx.coroutines.scheduling.CoroutineScheduler$Worker.run(CoroutineScheduler.kt:707)
12-28 03:12:07.809  1155 15787 W Tracking: NIMBLE:ExposureControl: [Throttled count=31] Unable to compute adjustment without histogram data
12-28 03:12:07.896  1457  3916 W JobScheduler: Job didn't exist in JobStore: 826a72b #u0a158/83137 com.vrzwk.QuestTool/androidx.work.impl.background.systemjob.SystemJobService
12-28 03:12:08.124  1457  4002 W JobScheduler: Job didn't exist in JobStore: b7c8521 #u0a158/83048 com.vrzwk.QuestTool/androidx.work.impl.background.systemjob.SystemJobService
12-28 03:12:08.216  1457  3916 W JobScheduler: Job didn't exist in JobStore: c9fb759 #u0a158/83145 com.vrzwk.QuestTool/androidx.work.impl.background.systemjob.SystemJobService
12-28 03:12:08.226  1457  4002 W JobScheduler: Job didn't exist in JobStore: 48897d2 #u0a158/83143 com.vrzwk.QuestTool/androidx.work.impl.background.systemjob.SystemJobService
12-28 03:12:08.844  1155 15787 W Tracking: NIMBLE:ExposureControl: [Throttled count=28] Unable to compute adjustment without histogram data
12-28 03:12:09.392  3042  8103 E LoggingErrorHandler: Retrofit error, url: [https://graph.oculus.com/authenticate_application], kind: [NETWORK], status: [0 - ], headers: , body: []
12-28 03:12:09.392  3042  8103 E CoresdkAnalyticsEvent: could not set key=message value=null
12-28 03:12:09.394  3042  8103 E AuthLogger: Action failed: OBTAIN_TOKEN, callingPackage: com.oculus.horizon, accountType: com.oculus, tokenType: , extras: {calling_app_id=1916519981771802, network_status=WIFI}, duration: 15037ms
12-28 03:12:09.394  3042  8103 E AuthLogger: com.oculus.auth.components.NetworkError: com.oculus.http.core.base.ApiError: retrofit.RetrofitError: java.net.SocketTimeoutException: failed to connect to graph.oculus.com/108.160.170.26 (port 443) from /192.168.31.136 (port 44942) after 15000ms
12-28 03:12:09.394  3042  8103 E AuthLogger: 	at com.oculus.auth.components.TokenProvider.throwAsSpecificError(:62)
12-28 03:12:09.394  3042  8103 E AuthLogger: 	at com.oculus.auth.components.TokenProvider.obtainAccessToken(:144)
12-28 03:12:09.394  3042  8103 E AuthLogger: 	at com.oculus.auth.components.TokenProvider.obtainToken(:77)
12-28 03:12:09.394  3042  8103 E AuthLogger: 	at com.oculus.auth.authenticator.oculus.OculusAuthenticator.doGetAuthToken(:84089)
12-28 03:12:09.394  3042  8103 E AuthLogger: 	at com.oculus.auth.authenticator.common.BaseAuthenticator.getAuthTokenSync(:78)
12-28 03:12:09.394  3042  8103 E AuthLogger: 	at com.oculus.auth.authenticator.common.BaseAuthenticator.getAuthToken(:132)
12-28 03:12:09.394  3042  8103 E AuthLogger: 	at android.accounts.AbstractAccountAuthenticator$Transport.getAuthToken(AbstractAccountAuthenticator.java:251)
12-28 03:12:09.394  3042  8103 E AuthLogger: 	at android.accounts.IAccountAuthenticator$Stub.onTransact(IAccountAuthenticator.java:253)
12-28 03:12:09.394  3042  8103 E AuthLogger: 	at android.os.Binder.execTransactInternal(Binder.java:1369)
12-28 03:12:09.394  3042  8103 E AuthLogger: 	at android.os.Binder.execTransact(Binder.java:1300)
12-28 03:12:09.394  3042  8103 E AuthLogger: Caused by: com.oculus.http.core.base.ApiError: retrofit.RetrofitError: java.net.SocketTimeoutException: failed to connect to graph.oculus.com/108.160.170.26 (port 443) from /192.168.31.136 (port 44942) after 15000ms
12-28 03:12:09.394  3042  8103 E AuthLogger: 	at com.oculus.auth.api.AuthMethods.authenticateApplication(:23)
12-28 03:12:09.394  3042  8103 E AuthLogger: 	at com.oculus.auth.components.TokenProvider.obtainAccessToken(:102)
12-28 03:12:09.394  3042  8103 E AuthLogger: 	... 8 more
12-28 03:12:09.394  3042  8103 E AuthLogger: Caused by: retrofit.RetrofitError: java.net.SocketTimeoutException: failed to connect to graph.oculus.com/108.160.170.26 (port 443) from /192.168.31.136 (port 44942) after 15000ms
12-28 03:12:09.394  3042  8103 E AuthLogger: 	at retrofit.RestAdapter$RestHandler.invokeRequest(:341)
12-28 03:12:09.394  3042  8103 E AuthLogger: 	at retrofit.RestAdapter$RestHandler.invoke(:29)
12-28 03:12:09.394  3042  8103 E AuthLogger: 	at java.lang.reflect.Proxy.invoke(Proxy.java:1006)
12-28 03:12:09.394  3042  8103 E AuthLogger: 	at $Proxy3.authenticateApplication(Unknown Source)
12-28 03:12:09.394  3042  8103 E AuthLogger: 	at com.oculus.auth.api.AuthMethods.authenticateApplication(:15)
12-28 03:12:09.394  3042  8103 E AuthLogger: 	... 9 more
12-28 03:12:09.394  3042  8103 E AuthLogger: Caused by: java.io.IOException: java.net.SocketTimeoutException: failed to connect to graph.oculus.com/108.160.170.26 (port 443) from /192.168.31.136 (port 44942) after 15000ms
12-28 03:12:09.394  3042  8103 E AuthLogger: 	at com.oculus.http.common.ExceptionHandlingInterceptor.intercept(:13)
12-28 03:12:09.394  3042  8103 E AuthLogger: 	at X.1kB.A00(:111)
12-28 03:12:09.394  3042  8103 E AuthLogger: 	at X.1kB.AHV(:4)
12-28 03:12:09.394  3042  8103 E AuthLogger: 	at X.1jQ.A03(:80)
12-28 03:12:09.394  3042  8103 E AuthLogger: 	at X.1jQ.A02(:37)
12-28 03:12:09.394  3042  8103 E AuthLogger: 	at X.18h.execute(:130)
12-28 03:12:09.394  3042  8103 E AuthLogger: 	at retrofit.RestAdapter$RestHandler.invokeRequest(:119)
12-28 03:12:09.394  3042  8103 E AuthLogger: 	... 13 more
12-28 03:12:09.394  3042  8103 E AuthLogger: Caused by: java.net.SocketTimeoutException: failed to connect to graph.oculus.com/108.160.170.26 (port 443) from /192.168.31.136 (port 44942) after 15000ms
12-28 03:12:09.394  3042  8103 E AuthLogger: 	at libcore.io.IoBridge.connectErrno(IoBridge.java:235)
12-28 03:12:09.394  3042  8103 E AuthLogger: 	at libcore.io.IoBridge.connect(IoBridge.java:179)
12-28 03:12:09.394  3042  8103 E AuthLogger: 	at java.net.PlainSocketImpl.socketConnect(PlainSocketImpl.java:142)
12-28 03:12:09.394  3042  8103 E AuthLogger: 	at java.net.AbstractPlainSocketImpl.doConnect(AbstractPlainSocketImpl.java:390)
12-28 03:12:09.394  3042  8103 E AuthLogger: 	at java.net.AbstractPlainSocketImpl.connectToAddress(AbstractPlainSocketImpl.java:230)
12-28 03:12:09.394  3042  8103 E AuthLogger: 	at java.net.AbstractPlainSocketImpl.connect(AbstractPlainSocketImpl.java:212)
12-28 03:12:09.394  3042  8103 E AuthLogger: 	at java.net.SocksSocketImpl.connect(SocksSocketImpl.java:436)
12-28 03:12:09.394  3042  8103 E AuthLogger: 	at java.net.Socket.connect(Socket.java:646)
12-28 03:12:09.394  3042  8103 E AuthLogger: 	at X.1ht.A08(:0)
12-28 03:12:09.394  3042  8103 E AuthLogger: 	at X.1ji.A00(:46)
12-28 03:12:09.394  3042  8103 E AuthLogger: 	at X.1jb.intercept(:1128)
12-28 03:12:09.394  3042  8103 E AuthLogger: 	at X.1kB.A00(:111)
12-28 03:12:09.394  3042  8103 E AuthLogger: 	at X.1kB.AHV(:4)
12-28 03:12:09.394  3042  8103 E AuthLogger: 	at X.1kA.intercept(:478)
12-28 03:12:09.394  3042  8103 E AuthLogger: 	at X.1kB.A00(:111)
12-28 03:12:09.394  3042  8103 E AuthLogger: 	at X.1kB.AHV(:4)
12-28 03:12:09.394  3042  8103 E AuthLogger: 	at X.1A5.intercept(:227)
12-28 03:12:09.394  3042  8103 E AuthLogger: 	at X.1kB.A00(:111)
12-28 03:12:09.394  3042  8103 E AuthLogger: 	at X.1jZ.intercept(:43)
12-28 03:12:09.394  3042  8103 E AuthLogger: 	at X.1kB.A00(:111)
12-28 03:12:09.394  3042  8103 E AuthLogger: 	at X.1kB.AHV(:4)
12-28 03:12:09.394  3042  8103 E AuthLogger: 	at com.oculus.http.common.ExceptionHandlingInterceptor.intercept(:5)
12-28 03:12:09.394  3042  8103 E AuthLogger: 	... 19 more
12-28 03:12:10.021     0     0 W healthd : battery l=44 v=3717 t=45.0 h=2 st=3 c=-1327181 fc=5169000 cc=30 chg=
12-28 03:12:10.379  1155 15104 W Tracking: Vega: Images too dark, 
12-28 03:12:10.508  6441  6441 E AppProcessKiller: current battery=44
12-28 03:12:11.264  3621  3905 W ShellHsr: Embodiment: BaseEmbodimentSystem::setAvatarVisibility could not find avatar for id 131073
12-28 03:12:11.264  3621  3905 W ShellHsr: Embodiment: BaseEmbodimentSystem::setNameTagVisibility could not find avatar for id 131073
12-28 03:12:11.376  3621  3905 E ShellHsr: Avatar: avatarState.avatarId is invalid, aborting prePhysicsSystem
12-28 03:12:11.376  3621  3905 E ShellHsr: Avatar: avatarState.avatarId is invalid, aborting postFinalizedTransformsSystem
12-28 03:12:12.015  3621  3905 W RuntimeTelemetryThread: [OpenXR_Anchor] component enabled cannot be changed; 1000288007
12-28 03:12:12.015  3621  3905 W RuntimeTelemetryThread: [OpenXR_Anchor] setting XR_SPACE_COMPONENT_TYPE_STORABLE_FB is unsupported for this space; 
12-28 03:12:12.016  3621  3905 W RuntimeTelemetryThread: [OpenXR_Anchor] component enabled cannot be changed; 1000288007
12-28 03:12:12.016  3621  3905 W RuntimeTelemetryThread: [OpenXR_Anchor] component enabled cannot be changed; 4
12-28 03:12:12.016  3621  3905 W RuntimeTelemetryThread: [OpenXR_Anchor] component enabled cannot be changed; 3
12-28 03:12:12.016  3621  3905 W RuntimeTelemetryThread: [OpenXR_Anchor] setting XR_SPACE_COMPONENT_TYPE_STORABLE_FB is unsupported for this space; 
12-28 03:12:12.016  3621  3905 W RuntimeTelemetryThread: [OpenXR_Anchor] component enabled cannot be changed; 1000288007
12-28 03:12:12.016  3621  3905 W RuntimeTelemetryThread: [OpenXR_Anchor] component enabled cannot be changed; 4
12-28 03:12:12.016  3621  3905 W RuntimeTelemetryThread: [OpenXR_Anchor] setting XR_SPACE_COMPONENT_TYPE_STORABLE_FB is unsupported for this space; 
12-28 03:12:12.016  3621  3905 W RuntimeTelemetryThread: [OpenXR_Anchor] component enabled cannot be changed; 1000288007
12-28 03:12:12.016  3621  3905 W RuntimeTelemetryThread: [OpenXR_Anchor] component enabled cannot be changed; 4
12-28 03:12:12.016  3621  3905 W RuntimeTelemetryThread: [OpenXR_Anchor] setting XR_SPACE_COMPONENT_TYPE_STORABLE_FB is unsupported for this space; 
12-28 03:12:12.016  3621  3905 W RuntimeTelemetryThread: [OpenXR_Anchor] component enabled cannot be changed; 1000288007
12-28 03:12:12.016  3621  3905 W RuntimeTelemetryThread: [OpenXR_Anchor] component enabled cannot be changed; 4
12-28 03:12:12.016  3621  3905 W RuntimeTelemetryThread: [OpenXR_Anchor] setting XR_SPACE_COMPONENT_TYPE_STORABLE_FB is unsupported for this space; 
12-28 03:12:12.016  3621  3905 W RuntimeTelemetryThread: [OpenXR_Anchor] component enabled cannot be changed; 1000288007
12-28 03:12:12.016  3621  3905 W RuntimeTelemetryThread: [OpenXR_Anchor] setting XR_SPACE_COMPONENT_TYPE_STORABLE_FB is unsupported for this space; 
12-28 03:12:12.016  3621  3905 W RuntimeTelemetryThread: [OpenXR_Anchor] component enabled cannot be changed; 1000288007
12-28 03:12:12.016  3621  3905 W RuntimeTelemetryThread: [OpenXR_Anchor] component enabled cannot be changed; 3
12-28 03:12:12.016  3621  3905 W RuntimeTelemetryThread: [OpenXR_Anchor] setting XR_SPACE_COMPONENT_TYPE_STORABLE_FB is unsupported for this space; 
12-28 03:12:12.016  3621  3905 W RuntimeTelemetryThread: [OpenXR_Anchor] component enabled cannot be changed; 1000288007
12-28 03:12:12.016  3621  3905 W RuntimeTelemetryThread: [OpenXR_Anchor] component enabled cannot be changed; 4
12-28 03:12:12.016  3621  3905 W RuntimeTelemetryThread: [OpenXR_Anchor] setting XR_SPACE_COMPONENT_TYPE_STORABLE_FB is unsupported for this space; 
12-28 03:12:12.016  3621  3905 W RuntimeTelemetryThread: [OpenXR_Anchor] component enabled cannot be changed; 1000288007
12-28 03:12:12.016  3621  3905 W RuntimeTelemetryThread: [OpenXR_Anchor] setting XR_SPACE_COMPONENT_TYPE_STORABLE_FB is unsupported for this space; 
12-28 03:12:12.016  3621  3905 W RuntimeTelemetryThread: [OpenXR_Anchor] component enabled cannot be changed; 1000288007
12-28 03:12:12.016  3621  3905 W RuntimeTelemetryThread: [OpenXR_Anchor] setting XR_SPACE_COMPONENT_TYPE_STORABLE_FB is unsupported for this space; 
12-28 03:12:12.016  3621  3905 W RuntimeTelemetryThread: [OpenXR_Anchor] component enabled cannot be changed; 1000288007
12-28 03:12:12.016  3621  3905 W RuntimeTelemetryThread: [OpenXR_Anchor] component enabled cannot be changed; 4
12-28 03:12:12.016  3621  3905 W RuntimeTelemetryThread: [OpenXR_Anchor] setting XR_SPACE_COMPONENT_TYPE_STORABLE_FB is unsupported for this space; 
12-28 03:12:12.016  3621  3905 W RuntimeTelemetryThread: [OpenXR_Anchor] component enabled cannot be changed; 1000288007
12-28 03:12:12.016  3621  3905 W RuntimeTelemetryThread: [OpenXR_Anchor] component enabled cannot be changed; 4
12-28 03:12:12.016  3621  3905 W RuntimeTelemetryThread: [OpenXR_Anchor] setting XR_SPACE_COMPONENT_TYPE_STORABLE_FB is unsupported for this space; 
12-28 03:12:12.016  3621  3905 W RuntimeTelemetryThread: [OpenXR_Anchor] component enabled cannot be changed; 1000288007
12-28 03:12:12.016  3621  3905 W RuntimeTelemetryThread: [OpenXR_Anchor] component enabled cannot be changed; 4
12-28 03:12:12.016  3621  3905 W RuntimeTelemetryThread: [OpenXR_Anchor] setting XR_SPACE_COMPONENT_TYPE_STORABLE_FB is unsupported for this space; 
12-28 03:12:12.016  3621  3905 W RuntimeTelemetryThread: [OpenXR_Anchor] component enabled cannot be changed; 1000288007
12-28 03:12:12.017  3621  3905 W RuntimeTelemetryThread: [OpenXR_Anchor] setting XR_SPACE_COMPONENT_TYPE_STORABLE_FB is unsupported for this space; 
12-28 03:12:12.017  3621  3905 W RuntimeTelemetryThread: [OpenXR_Anchor] setting XR_SPACE_COMPONENT_TYPE_STORABLE_FB is unsupported for this space; 
12-28 03:12:13.445  1155 15104 W Tracking: Vega: Images too dark, 
12-28 03:12:14.061   833  1392 E libosutils: Failed to create output stream to '/data/vendor/misc/sensors/serialnumber/8ed444f94d812d73': : No such file or directory
12-28 03:12:14.061   833  1392 E SensorService: Failed to write to file /data/vendor/misc/sensors/serialnumber/8ed444f94d812d73: Unknown error -2
12-28 03:12:14.063   833  1392 E libosutils: Failed to create output stream to '/data/vendor/misc/sensors/serialnumber/8ed444f94d812d73': : No such file or directory
12-28 03:12:14.063   833  1392 E SensorService: Failed to write to file /data/vendor/misc/sensors/serialnumber/8ed444f94d812d73: Unknown error -2
12-28 03:12:14.157  1457  1457 W ProcessStats: Tracking association SourceState{cbee4ff com.oculus.ocms/10035 BTop #5169} whose proc state 2 is better than process ProcessState{1ee8567 com.oculus.quickplayservice/1000 pkg=com.oculus.quickplayservice} proc state 14 (23 skipped)
12-28 03:12:14.159  3621  3621 W [SEO] HomeActivity: onPause - Pausing HomeActivity and not forwarding to ShellService
12-28 03:12:14.160  1457  1457 W Transition: Transition already started id=197 state=2
12-28 03:12:14.161  1457  1538 E system_server: Cannot obtain CPU frequency count
12-28 03:12:14.161  1457  1538 E system_server: Cannot obtain CPU frequency count
12-28 03:12:14.161  1457  1538 E system_server: Cannot obtain CPU frequency count
12-28 03:12:14.161  1457  1538 E system_server: Cannot read thread CPU times for PID 1457
12-28 03:12:14.163  3621  3913 W .oculus.vrshell: Binder 0x7b434cbc50 destroyed after setInheritRt before being parceled.
12-28 03:12:14.163  3621  3913 W .oculus.vrshell: Binder 0x7b1df347d0 destroyed after setInheritRt before being parceled.
12-28 03:12:14.163  3621  3913 W .oculus.vrshell: Binder 0x7b1df34598 destroyed after setInheritRt before being parceled.
12-28 03:12:14.163  3621  3913 W .oculus.vrshell: Binder 0x7a7551d288 destroyed after setInheritRt before being parceled.
12-28 03:12:14.177     0     0 W healthd : battery l=44 v=3723 t=45.0 h=2 st=3 c=-1271882 fc=5169000 cc=30 chg=
12-28 03:12:14.166  1065  1426 W FrameSync: [FrameSync_1_0] DiscardFrame is triggered, Client called BeginFrame too many times, frame->Stage 2 FrameBeginIndex 160 
12-28 03:12:14.168  9439  9483 W stemux:SystemUX: Binder 0xb400007b5f0e8dd0 destroyed after setInheritRt before being parceled.
12-28 03:12:14.173  3621  3913 W .oculus.vrshell: Binder 0x7b434cbfd0 destroyed after setInheritRt before being parceled.
12-28 03:12:14.173  3621  3913 W .oculus.vrshell: Binder 0x7b1df36080 destroyed after setInheritRt before being parceled.
12-28 03:12:14.173  3621  3913 W .oculus.vrshell: Binder 0x7b1df35e48 destroyed after setInheritRt before being parceled.
12-28 03:12:14.173  3621  3913 W .oculus.vrshell: Binder 0x7ace802448 destroyed after setInheritRt before being parceled.
12-28 03:12:14.174  1457  2796 W SurfaceControl: Invalid layer stack -1
12-28 03:12:14.174  9439  9439 W stemux:SystemUX: Binder 0xb400007b5f207210 destroyed after setInheritRt before being parceled.
