12-28 03:09:05.091   833  1391 E SensorService: Failed to write to file /data/vendor/misc/sensors/serialnumber/8ed444f94d812d73: Unknown error -2
12-28 03:09:05.091  1155 14987 W TrackingUtils: Failed to parse firmware version string 83.113.299
12-28 03:09:05.142   833 14844 E SensorService: Failed to write to file /data/vendor/misc/sensors/serialnumber/8ed444f94d812d73: Unknown error -2
12-28 03:09:05.144   833 14844 E SensorService: Failed to write to file /data/vendor/misc/sensors/serialnumber/8ed444f94d812d73: Unknown error -2
12-28 03:09:05.146   833 14844 E SensorService: Failed to write to file /data/vendor/misc/sensors/serialnumber/8ed444f94d812d73: Unknown error -2
12-28 03:09:06.081  1457  3916 W ActivityManager: setIsForegroundPanelService: ComponentInfo{com.oculus.browser/com.oculus.browser.PanelActivity} not found
12-28 03:09:06.148  1457  3999 W BrightnessThrottler: DeviceConfig ThermalBrightnessThrottlingData is null
12-28 03:09:06.149  1457  3999 W DisplayPowerController2[41]: Screen brightness nits configuration is unavailable; falling back
12-28 03:09:06.177  2354  2579 W DisplayController: Skipping Display Configuration change on non-added display.
12-28 03:09:06.205  1457  3415 W BrightnessThrottler: DeviceConfig ThermalBrightnessThrottlingData is null
12-28 03:09:06.205  1457  3415 W DisplayPowerController2[42]: Screen brightness nits configuration is unavailable; falling back
12-28 03:09:06.232  2354  2579 W DisplayController: Skipping Display Configuration change on non-added display.
12-28 03:09:06.295  1457  1457 W Transition: Transition already started id=166 state=2
12-28 03:09:06.296  1457  1457 W Transition: Transition already started id=167 state=2
12-28 03:09:09.838     0     0 W healthd : battery l=46 v=3676 t=39.0 h=2 st=3 c=-2314876 fc=5169000 cc=30 chg=
12-28 03:09:12.317  1143  1409 W TrackingFidelityService: Fidelity data undefined in catalog for enabling feature like controller_selftracked. 7 similar misses.
12-28 03:09:12.329  1155  1489 E TrackingService: Resetting MuxMode lowLightControllerObject which is already set
12-28 03:09:12.366   833  1367 E FrameSetCollator: [{0,2},{1,2},{2,2},{3,2}] 1 FrameSets had unexpected timestamps (in the last 9436.02ms). Ex: slot 2 1724407.488ms -> 1724440.820ms (observed period: 33.332ms, expected period: 16.666ms (16.666ms))
12-28 03:09:12.917  1457  1513 W ProcessStats: Tracking association SourceState{71a16a8 com.oculus.panelapp.settings:QuickSettingsActivity/10008 BTop #4789} whose proc state 2 is better than process ProcessState{46be5bf com.oculus.metacam/10062 pkg=com.oculus.metacam} proc state 3 (305 skipped)
12-28 03:09:16.424  1457  3991 W HorizonOsWindowManagerUtils: setFocusedWindowSync: top visible activity is null for t4
12-28 03:09:16.447  1457  3415 W BrightnessThrottler: DeviceConfig ThermalBrightnessThrottlingData is null
12-28 03:09:16.447  1457  3415 W DisplayPowerController2[43]: Screen brightness nits configuration is unavailable; falling back
12-28 03:09:16.469  2354  2579 W DisplayController: Skipping Display Configuration change on non-added display.
12-28 03:09:16.541  1457  1457 W Transition: Transition already started id=169 state=2
12-28 03:09:18.269  1457  3990 W LaunchInterceptorUtil: Package metadata is empty: info.dvkr.screenstream.dev
12-28 03:09:18.270  1457  3990 W LaunchInterceptorUtil: Package metadata is empty: info.dvkr.screenstream.dev
12-28 03:09:18.272  1457  3990 W LaunchInterceptorUtil: Package metadata is empty: info.dvkr.screenstream.dev
12-28 03:09:18.309  1457  1511 W BrightnessThrottler: DeviceConfig ThermalBrightnessThrottlingData is null
12-28 03:09:18.309  1457  1511 W DisplayPowerController2[44]: Screen brightness nits configuration is unavailable; falling back
12-28 03:09:18.320  2354  2579 W DisplayController: Skipping Display Configuration change on non-added display.
12-28 03:09:18.415  1457  1457 W Transition: Transition already started id=172 state=2
12-28 03:09:18.455  1457  3991 W BrightnessThrottler: DeviceConfig ThermalBrightnessThrottlingData is null
12-28 03:09:18.455  1457  3991 W DisplayPowerController2[45]: Screen brightness nits configuration is unavailable; falling back
12-28 03:09:18.469  2354  2579 W DisplayController: Skipping Display Configuration change on non-added display.
12-28 03:09:18.476  1457  1513 E DisplayModeDirector: Asked about unknown display, returning empty display mode specs!(id=45)
12-28 03:09:18.480  1457  1457 W Transition: Transition already started id=174 state=2
12-28 03:09:19.767  1457  3999 W LaunchInterceptorUtil: Package metadata is empty: com.android.permissioncontroller
12-28 03:09:19.769  1457  3999 W LaunchInterceptorUtil: Package metadata is empty: com.android.permissioncontroller
12-28 03:09:19.771  1457  3999 W LaunchInterceptorUtil: Package metadata is empty: com.android.permissioncontroller
12-28 03:09:19.850     0     0 W healthd : battery l=46 v=3662 t=39.0 h=2 st=3 c=-2343441 fc=5169000 cc=30 chg=
12-28 03:09:20.286  1457  1513 W ActivityTaskManager: Activity pause timeout for ActivityRecord{d8262d9 u0 info.dvkr.screenstream.dev/info.dvkr.screenstream.SingleActivity t5848}
12-28 03:09:22.700   822   875 W SyncBossFW: 1734781 [warning] {BSP }: Mag interrupt pin LOW in drdy handler
12-28 03:09:22.860  1457  4033 W LaunchInterceptorUtil: Package metadata is empty: com.meta.systemui
12-28 03:09:22.861  1457  4033 W LaunchInterceptorUtil: Package metadata is empty: com.meta.systemui
12-28 03:09:22.863  1457  4033 W LaunchInterceptorUtil: Package metadata is empty: com.meta.systemui
12-28 03:09:22.911  1457  2519 W LaunchInterceptorUtil: Package metadata is empty: com.meta.systemui
12-28 03:09:22.912  1457  2519 W LaunchInterceptorUtil: Package metadata is empty: com.meta.systemui
12-28 03:09:22.913  1457  2519 W LaunchInterceptorUtil: Package metadata is empty: com.meta.systemui
12-28 03:09:22.919  1457  1511 W ActivityTaskManager: callingPackage for (uid=1000, pid=1457) is ambiguous: [android, com.android.providers.settings, com.android.server.telecom, com.android.location.fused]
12-28 03:09:22.920  1457  1511 E ActivityTaskManager: With BAL hardening this activity start would be blocked! [callingPackage: com.meta.systemui; callingUid: 10087; appSwitchState: 2; callingUidHasAnyVisibleWindow: false; callingUidProcState: TOP; isCallingUidPersistentSystemProcess: false; balAllowedByPiSender: BackgroundStartPrivileges[allowsBackgroundActivityStarts=true, allowsBackgroundForegroundServiceStarts=true, originatingToken=null]; realCallingPackage: android.uid.system:1000[debugOnly]; realCallingUid: 1000; realCallingUidHasAnyVisibleWindow: false; realCallingUidProcState: PERSISTENT; isRealCallingUidPersistentSystemProcess: true; originatingPendingIntent: PendingIntentRecord{92ab9b1 com.meta.systemui startActivity}; backgroundStartPrivileges: BackgroundStartPrivileges[allowsBackgroundActivityStarts=true, allowsBackgroundForegroundServiceStarts=true, originatingToken=android.os.Binder@f226188]; intent: Intent { flg=0x2800000 cmp=com.meta.systemui/.media.VrMediaProjectionAppSelectorActivity (has extras) }; callerApp: null; inVisibleTask: false]
12-28 03:09:22.920  1457  1523 W ActivityManager: Dropping Event: wtf since tag: system_server_wtf is disabled or DropboxManager is null
12-28 03:09:23.006  1457  1513 W ProcessStats: Tracking association SourceState{71a16a8 com.oculus.panelapp.settings:QuickSettingsActivity/10008 BTop #4841} whose proc state 2 is better than process ProcessState{46be5bf com.oculus.metacam/10062 pkg=com.oculus.metacam} proc state 3 (120 skipped)
12-28 03:09:24.613  1457  1457 W ContextImpl: Calling a method in the system process without a qualified user: android.app.ContextImpl.sendBroadcast:1220 com.android.server.media.projection.MediaProjectionManagerService.lambda$startProjectionLocked$0:284 com.android.server.media.projection.MediaProjectionManagerService.$r8$lambda$Nsg_NlA4AVJIpDoyc6lN5ivCQQQ:0 com.android.server.media.projection.MediaProjectionManagerService$$ExternalSyntheticLambda0.run:0 android.os.Handler.handleCallback:958 
12-28 03:09:24.630  1457  4033 W BrightnessThrottler: DeviceConfig ThermalBrightnessThrottlingData is null
12-28 03:09:24.630  1457  4033 W DisplayPowerController2[46]: Screen brightness nits configuration is unavailable; falling back
12-28 03:09:24.642  2354  2579 W DisplayController: Skipping Display Configuration change on non-added display.
12-28 03:09:24.646  1457  1513 W ContextImpl: Calling a method in the system process without a qualified user: android.app.ContextImpl.sendBroadcast:1220 com.android.server.display.VirtualDisplayAdapter$VirtualDisplayDevice.lambda$performTraversalLocked$0:452 com.android.server.display.VirtualDisplayAdapter$VirtualDisplayDevice.$r8$lambda$5AzI3bJcYc6hLYeMLoU3AhRqp6U:0 com.android.server.display.VirtualDisplayAdapter$VirtualDisplayDevice$$ExternalSyntheticLambda1.run:0 android.os.Handler.handleCallback:958 
12-28 03:09:24.657  1457  1513 W ContextImpl: Calling a method in the system process without a qualified user: android.app.ContextImpl.sendBroadcast:1220 com.android.server.display.VirtualDisplayAdapter$VirtualDisplayDevice.lambda$performTraversalLocked$0:452 com.android.server.display.VirtualDisplayAdapter$VirtualDisplayDevice.$r8$lambda$5AzI3bJcYc6hLYeMLoU3AhRqp6U:0 com.android.server.display.VirtualDisplayAdapter$VirtualDisplayDevice$$ExternalSyntheticLambda1.run:0 android.os.Handler.handleCallback:958 
12-28 03:09:24.667  1457  1457 W Transition: Transition already started id=181 state=2
12-28 03:09:24.735  2354  2579 W DisplayController: Skipping Display Configuration change on non-added display.
12-28 03:09:24.742  1457  1513 W ContextImpl: Calling a method in the system process without a qualified user: android.app.ContextImpl.sendBroadcast:1220 com.android.server.display.VirtualDisplayAdapter$VirtualDisplayDevice.lambda$performTraversalLocked$0:452 com.android.server.display.VirtualDisplayAdapter$VirtualDisplayDevice.$r8$lambda$5AzI3bJcYc6hLYeMLoU3AhRqp6U:0 com.android.server.display.VirtualDisplayAdapter$VirtualDisplayDevice$$ExternalSyntheticLambda1.run:0 android.os.Handler.handleCallback:958 
12-28 03:09:24.812  1457  1457 W NotificationHistory: Attempted to add notif for locked/gone/disabled user 0
12-28 03:09:24.872   833 14990 W FrameSetDispatcher: [{0,2},{1,2},{2,2},{3,2}] Client pid=1155 (IOT): client is taking longer than 33ms to return FrameSets (1x in the past 22.182s)
12-28 03:09:25.272   833  1206 E libsensortelemetry: imu samples delayed: 5991657ns capture to arrival (ERS limit: 3500000ns)
12-28 03:09:25.305  1155  1406 E libsensortelemetry: imu_iot samples delayed: 6062959ns capture to arrival (ERS limit: 3500000ns)
12-28 03:09:26.475  1457  1471 W PackageConfigPersister: App-specific configuration not found for packageName: info.dvkr.screenstream.dev and userId: 0
12-28 03:09:29.767   822   875 W SyncBossFW: 1741847 [warning] {BSP }: Mag interrupt pin LOW in drdy handler
12-28 03:09:29.859     0     0 W healthd : battery l=46 v=3612 t=41.0 h=2 st=3 c=-2985059 fc=5169000 cc=30 chg=
12-28 03:09:36.633   822   875 W SyncBossFW: 1748713 [warning] {BSP }: Mag interrupt pin LOW in drdy handler
12-28 03:09:39.063  1457  2441 W ProcessStats: Tracking association SourceState{cbee4ff com.oculus.ocms/10035 BTop #4877} whose proc state 2 is better than process ProcessState{1ee8567 com.oculus.quickplayservice/1000 pkg=com.oculus.quickplayservice} proc state 14 (22 skipped)
12-28 03:09:39.868     0     0 W healthd : battery l=46 v=3641 t=41.0 h=2 st=3 c=-2535341 fc=5169000 cc=30 chg=
12-28 03:09:40.860  1457  3991 W LaunchInterceptorUtil: Package metadata is empty: com.oculus.vrshell
12-28 03:09:40.861  1457  3991 W LaunchInterceptorUtil: Package metadata is empty: com.oculus.vrshell
12-28 03:09:40.899  1143  1143 W TrackingFidelityService: Fidelity data undefined in catalog for enabling feature like pt_display_sync. 2 similar misses.
12-28 03:09:40.923  1457  1511 W BrightnessThrottler: DeviceConfig ThermalBrightnessThrottlingData is null
12-28 03:09:40.923  1457  1511 W DisplayPowerController2[47]: Screen brightness nits configuration is unavailable; falling back
12-28 03:09:40.956  2354  2579 W DisplayController: Skipping Display Configuration change on non-added display.
12-28 03:09:40.959  1457  1524 W ActivityManager: Slow operation: 51ms so far, now at startProcess: done updating pids map
12-28 03:09:41.016  1457  1457 W Transition: Transition already started id=185 state=2
12-28 03:09:41.021  1457  1457 W ActivityTaskManager: No component for base intent of task: Task{857572e #13 type=undefined}
12-28 03:09:41.121   833  1367 W SensorService: received frame for disabled cam4
12-28 03:09:41.124   833  1367 W SensorService: received frame for disabled cam5
12-28 03:09:41.125   833  1392 W SensorService: [color] Skipped updateSyncbossFrameTag - no updater or override provided
12-28 03:09:41.161   833  1367 E SensorService: failed to handle frame metadata for cam 5 streamType 13, dropping frame!
12-28 03:09:41.165   833  1367 E SensorService: failed to handle frame metadata for cam 4 streamType 13, dropping frame!
12-28 03:09:41.186   833  1367 E FrameSetCollator: [{4,13},{5,13}] 1 FrameSets had unexpected timestamps (in the last 143.03ms). Ex: slot 0 1753173.004ms -> 1753251.453ms (observed period: 78.449ms, expected period: 13.888ms (64.561ms))
12-28 03:09:43.609  1457  4005 W ActivityManager: setIsForegroundPanelService: ComponentInfo{com.oculus.browser/com.oculus.browser.PanelActivity} not found
12-28 03:09:43.881   833  1367 E FrameSetCollator: [{4,13},{5,13}] 4 FrameSets had unexpected timestamps (in the last 2694.36ms). Ex: slot 0 1755934.265ms -> 1755948.198ms (observed period: 13.933ms, expected period: 13.888ms (0.045ms))
12-28 03:09:45.454   833  1206 E libsensortelemetry: imu samples delayed: 5469356ns capture to arrival (ERS limit: 3500000ns)
12-28 03:09:45.529  1155  1406 E libsensortelemetry: imu_iot samples delayed: 5558678ns capture to arrival (ERS limit: 3500000ns)
12-28 03:09:46.170  1155 15105 W TrackingService: Clearing stuck Color frame set: timestamp 1758.211778, last release 1758.207136
12-28 03:09:46.638  1143 14847 W TrackingFidelityService: Fidelity data undefined in catalog for enabling feature like controller_selftracked. 9 similar misses.
12-28 03:09:49.878     0     0 W healthd : battery l=46 v=3661 t=43.0 h=2 st=3 c=-2232477 fc=5169000 cc=30 chg=
12-28 03:09:50.205  1155 15105 W TrackingService: 13 late Color frame set were dropped: timestamp 1762.266904, current monochrome 1762.272640
12-28 03:09:50.249   822   875 W SyncBossFW: 1762329 [warning] {BSP }: Mag interrupt pin LOW in drdy handler
12-28 03:09:50.880   833  1367 E FrameSetCollator: [{4,13},{5,13}] 2 FrameSets had unexpected timestamps (in the last 6999.26ms). Ex: slot 0 1762933.515ms -> 1762947.467ms (observed period: 13.952ms, expected period: 13.888ms (0.064ms))
12-28 03:09:53.303  1143  1409 W TrackingFidelityService: Fidelity data undefined in catalog for enabling feature like environment_lighting. 3 similar misses.
12-28 03:09:53.312  1155  1489 E TrackingService: Resetting MuxMode lowLightHandsObject which is already set
12-28 03:09:53.547   833  1367 E FrameSetCollator: [{4,13},{5,13}] 22 FrameSets had unexpected timestamps (in the last 2666.47ms). Ex: slot 0 1765599.895ms -> 1765613.844ms (observed period: 13.949ms, expected period: 13.888ms (0.061ms))
12-28 03:09:53.647  1457  1513 W ActivityTaskManager: Launch timeout has expired, giving up wake lock!
12-28 03:09:53.672  1457  1513 W ProcessStats: Tracking association SourceState{cbee4ff com.oculus.ocms/10035 BTop #4926} whose proc state 2 is better than process ProcessState{1ee8567 com.oculus.quickplayservice/1000 pkg=com.oculus.quickplayservice} proc state 14 (150 skipped)
12-28 03:09:54.283   822   875 W SyncBossFW: 1766363 [warning] {BSP }: Mag interrupt pin LOW in drdy handler
12-28 03:09:54.547   833  1367 E FrameSetCollator: [{4,13},{5,13}] 22 FrameSets had unexpected timestamps (in the last 1000.06ms). Ex: slot 0 1766600.484ms -> 1766614.465ms (observed period: 13.981ms, expected period: 13.888ms (0.093ms))
12-28 03:09:56.273  1155 15105 W TrackingService: 13 late Color frame set were dropped: timestamp 1768.335715, current monochrome 1768.339064
12-28 03:09:57.102   833  1367 E FrameSetCollator: [{4,13},{5,13}] 16 FrameSets had unexpected timestamps (in the last 2555.19ms). Ex: slot 0 1769155.103ms -> 1769169.177ms (observed period: 14.074ms, expected period: 13.888ms (0.186ms))
12-28 03:09:57.273  1155 15105 W TrackingService: 25 late Color frame set were dropped: timestamp 1769.336741, current monochrome 1769.339024
12-28 03:09:59.796   833  1367 E FrameSetCollator: [{4,13},{5,13}] 21 FrameSets had unexpected timestamps (in the last 2694.23ms). Ex: slot 0 1771849.245ms -> 1771863.178ms (observed period: 13.933ms, expected period: 13.888ms (0.045ms))
12-28 03:09:59.889     0     0 W healthd : battery l=46 v=3643 t=43.0 h=2 st=3 c=-2475280 fc=5169000 cc=30 chg=
12-28 03:10:00.778     0     0 W healthd : battery l=46 v=3646 t=43.0 h=2 st=3 c=-2417418 fc=5169000 cc=30 chg=
12-28 03:10:00.824   833  1367 E FrameSetCollator: [{4,13},{5,13}] 18 FrameSets had unexpected timestamps (in the last 1027.75ms). Ex: slot 0 1772877.211ms -> 1772891.060ms (observed period: 13.849ms, expected period: 13.888ms (-0.039ms))
12-28 03:10:02.685   833  1367 E FrameSetCollator: [{4,13},{5,13}] 2 FrameSets had unexpected timestamps (in the last 1860.95ms). Ex: slot 0 1774737.855ms -> 1774751.797ms (observed period: 13.942ms, expected period: 13.888ms (0.054ms))
12-28 03:10:03.712   833  1367 E FrameSetCollator: [{4,13},{5,13}] 26 FrameSets had unexpected timestamps (in the last 1027.76ms). Ex: slot 0 1775765.976ms -> 1775779.793ms (observed period: 13.817ms, expected period: 13.888ms (-0.071ms))
12-28 03:10:04.342  1155 15105 W TrackingService: 13 late Color frame set were dropped: timestamp 1776.404363, current monochrome 1776.405408
12-28 03:10:05.650   833  1206 E libsensortelemetry: imu samples delayed: 5244471ns capture to arrival (ERS limit: 3500000ns)
12-28 03:10:05.727  1155  1406 E libsensortelemetry: imu_iot samples delayed: 5314836ns capture to arrival (ERS limit: 3500000ns)
12-28 03:10:07.407   833  1367 E FrameSetCollator: [{4,13},{5,13}] 7 FrameSets had unexpected timestamps (in the last 3694.08ms). Ex: slot 0 1779459.573ms -> 1779473.570ms (observed period: 13.997ms, expected period: 13.888ms (0.109ms))
12-28 03:10:09.018   833  1367 E FrameSetCollator: [{4,13},{5,13}] 17 FrameSets had unexpected timestamps (in the last 1611.02ms). Ex: slot 0 1781070.516ms -> 1781084.446ms (observed period: 13.930ms, expected period: 13.888ms (0.042ms))
12-28 03:10:09.218  1457  2692 W ProcessStats: Tracking association SourceState{cbee4ff com.oculus.ocms/10035 BTop #4938} whose proc state 2 is better than process ProcessState{1ee8567 com.oculus.quickplayservice/1000 pkg=com.oculus.quickplayservice} proc state 14 (7 skipped)
12-28 03:10:09.899     0     0 W healthd : battery l=46 v=3654 t=43.0 h=2 st=3 c=-2283381 fc=5169000 cc=30 chg=
12-28 03:10:11.073   833  1367 E FrameSetCollator: [{4,13},{5,13}] 20 FrameSets had unexpected timestamps (in the last 2055.44ms). Ex: slot 0 1783125.841ms -> 1783139.784ms (observed period: 13.943ms, expected period: 13.888ms (0.055ms))
12-28 03:10:12.438  1155 15105 W TrackingService: 13 late Color frame set were dropped: timestamp 1784.500729, current monochrome 1784.505084
12-28 03:10:13.439  1155 15105 W TrackingService: 25 late Color frame set were dropped: timestamp 1785.500589, current monochrome 1785.505044
12-28 03:10:13.573   833  1367 E FrameSetCollator: [{4,13},{5,13}] 2 FrameSets had unexpected timestamps (in the last 2499.72ms). Ex: slot 0 1785625.577ms -> 1785639.504ms (observed period: 13.927ms, expected period: 13.888ms (0.039ms))
12-28 03:10:14.628   833  1367 E FrameSetCollator: [{4,13},{5,13}] 12 FrameSets had unexpected timestamps (in the last 1055.44ms). Ex: slot 0 1786681.235ms -> 1786695.086ms (observed period: 13.851ms, expected period: 13.888ms (-0.037ms))
12-28 03:10:15.739   833  1367 E FrameSetCollator: [{4,13},{5,13}] 2 FrameSets had unexpected timestamps (in the last 1111.08ms). Ex: slot 0 1787792.029ms -> 1787805.962ms (observed period: 13.933ms, expected period: 13.888ms (0.045ms))
12-28 03:10:16.767   833  1367 E FrameSetCollator: [{4,13},{5,13}] 22 FrameSets had unexpected timestamps (in the last 1027.64ms). Ex: slot 0 1788820.033ms -> 1788834.082ms (observed period: 14.049ms, expected period: 13.888ms (0.161ms))
12-28 03:10:17.941  1457  1538 W BatteryExternalStatsWorker: error reading modem stats:ERROR_PHONE_NOT_AVAILABLE
12-28 03:10:18.961   833  1367 E FrameSetCollator: [{4,13},{5,13}] 17 FrameSets had unexpected timestamps (in the last 2194.40ms). Ex: slot 0 1791013.937ms -> 1791028.010ms (observed period: 14.073ms, expected period: 13.888ms (0.185ms))
12-28 03:10:19.507  1155 15105 W TrackingService: 13 late Color frame set were dropped: timestamp 1791.569637, current monochrome 1791.571468
12-28 03:10:19.909     0     0 W healthd : battery l=46 v=3647 t=43.0 h=2 st=3 c=-2363217 fc=5169000 cc=30 chg=
12-28 03:10:22.294   833  1367 E FrameSetCollator: [{4,13},{5,13}] 15 FrameSets had unexpected timestamps (in the last 3333.08ms). Ex: slot 0 1794346.910ms -> 1794360.930ms (observed period: 14.020ms, expected period: 13.888ms (0.132ms))
12-28 03:10:23.304   833   833 E SensorService: Failed to write to file /data/vendor/misc/sensors/serialnumber/8ed444f94d812d73: Unknown error -2
12-28 03:10:23.306   833   833 E SensorService: Failed to write to file /data/vendor/misc/sensors/serialnumber/8ed444f94d812d73: Unknown error -2
12-28 03:10:23.308   833  1391 E SensorService: Failed to write to file /data/vendor/misc/sensors/serialnumber/8ed444f94d812d73: Unknown error -2
12-28 03:10:23.310   833  1391 E SensorService: Failed to write to file /data/vendor/misc/sensors/serialnumber/8ed444f94d812d73: Unknown error -2
12-28 03:10:23.350   833  1367 E FrameSetCollator: [{4,13},{5,13}] 2 FrameSets had unexpected timestamps (in the last 1055.43ms). Ex: slot 0 1795402.394ms -> 1795416.457ms (observed period: 14.063ms, expected period: 13.888ms (0.175ms))
12-28 03:10:23.413   833 14844 E SensorService: Failed to write to file /data/vendor/misc/sensors/serialnumber/8ed444f94d812d73: Unknown error -2
12-28 03:10:23.416   833 14844 E SensorService: Failed to write to file /data/vendor/misc/sensors/serialnumber/8ed444f94d812d73: Unknown error -2
12-28 03:10:23.417   833 14844 E SensorService: Failed to write to file /data/vendor/misc/sensors/serialnumber/8ed444f94d812d73: Unknown error -2
12-28 03:10:24.026   833 14844 E SensorService: Failed to write to file /data/vendor/misc/sensors/serialnumber/8ed444f94d812d73: Unknown error -2
12-28 03:10:24.027   833 14844 E SensorService: Failed to write to file /data/vendor/misc/sensors/serialnumber/8ed444f94d812d73: Unknown error -2
12-28 03:10:24.030   833 14844 E SensorService: Failed to write to file /data/vendor/misc/sensors/serialnumber/8ed444f94d812d73: Unknown error -2
12-28 03:10:24.177   833 14845 E SyncBossHAL: [error  ] syncboss_hal_input_controller.c(116): 8ed444f94d812d73: IMU corrupt: cur = 1796255951, last = 1795522020, delta = 733931, a = {257, 342, -1085}, g = {-168, 313, 309}
12-28 03:10:24.377   833  1367 E FrameSetCollator: [{4,13},{5,13}] 8 FrameSets had unexpected timestamps (in the last 1027.69ms). Ex: slot 0 1796430.133ms -> 1796444.123ms (observed period: 13.990ms, expected period: 13.888ms (0.102ms))
12-28 03:10:24.916   822   875 W SyncBossFW: 1796995 [warning] {BSP }: Mag interrupt pin LOW in drdy handler
12-28 03:10:25.473  1457  1523 W ProcessStats: Tracking association SourceState{cbee4ff com.oculus.ocms/10035 BTop #4946} whose proc state 2 is better than process ProcessState{1ee8567 com.oculus.quickplayservice/1000 pkg=com.oculus.quickplayservice} proc state 14 (8 skipped)
12-28 03:10:25.480  1143  1409 W TrackingFidelityService: Fidelity data undefined in catalog for enabling feature like controller_selftracked. 14 similar misses.
12-28 03:10:25.490  1155  1489 E TrackingService: Resetting MuxMode lowLightControllerObject which is already set
12-28 03:10:25.499   833  1367 E FrameSetCollator: [{0,2},{1,2}] 1 FrameSets had unexpected timestamps (in the last 44451.13ms). Ex: slot 2 1797537.896ms -> 1797571.228ms (observed period: 33.332ms, expected period: 16.666ms (16.666ms))
12-28 03:10:25.499   833  1367 E FrameSetCollator: [{0,2},{1,2},{2,2},{3,2}] 1 FrameSets had unexpected timestamps (in the last 73132.70ms). Ex: slot 2 1797537.896ms -> 1797571.228ms (observed period: 33.332ms, expected period: 16.666ms (16.666ms))
12-28 03:10:25.942  1457  4002 W ActivityManager: setIsForegroundPanelService: ComponentInfo{com.oculus.browser/com.oculus.browser.PanelActivity} not found
12-28 03:10:26.015  1457  4005 W BrightnessThrottler: DeviceConfig ThermalBrightnessThrottlingData is null
12-28 03:10:26.015  1457  4005 W DisplayPowerController2[48]: Screen brightness nits configuration is unavailable; falling back
12-28 03:10:26.050  2354  2579 W DisplayController: Skipping Display Configuration change on non-added display.
12-28 03:10:26.071  1457  4037 W BrightnessThrottler: DeviceConfig ThermalBrightnessThrottlingData is null
12-28 03:10:26.071  1457  4037 W DisplayPowerController2[49]: Screen brightness nits configuration is unavailable; falling back
12-28 03:10:26.075  1457  1513 E DisplayModeDirector: Asked about unknown display, returning empty display mode specs!(id=49)
12-28 03:10:26.086  1457  1513 E DisplayModeDirector: Asked about unknown display, returning empty display mode specs!(id=49)
12-28 03:10:26.105  2354  2579 W DisplayController: Skipping Display Configuration change on non-added display.
12-28 03:10:26.125  1457  2519 W BrightnessThrottler: DeviceConfig ThermalBrightnessThrottlingData is null
12-28 03:10:26.125  1457  2519 W DisplayPowerController2[50]: Screen brightness nits configuration is unavailable; falling back
12-28 03:10:26.137  2354  2579 W DisplayController: Skipping Display Configuration change on non-added display.
12-28 03:10:26.178  1457  1457 W Transition: Transition already started id=188 state=2
12-28 03:10:26.179  1457  1457 W Transition: Transition already started id=189 state=2
12-28 03:10:26.186  1457  1457 W Transition: Transition already started id=190 state=2
12-28 03:10:26.598   833  1206 E libsensortelemetry: imu samples delayed: 5061402ns capture to arrival (ERS limit: 3500000ns)
12-28 03:10:26.606  1155  1406 E libsensortelemetry: imu_iot samples delayed: 5163642ns capture to arrival (ERS limit: 3500000ns)
12-28 03:10:27.032   822   875 W SyncBossFW: 1799111 [warning] {BSP }: Mag interrupt pin LOW in drdy handler
12-28 03:10:27.350   833  1367 E FrameSetCollator: [{4,13},{5,13}] 4 FrameSets had unexpected timestamps (in the last 2972.09ms). Ex: slot 0 1799401.918ms -> 1799415.855ms (observed period: 13.937ms, expected period: 13.888ms (0.049ms))
12-28 03:10:27.746  1457  4035 W ActivityManager: setIsForegroundPanelService: ComponentInfo{com.oculus.browser/com.oculus.browser.PanelActivity} not found
12-28 03:10:27.762  1457  4009 W WindowManager: Failed looking up window session=Session{af3e92f 3621:u0a10036} callers=com.android.server.wm.WindowManagerService.windowForClientLocked:6146 com.android.server.wm.Session.setOnBackInvokedCallbackInfo:944 android.view.IWindowSession$Stub.onTransact:1151 
12-28 03:10:28.377   833  1367 E FrameSetCollator: [{4,13},{5,13}] 6 FrameSets had unexpected timestamps (in the last 1027.71ms). Ex: slot 0 1800430.967ms -> 1800444.824ms (observed period: 13.857ms, expected period: 13.888ms (-0.031ms))
12-28 03:10:28.740     0     0 W healthd : battery l=45 v=3634 t=43.0 h=2 st=3 c=-2506409 fc=5169000 cc=30 chg=
12-28 03:10:29.605  1155 15105 W TrackingService: 13 late Color frame set were dropped: timestamp 1801.665610, current monochrome 1801.671064
12-28 03:10:29.918     0     0 W healthd : battery l=45 v=3651 t=43.0 h=2 st=3 c=-2282649 fc=5169000 cc=30 chg=
12-28 03:10:30.127   833  1367 E FrameSetCollator: [{4,13},{5,13}] 17 FrameSets had unexpected timestamps (in the last 1749.72ms). Ex: slot 0 1802179.409ms -> 1802193.358ms (observed period: 13.949ms, expected period: 13.888ms (0.061ms))
12-28 03:10:30.605  1155 15105 W TrackingService: 25 late Color frame set were dropped: timestamp 1802.665911, current monochrome 1802.671024
12-28 03:10:31.266   833  1367 E FrameSetCollator: [{4,13},{5,13}] 17 FrameSets had unexpected timestamps (in the last 1138.80ms). Ex: slot 0 1803318.218ms -> 1803332.165ms (observed period: 13.947ms, expected period: 13.888ms (0.059ms))
12-28 03:10:33.321   833  1367 E FrameSetCollator: [{4,13},{5,13}] 23 FrameSets had unexpected timestamps (in the last 2055.39ms). Ex: slot 0 1805373.518ms -> 1805387.446ms (observed period: 13.928ms, expected period: 13.888ms (0.040ms))
12-28 03:10:34.142   822   875 W SyncBossFW: 1806221 [warning] {BSP }: Mag interrupt pin LOW in drdy handler
12-28 03:10:34.877   833  1367 E FrameSetCollator: [{4,13},{5,13}] 13 FrameSets had unexpected timestamps (in the last 1555.50ms). Ex: slot 0 1806928.914ms -> 1806942.843ms (observed period: 13.929ms, expected period: 13.888ms (0.041ms))
12-28 03:10:35.932   833  1367 E FrameSetCollator: [{4,13},{5,13}] 5 FrameSets had unexpected timestamps (in the last 1055.38ms). Ex: slot 0 1807984.699ms -> 1807998.922ms (observed period: 14.223ms, expected period: 13.888ms (0.335ms))
12-28 03:10:36.672  1155 15105 W TrackingService: 13 late Color frame set were dropped: timestamp 1808.734405, current monochrome 1808.737448
12-28 03:10:37.813  1457  1513 W ActivityTaskManager: Launch timeout has expired, giving up wake lock!
12-28 03:10:37.823  1457  1513 W ProcessStats: Tracking association SourceState{cbee4ff com.oculus.ocms/10035 BTop #4988} whose proc state 2 is better than process ProcessState{1ee8567 com.oculus.quickplayservice/1000 pkg=com.oculus.quickplayservice} proc state 14 (111 skipped)
12-28 03:10:39.749     0     0 W healthd : battery l=45 v=3643 t=43.0 h=2 st=3 c=-2352597 fc=5169000 cc=30 chg=
12-28 03:10:39.930     0     0 W healthd : battery l=45 v=3639 t=43.0 h=2 st=3 c=-2408262 fc=5169000 cc=30 chg=
12-28 03:10:42.265   833  1367 E FrameSetCollator: [{4,13},{5,13}] 19 FrameSets had unexpected timestamps (in the last 6332.86ms). Ex: slot 0 1814317.033ms -> 1814330.970ms (observed period: 13.937ms, expected period: 13.888ms (0.049ms))
12-28 03:10:43.543   833  1367 E FrameSetCollator: [{4,13},{5,13}] 9 FrameSets had unexpected timestamps (in the last 1277.74ms). Ex: slot 0 1815594.680ms -> 1815608.604ms (observed period: 13.924ms, expected period: 13.888ms (0.036ms))
12-28 03:10:44.771  1155 15105 W TrackingService: 13 late Color frame set were dropped: timestamp 1816.830656, current monochrome 1816.837124
12-28 03:10:44.931   833  1367 E FrameSetCollator: [{4,13},{5,13}] 4 FrameSets had unexpected timestamps (in the last 1388.77ms). Ex: slot 0 1816983.419ms -> 1816997.394ms (observed period: 13.975ms, expected period: 13.888ms (0.087ms))
12-28 03:10:45.959   833  1367 E FrameSetCollator: [{4,13},{5,13}] 27 FrameSets had unexpected timestamps (in the last 1027.71ms). Ex: slot 0 1818011.624ms -> 1818025.453ms (observed period: 13.829ms, expected period: 13.888ms (-0.059ms))
12-28 03:10:46.800   833  1206 E libsensortelemetry: imu samples delayed: 5259039ns capture to arrival (ERS limit: 3500000ns)
12-28 03:10:46.827  1155  1406 E libsensortelemetry: imu_iot samples delayed: 5317789ns capture to arrival (ERS limit: 3500000ns)
12-28 03:10:48.269  1143  1409 W TrackingFidelityService: Fidelity data undefined in catalog for enabling feature like environment_lighting. 6 similar misses.
12-28 03:10:48.278   833  1367 E FrameSetCollator: [{0,2},{1,2}] 1 FrameSets had unexpected timestamps (in the last 22778.73ms). Ex: slot 1 1820336.984ms -> 1820353.650ms (observed period: 16.666ms, expected period: 16.666ms (16.666ms))
12-28 03:10:48.278   833  1367 E FrameSetCollator: [{0,2},{1,2},{2,2},{3,2}] 1 FrameSets had unexpected timestamps (in the last 22778.75ms). Ex: slot 1 1820336.984ms -> 1820353.650ms (observed period: 16.666ms, expected period: 16.666ms (16.666ms))
12-28 03:10:48.284  1155  1489 E TrackingService: Resetting MuxMode lowLightHandsObject which is already set
12-28 03:10:48.300   833  1367 E FrameSetCollator: [{0,2},{1,2}] releasing incomplete frame set: (0:1, 1:1), (deadlineMissed, muxModeMisMatch) = (1, 0), (captureDevTs, currentTs, tolerance, current+tolerance) = (1820370316000, 1820353650000, 30000, 1820353680000), (frame.slotIndex) = (2), (frame.modeIndex, frameSet.modeIndex) = (3, 3)
12-28 03:10:48.300   833  1367 E FrameSetCollator: [{0,2},{1,2},{2,2},{3,2}] releasing incomplete frame set: (0:1, 1:1, 2:1, 3:1), (deadlineMissed, muxModeMisMatch) = (1, 0), (captureDevTs, currentTs, tolerance, current+tolerance) = (1820370316000, 1820353650000, 30000, 1820353680000), (frame.slotIndex) = (2), (frame.modeIndex, frameSet.modeIndex) = (3, 3)
12-28 03:10:49.939     0     0 W healthd : battery l=45 v=3656 t=43.0 h=2 st=3 c=-2135428 fc=5169000 cc=30 chg=
12-28 03:10:50.838  1155 15105 W TrackingService: 13 late Color frame set were dropped: timestamp 1822.899467, current monochrome 1822.903548
12-28 03:10:53.681   833  1367 E FrameSetCollator: [{4,13},{5,13}] 6 FrameSets had unexpected timestamps (in the last 7721.83ms). Ex: slot 0 1825732.507ms -> 1825746.429ms (observed period: 13.922ms, expected period: 13.888ms (0.034ms))
12-28 03:10:55.181   833  1367 E FrameSetCollator: [{4,13},{5,13}] 8 FrameSets had unexpected timestamps (in the last 1499.65ms). Ex: slot 0 1827232.400ms -> 1827246.595ms (observed period: 14.195ms, expected period: 13.888ms (0.307ms))
12-28 03:10:56.661  1143  1409 W TrackingFidelityService: Fidelity data undefined in catalog for enabling feature like controller_selftracked. 14 similar misses.
12-28 03:10:56.672  1155  1489 E TrackingService: Resetting MuxMode lowLightControllerObject which is already set
12-28 03:10:56.699   833  1367 E FrameSetCollator: [{0,2},{1,2}] 2 FrameSets had unexpected timestamps (in the last 8421.48ms). Ex: slot 2 1828736.648ms -> 1828769.980ms (observed period: 33.332ms, expected period: 16.666ms (16.666ms))
12-28 03:10:56.699   833  1367 E FrameSetCollator: [{0,2},{1,2},{2,2},{3,2}] 2 FrameSets had unexpected timestamps (in the last 8421.45ms). Ex: slot 2 1828736.648ms -> 1828769.980ms (observed period: 33.332ms, expected period: 16.666ms (16.666ms))
12-28 03:10:57.320  1457  2692 W ProcessStats: Tracking association SourceState{cbee4ff com.oculus.ocms/10035 BTop #5002} whose proc state 2 is better than process ProcessState{1ee8567 com.oculus.quickplayservice/1000 pkg=com.oculus.quickplayservice} proc state 14 (7 skipped)
12-28 03:10:57.347   833  1367 E FrameSetCollator: [{4,13},{5,13}] 4 FrameSets had unexpected timestamps (in the last 2166.63ms). Ex: slot 0 1829398.803ms -> 1829412.723ms (observed period: 13.920ms, expected period: 13.888ms (0.032ms))
12-28 03:10:58.349   822   875 W SyncBossFW: 1830427 [warning] {BSP }: Mag interrupt pin LOW in drdy handler
12-28 03:10:58.907  1155 15105 W TrackingService: 13 late Color frame set were dropped: timestamp 1830.968072, current monochrome 1830.969892
12-28 03:10:59.949     0     0 W healthd : battery l=45 v=3620 t=44.0 h=2 st=3 c=-2702703 fc=5169000 cc=30 chg=
12-28 03:11:00.662  1457  4005 W ActivityManager: setIsForegroundPanelService: ComponentInfo{com.oculus.browser/com.oculus.browser.PanelActivity} not found
12-28 03:11:00.749  1457  2692 W BrightnessThrottler: DeviceConfig ThermalBrightnessThrottlingData is null
12-28 03:11:00.749  1457  2692 W DisplayPowerController2[51]: Screen brightness nits configuration is unavailable; falling back
12-28 03:11:00.786  2354  2579 W DisplayController: Skipping Display Configuration change on non-added display.
12-28 03:11:00.813  1457  3998 W BrightnessThrottler: DeviceConfig ThermalBrightnessThrottlingData is null
12-28 03:11:00.813  1457  3998 W DisplayPowerController2[52]: Screen brightness nits configuration is unavailable; falling back
12-28 03:11:00.833  2354  2579 W DisplayController: Skipping Display Configuration change on non-added display.
12-28 03:11:00.852  1457  4002 W BrightnessThrottler: DeviceConfig ThermalBrightnessThrottlingData is null
12-28 03:11:00.852  1457  4002 W DisplayPowerController2[53]: Screen brightness nits configuration is unavailable; falling back
12-28 03:11:00.869  2354  2579 W DisplayController: Skipping Display Configuration change on non-added display.
12-28 03:11:00.883  1457  1457 W Transition: Transition already started id=193 state=2
12-28 03:11:00.887  1457  1457 W Transition: Transition already started id=194 state=2
12-28 03:11:00.887  1457  1457 W Transition: Transition already started id=195 state=2
12-28 03:11:01.569   833  1367 E FrameSetCollator: [{4,13},{5,13}] 1 FrameSets had unexpected timestamps (in the last 4221.78ms). Ex: slot 0 1833620.581ms -> 1833634.521ms (observed period: 13.940ms, expected period: 13.888ms (0.052ms))
12-28 03:11:02.791   833  1367 E FrameSetCollator: [{4,13},{5,13}] 5 FrameSets had unexpected timestamps (in the last 1222.13ms). Ex: slot 0 1834842.983ms -> 1834856.836ms (observed period: 13.853ms, expected period: 13.888ms (-0.035ms))
12-28 03:11:04.235   833  1367 E FrameSetCollator: [{4,13},{5,13}] 3 FrameSets had unexpected timestamps (in the last 1444.31ms). Ex: slot 0 1836286.962ms -> 1836300.882ms (observed period: 13.920ms, expected period: 13.888ms (0.032ms))
12-28 03:11:05.847   833  1367 E FrameSetCollator: [{4,13},{5,13}] 1 FrameSets had unexpected timestamps (in the last 1611.04ms). Ex: slot 0 1837897.904ms -> 1837911.825ms (observed period: 13.921ms, expected period: 13.888ms (0.033ms))
12-28 03:11:06.351  1457  3916 W ActivityManager: setIsForegroundPanelService: ComponentInfo{com.oculus.browser/com.oculus.browser.PanelActivity} not found
12-28 03:11:06.451  1457  3916 W WindowManager: Failed looking up window session=Session{af3e92f 3621:u0a10036} callers=com.android.server.wm.WindowManagerService.windowForClientLocked:6146 com.android.server.wm.Session.setOnBackInvokedCallbackInfo:944 android.view.IWindowSession$Stub.onTransact:1151 
12-28 03:11:06.980   833  1206 E libsensortelemetry: imu samples delayed: 5650560ns capture to arrival (ERS limit: 3500000ns)
12-28 03:11:07.013  1155  1406 E libsensortelemetry: imu_iot samples delayed: 5733581ns capture to arrival (ERS limit: 3500000ns)
12-28 03:11:07.397     0     0 W healthd : battery l=45 v=3635 t=44.0 h=2 st=3 c=-2386289 fc=5169000 cc=30 chg=
12-28 03:11:07.791   833  1367 E FrameSetCollator: [{4,13},{5,13}] 1 FrameSets had unexpected timestamps (in the last 1944.30ms). Ex: slot 0 1839842.198ms -> 1839856.132ms (observed period: 13.934ms, expected period: 13.888ms (0.046ms))
12-28 03:11:07.805  1457  1523 W ProcessStats: Tracking association SourceState{cbee4ff com.oculus.ocms/10035 BTop #5062} whose proc state 2 is better than process ProcessState{1ee8567 com.oculus.quickplayservice/1000 pkg=com.oculus.quickplayservice} proc state 14 (134 skipped)
12-28 03:11:09.004  1155 15105 W TrackingService: 13 late Color frame set were dropped: timestamp 1841.064315, current monochrome 1841.069488
12-28 03:11:09.013   833  1367 E FrameSetCollator: [{4,13},{5,13}] 15 FrameSets had unexpected timestamps (in the last 1222.09ms). Ex: slot 0 1841064.315ms -> 1841078.276ms (observed period: 13.961ms, expected period: 13.888ms (0.073ms))
12-28 03:11:09.959     0     0 W healthd : battery l=45 v=3654 t=44.0 h=2 st=3 c=-2110525 fc=5169000 cc=30 chg=
12-28 03:11:10.005  1155 15105 W TrackingService: 25 late Color frame set were dropped: timestamp 1842.064261, current monochrome 1842.069448
12-28 03:11:11.005  1155 15105 W TrackingService: 37 late Color frame set were dropped: timestamp 1843.064035, current monochrome 1843.069408
12-28 03:11:12.005  1155 15105 W TrackingService: 49 late Color frame set were dropped: timestamp 1844.063929, current monochrome 1844.069368
12-28 03:11:13.290   833  1367 E FrameSetCollator: [{4,13},{5,13}] 23 FrameSets had unexpected timestamps (in the last 4277.47ms). Ex: slot 0 1845341.595ms -> 1845355.538ms (observed period: 13.943ms, expected period: 13.888ms (0.055ms))
12-28 03:11:14.060     0     0 W healthd : battery l=44 v=3639 t=45.0 h=2 st=3 c=-2325130 fc=5169000 cc=30 chg=
12-28 03:11:14.044  1143  1409 W TrackingFidelityService: Fidelity data undefined in catalog for enabling feature like environment_lighting. 6 similar misses.
12-28 03:11:14.061  1155  1489 E TrackingService: Resetting MuxMode lowLightHandsObject which is already set
12-28 03:11:14.077   833  1367 E FrameSetCollator: [{0,2},{1,2}] 1 FrameSets had unexpected timestamps (in the last 17378.18ms). Ex: slot 1 1846135.952ms -> 1846152.618ms (observed period: 16.666ms, expected period: 16.666ms (16.666ms))
12-28 03:11:14.077   833  1367 E FrameSetCollator: [{0,2},{1,2},{2,2},{3,2}] 1 FrameSets had unexpected timestamps (in the last 17378.24ms). Ex: slot 1 1846135.952ms -> 1846152.618ms (observed period: 16.666ms, expected period: 16.666ms (16.666ms))
12-28 03:11:14.097   833  1367 E FrameSetCollator: [{0,2},{1,2}] releasing incomplete frame set: (0:1, 1:1), (deadlineMissed, muxModeMisMatch) = (1, 0), (captureDevTs, currentTs, tolerance, current+tolerance) = (1846169284000, 1846152618000, 30000, 1846152648000), (frame.slotIndex) = (2), (frame.modeIndex, frameSet.modeIndex) = (3, 3)
12-28 03:11:14.098   833  1367 E FrameSetCollator: [{0,2},{1,2},{2,2},{3,2}] releasing incomplete frame set: (0:1, 1:1, 2:1, 3:1), (deadlineMissed, muxModeMisMatch) = (1, 0), (captureDevTs, currentTs, tolerance, current+tolerance) = (1846169284000, 1846152618000, 30000, 1846152648000), (frame.slotIndex) = (2), (frame.modeIndex, frameSet.modeIndex) = (3, 3)
12-28 03:11:14.707   833  1367 E FrameSetCollator: [{4,13},{5,13}] 15 FrameSets had unexpected timestamps (in the last 1416.51ms). Ex: slot 0 1846758.175ms -> 1846772.095ms (observed period: 13.920ms, expected period: 13.888ms (0.032ms))
12-28 03:11:15.707   833  1367 E FrameSetCollator: [{4,13},{5,13}] 4 FrameSets had unexpected timestamps (in the last 1000.01ms). Ex: slot 0 1847758.030ms -> 1847771.961ms (observed period: 13.931ms, expected period: 13.888ms (0.043ms))
12-28 03:11:16.377  1457  1513 W ActivityTaskManager: Launch timeout has expired, giving up wake lock!
12-28 03:11:16.735   833  1367 E FrameSetCollator: [{4,13},{5,13}] 16 FrameSets had unexpected timestamps (in the last 1027.64ms). Ex: slot 0 1848786.250ms -> 1848800.071ms (observed period: 13.821ms, expected period: 13.888ms (-0.067ms))
12-28 03:11:17.565   822   875 W SyncBossFW: 1849643 [warning] {BSP }: Mag interrupt pin LOW in drdy handler
12-28 03:11:17.814  1457  1609 W ProcessStats: Tracking association SourceState{cbee4ff com.oculus.ocms/10035 BTop #5071} whose proc state 2 is better than process ProcessState{1ee8567 com.oculus.quickplayservice/1000 pkg=com.oculus.quickplayservice} proc state 14 (10 skipped)
12-28 03:11:18.072  1155 15105 W TrackingService: 13 late Color frame set were dropped: timestamp 1850.132758, current monochrome 1850.135792
12-28 03:11:19.969     0     0 W healthd : battery l=44 v=3633 t=45.0 h=2 st=3 c=-2429869 fc=5169000 cc=30 chg=
12-28 03:11:21.206   833  1367 E FrameSetCollator: [{4,13},{5,13}] 11 FrameSets had unexpected timestamps (in the last 4471.81ms). Ex: slot 0 1853257.438ms -> 1853271.383ms (observed period: 13.945ms, expected period: 13.888ms (0.057ms))
12-28 03:11:22.345   833  1367 E FrameSetCollator: [{4,13},{5,13}] 17 FrameSets had unexpected timestamps (in the last 1138.94ms). Ex: slot 0 1854396.220ms -> 1854410.166ms (observed period: 13.946ms, expected period: 13.888ms (0.058ms))
12-28 03:11:23.484   833  1367 E FrameSetCollator: [{4,13},{5,13}] 3 FrameSets had unexpected timestamps (in the last 1138.68ms). Ex: slot 0 1855535.034ms -> 1855548.965ms (observed period: 13.931ms, expected period: 13.888ms (0.043ms))
12-28 03:11:24.567   833  1367 E FrameSetCollator: [{4,13},{5,13}] 21 FrameSets had unexpected timestamps (in the last 1083.30ms). Ex: slot 0 1856618.290ms -> 1856632.404ms (observed period: 14.114ms, expected period: 13.888ms (0.226ms))
12-28 03:11:25.956   833  1367 E FrameSetCollator: [{4,13},{5,13}] 12 FrameSets had unexpected timestamps (in the last 1388.77ms). Ex: slot 0 1858006.987ms -> 1858020.922ms (observed period: 13.935ms, expected period: 13.888ms (0.047ms))
12-28 03:11:26.171  1155 15105 W TrackingService: 13 late Color frame set were dropped: timestamp 1858.229347, current monochrome 1858.235468
12-28 03:11:26.984   833  1367 E FrameSetCollator: [{4,13},{5,13}] 12 FrameSets had unexpected timestamps (in the last 1027.68ms). Ex: slot 0 1859035.556ms -> 1859049.356ms (observed period: 13.800ms, expected period: 13.888ms (-0.088ms))
12-28 03:11:27.171  1155 15105 W TrackingService: 25 late Color frame set were dropped: timestamp 1859.229464, current monochrome 1859.235428
12-28 03:11:27.172   833  1206 E libsensortelemetry: imu samples delayed: 5084239ns capture to arrival (ERS limit: 3500000ns)
12-28 03:11:27.234  1155  1406 E libsensortelemetry: imu_iot samples delayed: 5156895ns capture to arrival (ERS limit: 3500000ns)
12-28 03:11:28.640  1457  3916 W ProcessStats: Tracking association SourceState{cbee4ff com.oculus.ocms/10035 BTop #5078} whose proc state 2 is better than process ProcessState{1ee8567 com.oculus.quickplayservice/1000 pkg=com.oculus.quickplayservice} proc state 14 (11 skipped)
12-28 03:11:28.984   833  1367 E FrameSetCollator: [{4,13},{5,13}] 13 FrameSets had unexpected timestamps (in the last 1999.89ms). Ex: slot 0 1861034.386ms -> 1861048.307ms (observed period: 13.921ms, expected period: 13.888ms (0.033ms))
12-28 03:11:29.980     0     0 W healthd : battery l=44 v=3648 t=45.0 h=2 st=3 c=-2192559 fc=5169000 cc=30 chg=
12-28 03:11:30.011   833  1367 E FrameSetCollator: [{4,13},{5,13}] 25 FrameSets had unexpected timestamps (in the last 1027.79ms). Ex: slot 0 1862062.498ms -> 1862076.337ms (observed period: 13.839ms, expected period: 13.888ms (-0.049ms))
12-28 03:11:31.039   833  1367 E FrameSetCollator: [{4,13},{5,13}] 22 FrameSets had unexpected timestamps (in the last 1027.52ms). Ex: slot 0 1863090.039ms -> 1863103.886ms (observed period: 13.847ms, expected period: 13.888ms (-0.041ms))
12-28 03:11:33.238  1155 15105 W TrackingService: 13 late Color frame set were dropped: timestamp 1865.297829, current monochrome 1865.301852
12-28 03:11:34.122   833  1367 E FrameSetCollator: [{4,13},{5,13}] 22 FrameSets had unexpected timestamps (in the last 3083.13ms). Ex: slot 0 1866172.807ms -> 1866186.806ms (observed period: 13.999ms, expected period: 13.888ms (0.111ms))
12-28 03:11:35.761   833  1367 E FrameSetCollator: [{4,13},{5,13}] 2 FrameSets had unexpected timestamps (in the last 1638.73ms). Ex: slot 0 1867811.476ms -> 1867825.407ms (observed period: 13.931ms, expected period: 13.888ms (0.043ms))
12-28 03:11:39.306  1155 15105 W TrackingService: 13 late Color frame set were dropped: timestamp 1871.366638, current monochrome 1871.368276
12-28 03:11:39.991     0     0 W healthd : battery l=44 v=3628 t=45.0 h=2 st=3 c=-2458068 fc=5169000 cc=30 chg=
12-28 03:11:43.816   833  1367 E FrameSetCollator: [{4,13},{5,13}] 14 FrameSets had unexpected timestamps (in the last 8055.00ms). Ex: slot 0 1875866.179ms -> 1875880.119ms (observed period: 13.940ms, expected period: 13.888ms (0.052ms))
12-28 03:11:44.051   833  1391 E SensorService: Failed to write to file /data/vendor/misc/sensors/serialnumber/8ed444f94d812d73: Unknown error -2
12-28 03:11:44.053   833  1391 E SensorService: Failed to write to file /data/vendor/misc/sensors/serialnumber/8ed444f94d812d73: Unknown error -2
12-28 03:11:44.056   833  1392 E SensorService: Failed to write to file /data/vendor/misc/sensors/serialnumber/8ed444f94d812d73: Unknown error -2
12-28 03:11:44.059   833  1392 E SensorService: Failed to write to file /data/vendor/misc/sensors/serialnumber/8ed444f94d812d73: Unknown error -2
12-28 03:11:44.160   833 14844 E SensorService: Failed to write to file /data/vendor/misc/sensors/serialnumber/8ed444f94d812d73: Unknown error -2
12-28 03:11:44.162   833 14844 E SensorService: Failed to write to file /data/vendor/misc/sensors/serialnumber/8ed444f94d812d73: Unknown error -2
12-28 03:11:44.164   833 14844 E SensorService: Failed to write to file /data/vendor/misc/sensors/serialnumber/8ed444f94d812d73: Unknown error -2
12-28 03:11:44.681  1457  1609 W ProcessStats: Tracking association SourceState{cbee4ff com.oculus.ocms/10035 BTop #5090} whose proc state 2 is better than process ProcessState{1ee8567 com.oculus.quickplayservice/1000 pkg=com.oculus.quickplayservice} proc state 14 (14 skipped)
12-28 03:11:45.029  1143 14847 W TrackingFidelityService: Fidelity data undefined in catalog for enabling feature like environment_lighting. 14 similar misses.
--------- beginning of main
12-28 03:11:45.914  1155 15787 W Tracking: NIMBLE:ExposureControl: [Throttled count=9] Unable to compute adjustment without histogram data
12-28 03:11:46.196  3621  3905 W ShellHsr: Embodiment: BaseEmbodimentSystem::setAvatarVisibility could not find avatar for id 131073
12-28 03:11:46.196  3621  3905 W ShellHsr: Embodiment: BaseEmbodimentSystem::setNameTagVisibility could not find avatar for id 131073
12-28 03:11:46.308  3621  3905 E ShellHsr: Avatar: avatarState.avatarId is invalid, aborting prePhysicsSystem
12-28 03:11:46.308  3621  3905 E ShellHsr: Avatar: avatarState.avatarId is invalid, aborting postFinalizedTransformsSystem
12-28 03:11:46.914  1155 15787 W Tracking: NIMBLE:ExposureControl: [Throttled count=29] Unable to compute adjustment without histogram data
12-28 03:11:48.404  1155 15105 W TrackingService: 13 late Color frame set were dropped: timestamp 1880.462913, current monochrome 1880.467912
