12-28 03:12:59.146  3042  8473 E ExternalPlatformNetwork: 	at X.1kB.AHV(:4)
12-28 03:12:59.146  3042  8473 E ExternalPlatformNetwork: 	at X.1A5.intercept(:227)
12-28 03:12:59.146  3042  8473 E ExternalPlatformNetwork: 	at X.1kB.A00(:111)
12-28 03:12:59.146  3042  8473 E ExternalPlatformNetwork: 	at X.1jZ.intercept(:43)
12-28 03:12:59.146  3042  8473 E ExternalPlatformNetwork: 	at X.1kB.A00(:111)
12-28 03:12:59.146  3042  8473 E ExternalPlatformNetwork: 	at X.1kB.AHV(:4)
12-28 03:12:59.146  3042  8473 E ExternalPlatformNetwork: 	at com.oculus.http.common.ExceptionHandlingInterceptor.intercept(:5)
12-28 03:12:59.146  3042  8473 E ExternalPlatformNetwork: 	... 18 more
12-28 03:12:59.147  3042  8473 E AuthLogger: Action failed: OBTAIN_TOKEN_3P, callingPackage: com.oculus.browser, accountType: null, tokenType: null, extras: {calling_app_id=1916519981771802, options=method: getAppScopedToken, token_type=, token_retrieval_3p=legacy_auth}, duration: 35027ms
12-28 03:12:59.147  3042  8473 E AuthLogger: retrofit.RetrofitError: java.net.SocketTimeoutException: failed to connect to graph.oculus.com/199.16.156.39 (port 443) from /192.168.31.136 (port 40700) after 15000ms
12-28 03:12:59.147  3042  8473 E AuthLogger: 	at retrofit.RestAdapter$RestHandler.invokeRequest(:341)
12-28 03:12:59.147  3042  8473 E AuthLogger: 	at retrofit.RestAdapter$RestHandler.invoke(:29)
12-28 03:12:59.147  3042  8473 E AuthLogger: 	at java.lang.reflect.Proxy.invoke(Proxy.java:1006)
12-28 03:12:59.147  3042  8473 E AuthLogger: 	at $Proxy14.getAppScopedToken(Unknown Source)
12-28 03:12:59.147  3042  8473 E AuthLogger: 	at com.oculus.horizon.service.ExternalPlatformNetwork.getAppScopedAccessToken(:343)
12-28 03:12:59.147  3042  8473 E AuthLogger: 	at com.oculus.horizon.service.result.ResultBuilder.A00(:2743)
12-28 03:12:59.147  3042  8473 E AuthLogger: 	at X.004.A0H(:3)
12-28 03:12:59.147  3042  8473 E AuthLogger: 	at com.oculus.horizon.service.OVRService$5.getAppScopedAccessToken(:15)
12-28 03:12:59.147  3042  8473 E AuthLogger: 	at com.oculus.aidl.OVRServiceInterface$Stub.onTransact(:91)
12-28 03:12:59.147  3042  8473 E AuthLogger: 	at android.os.Binder.transact(Binder.java:1208)
12-28 03:12:59.147  3042  8473 E AuthLogger: 	at com.facebook.secure.ktx.service.IdentityCheckingBinder.onTransact(:51)
12-28 03:12:59.147  3042  8473 E AuthLogger: 	at android.os.Binder.execTransactInternal(Binder.java:1364)
12-28 03:12:59.147  3042  8473 E AuthLogger: 	at android.os.Binder.execTransact(Binder.java:1300)
12-28 03:12:59.147  3042  8473 E AuthLogger: Caused by: java.io.IOException: java.net.SocketTimeoutException: failed to connect to graph.oculus.com/199.16.156.39 (port 443) from /192.168.31.136 (port 40700) after 15000ms
12-28 03:12:59.147  3042  8473 E AuthLogger: 	at com.oculus.http.common.ExceptionHandlingInterceptor.intercept(:13)
12-28 03:12:59.147  3042  8473 E AuthLogger: 	at X.1kB.A00(:111)
12-28 03:12:59.147  3042  8473 E AuthLogger: 	at X.1kB.AHV(:4)
12-28 03:12:59.147  3042  8473 E AuthLogger: 	at X.1jQ.A03(:80)
12-28 03:12:59.147  3042  8473 E AuthLogger: 	at X.1jQ.A02(:37)
12-28 03:12:59.147  3042  8473 E AuthLogger: 	at X.18h.execute(:130)
12-28 03:12:59.147  3042  8473 E AuthLogger: 	at retrofit.RestAdapter$RestHandler.invokeRequest(:119)
12-28 03:12:59.147  3042  8473 E AuthLogger: 	... 12 more
12-28 03:12:59.147  3042  8473 E AuthLogger: Caused by: java.net.SocketTimeoutException: failed to connect to graph.oculus.com/199.16.156.39 (port 443) from /192.168.31.136 (port 40700) after 15000ms
12-28 03:12:59.147  3042  8473 E AuthLogger: 	at libcore.io.IoBridge.connectErrno(IoBridge.java:235)
12-28 03:12:59.147  3042  8473 E AuthLogger: 	at libcore.io.IoBridge.connect(IoBridge.java:179)
12-28 03:12:59.147  3042  8473 E AuthLogger: 	at java.net.PlainSocketImpl.socketConnect(PlainSocketImpl.java:142)
12-28 03:12:59.147  3042  8473 E AuthLogger: 	at java.net.AbstractPlainSocketImpl.doConnect(AbstractPlainSocketImpl.java:390)
12-28 03:12:59.147  3042  8473 E AuthLogger: 	at java.net.AbstractPlainSocketImpl.connectToAddress(AbstractPlainSocketImpl.java:230)
12-28 03:12:59.147  3042  8473 E AuthLogger: 	at java.net.AbstractPlainSocketImpl.connect(AbstractPlainSocketImpl.java:212)
12-28 03:12:59.147  3042  8473 E AuthLogger: 	at java.net.SocksSocketImpl.connect(SocksSocketImpl.java:436)
12-28 03:12:59.147  3042  8473 E AuthLogger: 	at java.net.Socket.connect(Socket.java:646)
12-28 03:12:59.147  3042  8473 E AuthLogger: 	at X.1ht.A08(:0)
12-28 03:12:59.147  3042  8473 E AuthLogger: 	at X.1ji.A00(:46)
12-28 03:12:59.147  3042  8473 E AuthLogger: 	at X.1jb.intercept(:1128)
12-28 03:12:59.147  3042  8473 E AuthLogger: 	at X.1kB.A00(:111)
12-28 03:12:59.147  3042  8473 E AuthLogger: 	at X.1kB.AHV(:4)
12-28 03:12:59.147  3042  8473 E AuthLogger: 	at X.1kA.intercept(:478)
12-28 03:12:59.147  3042  8473 E AuthLogger: 	at X.1kB.A00(:111)
12-28 03:12:59.147  3042  8473 E AuthLogger: 	at X.1kB.AHV(:4)
12-28 03:12:59.147  3042  8473 E AuthLogger: 	at X.1A5.intercept(:227)
12-28 03:12:59.147  3042  8473 E AuthLogger: 	at X.1kB.A00(:111)
12-28 03:12:59.147  3042  8473 E AuthLogger: 	at X.1jZ.intercept(:43)
12-28 03:12:59.147  3042  8473 E AuthLogger: 	at X.1kB.A00(:111)
12-28 03:12:59.147  3042  8473 E AuthLogger: 	at X.1kB.AHV(:4)
12-28 03:12:59.147  3042  8473 E AuthLogger: 	at com.oculus.http.common.ExceptionHandlingInterceptor.intercept(:5)
12-28 03:12:59.147  3042  8473 E AuthLogger: 	... 18 more
12-28 03:12:59.147  3042  8473 E AppScopedAccessTokenResultBuilder: ResultBuilder error has been set to: java.net.SocketTimeoutException: failed to connect to graph.oculus.com/199.16.156.39 (port 443) from /192.168.31.136 (port 40700) after 15000ms
12-28 03:12:59.147  3042  8473 E AppScopedAccessTokenResultBuilder: retrofit.RetrofitError: java.net.SocketTimeoutException: failed to connect to graph.oculus.com/199.16.156.39 (port 443) from /192.168.31.136 (port 40700) after 15000ms
12-28 03:12:59.147  3042  8473 E AppScopedAccessTokenResultBuilder: 	at retrofit.RestAdapter$RestHandler.invokeRequest(:341)
12-28 03:12:59.147  3042  8473 E AppScopedAccessTokenResultBuilder: 	at retrofit.RestAdapter$RestHandler.invoke(:29)
12-28 03:12:59.147  3042  8473 E AppScopedAccessTokenResultBuilder: 	at java.lang.reflect.Proxy.invoke(Proxy.java:1006)
12-28 03:12:59.147  3042  8473 E AppScopedAccessTokenResultBuilder: 	at $Proxy14.getAppScopedToken(Unknown Source)
12-28 03:12:59.147  3042  8473 E AppScopedAccessTokenResultBuilder: 	at com.oculus.horizon.service.ExternalPlatformNetwork.getAppScopedAccessToken(:343)
12-28 03:12:59.147  3042  8473 E AppScopedAccessTokenResultBuilder: 	at com.oculus.horizon.service.result.ResultBuilder.A00(:2743)
12-28 03:12:59.147  3042  8473 E AppScopedAccessTokenResultBuilder: 	at X.004.A0H(:3)
12-28 03:12:59.147  3042  8473 E AppScopedAccessTokenResultBuilder: 	at com.oculus.horizon.service.OVRService$5.getAppScopedAccessToken(:15)
12-28 03:12:59.147  3042  8473 E AppScopedAccessTokenResultBuilder: 	at com.oculus.aidl.OVRServiceInterface$Stub.onTransact(:91)
12-28 03:12:59.147  3042  8473 E AppScopedAccessTokenResultBuilder: 	at android.os.Binder.transact(Binder.java:1208)
12-28 03:12:59.147  3042  8473 E AppScopedAccessTokenResultBuilder: 	at com.facebook.secure.ktx.service.IdentityCheckingBinder.onTransact(:51)
12-28 03:12:59.147  3042  8473 E AppScopedAccessTokenResultBuilder: 	at android.os.Binder.execTransactInternal(Binder.java:1364)
12-28 03:12:59.147  3042  8473 E AppScopedAccessTokenResultBuilder: 	at android.os.Binder.execTransact(Binder.java:1300)
12-28 03:12:59.147  3042  8473 E AppScopedAccessTokenResultBuilder: Caused by: java.io.IOException: java.net.SocketTimeoutException: failed to connect to graph.oculus.com/199.16.156.39 (port 443) from /192.168.31.136 (port 40700) after 15000ms
12-28 03:12:59.147  3042  8473 E AppScopedAccessTokenResultBuilder: 	at com.oculus.http.common.ExceptionHandlingInterceptor.intercept(:13)
12-28 03:12:59.147  3042  8473 E AppScopedAccessTokenResultBuilder: 	at X.1kB.A00(:111)
12-28 03:12:59.147  3042  8473 E AppScopedAccessTokenResultBuilder: 	at X.1kB.AHV(:4)
12-28 03:12:59.147  3042  8473 E AppScopedAccessTokenResultBuilder: 	at X.1jQ.A03(:80)
12-28 03:12:59.147  3042  8473 E AppScopedAccessTokenResultBuilder: 	at X.1jQ.A02(:37)
12-28 03:12:59.147  3042  8473 E AppScopedAccessTokenResultBuilder: 	at X.18h.execute(:130)
12-28 03:12:59.147  3042  8473 E AppScopedAccessTokenResultBuilder: 	at retrofit.RestAdapter$RestHandler.invokeRequest(:119)
12-28 03:12:59.147  3042  8473 E AppScopedAccessTokenResultBuilder: 	... 12 more
12-28 03:12:59.147  3042  8473 E AppScopedAccessTokenResultBuilder: Caused by: java.net.SocketTimeoutException: failed to connect to graph.oculus.com/199.16.156.39 (port 443) from /192.168.31.136 (port 40700) after 15000ms
12-28 03:12:59.147  3042  8473 E AppScopedAccessTokenResultBuilder: 	at libcore.io.IoBridge.connectErrno(IoBridge.java:235)
12-28 03:12:59.147  3042  8473 E AppScopedAccessTokenResultBuilder: 	at libcore.io.IoBridge.connect(IoBridge.java:179)
12-28 03:12:59.147  3042  8473 E AppScopedAccessTokenResultBuilder: 	at java.net.PlainSocketImpl.socketConnect(PlainSocketImpl.java:142)
12-28 03:12:59.147  3042  8473 E AppScopedAccessTokenResultBuilder: 	at java.net.AbstractPlainSocketImpl.doConnect(AbstractPlainSocketImpl.java:390)
12-28 03:12:59.147  3042  8473 E AppScopedAccessTokenResultBuilder: 	at java.net.AbstractPlainSocketImpl.connectToAddress(AbstractPlainSocketImpl.java:230)
12-28 03:12:59.147  3042  8473 E AppScopedAccessTokenResultBuilder: 	at java.net.AbstractPlainSocketImpl.connect(AbstractPlainSocketImpl.java:212)
12-28 03:12:59.147  3042  8473 E AppScopedAccessTokenResultBuilder: 	at java.net.SocksSocketImpl.connect(SocksSocketImpl.java:436)
12-28 03:12:59.147  3042  8473 E AppScopedAccessTokenResultBuilder: 	at java.net.Socket.connect(Socket.java:646)
12-28 03:12:59.147  3042  8473 E AppScopedAccessTokenResultBuilder: 	at X.1ht.A08(:0)
12-28 03:12:59.147  3042  8473 E AppScopedAccessTokenResultBuilder: 	at X.1ji.A00(:46)
12-28 03:12:59.147  3042  8473 E AppScopedAccessTokenResultBuilder: 	at X.1jb.intercept(:1128)
12-28 03:12:59.147  3042  8473 E AppScopedAccessTokenResultBuilder: 	at X.1kB.A00(:111)
12-28 03:12:59.147  3042  8473 E AppScopedAccessTokenResultBuilder: 	at X.1kB.AHV(:4)
12-28 03:12:59.147  3042  8473 E AppScopedAccessTokenResultBuilder: 	at X.1kA.intercept(:478)
12-28 03:12:59.147  3042  8473 E AppScopedAccessTokenResultBuilder: 	at X.1kB.A00(:111)
12-28 03:12:59.147  3042  8473 E AppScopedAccessTokenResultBuilder: 	at X.1kB.AHV(:4)
12-28 03:12:59.147  3042  8473 E AppScopedAccessTokenResultBuilder: 	at X.1A5.intercept(:227)
12-28 03:12:59.147  3042  8473 E AppScopedAccessTokenResultBuilder: 	at X.1kB.A00(:111)
12-28 03:12:59.147  3042  8473 E AppScopedAccessTokenResultBuilder: 	at X.1jZ.intercept(:43)
12-28 03:12:59.147  3042  8473 E AppScopedAccessTokenResultBuilder: 	at X.1kB.A00(:111)
12-28 03:12:59.147  3042  8473 E AppScopedAccessTokenResultBuilder: 	at X.1kB.AHV(:4)
12-28 03:12:59.147  3042  8473 E AppScopedAccessTokenResultBuilder: 	at com.oculus.http.common.ExceptionHandlingInterceptor.intercept(:5)
12-28 03:12:59.147  3042  8473 E AppScopedAccessTokenResultBuilder: 	... 18 more
12-28 03:12:59.147  3042  8473 E com.oculus.platform.util.Util: operation failed
12-28 03:12:59.147  3042  8473 E com.oculus.platform.util.Util: retrofit.RetrofitError: java.net.SocketTimeoutException: failed to connect to graph.oculus.com/199.16.156.39 (port 443) from /192.168.31.136 (port 40700) after 15000ms
12-28 03:12:59.147  3042  8473 E com.oculus.platform.util.Util: 	at retrofit.RestAdapter$RestHandler.invokeRequest(:341)
12-28 03:12:59.147  3042  8473 E com.oculus.platform.util.Util: 	at retrofit.RestAdapter$RestHandler.invoke(:29)
12-28 03:12:59.147  3042  8473 E com.oculus.platform.util.Util: 	at java.lang.reflect.Proxy.invoke(Proxy.java:1006)
12-28 03:12:59.147  3042  8473 E com.oculus.platform.util.Util: 	at $Proxy14.getAppScopedToken(Unknown Source)
12-28 03:12:59.147  3042  8473 E com.oculus.platform.util.Util: 	at com.oculus.horizon.service.ExternalPlatformNetwork.getAppScopedAccessToken(:343)
12-28 03:12:59.147  3042  8473 E com.oculus.platform.util.Util: 	at com.oculus.horizon.service.result.ResultBuilder.A00(:2743)
12-28 03:12:59.147  3042  8473 E com.oculus.platform.util.Util: 	at X.004.A0H(:3)
12-28 03:12:59.147  3042  8473 E com.oculus.platform.util.Util: 	at com.oculus.horizon.service.OVRService$5.getAppScopedAccessToken(:15)
12-28 03:12:59.147  3042  8473 E com.oculus.platform.util.Util: 	at com.oculus.aidl.OVRServiceInterface$Stub.onTransact(:91)
12-28 03:12:59.147  3042  8473 E com.oculus.platform.util.Util: 	at android.os.Binder.transact(Binder.java:1208)
12-28 03:12:59.147  3042  8473 E com.oculus.platform.util.Util: 	at com.facebook.secure.ktx.service.IdentityCheckingBinder.onTransact(:51)
12-28 03:12:59.147  3042  8473 E com.oculus.platform.util.Util: 	at android.os.Binder.execTransactInternal(Binder.java:1364)
12-28 03:12:59.147  3042  8473 E com.oculus.platform.util.Util: 	at android.os.Binder.execTransact(Binder.java:1300)
12-28 03:12:59.147  3042  8473 E com.oculus.platform.util.Util: Caused by: java.io.IOException: java.net.SocketTimeoutException: failed to connect to graph.oculus.com/199.16.156.39 (port 443) from /192.168.31.136 (port 40700) after 15000ms
12-28 03:12:59.147  3042  8473 E com.oculus.platform.util.Util: 	at com.oculus.http.common.ExceptionHandlingInterceptor.intercept(:13)
12-28 03:12:59.147  3042  8473 E com.oculus.platform.util.Util: 	at X.1kB.A00(:111)
12-28 03:12:59.147  3042  8473 E com.oculus.platform.util.Util: 	at X.1kB.AHV(:4)
12-28 03:12:59.147  3042  8473 E com.oculus.platform.util.Util: 	at X.1jQ.A03(:80)
12-28 03:12:59.147  3042  8473 E com.oculus.platform.util.Util: 	at X.1jQ.A02(:37)
12-28 03:12:59.147  3042  8473 E com.oculus.platform.util.Util: 	at X.18h.execute(:130)
12-28 03:12:59.147  3042  8473 E com.oculus.platform.util.Util: 	at retrofit.RestAdapter$RestHandler.invokeRequest(:119)
12-28 03:12:59.147  3042  8473 E com.oculus.platform.util.Util: 	... 12 more
12-28 03:12:59.147  3042  8473 E com.oculus.platform.util.Util: Caused by: java.net.SocketTimeoutException: failed to connect to graph.oculus.com/199.16.156.39 (port 443) from /192.168.31.136 (port 40700) after 15000ms
12-28 03:12:59.147  3042  8473 E com.oculus.platform.util.Util: 	at libcore.io.IoBridge.connectErrno(IoBridge.java:235)
12-28 03:12:59.147  3042  8473 E com.oculus.platform.util.Util: 	at libcore.io.IoBridge.connect(IoBridge.java:179)
12-28 03:12:59.147  3042  8473 E com.oculus.platform.util.Util: 	at java.net.PlainSocketImpl.socketConnect(PlainSocketImpl.java:142)
12-28 03:12:59.147  3042  8473 E com.oculus.platform.util.Util: 	at java.net.AbstractPlainSocketImpl.doConnect(AbstractPlainSocketImpl.java:390)
12-28 03:12:59.147  3042  8473 E com.oculus.platform.util.Util: 	at java.net.AbstractPlainSocketImpl.connectToAddress(AbstractPlainSocketImpl.java:230)
12-28 03:12:59.147  3042  8473 E com.oculus.platform.util.Util: 	at java.net.AbstractPlainSocketImpl.connect(AbstractPlainSocketImpl.java:212)
12-28 03:12:59.147  3042  8473 E com.oculus.platform.util.Util: 	at java.net.SocksSocketImpl.connect(SocksSocketImpl.java:436)
12-28 03:12:59.147  3042  8473 E com.oculus.platform.util.Util: 	at java.net.Socket.connect(Socket.java:646)
12-28 03:12:59.147  3042  8473 E com.oculus.platform.util.Util: 	at X.1ht.A08(:0)
12-28 03:12:59.147  3042  8473 E com.oculus.platform.util.Util: 	at X.1ji.A00(:46)
12-28 03:12:59.147  3042  8473 E com.oculus.platform.util.Util: 	at X.1jb.intercept(:1128)
12-28 03:12:59.147  3042  8473 E com.oculus.platform.util.Util: 	at X.1kB.A00(:111)
12-28 03:12:59.147  3042  8473 E com.oculus.platform.util.Util: 	at X.1kB.AHV(:4)
12-28 03:12:59.147  3042  8473 E com.oculus.platform.util.Util: 	at X.1kA.intercept(:478)
12-28 03:12:59.147  3042  8473 E com.oculus.platform.util.Util: 	at X.1kB.A00(:111)
12-28 03:12:59.147  3042  8473 E com.oculus.platform.util.Util: 	at X.1kB.AHV(:4)
12-28 03:12:59.147  3042  8473 E com.oculus.platform.util.Util: 	at X.1A5.intercept(:227)
12-28 03:12:59.147  3042  8473 E com.oculus.platform.util.Util: 	at X.1kB.A00(:111)
12-28 03:12:59.147  3042  8473 E com.oculus.platform.util.Util: 	at X.1jZ.intercept(:43)
12-28 03:12:59.147  3042  8473 E com.oculus.platform.util.Util: 	at X.1kB.A00(:111)
12-28 03:12:59.147  3042  8473 E com.oculus.platform.util.Util: 	at X.1kB.AHV(:4)
12-28 03:12:59.147  3042  8473 E com.oculus.platform.util.Util: 	at com.oculus.http.common.ExceptionHandlingInterceptor.intercept(:5)
12-28 03:12:59.147  3042  8473 E com.oculus.platform.util.Util: 	... 18 more
12-28 03:12:59.147 10201 10310 E cr_OVRServiceManager: AccessToken empty
12-28 03:12:59.148 10201 10310 E cr_ParentalControlsSettings: Unable to fetch parental controls settings.
12-28 03:12:59.148 10201 10310 E cr_AccessTokenHandler: Failed to retrieve Oculus access token
12-28 03:12:59.148 10201 10310 E cr_AccessTokenHandler: Failed to retrieve Oculus access token
12-28 03:12:59.467   833  1392 E libosutils: Failed to create output stream to '/data/vendor/misc/sensors/serialnumber/8ed444f94d812d73': : No such file or directory
12-28 03:12:59.467   833  1392 E SensorService: Failed to write to file /data/vendor/misc/sensors/serialnumber/8ed444f94d812d73: Unknown error -2
12-28 03:12:59.470   833  1392 E libosutils: Failed to create output stream to '/data/vendor/misc/sensors/serialnumber/8ed444f94d812d73': : No such file or directory
12-28 03:12:59.470   833  1392 E SensorService: Failed to write to file /data/vendor/misc/sensors/serialnumber/8ed444f94d812d73: Unknown error -2
12-28 03:12:59.576   833 14844 E libosutils: Failed to create output stream to '/data/vendor/misc/sensors/serialnumber/8ed444f94d812d73': : No such file or directory
12-28 03:12:59.576   833 14844 E SensorService: Failed to write to file /data/vendor/misc/sensors/serialnumber/8ed444f94d812d73: Unknown error -2
12-28 03:12:59.578   833 14844 E libosutils: Failed to create output stream to '/data/vendor/misc/sensors/serialnumber/8ed444f94d812d73': : No such file or directory
12-28 03:12:59.578   833 14844 E SensorService: Failed to write to file /data/vendor/misc/sensors/serialnumber/8ed444f94d812d73: Unknown error -2
12-28 03:12:59.580   833 14844 E libosutils: Failed to create output stream to '/data/vendor/misc/sensors/serialnumber/8ed444f94d812d73': : No such file or directory
12-28 03:12:59.580   833 14844 E SensorService: Failed to write to file /data/vendor/misc/sensors/serialnumber/8ed444f94d812d73: Unknown error -2
12-28 03:13:00.086     0     0 W healthd : battery l=44 v=3863 t=43.0 h=2 st=2 c=313118 fc=5169000 cc=30 chg=u
12-28 03:13:00.574  6441  6441 E AppProcessKiller: current battery=44
12-28 03:13:04.273  1457  1676 W BestClock: java.time.DateTimeException: Missing network time fix
12-28 03:13:04.278  1457  1677 W BestClock: java.time.DateTimeException: Missing network time fix
12-28 03:13:04.278  1457  1677 W BestClock: java.time.DateTimeException: Missing network time fix
12-28 03:13:04.286  1457  1676 W BestClock: java.time.DateTimeException: Missing network time fix
12-28 03:13:04.409  1457  1763 W NetworkTimeUpdateService: nextRefreshElapsedRealtimeMillis is a time in the past. Scheduling using currentElapsedRealtimeMillis instead
12-28 03:13:04.685  4713  9305 E [CT]    : SP:CA:CloudAnchorOperationQueue: Queue operation timeout. Queue size: 1. Abandoning request with uuid 8c38927c-b664-fb57-1a1e-fef672b01455
12-28 03:13:04.686  4713  9305 E [CT]    : SP:SU:SessionSegmentUploader: Failed to upload spatial entities without maps: -130001
12-28 03:13:04.687  4713  9305 E [CT]    : SP:SU:SessionSegmentUploadManager: Failed to Upload Segment - Code: -130001
12-28 03:13:04.711  4713  9305 W [CT]    : SP:AP:AnchorLocalStorage: listAllAnchors listed 0 anchors
12-28 03:13:04.712  4713  9305 W [CT]    : SP:AP:AnchorLocalStorage: listAllAnchors listed 0 anchors
12-28 03:13:04.712  4713  9305 W [CT]    : SP:AP:AnchorLocalStorage: listAllAnchors listed 0 anchors
12-28 03:13:04.712  4713  9305 W [CT]    : SP:AP:AnchorLocalStorage: listAllAnchors listed 0 anchors
12-28 03:13:04.712  4713  9305 W [CT]    : SP:AP:AnchorLocalStorage: listAllAnchors listed 0 anchors
12-28 03:13:04.712  4713  9305 W [CT]    : SP:AP:AnchorLocalStorage: listAllAnchors listed 0 anchors
12-28 03:13:04.712  4713  9305 W [CT]    : SP:AP:AnchorLocalStorage: listAllAnchors listed 0 anchors
12-28 03:13:04.712  4713  9305 W [CT]    : SP:AP:AnchorLocalStorage: listAllAnchors listed 0 anchors
12-28 03:13:04.713  4713  9305 W [CT]    : SP:AP:AnchorLocalStorage: listAllAnchors listed 0 anchors
12-28 03:13:04.713  4713  9305 W [CT]    : SP:AP:AnchorLocalStorage: listAllAnchors listed 0 anchors
12-28 03:13:04.714  4713  9305 W [CT]    : SP:AP:AnchorLocalStorage: listAllAnchors listed 0 anchors
12-28 03:13:04.747  4713  9305 W [CT]    : SP:AP:AnchorLocalStorage: listAllAnchors listed 0 anchors
12-28 03:13:09.529  3042  8103 E LoggingErrorHandler: Retrofit error, url: [https://graph.oculus.com/authenticate_application], kind: [NETWORK], status: [0 - ], headers: , body: []
12-28 03:13:09.529  3042  8103 E CoresdkAnalyticsEvent: could not set key=message value=null
12-28 03:13:09.531  3042  8103 E AuthLogger: Action failed: OBTAIN_TOKEN, callingPackage: com.facebook.spatial_persistence_service, accountType: com.oculus, tokenType: , extras: {calling_app_id=null, network_status=WIFI}, duration: 15032ms
12-28 03:13:09.531  3042  8103 E AuthLogger: com.oculus.auth.components.NetworkError: com.oculus.http.core.base.ApiError: retrofit.RetrofitError: java.net.SocketTimeoutException: failed to connect to graph.oculus.com/128.242.245.93 (port 443) from /192.168.31.136 (port 35616) after 15000ms
12-28 03:13:09.531  3042  8103 E AuthLogger: 	at com.oculus.auth.components.TokenProvider.throwAsSpecificError(:62)
12-28 03:13:09.531  3042  8103 E AuthLogger: 	at com.oculus.auth.components.TokenProvider.obtainAccessToken(:144)
12-28 03:13:09.531  3042  8103 E AuthLogger: 	at com.oculus.auth.components.TokenProvider.obtainToken(:77)
12-28 03:13:09.531  3042  8103 E AuthLogger: 	at com.oculus.auth.authenticator.oculus.OculusAuthenticator.doGetAuthToken(:84089)
12-28 03:13:09.531  3042  8103 E AuthLogger: 	at com.oculus.auth.authenticator.common.BaseAuthenticator.getAuthTokenSync(:78)
12-28 03:13:09.531  3042  8103 E AuthLogger: 	at com.oculus.auth.authenticator.common.BaseAuthenticator.getAuthToken(:132)
12-28 03:13:09.531  3042  8103 E AuthLogger: 	at android.accounts.AbstractAccountAuthenticator$Transport.getAuthToken(AbstractAccountAuthenticator.java:251)
12-28 03:13:09.531  3042  8103 E AuthLogger: 	at android.accounts.IAccountAuthenticator$Stub.onTransact(IAccountAuthenticator.java:253)
12-28 03:13:09.531  3042  8103 E AuthLogger: 	at android.os.Binder.execTransactInternal(Binder.java:1369)
12-28 03:13:09.531  3042  8103 E AuthLogger: 	at android.os.Binder.execTransact(Binder.java:1300)
12-28 03:13:09.531  3042  8103 E AuthLogger: Caused by: com.oculus.http.core.base.ApiError: retrofit.RetrofitError: java.net.SocketTimeoutException: failed to connect to graph.oculus.com/128.242.245.93 (port 443) from /192.168.31.136 (port 35616) after 15000ms
12-28 03:13:09.531  3042  8103 E AuthLogger: 	at com.oculus.auth.api.AuthMethods.authenticateApplication(:23)
12-28 03:13:09.531  3042  8103 E AuthLogger: 	at com.oculus.auth.components.TokenProvider.obtainAccessToken(:102)
12-28 03:13:09.531  3042  8103 E AuthLogger: 	... 8 more
12-28 03:13:09.531  3042  8103 E AuthLogger: Caused by: retrofit.RetrofitError: java.net.SocketTimeoutException: failed to connect to graph.oculus.com/128.242.245.93 (port 443) from /192.168.31.136 (port 35616) after 15000ms
12-28 03:13:09.531  3042  8103 E AuthLogger: 	at retrofit.RestAdapter$RestHandler.invokeRequest(:341)
12-28 03:13:09.531  3042  8103 E AuthLogger: 	at retrofit.RestAdapter$RestHandler.invoke(:29)
12-28 03:13:09.531  3042  8103 E AuthLogger: 	at java.lang.reflect.Proxy.invoke(Proxy.java:1006)
12-28 03:13:09.531  3042  8103 E AuthLogger: 	at $Proxy3.authenticateApplication(Unknown Source)
12-28 03:13:09.531  3042  8103 E AuthLogger: 	at com.oculus.auth.api.AuthMethods.authenticateApplication(:15)
12-28 03:13:09.531  3042  8103 E AuthLogger: 	... 9 more
12-28 03:13:09.531  3042  8103 E AuthLogger: Caused by: java.io.IOException: java.net.SocketTimeoutException: failed to connect to graph.oculus.com/128.242.245.93 (port 443) from /192.168.31.136 (port 35616) after 15000ms
12-28 03:13:09.531  3042  8103 E AuthLogger: 	at com.oculus.http.common.ExceptionHandlingInterceptor.intercept(:13)
12-28 03:13:09.531  3042  8103 E AuthLogger: 	at X.1kB.A00(:111)
12-28 03:13:09.531  3042  8103 E AuthLogger: 	at X.1kB.AHV(:4)
12-28 03:13:09.531  3042  8103 E AuthLogger: 	at X.1jQ.A03(:80)
12-28 03:13:09.531  3042  8103 E AuthLogger: 	at X.1jQ.A02(:37)
12-28 03:13:09.531  3042  8103 E AuthLogger: 	at X.18h.execute(:130)
12-28 03:13:09.531  3042  8103 E AuthLogger: 	at retrofit.RestAdapter$RestHandler.invokeRequest(:119)
12-28 03:13:09.531  3042  8103 E AuthLogger: 	... 13 more
12-28 03:13:09.531  3042  8103 E AuthLogger: Caused by: java.net.SocketTimeoutException: failed to connect to graph.oculus.com/128.242.245.93 (port 443) from /192.168.31.136 (port 35616) after 15000ms
12-28 03:13:09.531  3042  8103 E AuthLogger: 	at libcore.io.IoBridge.connectErrno(IoBridge.java:235)
12-28 03:13:09.531  3042  8103 E AuthLogger: 	at libcore.io.IoBridge.connect(IoBridge.java:179)
12-28 03:13:09.531  3042  8103 E AuthLogger: 	at java.net.PlainSocketImpl.socketConnect(PlainSocketImpl.java:142)
12-28 03:13:09.531  3042  8103 E AuthLogger: 	at java.net.AbstractPlainSocketImpl.doConnect(AbstractPlainSocketImpl.java:390)
12-28 03:13:09.531  3042  8103 E AuthLogger: 	at java.net.AbstractPlainSocketImpl.connectToAddress(AbstractPlainSocketImpl.java:230)
12-28 03:13:09.531  3042  8103 E AuthLogger: 	at java.net.AbstractPlainSocketImpl.connect(AbstractPlainSocketImpl.java:212)
12-28 03:13:09.531  3042  8103 E AuthLogger: 	at java.net.SocksSocketImpl.connect(SocksSocketImpl.java:436)
12-28 03:13:09.531  3042  8103 E AuthLogger: 	at java.net.Socket.connect(Socket.java:646)
12-28 03:13:09.531  3042  8103 E AuthLogger: 	at X.1ht.A08(:0)
12-28 03:13:09.531  3042  8103 E AuthLogger: 	at X.1ji.A00(:46)
12-28 03:13:09.531  3042  8103 E AuthLogger: 	at X.1jb.intercept(:1128)
12-28 03:13:09.531  3042  8103 E AuthLogger: 	at X.1kB.A00(:111)
12-28 03:13:09.531  3042  8103 E AuthLogger: 	at X.1kB.AHV(:4)
12-28 03:13:09.531  3042  8103 E AuthLogger: 	at X.1kA.intercept(:478)
12-28 03:13:09.531  3042  8103 E AuthLogger: 	at X.1kB.A00(:111)
12-28 03:13:09.531  3042  8103 E AuthLogger: 	at X.1kB.AHV(:4)
12-28 03:13:09.531  3042  8103 E AuthLogger: 	at X.1A5.intercept(:227)
12-28 03:13:09.531  3042  8103 E AuthLogger: 	at X.1kB.A00(:111)
12-28 03:13:09.531  3042  8103 E AuthLogger: 	at X.1jZ.intercept(:43)
12-28 03:13:09.531  3042  8103 E AuthLogger: 	at X.1kB.A00(:111)
12-28 03:13:09.531  3042  8103 E AuthLogger: 	at X.1kB.AHV(:4)
12-28 03:13:09.531  3042  8103 E AuthLogger: 	at com.oculus.http.common.ExceptionHandlingInterceptor.intercept(:5)
12-28 03:13:09.531  3042  8103 E AuthLogger: 	... 19 more
12-28 03:13:09.533  4713  9313 E AuthServiceClient: IOException 
12-28 03:13:09.533  4713  9313 E AuthServiceClient: java.io.IOException: com.oculus.auth.components.NetworkError: com.oculus.http.core.base.ApiError: retrofit.RetrofitError: java.net.SocketTimeoutException: failed to connect to graph.oculus.com/128.242.245.93 (port 443) from /192.168.31.136 (port 35616) after 15000ms
12-28 03:13:09.533  4713  9313 E AuthServiceClient: 	at android.accounts.AccountManager.convertErrorToException(AccountManager.java:2616)
12-28 03:13:09.533  4713  9313 E AuthServiceClient: 	at android.accounts.AccountManager.-$$Nest$mconvertErrorToException(Unknown Source:0)
12-28 03:13:09.533  4713  9313 E AuthServiceClient: 	at android.accounts.AccountManager$AmsTask$Response.onError(AccountManager.java:2467)
12-28 03:13:09.533  4713  9313 E AuthServiceClient: 	at android.accounts.IAccountManagerResponse$Stub.onTransact(IAccountManagerResponse.java:107)
12-28 03:13:09.533  4713  9313 E AuthServiceClient: 	at android.os.Binder.execTransactInternal(Binder.java:1369)
12-28 03:13:09.533  4713  9313 E AuthServiceClient: 	at android.os.Binder.execTransact(Binder.java:1300)
12-28 03:13:09.534  4713  4967 E [CT]    : SP:SPS:RetryingAccessTokenProvider: Failed to get access token: Unknown error: response is null
12-28 03:13:09.547  1457  2796 W ProcessStats: Tracking association SourceState{cbee4ff com.oculus.ocms/10035 BFgs #5284} whose proc state 4 is better than process ProcessState{1ee8567 com.oculus.quickplayservice/1000 pkg=com.oculus.quickplayservice} proc state 14 (7 skipped)
12-28 03:13:09.567  3042  8103 E OculusAuthenticator: failed to verify first party application check
12-28 03:13:10.097     0     0 W healthd : battery l=44 v=3861 t=43.0 h=2 st=2 c=250860 fc=5169000 cc=30 chg=u
12-28 03:13:10.586  6441  6441 E AppProcessKiller: current battery=44
12-28 03:13:16.309  1029  5020 W mediaextractor: Binder 0xb40000765ac19558 destroyed after setInheritRt before being parceled.
12-28 03:13:20.106     0     0 W healthd : battery l=44 v=3869 t=43.0 h=2 st=2 c=345345 fc=5169000 cc=30 chg=u
12-28 03:13:20.594  6441  6441 E AppProcessKiller: current battery=44
12-28 03:13:24.154  3042  8473 E ExternalPlatformNetwork: AuthenticatorException while getting token from AccountManager
12-28 03:13:24.154  3042  8473 E ExternalPlatformNetwork: android.accounts.AuthenticatorException: android.accounts.OperationCanceledException
12-28 03:13:24.154  3042  8473 E ExternalPlatformNetwork: 	at horizonos.supplement.accountauth.HzAccountManager.getTokenBlocking(HzAccountManager.java:124)
12-28 03:13:24.154  3042  8473 E ExternalPlatformNetwork: 	at com.oculus.horizon.service.ExternalPlatformNetwork.getTokenFromAccountManager(:38)
12-28 03:13:24.154  3042  8473 E ExternalPlatformNetwork: 	at com.oculus.horizon.service.ExternalPlatformNetwork.getAppScopedAccessToken(:221)
12-28 03:13:24.154  3042  8473 E ExternalPlatformNetwork: 	at com.oculus.horizon.service.result.ResultBuilder.A00(:2743)
12-28 03:13:24.154  3042  8473 E ExternalPlatformNetwork: 	at X.004.A0H(:3)
12-28 03:13:24.154  3042  8473 E ExternalPlatformNetwork: 	at com.oculus.horizon.service.OVRService$5.getAppScopedAccessToken(:15)
12-28 03:13:24.154  3042  8473 E ExternalPlatformNetwork: 	at com.oculus.aidl.OVRServiceInterface$Stub.onTransact(:91)
12-28 03:13:24.154  3042  8473 E ExternalPlatformNetwork: 	at android.os.Binder.transact(Binder.java:1208)
12-28 03:13:24.154  3042  8473 E ExternalPlatformNetwork: 	at com.facebook.secure.ktx.service.IdentityCheckingBinder.onTransact(:51)
12-28 03:13:24.154  3042  8473 E ExternalPlatformNetwork: 	at android.os.Binder.execTransactInternal(Binder.java:1364)
12-28 03:13:24.154  3042  8473 E ExternalPlatformNetwork: 	at android.os.Binder.execTransact(Binder.java:1300)
12-28 03:13:24.154  3042  8473 E ExternalPlatformNetwork: Caused by: android.accounts.OperationCanceledException
12-28 03:13:24.154  3042  8473 E ExternalPlatformNetwork: 	at android.accounts.AccountManager$AmsTask.internalGetResult(AccountManager.java:2411)
12-28 03:13:24.154  3042  8473 E ExternalPlatformNetwork: 	at android.accounts.AccountManager$AmsTask.getResult(AccountManager.java:2423)
12-28 03:13:24.154  3042  8473 E ExternalPlatformNetwork: 	at android.accounts.AccountManager$AmsTask.getResult(AccountManager.java:2332)
12-28 03:13:24.154  3042  8473 E ExternalPlatformNetwork: 	at horizonos.supplement.accountauth.a.getResult(HzGetTokenFuture.java:6)
12-28 03:13:24.154  3042  8473 E ExternalPlatformNetwork: 	at horizonos.supplement.accountauth.HzAccountManager.getTokenBlocking(HzAccountManager.java:108)
12-28 03:13:24.154  3042  8473 E ExternalPlatformNetwork: 	... 10 more
12-28 03:13:24.154  3042  8473 E AuthLogger: Action failed: OBTAIN_TOKEN_3P, callingPackage: com.oculus.browser, accountType: null, tokenType: null, extras: {calling_app_id=1916519981771802, token_type=, token_retrieval_3p=vr_account_manager}, duration: 20003ms
12-28 03:13:24.154  3042  8473 E AuthLogger: android.accounts.AuthenticatorException: android.accounts.OperationCanceledException
12-28 03:13:24.154  3042  8473 E AuthLogger: 	at horizonos.supplement.accountauth.HzAccountManager.getTokenBlocking(HzAccountManager.java:124)
12-28 03:13:24.154  3042  8473 E AuthLogger: 	at com.oculus.horizon.service.ExternalPlatformNetwork.getTokenFromAccountManager(:38)
12-28 03:13:24.154  3042  8473 E AuthLogger: 	at com.oculus.horizon.service.ExternalPlatformNetwork.getAppScopedAccessToken(:221)
12-28 03:13:24.154  3042  8473 E AuthLogger: 	at com.oculus.horizon.service.result.ResultBuilder.A00(:2743)
12-28 03:13:24.154  3042  8473 E AuthLogger: 	at X.004.A0H(:3)
12-28 03:13:24.154  3042  8473 E AuthLogger: 	at com.oculus.horizon.service.OVRService$5.getAppScopedAccessToken(:15)
12-28 03:13:24.154  3042  8473 E AuthLogger: 	at com.oculus.aidl.OVRServiceInterface$Stub.onTransact(:91)
12-28 03:13:24.154  3042  8473 E AuthLogger: 	at android.os.Binder.transact(Binder.java:1208)
12-28 03:13:24.154  3042  8473 E AuthLogger: 	at com.facebook.secure.ktx.service.IdentityCheckingBinder.onTransact(:51)
12-28 03:13:24.154  3042  8473 E AuthLogger: 	at android.os.Binder.execTransactInternal(Binder.java:1364)
12-28 03:13:24.154  3042  8473 E AuthLogger: 	at android.os.Binder.execTransact(Binder.java:1300)
12-28 03:13:24.154  3042  8473 E AuthLogger: Caused by: android.accounts.OperationCanceledException
12-28 03:13:24.154  3042  8473 E AuthLogger: 	at android.accounts.AccountManager$AmsTask.internalGetResult(AccountManager.java:2411)
12-28 03:13:24.154  3042  8473 E AuthLogger: 	at android.accounts.AccountManager$AmsTask.getResult(AccountManager.java:2423)
12-28 03:13:24.154  3042  8473 E AuthLogger: 	at android.accounts.AccountManager$AmsTask.getResult(AccountManager.java:2332)
12-28 03:13:24.154  3042  8473 E AuthLogger: 	at horizonos.supplement.accountauth.a.getResult(HzGetTokenFuture.java:6)
12-28 03:13:24.154  3042  8473 E AuthLogger: 	at horizonos.supplement.accountauth.HzAccountManager.getTokenBlocking(HzAccountManager.java:108)
12-28 03:13:24.154  3042  8473 E AuthLogger: 	... 10 more
12-28 03:13:24.596  3042  8103 E LoggingErrorHandler: Retrofit error, url: [https://graph.oculus.com/authenticate_application], kind: [NETWORK], status: [0 - ], headers: , body: []
12-28 03:13:24.596  3042  8103 E CoresdkAnalyticsEvent: could not set key=message value=null
12-28 03:13:24.598  3042  8103 E AuthLogger: Action failed: OBTAIN_TOKEN, callingPackage: com.oculus.horizon, accountType: com.oculus, tokenType: , extras: {calling_app_id=1916519981771802, network_status=WIFI}, duration: 15056ms
12-28 03:13:24.598  3042  8103 E AuthLogger: com.oculus.auth.components.NetworkError: com.oculus.http.core.base.ApiError: retrofit.RetrofitError: java.net.SocketTimeoutException: failed to connect to graph.oculus.com/67.15.129.210 (port 443) from /192.168.31.136 (port 54676) after 15000ms
12-28 03:13:24.598  3042  8103 E AuthLogger: 	at com.oculus.auth.components.TokenProvider.throwAsSpecificError(:62)
12-28 03:13:24.598  3042  8103 E AuthLogger: 	at com.oculus.auth.components.TokenProvider.obtainAccessToken(:144)
12-28 03:13:24.598  3042  8103 E AuthLogger: 	at com.oculus.auth.components.TokenProvider.obtainToken(:77)
12-28 03:13:24.598  3042  8103 E AuthLogger: 	at com.oculus.auth.authenticator.oculus.OculusAuthenticator.doGetAuthToken(:84089)
12-28 03:13:24.598  3042  8103 E AuthLogger: 	at com.oculus.auth.authenticator.common.BaseAuthenticator.getAuthTokenSync(:78)
12-28 03:13:24.598  3042  8103 E AuthLogger: 	at com.oculus.auth.authenticator.common.BaseAuthenticator.getAuthToken(:132)
12-28 03:13:24.598  3042  8103 E AuthLogger: 	at android.accounts.AbstractAccountAuthenticator$Transport.getAuthToken(AbstractAccountAuthenticator.java:251)
12-28 03:13:24.598  3042  8103 E AuthLogger: 	at android.accounts.IAccountAuthenticator$Stub.onTransact(IAccountAuthenticator.java:253)
12-28 03:13:24.598  3042  8103 E AuthLogger: 	at android.os.Binder.execTransactInternal(Binder.java:1369)
12-28 03:13:24.598  3042  8103 E AuthLogger: 	at android.os.Binder.execTransact(Binder.java:1300)
12-28 03:13:24.598  3042  8103 E AuthLogger: Caused by: com.oculus.http.core.base.ApiError: retrofit.RetrofitError: java.net.SocketTimeoutException: failed to connect to graph.oculus.com/67.15.129.210 (port 443) from /192.168.31.136 (port 54676) after 15000ms
12-28 03:13:24.598  3042  8103 E AuthLogger: 	at com.oculus.auth.api.AuthMethods.authenticateApplication(:23)
12-28 03:13:24.598  3042  8103 E AuthLogger: 	at com.oculus.auth.components.TokenProvider.obtainAccessToken(:102)
12-28 03:13:24.598  3042  8103 E AuthLogger: 	... 8 more
12-28 03:13:24.598  3042  8103 E AuthLogger: Caused by: retrofit.RetrofitError: java.net.SocketTimeoutException: failed to connect to graph.oculus.com/67.15.129.210 (port 443) from /192.168.31.136 (port 54676) after 15000ms
12-28 03:13:24.598  3042  8103 E AuthLogger: 	at retrofit.RestAdapter$RestHandler.invokeRequest(:341)
12-28 03:13:24.598  3042  8103 E AuthLogger: 	at retrofit.RestAdapter$RestHandler.invoke(:29)
12-28 03:13:24.598  3042  8103 E AuthLogger: 	at java.lang.reflect.Proxy.invoke(Proxy.java:1006)
12-28 03:13:24.598  3042  8103 E AuthLogger: 	at $Proxy3.authenticateApplication(Unknown Source)
12-28 03:13:24.598  3042  8103 E AuthLogger: 	at com.oculus.auth.api.AuthMethods.authenticateApplication(:15)
12-28 03:13:24.598  3042  8103 E AuthLogger: 	... 9 more
12-28 03:13:24.598  3042  8103 E AuthLogger: Caused by: java.io.IOException: java.net.SocketTimeoutException: failed to connect to graph.oculus.com/67.15.129.210 (port 443) from /192.168.31.136 (port 54676) after 15000ms
12-28 03:13:24.598  3042  8103 E AuthLogger: 	at com.oculus.http.common.ExceptionHandlingInterceptor.intercept(:13)
12-28 03:13:24.598  3042  8103 E AuthLogger: 	at X.1kB.A00(:111)
12-28 03:13:24.598  3042  8103 E AuthLogger: 	at X.1kB.AHV(:4)
12-28 03:13:24.598  3042  8103 E AuthLogger: 	at X.1jQ.A03(:80)
12-28 03:13:24.598  3042  8103 E AuthLogger: 	at X.1jQ.A02(:37)
12-28 03:13:24.598  3042  8103 E AuthLogger: 	at X.18h.execute(:130)
12-28 03:13:24.598  3042  8103 E AuthLogger: 	at retrofit.RestAdapter$RestHandler.invokeRequest(:119)
12-28 03:13:24.598  3042  8103 E AuthLogger: 	... 13 more
12-28 03:13:24.598  3042  8103 E AuthLogger: Caused by: java.net.SocketTimeoutException: failed to connect to graph.oculus.com/67.15.129.210 (port 443) from /192.168.31.136 (port 54676) after 15000ms
12-28 03:13:24.598  3042  8103 E AuthLogger: 	at libcore.io.IoBridge.connectErrno(IoBridge.java:235)
12-28 03:13:24.598  3042  8103 E AuthLogger: 	at libcore.io.IoBridge.connect(IoBridge.java:179)
12-28 03:13:24.598  3042  8103 E AuthLogger: 	at java.net.PlainSocketImpl.socketConnect(PlainSocketImpl.java:142)
12-28 03:13:24.598  3042  8103 E AuthLogger: 	at java.net.AbstractPlainSocketImpl.doConnect(AbstractPlainSocketImpl.java:390)
12-28 03:13:24.598  3042  8103 E AuthLogger: 	at java.net.AbstractPlainSocketImpl.connectToAddress(AbstractPlainSocketImpl.java:230)
12-28 03:13:24.598  3042  8103 E AuthLogger: 	at java.net.AbstractPlainSocketImpl.connect(AbstractPlainSocketImpl.java:212)
12-28 03:13:24.598  3042  8103 E AuthLogger: 	at java.net.SocksSocketImpl.connect(SocksSocketImpl.java:436)
12-28 03:13:24.598  3042  8103 E AuthLogger: 	at java.net.Socket.connect(Socket.java:646)
12-28 03:13:24.598  3042  8103 E AuthLogger: 	at X.1ht.A08(:0)
12-28 03:13:24.598  3042  8103 E AuthLogger: 	at X.1ji.A00(:46)
12-28 03:13:24.598  3042  8103 E AuthLogger: 	at X.1jb.intercept(:1128)
12-28 03:13:24.598  3042  8103 E AuthLogger: 	at X.1kB.A00(:111)
12-28 03:13:24.598  3042  8103 E AuthLogger: 	at X.1kB.AHV(:4)
12-28 03:13:24.598  3042  8103 E AuthLogger: 	at X.1kA.intercept(:478)
12-28 03:13:24.598  3042  8103 E AuthLogger: 	at X.1kB.A00(:111)
12-28 03:13:24.598  3042  8103 E AuthLogger: 	at X.1kB.AHV(:4)
12-28 03:13:24.598  3042  8103 E AuthLogger: 	at X.1A5.intercept(:227)
12-28 03:13:24.598  3042  8103 E AuthLogger: 	at X.1kB.A00(:111)
12-28 03:13:24.598  3042  8103 E AuthLogger: 	at X.1jZ.intercept(:43)
12-28 03:13:24.598  3042  8103 E AuthLogger: 	at X.1kB.A00(:111)
12-28 03:13:24.598  3042  8103 E AuthLogger: 	at X.1kB.AHV(:4)
12-28 03:13:24.598  3042  8103 E AuthLogger: 	at com.oculus.http.common.ExceptionHandlingInterceptor.intercept(:5)
12-28 03:13:24.598  3042  8103 E AuthLogger: 	... 19 more
12-28 03:13:26.287  1457  1676 W BestClock: java.time.DateTimeException: Missing network time fix
12-28 03:13:26.291  1457  1676 W BestClock: java.time.DateTimeException: Missing network time fix
12-28 03:13:29.468   833  1391 E libosutils: Failed to create output stream to '/data/vendor/misc/sensors/serialnumber/8ed444f94d812d73': : No such file or directory
12-28 03:13:29.468   833  1391 E SensorService: Failed to write to file /data/vendor/misc/sensors/serialnumber/8ed444f94d812d73: Unknown error -2
12-28 03:13:29.471   833  1391 E libosutils: Failed to create output stream to '/data/vendor/misc/sensors/serialnumber/8ed444f94d812d73': : No such file or directory
12-28 03:13:29.471   833  1391 E SensorService: Failed to write to file /data/vendor/misc/sensors/serialnumber/8ed444f94d812d73: Unknown error -2
12-28 03:13:30.117     0     0 W healthd : battery l=44 v=3872 t=43.0 h=2 st=2 c=355965 fc=5169000 cc=30 chg=u
12-28 03:13:30.604  6441  6441 E AppProcessKiller: current battery=44
12-28 03:13:31.328   799  1638 E PAL: API: pal_get_param: 1337: Failed to get global parameter 36, status -2
12-28 03:13:32.204  1045 16093 E healthcounters: healthcounters::hcstore: Error while uploading: Curl error: [35] SSL connect error (Recv failure: Connection reset by peer)
12-28 03:13:34.333  3518 14283 E GraphQLMethodNoDI: Unable to getResult(), encountered unexpected exception! Returning null
12-28 03:13:34.333  3518 14283 E GraphQLMethodNoDI: java.util.concurrent.ExecutionException: java.net.SocketTimeoutException: failed to connect to graph-fallback.oculus.com/199.16.156.71 (port 443) from /192.168.31.136 (port 38156) after 300000ms: isConnected failed: ETIMEDOUT (Connection timed out)
12-28 03:13:34.333  3518 14283 E GraphQLMethodNoDI: 	at java.util.concurrent.CompletableFuture.reportGet(CompletableFuture.java:372)
12-28 03:13:34.333  3518 14283 E GraphQLMethodNoDI: 	at java.util.concurrent.CompletableFuture.get(CompletableFuture.java:2049)
12-28 03:13:34.333  3518 14283 E GraphQLMethodNoDI: 	at com.oculus.ocms.net.GraphQLMethodNoDI.A00(:134)
12-28 03:13:34.333  3518 14283 E GraphQLMethodNoDI: 	at com.oculus.ocms.net.GraphQLMethodNoDI.A02(:25)
12-28 03:13:34.333  3518 14283 E GraphQLMethodNoDI: 	at com.oculus.ocms.worlds.WorldContentManager$fetchWorldById$2.invokeSuspend(:120)
12-28 03:13:34.333  3518 14283 E GraphQLMethodNoDI: 	at com.oculus.ocms.worlds.WorldContentManager$fetchWorldById$2.invoke(:8)
12-28 03:13:34.333  3518 14283 E GraphQLMethodNoDI: 	at X.0Pj.A00(:13)
12-28 03:13:34.333  3518 14283 E GraphQLMethodNoDI: 	at X.0Pi.A00(:123)
12-28 03:13:34.333  3518 14283 E GraphQLMethodNoDI: 	at com.oculus.ocms.worlds.WorldContentManager.A07(:88)
12-28 03:13:34.333  3518 14283 E GraphQLMethodNoDI: 	at com.oculus.ocms.am.init.AppManagerInternal$getOrFetchWorldById$1.invokeSuspend(:41)
12-28 03:13:34.333  3518 14283 E GraphQLMethodNoDI: 	at X.1q5.resumeWith(:7)
12-28 03:13:34.333  3518 14283 E GraphQLMethodNoDI: 	at X.1uu.run(:109)
12-28 03:13:34.333  3518 14283 E GraphQLMethodNoDI: 	at X.1v4.run(:3)
12-28 03:13:34.333  3518 14283 E GraphQLMethodNoDI: 	at X.20s.run(:2)
12-28 03:13:34.333  3518 14283 E GraphQLMethodNoDI: 	at X.20o.A01(:0)
12-28 03:13:34.333  3518 14283 E GraphQLMethodNoDI: 	at X.20p.run(:79)
12-28 03:13:34.333  3518 14283 E GraphQLMethodNoDI: Caused by: java.net.SocketTimeoutException: failed to connect to graph-fallback.oculus.com/199.16.156.71 (port 443) from /192.168.31.136 (port 38156) after 300000ms: isConnected failed: ETIMEDOUT (Connection timed out)
12-28 03:13:34.333  3518 14283 E GraphQLMethodNoDI: 	at libcore.io.IoBridge.isConnected(IoBridge.java:343)
12-28 03:13:34.333  3518 14283 E GraphQLMethodNoDI: 	at libcore.io.IoBridge.connectErrno(IoBridge.java:237)
12-28 03:13:34.333  3518 14283 E GraphQLMethodNoDI: 	at libcore.io.IoBridge.connect(IoBridge.java:179)
12-28 03:13:34.333  3518 14283 E GraphQLMethodNoDI: 	at java.net.PlainSocketImpl.socketConnect(PlainSocketImpl.java:142)
12-28 03:13:34.333  3518 14283 E GraphQLMethodNoDI: 	at java.net.AbstractPlainSocketImpl.doConnect(AbstractPlainSocketImpl.java:390)
12-28 03:13:34.333  3518 14283 E GraphQLMethodNoDI: 	at java.net.AbstractPlainSocketImpl.connectToAddress(AbstractPlainSocketImpl.java:230)
12-28 03:13:34.333  3518 14283 E GraphQLMethodNoDI: 	at java.net.AbstractPlainSocketImpl.connect(AbstractPlainSocketImpl.java:212)
12-28 03:13:34.333  3518 14283 E GraphQLMethodNoDI: 	at java.net.SocksSocketImpl.connect(SocksSocketImpl.java:436)
12-28 03:13:34.333  3518 14283 E GraphQLMethodNoDI: 	at java.net.Socket.connect(Socket.java:646)
12-28 03:13:34.333  3518 14283 E GraphQLMethodNoDI: 	at X.2Y9.A00(:50)
12-28 03:13:34.333  3518 14283 E GraphQLMethodNoDI: 	at X.2Y4.A5n(:1113)
12-28 03:13:34.333  3518 14283 E GraphQLMethodNoDI: 	at X.2YJ.A01(:108)
12-28 03:13:34.333  3518 14283 E GraphQLMethodNoDI: 	at X.2YJ.A00(:4)
12-28 03:13:34.333  3518 14283 E GraphQLMethodNoDI: 	at X.2UO.A5n(:463)
12-28 03:13:34.333  3518 14283 E GraphQLMethodNoDI: 	at X.2YJ.A01(:108)
12-28 03:13:34.333  3518 14283 E GraphQLMethodNoDI: 	at X.2YJ.A00(:4)
12-28 03:13:34.333  3518 14283 E GraphQLMethodNoDI: 	at X.2RT.A5n(:220)
12-28 03:13:34.333  3518 14283 E GraphQLMethodNoDI: 	at X.2YJ.A01(:108)
12-28 03:13:34.333  3518 14283 E GraphQLMethodNoDI: 	at X.2Y3.A5n(:41)
12-28 03:13:34.333  3518 14283 E GraphQLMethodNoDI: 	at X.2YJ.A01(:108)
12-28 03:13:34.333  3518 14283 E GraphQLMethodNoDI: 	at X.2YJ.A00(:4)
12-28 03:13:34.333  3518 14283 E GraphQLMethodNoDI: 	at com.oculus.ocms.net.CommonHeadersInterceptor.A5n(:50)
12-28 03:13:34.333  3518 14283 E GraphQLMethodNoDI: 	at X.2YJ.A01(:108)
12-28 03:13:34.333  3518 14283 E GraphQLMethodNoDI: 	at X.2YJ.A00(:4)
12-28 03:13:34.333  3518 14283 E GraphQLMethodNoDI: 	at com.oculus.http.core.interceptor.FallbackUrlInterceptor.A5n(:87)
12-28 03:13:34.333  3518 14283 E GraphQLMethodNoDI: 	at X.2YJ.A01(:108)
12-28 03:13:34.333  3518 14283 E GraphQLMethodNoDI: 	at X.2YJ.A00(:4)
12-28 03:13:34.333  3518 14283 E GraphQLMethodNoDI: 	at X.2YB.A02(:80)
12-28 03:13:34.333  3518 14283 E GraphQLMethodNoDI: 	at X.2aN.run(:713)
12-28 03:13:34.333  3518 14283 E GraphQLMethodNoDI: 	at java.util.concurrent.ThreadPoolExecutor.runWorker(ThreadPoolExecutor.java:1145)
12-28 03:13:34.333  3518 14283 E GraphQLMethodNoDI: 	at java.util.concurrent.ThreadPoolExecutor$Worker.run(ThreadPoolExecutor.java:644)
12-28 03:13:34.333  3518 14283 E GraphQLMethodNoDI: 	at java.lang.Thread.run(Thread.java:1012)
12-28 03:13:34.333  3518 14283 E GraphQLMethodNoDI: Caused by: android.system.ErrnoException: isConnected failed: ETIMEDOUT (Connection timed out)
12-28 03:13:34.333  3518 14283 E GraphQLMethodNoDI: 	at libcore.io.IoBridge.isConnected(IoBridge.java:334)
12-28 03:13:34.333  3518 14283 E GraphQLMethodNoDI: 	... 31 more
12-28 03:13:34.333  3518 14283 E WorldContentManager: Failed to fetch World: java.net.SocketTimeoutException: failed to connect to graph-fallback.oculus.com/199.16.156.71 (port 443) from /192.168.31.136 (port 38156) after 300000ms: isConnected failed: ETIMEDOUT (Connection timed out)
