01-01 14:27:21.213 29806 29806 D ActivityThread: Package [com.github.audiocenter] reported as REPLACED, but missing application info. Assuming REMOVED.
01-01 14:27:21.213 28483 28483 D ActivityThread: Package [com.github.audiocenter] reported as REPLACED, but missing application info. Assuming REMOVED.
01-01 14:27:21.213 15477 15477 D ActivityThread: Package [com.github.audiocenter] reported as REPLACED, but missing application info. Assuming REMOVED.
01-01 14:27:21.214 30778 30778 D ActivityThread: Package [com.github.audiocenter] reported as REPLACED, but missing application info. Assuming REMOVED.
01-01 14:27:21.214 11831 11831 D ActivityThread: Package [com.github.audiocenter] reported as REPLACED, but missing application info. Assuming REMOVED.
01-01 14:27:21.214  9112  9112 D ActivityThread: Package [com.github.audiocenter] reported as REPLACED, but missing application info. Assuming REMOVED.
01-01 14:27:21.214  8558  8558 D ActivityThread: Package [com.github.audiocenter] reported as REPLACED, but missing application info. Assuming REMOVED.
01-01 14:27:21.214 32453 32453 D ActivityThread: Package [com.github.audiocenter] reported as REPLACED, but missing application info. Assuming REMOVED.
01-01 14:27:21.214 28822 28822 D ActivityThread: Package [com.github.audiocenter] reported as REPLACED, but missing application info. Assuming REMOVED.
01-01 14:27:21.214 26927 26927 D ActivityThread: Package [com.github.audiocenter] reported as REPLACED, but missing application info. Assuming REMOVED.
01-01 14:27:21.214  4734  4734 D ActivityThread: Package [com.github.audiocenter] reported as REPLACED, but missing application info. Assuming REMOVED.
01-01 14:27:21.214 29394 29394 D ActivityThread: Package [com.github.audiocenter] reported as REPLACED, but missing application info. Assuming REMOVED.
01-01 14:27:21.215 31294 31294 D ActivityThread: Package [com.github.audiocenter] reported as REPLACED, but missing application info. Assuming REMOVED.
01-01 14:27:21.215  1612  1612 D ActivityThread: Package [com.github.audiocenter] reported as REPLACED, but missing application info. Assuming REMOVED.
01-01 14:27:21.215 31992 31992 D ActivityThread: Package [com.github.audiocenter] reported as REPLACED, but missing application info. Assuming REMOVED.
01-01 14:27:21.215  5157  5157 D ActivityThread: Package [com.github.audiocenter] reported as REPLACED, but missing application info. Assuming REMOVED.
01-01 14:27:21.215 28418 28418 D ActivityThread: Package [com.github.audiocenter] reported as REPLACED, but missing application info. Assuming REMOVED.
01-01 14:27:21.215  6166  6166 D ActivityThread: Package [com.github.audiocenter] reported as REPLACED, but missing application info. Assuming REMOVED.
01-01 14:27:21.215 22190 22190 D ActivityThread: Package [com.github.audiocenter] reported as REPLACED, but missing application info. Assuming REMOVED.
01-01 14:27:21.216   997   997 D ActivityThread: Package [com.github.audiocenter] reported as REPLACED, but missing application info. Assuming REMOVED.
01-01 14:27:21.216  9208  9208 D ActivityThread: Package [com.github.audiocenter] reported as REPLACED, but missing application info. Assuming REMOVED.
01-01 14:27:21.216 12114 12114 D ActivityThread: Package [com.github.audiocenter] reported as REPLACED, but missing application info. Assuming REMOVED.
01-01 14:27:21.216 21879 21879 D ActivityThread: Package [com.github.audiocenter] reported as REPLACED, but missing application info. Assuming REMOVED.
01-01 14:27:21.216 23236 23236 D ActivityThread: Package [com.github.audiocenter] reported as REPLACED, but missing application info. Assuming REMOVED.
01-01 14:27:21.217 28325 28325 D ActivityThread: Package [com.github.audiocenter] reported as REPLACED, but missing application info. Assuming REMOVED.
01-01 14:27:21.217 31561 31561 D ActivityThread: Package [com.github.audiocenter] reported as REPLACED, but missing application info. Assuming REMOVED.
01-01 14:27:21.217 21385 21385 D ActivityThread: Package [com.github.audiocenter] reported as REPLACED, but missing application info. Assuming REMOVED.
01-01 14:27:21.217  8315  8315 D ActivityThread: Package [com.github.audiocenter] reported as REPLACED, but missing application info. Assuming REMOVED.
01-01 14:27:21.218  4557  4557 D ActivityThread: Package [com.github.audiocenter] reported as REPLACED, but missing application info. Assuming REMOVED.
01-01 14:27:21.218  4599  4599 D ActivityThread: Package [com.github.audiocenter] reported as REPLACED, but missing application info. Assuming REMOVED.
01-01 14:27:21.218 17777 17777 D ActivityThread: Package [com.github.audiocenter] reported as REPLACED, but missing application info. Assuming REMOVED.
01-01 14:27:21.218  4562  4562 D ActivityThread: Package [com.github.audiocenter] reported as REPLACED, but missing application info. Assuming REMOVED.
01-01 14:27:21.219 28422 28422 D ActivityThread: Package [com.github.audiocenter] reported as REPLACED, but missing application info. Assuming REMOVED.
01-01 14:27:21.219 11446 11446 D ActivityThread: Package [com.github.audiocenter] reported as REPLACED, but missing application info. Assuming REMOVED.
01-01 14:27:21.219 12549 12549 D ActivityThread: Package [com.github.audiocenter] reported as REPLACED, but missing application info. Assuming REMOVED.
01-01 14:27:21.219 16245 16245 D ActivityThread: Package [com.github.audiocenter] reported as REPLACED, but missing application info. Assuming REMOVED.
01-01 14:27:21.219  5094  5094 D ActivityThread: Package [com.github.audiocenter] reported as REPLACED, but missing application info. Assuming REMOVED.
01-01 14:27:21.219  6207  6207 D ActivityThread: Package [com.github.audiocenter] reported as REPLACED, but missing application info. Assuming REMOVED.
01-01 14:27:21.220  4567  4567 D ActivityThread: Package [com.github.audiocenter] reported as REPLACED, but missing application info. Assuming REMOVED.
01-01 14:27:21.220 32717 32717 D ActivityThread: Package [com.github.audiocenter] reported as REPLACED, but missing application info. Assuming REMOVED.
01-01 14:27:21.220  4465  4465 D ActivityThread: Package [com.github.audiocenter] reported as REPLACED, but missing application info. Assuming REMOVED.
01-01 14:27:21.221  8345  8345 D ActivityThread: Package [com.github.audiocenter] reported as REPLACED, but missing application info. Assuming REMOVED.
01-01 14:27:21.221  4572  4572 D ActivityThread: Package [com.github.audiocenter] reported as REPLACED, but missing application info. Assuming REMOVED.
01-01 14:27:21.221  4519  4519 D ActivityThread: Package [com.github.audiocenter] reported as REPLACED, but missing application info. Assuming REMOVED.
01-01 14:27:21.221  6753  6753 D ActivityThread: Package [com.github.audiocenter] reported as REPLACED, but missing application info. Assuming REMOVED.
01-01 14:27:21.221  6552  6552 D ActivityThread: Package [com.github.audiocenter] reported as REPLACED, but missing application info. Assuming REMOVED.
01-01 14:27:21.221 29782 29782 D ActivityThread: Package [com.github.audiocenter] reported as REPLACED, but missing application info. Assuming REMOVED.
01-01 14:27:21.222  4146  4146 D ActivityThread: Package [com.github.audiocenter] reported as REPLACED, but missing application info. Assuming REMOVED.
01-01 14:27:21.222 20728 20728 D ActivityThread: Package [com.github.audiocenter] reported as REPLACED, but missing application info. Assuming REMOVED.
01-01 14:27:21.223  5039  5039 D ActivityThread: Package [com.github.audiocenter] reported as REPLACED, but missing application info. Assuming REMOVED.
01-01 14:27:21.223 22145 22145 D ActivityThread: Package [com.github.audiocenter] reported as REPLACED, but missing application info. Assuming REMOVED.
01-01 14:27:21.224  6283  6283 D ActivityThread: Package [com.github.audiocenter] reported as REPLACED, but missing application info. Assuming REMOVED.
01-01 14:27:21.224  4146  4146 D DistributedDeviceService: android.intent.action.PACKAGE_REPLACED
01-01 14:27:21.225  4882  4882 D ActivityThread: Package [com.github.audiocenter] reported as REPLACED, but missing application info. Assuming REMOVED.
01-01 14:27:21.225 28779 28779 D ActivityThread: Package [com.github.audiocenter] reported as REPLACED, but missing application info. Assuming REMOVED.
01-01 14:27:21.225   851   851 E lowmemorykiller: device memory 661987 free 38823 file 631769
01-01 14:27:21.225  3833  3833 D ActivityThread: Package [com.github.audiocenter] reported as REPLACED, but missing application info. Assuming REMOVED.
01-01 14:27:21.226  4562  4989 I TcpCongestControl: onPackageChange:pkgname:com.github.audiocenter, uid:10604,action:android.intent.action.PACKAGE_REPLACED
01-01 14:27:21.226  3576  3576 D ActivityThread: Package [com.github.audiocenter] reported as REPLACED, but missing application info. Assuming REMOVED.
01-01 14:27:21.226 30553 30553 D ActivityThread: Package [com.github.audiocenter] reported as REPLACED, but missing application info. Assuming REMOVED.
01-01 14:27:21.227  3140  5493 I [UAH_CLIENT]: UahEventAcquire, cmdid:2, pkg:none, identity:OplusAppStartupManager
01-01 14:27:21.228 31701 31701 D ActivityThread: Package [com.github.audiocenter] reported as REPLACED, but missing application info. Assuming REMOVED.
01-01 14:27:21.228   395   395 D ActivityThread: Package [com.github.audiocenter] reported as REPLACED, but missing application info. Assuming REMOVED.
01-01 14:27:21.227  4541  4541 D ActivityThread: Package [com.github.audiocenter] reported as REPLACED, but missing application info. Assuming REMOVED.
01-01 14:27:21.228  3837  3837 D ActivityThread: Package [com.github.audiocenter] reported as REPLACED, but missing application info. Assuming REMOVED.
01-01 14:27:21.229  4465  4465 D ControlsListingControllerImpl: ServiceConfig reloaded, count: 4
01-01 14:27:21.229  4465  4465 D OplusKeyGuardStylePluginManager: receive:android.intent.action.PACKAGE_REPLACED
01-01 14:27:21.229  4465  4465 I SDP.SysUi.InstallMonitorManager:  Broadcast received android.intent.action.PACKAGE_REPLACED.[ssdk:v1.2.56-932c039,sdplugin:v15.0.860-2e374f19] [SeedlingSdk|com.android.systemui|1.5.5-f48228a]
01-01 14:27:21.229  4465  4465 I SDP.SysUi.InstallMonitorManager:  Start notify install for package:com.github.audiocenter.[ssdk:v1.2.56-932c039,sdplugin:v15.0.860-2e374f19]
01-01 14:27:21.229  4465  6824 D UserContextImp: getUserId userId 0
01-01 14:27:21.229  4465  6824 I SDP.SysUi.ContextProxy:  acquireClient with authority:com.oplus.pantanal.ums.statictis, pkgName:com.android.systemui, use userContext, userId:0[ssdk:v1.2.56-932c039,sdplugin:v15.0.860-2e374f19]
01-01 14:27:21.230  4465  6824 D UserContextImp: acquireUnstableContentProviderClient, originAuthority com.oplus.pantanal.ums.statictis authorityWithoutUserId com.oplus.pantanal.ums.statictis authorityWithUserId 0@com.oplus.pantanal.ums.statictis UserContextImp com.android.systemui.SystemUIApplication@4f43eac userId 0
01-01 14:27:21.230 29782 29790 D NotificationBackend: onReceivedBroadcast:processPackageBroadcast
01-01 14:27:21.231  4465  4523 W PluginActionManager: handleQueryPlugins, not in mPrivilegedPlugins, pkgName=com.github.audiocenter
01-01 14:27:21.231  4465  4523 W PluginActionManager: handleQueryPlugins, not in mPrivilegedPlugins, pkgName=com.github.audiocenter
01-01 14:27:21.231  4465  4523 W PluginActionManager: handleQueryPlugins, not in mPrivilegedPlugins, pkgName=com.github.audiocenter
01-01 14:27:21.231  4465  4523 W PluginActionManager: handleQueryPlugins, not in mPrivilegedPlugins, pkgName=com.github.audiocenter
01-01 14:27:21.231  4465  4523 W PluginActionManager: handleQueryPlugins, not in mPrivilegedPlugins, pkgName=com.github.audiocenter
01-01 14:27:21.231  4465  4523 W PluginActionManager: handleQueryPlugins, not in mPrivilegedPlugins, pkgName=com.github.audiocenter
01-01 14:27:21.231  4465  4523 W PluginActionManager: handleQueryPlugins, not in mPrivilegedPlugins, pkgName=com.github.audiocenter
01-01 14:27:21.231  4465  4523 W PluginActionManager: handleQueryPlugins, not in mPrivilegedPlugins, pkgName=com.github.audiocenter
01-01 14:27:21.231  4465  4523 W PluginActionManager: handleQueryPlugins, not in mPrivilegedPlugins, pkgName=com.github.audiocenter
01-01 14:27:21.231  4465  4523 W PluginActionManager: handleQueryPlugins, not in mPrivilegedPlugins, pkgName=com.github.audiocenter
01-01 14:27:21.231  4465  4523 W PluginActionManager: handleQueryPlugins, not in mPrivilegedPlugins, pkgName=com.github.audiocenter
01-01 14:27:21.231  4465  4523 W PluginActionManager: handleQueryPlugins, not in mPrivilegedPlugins, pkgName=com.github.audiocenter
01-01 14:27:21.231  4465  4523 W PluginActionManager: handleQueryPlugins, not in mPrivilegedPlugins, pkgName=com.github.audiocenter
01-01 14:27:21.231  4465  4523 W PluginActionManager: handleQueryPlugins, not in mPrivilegedPlugins, pkgName=com.github.audiocenter
01-01 14:27:21.231  4465  4523 W PluginActionManager: handleQueryPlugins, not in mPrivilegedPlugins, pkgName=com.github.audiocenter
01-01 14:27:21.231  4465  4523 W PluginActionManager: handleQueryPlugins, not in mPrivilegedPlugins, pkgName=com.github.audiocenter
01-01 14:27:21.231  4465  4523 W PluginActionManager: handleQueryPlugins, not in mPrivilegedPlugins, pkgName=com.github.audiocenter
01-01 14:27:21.231  4465  4523 W PluginActionManager: handleQueryPlugins, not in mPrivilegedPlugins, pkgName=com.github.audiocenter
01-01 14:27:21.231  4465  4523 W PluginActionManager: handleQueryPlugins, not in mPrivilegedPlugins, pkgName=com.github.audiocenter
01-01 14:27:21.231  4465  4523 W PluginActionManager: handleQueryPlugins, not in mPrivilegedPlugins, pkgName=com.github.audiocenter
01-01 14:27:21.231  4465  4523 W PluginActionManager: handleQueryPlugins, not in mPrivilegedPlugins, pkgName=com.github.audiocenter
01-01 14:27:21.231  4465  4523 W PluginActionManager: handleQueryPlugins, not in mPrivilegedPlugins, pkgName=com.github.audiocenter
01-01 14:27:21.231  4465  4523 W PluginActionManager: handleQueryPlugins, not in mPrivilegedPlugins, pkgName=com.github.audiocenter
01-01 14:27:21.231  4465  4523 W PluginActionManager: handleQueryPlugins, not in mPrivilegedPlugins, pkgName=com.github.audiocenter
01-01 14:27:21.231  4465  4523 W PluginActionManager: handleQueryPlugins, not in mPrivilegedPlugins, pkgName=com.github.audiocenter
01-01 14:27:21.231  4465  4523 W PluginActionManager: handleQueryPlugins, not in mPrivilegedPlugins, pkgName=com.github.audiocenter
01-01 14:27:21.231  4465  4523 W PluginActionManager: handleQueryPlugins, not in mPrivilegedPlugins, pkgName=com.github.audiocenter
01-01 14:27:21.231  4465  4523 W PluginActionManager: handleQueryPlugins, not in mPrivilegedPlugins, pkgName=com.github.audiocenter
01-01 14:27:21.231  4465  4523 W PluginActionManager: handleQueryPlugins, not in mPrivilegedPlugins, pkgName=com.github.audiocenter
01-01 14:27:21.231  4465  4523 W PluginActionManager: handleQueryPlugins, not in mPrivilegedPlugins, pkgName=com.github.audiocenter
01-01 14:27:21.231  4465  4523 W PluginActionManager: handleQueryPlugins, not in mPrivilegedPlugins, pkgName=com.github.audiocenter
01-01 14:27:21.231  4465  4523 W PluginActionManager: handleQueryPlugins, not in mPrivilegedPlugins, pkgName=com.github.audiocenter
01-01 14:27:21.231  4465  4523 W PluginActionManager: handleQueryPlugins, not in mPrivilegedPlugins, pkgName=com.github.audiocenter
01-01 14:27:21.231  4465  4523 W PluginActionManager: handleQueryPlugins, not in mPrivilegedPlugins, pkgName=com.github.audiocenter
01-01 14:27:21.231  4465  4523 W PluginActionManager: handleQueryPlugins, not in mPrivilegedPlugins, pkgName=com.github.audiocenter
01-01 14:27:21.231  4465  4523 W PluginActionManager: handleQueryPlugins, not in mPrivilegedPlugins, pkgName=com.github.audiocenter
01-01 14:27:21.231  4465  4523 W PluginActionManager: handleQueryPlugins, not in mPrivilegedPlugins, pkgName=com.github.audiocenter
01-01 14:27:21.232  4465  4523 W PluginActionManager: handleQueryPlugins, not in mPrivilegedPlugins, pkgName=com.github.audiocenter
01-01 14:27:21.232  4465  4523 W PluginActionManager: handleQueryPlugins, not in mPrivilegedPlugins, pkgName=com.github.audiocenter
01-01 14:27:21.232  4465  4523 W PluginActionManager: handleQueryPlugins, not in mPrivilegedPlugins, pkgName=com.github.audiocenter
01-01 14:27:21.232  4465  4523 W PluginActionManager: handleQueryPlugins, not in mPrivilegedPlugins, pkgName=com.github.audiocenter
01-01 14:27:21.232  4465  4523 W PluginActionManager: handleQueryPlugins, not in mPrivilegedPlugins, pkgName=com.github.audiocenter
01-01 14:27:21.232  4465  4523 W PluginActionManager: handleQueryPlugins, not in mPrivilegedPlugins, pkgName=com.github.audiocenter
01-01 14:27:21.232  4465  4523 W PluginActionManager: handleQueryPlugins, not in mPrivilegedPlugins, pkgName=com.github.audiocenter
01-01 14:27:21.232  4465  4523 W PluginActionManager: handleQueryPlugins, not in mPrivilegedPlugins, pkgName=com.github.audiocenter
01-01 14:27:21.232  4465  4523 W PluginActionManager: handleQueryPlugins, not in mPrivilegedPlugins, pkgName=com.github.audiocenter
01-01 14:27:21.232  4465  4523 W PluginActionManager: handleQueryPlugins, not in mPrivilegedPlugins, pkgName=com.github.audiocenter
01-01 14:27:21.232  4465  4523 W PluginActionManager: handleQueryPlugins, not in mPrivilegedPlugins, pkgName=com.github.audiocenter
01-01 14:27:21.232  4465  4523 W PluginActionManager: handleQueryPlugins, not in mPrivilegedPlugins, pkgName=com.github.audiocenter
01-01 14:27:21.232  4465  4523 W PluginActionManager: handleQueryPlugins, not in mPrivilegedPlugins, pkgName=com.github.audiocenter
01-01 14:27:21.232  4465  4523 W PluginActionManager: handleQueryPlugins, not in mPrivilegedPlugins, pkgName=com.github.audiocenter
01-01 14:27:21.232  4465  4523 W PluginActionManager: handleQueryPlugins, not in mPrivilegedPlugins, pkgName=com.github.audiocenter
01-01 14:27:21.232  4465  4523 W PluginActionManager: handleQueryPlugins, not in mPrivilegedPlugins, pkgName=com.github.audiocenter
01-01 14:27:21.232  4465  4523 W PluginActionManager: handleQueryPlugins, not in mPrivilegedPlugins, pkgName=com.github.audiocenter
01-01 14:27:21.232  4465  4523 W PluginActionManager: handleQueryPlugins, not in mPrivilegedPlugins, pkgName=com.github.audiocenter
01-01 14:27:21.232  4465  4523 W PluginActionManager: handleQueryPlugins, not in mPrivilegedPlugins, pkgName=com.github.audiocenter
01-01 14:27:21.232  4465  4523 W PluginActionManager: handleQueryPlugins, not in mPrivilegedPlugins, pkgName=com.github.audiocenter
01-01 14:27:21.232  4465  4523 W PluginActionManager: handleQueryPlugins, not in mPrivilegedPlugins, pkgName=com.github.audiocenter
01-01 14:27:21.232  4465  4523 W PluginActionManager: handleQueryPlugins, not in mPrivilegedPlugins, pkgName=com.github.audiocenter
01-01 14:27:21.232  4465  4523 W PluginActionManager: handleQueryPlugins, not in mPrivilegedPlugins, pkgName=com.github.audiocenter
01-01 14:27:21.232  4465  4523 W PluginActionManager: handleQueryPlugins, not in mPrivilegedPlugins, pkgName=com.github.audiocenter
01-01 14:27:21.232  4465  4523 W PluginActionManager: handleQueryPlugins, not in mPrivilegedPlugins, pkgName=com.github.audiocenter
01-01 14:27:21.232  4465  4523 W PluginActionManager: handleQueryPlugins, not in mPrivilegedPlugins, pkgName=com.github.audiocenter
01-01 14:27:21.232  4465  4523 W PluginActionManager: handleQueryPlugins, not in mPrivilegedPlugins, pkgName=com.github.audiocenter
01-01 14:27:21.232  4465  4523 W PluginActionManager: handleQueryPlugins, not in mPrivilegedPlugins, pkgName=com.github.audiocenter
01-01 14:27:21.232  4465  4523 W PluginActionManager: handleQueryPlugins, not in mPrivilegedPlugins, pkgName=com.github.audiocenter
01-01 14:27:21.232  4465  4523 W PluginActionManager: handleQueryPlugins, not in mPrivilegedPlugins, pkgName=com.github.audiocenter
01-01 14:27:21.232  4465  4523 W PluginActionManager: handleQueryPlugins, not in mPrivilegedPlugins, pkgName=com.github.audiocenter
01-01 14:27:21.232  4465  4523 W PluginActionManager: handleQueryPlugins, not in mPrivilegedPlugins, pkgName=com.github.audiocenter
01-01 14:27:21.232  4465  4523 W PluginActionManager: handleQueryPlugins, not in mPrivilegedPlugins, pkgName=com.github.audiocenter
01-01 14:27:21.232  4465  4523 W PluginActionManager: handleQueryPlugins, not in mPrivilegedPlugins, pkgName=com.github.audiocenter
01-01 14:27:21.232  4465  4523 W PluginActionManager: handleQueryPlugins, not in mPrivilegedPlugins, pkgName=com.github.audiocenter
01-01 14:27:21.232  4465  4523 W PluginActionManager: handleQueryPlugins, not in mPrivilegedPlugins, pkgName=com.github.audiocenter
01-01 14:27:21.232  4465  4523 W PluginActionManager: handleQueryPlugins, not in mPrivilegedPlugins, pkgName=com.github.audiocenter
01-01 14:27:21.232  4465  4523 W PluginActionManager: handleQueryPlugins, not in mPrivilegedPlugins, pkgName=com.github.audiocenter
01-01 14:27:21.233  4465  4523 W PluginActionManager: handleQueryPlugins, not in mPrivilegedPlugins, pkgName=com.github.audiocenter
01-01 14:27:21.233  4465  4523 W PluginActionManager: handleQueryPlugins, not in mPrivilegedPlugins, pkgName=com.github.audiocenter
01-01 14:27:21.233  4546  4546 D ActivityThread: Package [com.github.audiocenter] reported as REPLACED, but missing application info. Assuming REMOVED.
01-01 14:27:21.233  4465  4523 W PluginActionManager: handleQueryPlugins, not in mPrivilegedPlugins, pkgName=com.github.audiocenter
01-01 14:27:21.233  4465  4523 W PluginActionManager: handleQueryPlugins, not in mPrivilegedPlugins, pkgName=com.github.audiocenter
01-01 14:27:21.233  4465  4523 W PluginActionManager: handleQueryPlugins, not in mPrivilegedPlugins, pkgName=com.github.audiocenter
01-01 14:27:21.233  4465  4523 W PluginActionManager: handleQueryPlugins, not in mPrivilegedPlugins, pkgName=com.github.audiocenter
01-01 14:27:21.233  4465  4523 W PluginActionManager: handleQueryPlugins, not in mPrivilegedPlugins, pkgName=com.github.audiocenter
01-01 14:27:21.233  4465  4523 W PluginActionManager: handleQueryPlugins, not in mPrivilegedPlugins, pkgName=com.github.audiocenter
01-01 14:27:21.233  4465  4523 W PluginActionManager: handleQueryPlugins, not in mPrivilegedPlugins, pkgName=com.github.audiocenter
01-01 14:27:21.233  4465  4523 W PluginActionManager: handleQueryPlugins, not in mPrivilegedPlugins, pkgName=com.github.audiocenter
01-01 14:27:21.233  4465  4523 W PluginActionManager: handleQueryPlugins, not in mPrivilegedPlugins, pkgName=com.github.audiocenter
01-01 14:27:21.233  4465  4523 W PluginActionManager: handleQueryPlugins, not in mPrivilegedPlugins, pkgName=com.github.audiocenter
01-01 14:27:21.233  4465  4523 W PluginActionManager: handleQueryPlugins, not in mPrivilegedPlugins, pkgName=com.github.audiocenter
01-01 14:27:21.233  4465  4523 W PluginActionManager: handleQueryPlugins, not in mPrivilegedPlugins, pkgName=com.github.audiocenter
01-01 14:27:21.233  4465  4523 W PluginActionManager: handleQueryPlugins, not in mPrivilegedPlugins, pkgName=com.github.audiocenter
01-01 14:27:21.233 31701  7373 W InstallAppUtil: add: com.github.audiocenter
01-01 14:27:21.235 31701   765 W mk_frozen: start short task:force_pkg
01-01 14:27:21.235 31701   765 W mk_frozen: real start short task:force_pkg,isAuto:false
01-01 14:27:21.237  5471 31529 I midasd  : OplusObrainService::notifyEventIntStringString eventId:101 iParam:10604 strParam0:com.github.audiocenter strParam1:1.0
01-01 14:27:21.238 31701 31752 W mk_frozen: onSuccess:force_pkg,requestId:46,delayTime:120000
01-01 14:27:21.243  1460  1460 D Zygote  : Forked child process 7398
01-01 14:27:21.245  6611  6611 I Qsb-PackageChangeReceiver: action:android.intent.action.PACKAGE_ADDED packageName:com.github.audiocenter isFromHide:false
01-01 14:27:21.245  6611  6611 D ActivityThread: Package [com.github.audiocenter] reported as REPLACED, but missing application info. Assuming REMOVED.
01-01 14:27:21.246  3140  3140 I Quality : GetResourcesInfo:63926406,/data/app/~~5ft1z2iymK3T8e0wtbKsiQ==/com.github.audiocenter-WWcAnLaQK67kNYJwDbr--A==/base.apk
01-01 14:27:21.247  3140  3273 I ActivityManager: Start proc 7398:com.heytap.mcs.appservice/1000 for content provider {com.heytap.mcs/com.heytap.mcs.biz.appservice.provider.AppServiceContentProvider}
01-01 14:27:21.247  8590  9601 I SG::ExternalProvider: call method scanSingle, arg package:com.github.audiocenter [base|com.oplus.pantanal.ums|1.5.5-f48228a]
01-01 14:27:21.247  8590  9601 I SG::UmsScanner: scan pkg: com.github.audiocenter start...
01-01 14:27:21.247  4734  5805 I GameSpaceUI.GameSpaceInterfaceService: call key: key_notification,command: command_on_receive_notification
01-01 14:27:21.248  4734  5805 I GameSpaceUI.COSAInitMonitorHelper: registerCosaConnect start
01-01 14:27:21.248  4734  5805 I GameSpaceUI.COSAController: cosaController
01-01 14:27:21.248  5235  5954 I iopgp   : PreloadService: TRANSACTION_IOPGP_ON_PACKAGES_CHANGED
01-01 14:27:21.248  5235  5954 I iopgp   : Iopgp: TRANSACTION_IOPGP_ON_PACKAGES_CHANGED  pkg_name = com.github.audiocenter pkg_version = 1 isDeleted = 0
01-01 14:27:21.248  4734  5805 I GameSpaceUI.COSAController: isSupportCosa = true
01-01 14:27:21.248  5235  5235 D iopgp   : Same version package com.github.audiocenter with version 1
01-01 14:27:21.248  5235  5235 D iopgp   : OnPackageChangeEvent:old package version is 1
01-01 14:27:21.248  3140  4038 I SdkSandboxManager: No SDKs used. Skipping SDK data reconcilation for CallingInfo{mUid=10604, mPackageName='com.github.audiocenter, mAppProcessToken='null'}
01-01 14:27:21.249  6611  6630 I Qsb-PackageChangeReceiver: return by repeat:com.github.audiocenter
01-01 14:27:21.250  3837  3837 I SafetyLabelChangedBroadcastReceiver: received broadcast packageName: com.github.audiocenter, current user: UserHandle{0}, packageChangeEvent: UPDATE, intent user: UserHandle{0}
01-01 14:27:21.250  4734  5805 I GameSpaceUI.COSAInitMonitorHelper: monitorSdkInitSync  invoke
01-01 14:27:21.250  4734  5805 I GameSpaceUI.COSAInitMonitorHelper: registerCosaConnect all sdk inited return
01-01 14:27:21.250  4734  5805 I GameSpaceUI.GameSpaceInterfaceService: call key end ####################################### 
01-01 14:27:21.250  4734  5805 I GameSpaceUI.FuncModuleHandler: handle, key: key_notification,command: command_on_receive_notification
01-01 14:27:21.250  4734  5805 I GameSpaceUI.NotificationReceiveCommandExecutor: action : android.intent.action.PACKAGE_REMOVED, pkg : com.github.audiocenter
01-01 14:27:21.250  4734  5805 I GameSpaceUI.PackageNotificationReceiver: handlePackageChanged action : android.intent.action.PACKAGE_REMOVED, pkg: com.github.audiocenter 
01-01 14:27:21.252  3837  3863 I PermissionControllerServiceImpl: Updating user sensitive for uid 10604
01-01 14:27:21.253  3140  3427 W ActivityManager: Skipping broadcast of Intent { act=android.intent.action.PACKAGE_REPLACED dat=package: flg=0x4000010 pkg=com.android.vending (has extras) }: user 10 and its parent (if any) are stopped
01-01 14:27:21.256  3140  3427 W ActivityManager: Skipping broadcast of Intent { act=android.intent.action.MY_PACKAGE_REPLACED flg=0x4000010 pkg=com.github.audiocenter (has extras) }: user 10 and its parent (if any) are stopped
01-01 14:27:21.256  3140  3427 D PackageInstallerSessionExtImpl: recordSotaAppResult stagedSession is null
01-01 14:27:21.256  3140  3427 D PackageInstallerSession: Marking session 1541573023 as applied
01-01 14:27:21.256  3140  3427 D InstallerExtImpl: Avoid to hold lock when rmPackageDir
01-01 14:27:21.259  3140  3140 W Looper  : Slow delivery took 218ms main h=android.app.ActivityThread$H c=android.app.LoadedApk$ReceiverDispatcher$Args$$ExternalSyntheticLambda0@1085c11 m=0
01-01 14:27:21.261  5223  5223 D ActivityThread: Package [com.github.audiocenter] reported as REPLACED, but missing application info. Assuming REMOVED.
01-01 14:27:21.263  4197  4197 D ActivityThread: Package [com.github.audiocenter] reported as REPLACED, but missing application info. Assuming REMOVED.
01-01 14:27:21.264 13609 13609 D ActivityThread: Package [com.github.audiocenter] reported as REPLACED, but missing application info. Assuming REMOVED.
01-01 14:27:21.264 10114 10114 D ActivityThread: Package [com.github.audiocenter] reported as REPLACED, but missing application info. Assuming REMOVED.
01-01 14:27:21.265  5374  5374 D ActivityThread: Package [com.github.audiocenter] reported as REPLACED, but missing application info. Assuming REMOVED.
01-01 14:27:21.265  8264  8264 D ActivityThread: Package [com.github.audiocenter] reported as REPLACED, but missing application info. Assuming REMOVED.
01-01 14:27:21.265  4546  4546 D ActivityThread: Package [com.github.audiocenter] reported as REPLACED, but missing application info. Assuming REMOVED.
01-01 14:27:21.265  8684  8684 D ActivityThread: Package [com.github.audiocenter] reported as REPLACED, but missing application info. Assuming REMOVED.
01-01 14:27:21.265  5374  5374 D OplusQConfigSetting: mQconfigWhiteList size: 18
01-01 14:27:21.265  5374  5374 E OplusQConfigSetting: not whitelist com.github.audiocenter
01-01 14:27:21.265  5374  5374 D OplusQConfigSetting: mQconfigWhiteList:com.ss.android.ugc.aweme
01-01 14:27:21.265  5374  5374 D OplusQConfigSetting: mQconfigWhiteList:air.tv.douyu.android
01-01 14:27:21.265  5374  5374 D OplusQConfigSetting: mQconfigWhiteList:tv.danmaku.bili:ijkservice
01-01 14:27:21.265  5374  5374 D OplusQConfigSetting: mQconfigWhiteList:com.tencent.weishi
01-01 14:27:21.265  5374  5374 D OplusQConfigSetting: mQconfigWhiteList:com.sina.weibo
01-01 14:27:21.265  5374  5374 D OplusQConfigSetting: mQconfigWhiteList:com.instagram.android
01-01 14:27:21.265  5374  5374 D OplusQConfigSetting: mQconfigWhiteList:com.duowan.kiwi
01-01 14:27:21.265  5374  5374 D OplusQConfigSetting: mQconfigWhiteList:tv.danmaku.bilibilihd
01-01 14:27:21.265  5374  5374 D OplusQConfigSetting: mQconfigWhiteList:com.heytap.yoli:media
01-01 14:27:21.265  5374  5374 D OplusQConfigSetting: mQconfigWhiteList:com.heytap.yoli
01-01 14:27:21.265  5374  5374 D OplusQConfigSetting: mQconfigWhiteList:com.smile.gifmaker
01-01 14:27:21.265  5374  5374 D OplusQConfigSetting: mQconfigWhiteList:tv.danmaku.bili
01-01 14:27:21.265  5374  5374 D OplusQConfigSetting: mQconfigWhiteList:com.heytap.ugcvideo.praise
01-01 14:27:21.265  5374  5374 D OplusQConfigSetting: mQconfigWhiteList:com.hunantv.imgo.activity
01-01 14:27:21.265  5374  5374 D OplusQConfigSetting: mQconfigWhiteList:com.tencent.qqlive
01-01 14:27:21.265  5374  5374 D OplusQConfigSetting: mQconfigWhiteList:com.qiyi.video
01-01 14:27:21.265  5374  5374 D OplusQConfigSetting: mQconfigWhiteList:com.google.android.youtube
01-01 14:27:21.265  5374  5374 D OplusQConfigSetting: mQconfigWhiteList:com.youku.phone
01-01 14:27:21.265  4612  4612 D ActivityThread: Package [com.github.audiocenter] reported as REPLACED, but missing application info. Assuming REMOVED.
01-01 14:27:21.266 13609 13609 D ActivityThread: Package [com.github.audiocenter] reported as REPLACED, but missing application info. Assuming REMOVED.
01-01 14:27:21.266 10114 10114 D ActivityThread: Package [com.github.audiocenter] reported as REPLACED, but missing application info. Assuming REMOVED.
01-01 14:27:21.266  8684  8684 D ActivityThread: Package [com.github.audiocenter] reported as REPLACED, but missing application info. Assuming REMOVED.
01-01 14:27:21.269  8264  8264 D ActivityThread: Package [com.github.audiocenter] reported as REPLACED, but missing application info. Assuming REMOVED.
01-01 14:27:21.270  4612  4612 D ActivityThread: Package [com.github.audiocenter] reported as REPLACED, but missing application info. Assuming REMOVED.
01-01 14:27:21.276  4197  4197 D ActivityThread: Package [com.github.audiocenter] reported as REPLACED, but missing application info. Assuming REMOVED.
01-01 14:27:21.277  3140  5505 D CompatChangeReporter: Compat change id reported: 151861875; UID 10127; state: ENABLED
01-01 14:27:21.278  3140  5505 V GrammaticalInflectionUtils: AttributionSource: android.content.AttributionSource@9b52b12 does not have READ_SYSTEM_GRAMMATICAL_GENDER permission.
01-01 14:27:21.282 31701   765 W mk_frozen: cancel short task:force_pkg
01-01 14:27:21.282 31701   765 W mk_frozen: ****ST: force_pkg,526821357,120000,526941357
01-01 14:27:21.282 31701   765 W mk_frozen: real cancel short task:force_pkg,requestId:46
01-01 14:27:21.283  4224  4224 D ActivityThread: Package [com.github.audiocenter] reported as REPLACED, but missing application info. Assuming REMOVED.
01-01 14:27:21.284  4490  4490 D ActivityThread: Package [com.github.audiocenter] reported as REPLACED, but missing application info. Assuming REMOVED.
01-01 14:27:21.285 29782 29802 D NotificationBackend: getClosedSuperFirewallByBinder: closedSuperFirewall=true,isCalledByBinder=true
01-01 14:27:21.285 29782 29802 D NotificationBackend: processPackageBroadcast: action start:android.intent.action.PACKAGE_REPLACED
01-01 14:27:21.285 29782 29802 W ContextImpl: Calling a method in the system process without a qualified user: android.app.ContextImpl.sendBroadcast:1276 com.oplus.notificationmanager.AppModificationReceiver.notifyAppModified:4 com.oplus.notificationmanager.NotificationBackend.processPackageBroadcast:102 com.oplus.notificationmanager.NotificationBackend.lambda$onReceivedBroadcast$5:12 com.oplus.notificationmanager.NotificationBackend.i:1 
01-01 14:27:21.286  4224  4224 D ActivityThread: Package [com.github.audiocenter] reported as REPLACED, but missing application info. Assuming REMOVED.
01-01 14:27:21.286  4490  4490 D ActivityThread: Package [com.github.audiocenter] reported as REPLACED, but missing application info. Assuming REMOVED.
01-01 14:27:21.298  3140  3298 D OplusSmartBrightnessController: CtsTest = false
01-01 14:27:21.299  3140  3298 D OplusDisplayBrightnessBroadcastReceiver: onReceive action = android.intent.action.PACKAGE_ADDED , listeners = [com.android.server.display.OplusSmartBrightnessController$SmartBroadcastReceiver@5336313]
01-01 14:27:21.301  4197  7377 W app_active: onActive: RECEIVER_PACKAGE
01-01 14:27:21.303  4197  7377 W app_active: getBgActiveTaskConfig success:{}
01-01 14:27:21.304  3140  3140 V BackupManagerConstants: getFullBackupIntervalMilliseconds(...) returns 86400000
01-01 14:27:21.305  3140  3140 V BackupManagerConstants: getFullBackupRequiredNetworkType(...) returns 2
01-01 14:27:21.305  3140  3140 V BackupManagerConstants: getFullBackupRequireCharging(...) returns true
01-01 14:27:21.281 30085  7390 D PermissionService: onHandleIntent, action=action.PACKAGE_REPLACED current user: 0, addedStageProtectInfo=false
01-01 14:27:21.306 30085 30085 D SystemAlertManager: receive pkg install:com.github.audiocenter
01-01 14:27:21.308  4197  4705 W BusinessInitializer: called
01-01 14:27:21.309  1460  1460 D Zygote  : Forked child process 7408
01-01 14:27:21.311  3140  3273 I ActivityManager: Start proc 7408:com.coloros.phonemanager:scan/u0a127 for service {com.coloros.phonemanager/com.mqvs.security.services.DeepScanService}
01-01 14:27:21.310  3140  3140 W binder:3140_14: type=1400 audit(0.0:269926): avc:  denied  { getopt } for  scontext=u:r:system_server:s0 tcontext=u:r:shell:s0 tclass=unix_stream_socket permissive=0
01-01 14:27:21.310  3140  3140 W binder:3140_14: type=1400 audit(0.0:269927): avc:  denied  { getopt } for  scontext=u:r:system_server:s0 tcontext=u:r:shell:s0 tclass=unix_stream_socket permissive=0
01-01 14:27:21.310  3140  3140 W binder:3140_14: type=1400 audit(0.0:269928): avc:  denied  { getopt } for  scontext=u:r:system_server:s0 tcontext=u:r:shell:s0 tclass=unix_stream_socket permissive=0
01-01 14:27:21.313 20728 20728 I ContextAware_DaemonReceiver: onReceive:android.intent.action.PACKAGE_REMOVED [base|com.oplus.metis|2.0.20-aa39d14]
01-01 14:27:21.313 20728 20728 I ContextAware_DaemonReceiver: onReceive end
01-01 14:27:21.313 20728 20762 I ContextAware_DaemonReceiver: handleBroadcast:android.intent.action.PACKAGE_REMOVED, for replacing
01-01 14:27:21.313 20728 20728 I metis_v2_SettingBroadcastReceiver: onReceive, action = android.intent.action.PACKAGE_REMOVED
01-01 14:27:21.313 20728 20728 I metis_v2_SettingBroadcastReceiver: onReceive:android.intent.action.PACKAGE_REMOVED, for replacing
01-01 14:27:21.313 20728 20728 I ContextAware_DaemonReceiver: onReceive:android.intent.action.PACKAGE_ADDED
01-01 14:27:21.313 20728 20728 I ContextAware_DaemonReceiver: onReceive end
01-01 14:27:21.314 20728 20728 I metis_v2_SettingBroadcastReceiver: onReceive, action = android.intent.action.PACKAGE_ADDED
01-01 14:27:21.314 20728 20728 I metis_v2_SettingBroadcastReceiver: onReceive:android.intent.action.PACKAGE_ADDED, for replacing
01-01 14:27:21.314 20728 20728 I ContextAware_DaemonReceiver: onReceive:android.intent.action.PACKAGE_REPLACED
01-01 14:27:21.314 20728 20728 I ContextAware_DaemonReceiver: onReceive end
01-01 14:27:21.315  3140  3427 D OplusInstallAccelerateManager: stopAccelerate()
01-01 14:27:21.315  3140  3427 D OplusInstallAccelerateManager: operateCpuBouncingIfNeeded()
01-01 14:27:21.315  3140  3427 D OplusInstallAccelerateManager: originatingPackageName = unknown
01-01 14:27:21.315  3140  3427 D OplusInstallAccelerateManager: initiatingPackageName = com.android.shell
01-01 14:27:21.315  3140  3427 D OplusInstallAccelerateManager: installerPackageName = unknown
01-01 14:27:21.315 30085 30085 D ActivityThread: Package [com.github.audiocenter] reported as REPLACED, but missing application info. Assuming REMOVED.
01-01 14:27:21.316 20728 20762 I ContextAware_DaemonReceiver: handleBroadcast:android.intent.action.PACKAGE_ADDED, for replacing
01-01 14:27:21.316 20728 20762 I ContextAware_DaemonReceiver: handleBroadcast:android.intent.action.PACKAGE_REPLACED
01-01 14:27:21.317  3140  3409 D OplusInstallAccelerateManager: handleMessage(1000)
01-01 14:27:21.317  3140  3409 D OplusInstallAccelerateManager: recoveryCpuBouncingIfNeeded(1541573023, false)
01-01 14:27:21.317  3140  3409 D OplusInstallAccelerateManager: remove message 1541573023
01-01 14:27:21.318 30085 30085 D ActivityThread: Package [com.github.audiocenter] reported as REPLACED, but missing application info. Assuming REMOVED.
01-01 14:27:21.318  3140  3409 D OplusInstallAccelerateManager: recoveryCpuBouncing()
01-01 14:27:21.318  3140  3409 D UAH-UahAdaptHelper: adaptSetNotification identity = OplusInstallAccelerateManagersrc = 111 , type -1 ,p1 = 0 ,p2 = 0 ,p3 = 0 ,p4 =finish install
01-01 14:27:21.318  3140  3409 I [UAH_CLIENT]: uahRuleCtl, ruleId:111, status:-1
01-01 14:27:21.322 20728 20742 D AppRecommend_AppRecommendDispatch: receive app from app_uninstall_event
01-01 14:27:21.322 20728 20742 I AppRecommend_AppRecommendDispatch: dispatch app event with app_uninstall_event
01-01 14:27:21.323  8712  8712 V DeepThinker: BroadcastReceiverWrapper: onReceive, start dispatch android.media.ACTION_AUDIO_RECORD_STOP
01-01 14:27:21.323  8712  8712 V DeepThinker: BroadcastReceiverWrapper: onReceive, finish dispatch android.media.ACTION_AUDIO_RECORD_STOP  category : null  Time consuming : 0 ms
01-01 14:27:21.323 17589 24003 D BinderSender: onUidCachedChanged: uid=10134
01-01 14:27:21.323  8712  8712 V DeepThinker: BroadcastReceiverWrapper: onReceive, start dispatch oplus.intent.action.PACKAGE_REMOVED
01-01 14:27:21.323  8712  8712 V DeepThinker: BroadcastReceiverWrapper: onReceive, finish dispatch oplus.intent.action.PACKAGE_REMOVED  category : null  Time consuming : 0 ms
01-01 14:27:21.323  8712  8712 V DeepThinker: BroadcastReceiverWrapper: onReceive, start dispatch oplus.intent.action.PACKAGE_ADDED
01-01 14:27:21.323 17589 24003 V BinderSender: Uid 10134 already starts
01-01 14:27:21.323  8712  8712 V DeepThinker: BroadcastReceiverWrapper: onReceive, finish dispatch oplus.intent.action.PACKAGE_ADDED  category : null  Time consuming : 0 ms
01-01 14:27:21.323  8712  8712 V DeepThinker: BroadcastReceiverWrapper: onReceive, start dispatch oplus.intent.action.PACKAGE_ADDED
01-01 14:27:21.323  8712  8712 V DeepThinker: BroadcastReceiverWrapper: onReceive, finish dispatch oplus.intent.action.PACKAGE_ADDED  category : null  Time consuming : 0 ms
01-01 14:27:21.323 17589 17615 D BinderSender: onUidCachedChanged: uid=10134, cached=false
01-01 14:27:21.323 17589 17615 V BinderSender: Uid 10134 already starts
01-01 14:27:21.326   851   851 E lowmemorykiller: device memory 661379 free 40460 file 629436
01-01 14:27:21.330 29394  5444 I DMP-RemoteWorkProcessor: process:onReceivearg: android.intent.action.PACKAGE_REPLACEDextras:Bundle[mParcelledData.dataSize=88]
01-01 14:27:21.330 29394 29445 I DMP-BusinessHandler: handleMessage:1
01-01 14:27:21.330 29394 29445 W DMP-BusinessHandler: in clearDMPExternalIndexData method, action is not clear or remove
01-01 14:27:21.330 29394 29445 I DMP-IndexProvider: call, authority[com.oplus.dmp.index], method[onReceive], resource[null]
01-01 14:27:21.335  3140  3140 D CompatChangeReporter: Compat change id reported: 311402873; UID 1000; state: ENABLED
01-01 14:27:21.335  3140  3140 D CompatChangeReporter: Compat change id reported: 323349338; UID 1000; state: ENABLED
01-01 14:27:21.337  4519  5041 D PhoneInterfaceManager: QueryTelephonyChecker-getDataNetworkTypeForSubscriber: packageName = com.microsoft.appmanager, isGrant = true
01-01 14:27:21.339 29394 29445 I DMP-AppInitializer: isAppAvailable for indexCall, caller: com.oplus.dmp
01-01 14:27:21.341 15477 15477 I OVMS-OVMS_AudioRecordingReceiver: onReceive(): recording stop, pid = 24889
01-01 14:27:21.341  3140  3140 D NotificationService--OplusNotificationManagerServiceExtImpl: notifyDelayRemovedLocked sbnList isEmpty
01-01 14:27:21.341  3140  3140 D NotificationService--OplusNotificationManagerServiceExtImpl: notifyDelayRemovedLocked sbnList isEmpty
01-01 14:27:21.342  3140  3140 D ActivityThread: Package [com.github.audiocenter] reported as REPLACED, but missing application info. Assuming REMOVED.
01-01 14:27:21.343 20728  7187 I AppRecommend_AppSortAlgorithmManager: sortForAppUserEvent sendMessage
01-01 14:27:21.344  3140  3140 W AlarmManager: Package com.github.audiocenter, uid 10604 lost permission to set exact alarms!
01-01 14:27:21.344 29782 29802 D NotificationBackend: processBroadcast: action end:android.intent.action.PACKAGE_REPLACED
01-01 14:27:21.344  3140  3140 D NotificationService--OplusNotificationManagerServiceExtImpl: notifyDelayRemovedLocked,reason:5 isGroup:false
01-01 14:27:21.344  3140  3140 D NotificationService--OplusNotificationManagerServiceExtImpl: notifyDelayRemovedLocked,reason:5 isGroup:false
01-01 14:27:21.344  3140  3140 D ActivityThread: Package [com.github.audiocenter] reported as REPLACED, but missing application info. Assuming REMOVED.
01-01 14:27:21.348 20728 21004 D AppRecommend_AppFilterProcessor: after filter, app list: 63
01-01 14:27:21.348 20728 21004 D AppRecommend_AppSendProcessor: unInstall app list: com.microsoft.launcher tv.danmaku.bili com.github.audiocenter io.homeassistant.companion.android com.taobao.idlefish com.tencent.mm com.quark.browser com.ss.android.ugc.aweme com.arlosoft.macrodroid info.dvkr.screenstream.dev com.taobao.taobao com.heytap.browser com.wujie.connect com.tencent.mobileqq com.eg.android.AlipayGphone com.android.mms com.larus.nova com.jd.jdlogistic com.xm.xinda com.tools.frp com.coloros.gallery3d com.chaoxing.mobile com.example.ava com.coolkit com.android.chrome com.sf.activity com.ecoflow org.autojs.autojspro com.netease.cloudmusic org.autojs.autoxjs.v6 com.kingosoft.activity_kb_common com.github.metacubex.clash.meta com.byyoung.setting in.dc297.mqttclpro net.dinglisch.android.taskerm com.example.appui com.jingdong.app.mall com.android.vending com.unionpay com.tencent.androidqqmail com.termux com.xunmeng.pinduoduo com.autonavi.minimap com.microsoft.bing com.v2cross.proxy io.xapk.installer moe.shizuku.privileged.api io.github.huskydg.magisk com.android.bankabc com.cainiao.wireless com.finshell.wallet com.mc.miband1 com.xiaomi.smarthome cn.rayneo.mercury com.tencent.hunyuan.app.chat org.mozilla.firefox com.qx.ajserver com.oplus.camera com.MobileTicket com.github.android org.aigame.pro com.coloros.note com.homeassistant.mdhelper 
01-01 14:27:21.348 20728 21004 I AppRecommend_AppDispatcher: dispatch app list:63,Total packages:com.microsoft.launcher,tv.danmaku.bili,com.github.audiocenter,io.homeassistant.companion.android,com.taobao.idlefish,com.tencent.mm,com.quark.browser,com.ss.android.ugc.aweme,com.arlosoft.macrodroid,info.dvkr.screenstream.dev,com.taobao.taobao,com.heytap.browser,com.wujie.connect,com.tencent.mobileqq,com.eg.android.AlipayGphone,com.android.mms,com.larus.nova,com.jd.jdlogistic,com.xm.xinda,com.tools.frp,com.coloros.gallery3d,com.chaoxing.mobile,com.example.ava,com.coolkit,com.android.chrome,com.sf.activity,com.ecoflow,org.autojs.autojspro,com.netease.cloudmusic,org.autojs.autoxjs.v6,com.kingosoft.activity_kb_common,com.github.metacubex.clash.meta,com.byyoung.setting,in.dc297.mqttclpro,net.dinglisch.android.taskerm,com.example.appui,com.jingdong.app.mall,com.android.vending,com.unionpay,com.tencent.androidqqmail,com.termux,com.xunmeng.pinduoduo,com.autonavi.minimap,com.microsoft.bing,com.v2cross.proxy,io.xapk.installer,moe.shizuku.privileged.api,io.github.huskydg.magisk,com.android.bankabc,com.cainiao.wireless,com.finshell.wallet,com.mc.miband1,com.xiaomi.smarthome,cn.rayneo.mercury,com.tencent.hunyuan.app.chat,org.mozilla.firefox,com.qx.ajserver,com.oplus.camera,com.MobileTicket,com.github.android,org.aigame.pro,com.coloros.note,com.homeassistant.mdhelper
01-01 14:27:21.349 20728 21004 D AppRecommend_AppDispatcher: opush config: AppOpushInfo[recallType=2, commerceQuantity=0, commerce=0, time=120,count=10, wificount=5000,allowAddCommerceAdCount=0,allowWeightCommerceAdCount=0,allowWeightCommerceAdRank=0,commerceQueryAdCount=2,commerceQueryWifiAdCount=5,commerceTotalAdCount=20,commerceTotalWifiAdCount=-1,appRecommendIntentId=13151001,appRecommendQuerySwitch=0,appRecommendQueryShowRate=12,appRecommendQueryClickMax=0.3,appRecommendQueryClickMin=0.1,appSugNewAppSwitch=0,appSugActivateAppCount=1,appSugActivateAppThreshold=0.005,appChannelSwitch=1,appSugAdLimitSwitch=0,requestTime={home=30,left=120,delay=5},commerceConfig={addCount=1, threshod=5.0E-4},requestLimit={[RequestConfig={launch-breeno, true, requestCount=200, QueryNum=20, DailyNum=-1}, RequestConfig={launch-breeno, false, requestCount=10, QueryNum=5, DailyNum=50}, RequestConfig={assistant-breeno, true, requestCount=200, QueryNum=5, DailyNum=-1}, RequestConfig={assistant-breeno, false, requestCount=10, QueryNum=2, DailyNum=20}]}, commerceMixSortAlg = 1,commerceClickCnt = {-1}, commerceReqEventType = 2 commerceAbTestType = 0, appSugShortCutSwitch=0 commerceAdloadCount = 0, appAdSwitchTime = null appSugCardExpiredTime = null, appSugPriorityRF = 0, appSugPriorityRFList = null, commerceAd1x2AdCardSwitch = 0, commerceAd1x2AdCardThreshold = 25, commerceNewDeviceAdLimit = 7, appAdExposureRequestDelayTime = 5, appAdExposureRequestDelayWifiTime = 5] 
01-01 14:27:21.349 20728 21004 D AppRecommend_AppRecommendUtil: Get hidden app []
01-01 14:27:21.349 20728 21004 D AppRecommend_AppRecommendUtil: no risk and block app
01-01 14:27:21.349 20728 21004 I metis_v2_BreenoSwitchSettingObserver: panta-sugg-getMasterSwitchStatus from cache:true
01-01 14:27:21.351  6611  6639 I Qsb-RemovableAppManager: isRemovableCanAccess: true
01-01 14:27:21.351 29394 29445 I DMP-IndexProvider: Process index init succeed
01-01 14:27:21.352 29394 29445 I DMP-Dispatcher: dispatchWork, method[onReceive], resource[null], extras[Bundle[{action=android.intent.action.PACKAGE_REPLACED, package=com.github.audiocenter}]]
01-01 14:27:21.352 29394 29445 I DMP-Dispatcher: dispatchToMultiResource, method: onReceive, extras: Bundle[{action=android.intent.action.PACKAGE_REPLACED, package=com.github.audiocenter}]
01-01 14:27:21.352 29394 29445 I DMP-PermissionUtil: isPermissionGranted, resource: localApp, basic: false
01-01 14:27:21.352 29394 29445 I DMP-PermissionUtil: unsupported resource or no permission required for resource: localApp
01-01 14:27:21.352 29394 29445 I DMP-Create: canCreate canCreate resource : localApp method : onReceive workName: onReceiveWork
01-01 14:27:21.352 29394 29445 I DMP-Create: localApp isPersonaResourceOpen : false
01-01 14:27:21.352 29394 29445 I DMP-Create: IndexStatus CHECK: null
01-01 14:27:21.352  4734  5805 I GameSpaceUI.GameSpaceInterfaceService: call key: key_notification,command: command_on_receive_notification
01-01 14:27:21.353  4734  5805 I GameSpaceUI.COSAInitMonitorHelper: registerCosaConnect start
01-01 14:27:21.353  4734  5805 I GameSpaceUI.COSAController: cosaController
01-01 14:27:21.353  4734  5805 I GameSpaceUI.COSAController: isSupportCosa = true
01-01 14:27:21.353  4734  5805 I GameSpaceUI.COSAInitMonitorHelper: monitorSdkInitSync  invoke
01-01 14:27:21.353  4734  5805 I GameSpaceUI.COSAInitMonitorHelper: registerCosaConnect all sdk inited return
01-01 14:27:21.353  4734  5805 I GameSpaceUI.GameSpaceInterfaceService: call key end ####################################### 
01-01 14:27:21.353  4734  5805 I GameSpaceUI.FuncModuleHandler: handle, key: key_notification,command: command_on_receive_notification
01-01 14:27:21.353  4734  5805 I GameSpaceUI.NotificationReceiveCommandExecutor: action : android.intent.action.PACKAGE_REPLACED, pkg : com.github.audiocenter
01-01 14:27:21.353  4734  5805 I GameSpaceUI.PackageNotificationReceiver: handlePackageChanged action : android.intent.action.PACKAGE_REPLACED, pkg: com.github.audiocenter 
01-01 14:27:21.355  6611  6639 I Qsb-RemovableAppManager: getRemovableAppPackageList() done!
01-01 14:27:21.357  4197  7377 W GcActiveStat: activeType=RECEIVER_PACKAGE, normalCanActiveList size=0, pollingCanActiveList size=0
01-01 14:27:21.357  4197  7377 W InstallAppUtil: add: com.github.audiocenter
01-01 14:27:21.357 15477 15477 I OVMS-WakeupService: getVprintType(): vprintType 1
