01-01 14:27:20.549 29000 29074 D ::b     : getRecentTasks() taskInfo: ComponentInfo{com.tencent.mm/com.tencent.mm.ui.LauncherUI}, ComponentInfo{com.tencent.mm/com.tencent.mm.ui.LauncherUI}, Intent { act=android.intent.action.MAIN cat=[android.intent.category.LAUNCHER] flg=0x10200000 cmp=com.tencent.mm/.ui.LauncherUI mCallingUid=10464 }, userId: 0
01-01 14:27:20.549 29000 29074 D ::b     : getRecentTasks() taskInfo: ComponentInfo{com.taobao.taobao/com.taobao.tao.welcome.Welcome}, ComponentInfo{com.taobao.taobao/com.taobao.search.uniform.SearchActivity}, Intent { act=android.intent.action.MAIN cat=[android.intent.category.LAUNCHER] flg=0x10200000 cmp=com.taobao.taobao/com.taobao.tao.welcome.Welcome mCallingUid=10464 }, userId: 0
01-01 14:27:20.549 29000 29074 D ::b     : getRecentTasks() taskInfo: ComponentInfo{com.taobao.idlefish/com.taobao.idlefish.maincontainer.activity.MainActivity}, ComponentInfo{com.taobao.idlefish/com.idlefish.flutterbridge.flutterboost.boost.FishFlutterBoostTransparencyActivity}, Intent { act=android.intent.action.MAIN cat=[android.intent.category.LAUNCHER] flg=0x10200000 cmp=com.taobao.idlefish/com.taobao.fleamarket.home.activity.InitActivity mCallingUid=10464 }, userId: 0
01-01 14:27:20.549 29000 29074 D ::b     : getRecentTasks() taskInfo: ComponentInfo{com.tencent.mm/com.tencent.mm.ui.LauncherUI}, ComponentInfo{com.tencent.mm/com.tencent.mm.ui.LauncherUI}, Intent { act=android.intent.action.MAIN cat=[android.intent.category.LAUNCHER] flg=0x10000000 pkg=com.tencent.mm cmp=com.tencent.mm/.ui.LauncherUI oflg=0x10000 mCallingUid=1000 }, userId: 999
01-01 14:27:20.549 29000 29074 D ::b     : getRecentTasks() taskInfo: ComponentInfo{io.homeassistant.companion.android/io.homeassistant.companion.android.webview.WebViewActivity}, ComponentInfo{io.homeassistant.companion.android/io.homeassistant.companion.android.webview.WebViewActivity}, Intent { act=android.intent.action.MAIN cat=[android.intent.category.LAUNCHER] flg=0x10200000 pkg=io.homeassistant.companion.android cmp=io.homeassistant.companion.android/.launch.LaunchActivity mCallingUid=10430 }, userId: 0
01-01 14:27:20.549 29000 29074 D ::b     : getRecentTasks() taskInfo: ComponentInfo{com.larus.nova/com.larus.home.impl.MainActivity}, ComponentInfo{com.larus.nova/com.larus.bmhome.chat.ChatActivity}, Intent { act=android.intent.action.MAIN cat=[android.intent.category.LAUNCHER] flg=0x10200000 cmp=com.larus.nova/com.larus.home.impl.alias.AliasActivity1 mCallingUid=10464 }, userId: 0
01-01 14:27:20.549 29000 29074 D ::b     : getRecentTasks() taskInfo: ComponentInfo{in.dc297.mqttclpro/in.dc297.mqttclpro.activity.BrokersListActivity}, ComponentInfo{in.dc297.mqttclpro/in.dc297.mqttclpro.activity.BrokersListActivity}, Intent { act=android.intent.action.MAIN cat=[android.intent.category.LAUNCHER] flg=0x10200000 cmp=in.dc297.mqttclpro/.activity.BrokersListActivity mCallingUid=10464 }, userId: 0
01-01 14:27:20.550 29000 29074 D ::b     : getRecentTasks() taskInfo: ComponentInfo{com.wujie.connect/com.wujie.connect.main.MainActivity}, ComponentInfo{com.wujie.connect/com.wujie.connect.main.MainActivity}, Intent { act=android.intent.action.MAIN cat=[android.intent.category.LAUNCHER] flg=0x10200000 cmp=com.wujie.connect/.main.SplashActivity mCallingUid=10464 }, userId: 0
01-01 14:27:20.550 29000 29074 D ::b     : getRecentTasks() taskInfo: ComponentInfo{com.jd.jdlogistic/com.jd.jdlogistic.flutter.HomeActivity}, ComponentInfo{com.jd.jdlogistic/com.jd.jdlogistic.flutter.HomeActivity}, Intent { act=android.intent.action.MAIN cat=[android.intent.category.LAUNCHER] flg=0x10200000 cmp=com.jd.jdlogistic/.flutter.HomeActivity mCallingUid=10464 }, userId: 0
01-01 14:27:20.550 29000 29074 D ::b     : getRecentTasks() taskInfo: null, null, Intent { act=android.intent.action.VIEW dat=openapp.jdmobile://virtual/... flg=0x10000000 pkg=com.jingdong.app.mall cmp=com.jingdong.app.mall/.open.InterfaceActivity mCallingUid=1000 }, userId: 0
01-01 14:27:20.550 29000 29074 D ::b     : getRecentTasks() taskInfo: ComponentInfo{com.greenpoint.android.mc10086.activity/com.mc10086.cmcc.view.tabs.AppTabFragment}, ComponentInfo{com.greenpoint.android.mc10086.activity/com.mc10086.cmcc.view.tabs.AppTabFragment}, Intent { act=android.intent.action.MAIN cat=[android.intent.category.LAUNCHER] flg=0x10200000 cmp=com.greenpoint.android.mc10086.activity/com.mc10086.cmcc.base.StartPageActivity mCallingUid=10464 }, userId: 0
01-01 14:27:20.551 29000 29074 D ::b     : getRecentTasks() taskInfo: ComponentInfo{com.tencent.mobileqq/com.tencent.mobileqq.activity.SplashActivity}, ComponentInfo{com.tencent.mobileqq/com.tencent.mobileqq.activity.SplashActivity}, Intent { act=android.intent.action.MAIN cat=[android.intent.category.LAUNCHER] flg=0x10200000 cmp=com.tencent.mobileqq/.activity.SplashActivity mCallingUid=10464 }, userId: 0
01-01 14:27:20.551 29000 29074 D ::b     : getRecentTasks() taskInfo: ComponentInfo{com.chaoxing.mobile/com.chaoxing.mobile.main.ui.MainTabActivity}, ComponentInfo{com.chaoxing.mobile/com.chaoxing.mobile.webapp.ui.WebAppCommonViewer}, Intent { act=android.intent.action.MAIN cat=[android.intent.category.LAUNCHER] flg=0x10200000 cmp=com.chaoxing.mobile/.activity.SplashActivity mCallingUid=10464 }, userId: 0
01-01 14:27:20.551 29000 29074 D ::b     : getRecentTasks() recentTasks size: 28
01-01 14:27:20.553  1673  7273 I [UAH_CLIENT]: UahRelease, handle:583517
01-01 14:27:20.560  7272  7272 I artd    : MMAP_TRYLOCK is supported in uffd errno:2 addr:0x73e19a7000 size:4096
01-01 14:27:20.561  7272  7272 I artd    : Starting artd
01-01 14:27:20.565  7272  7272 I AidlLazyServiceRegistrar: Registering service artd
01-01 14:27:20.565  3140  3264 D AppProfilerExtImpl: Skipped pss collection for CPU busy
01-01 14:27:20.572  3140  3257 D OplusFlexibleWindowMinimizedManagerHelper: onTaskVanished taskInfo:13146 task:Task{4fced45 #13146 type=standard A=10604:com.github.audiocenter}
01-01 14:27:20.573  3140  3257 D OplusFlexibleDragToSplitAnimController: visibleFlexibleTaskInfos delete:13146
01-01 14:27:20.573  3140  3257 D FlexibleTaskController: no need releaseFlexibleCaptionView or destroyFlexibleDragLeash when non-caption-view-task vanished, task=Task{4fced45 #13146 type=standard A=10604:com.github.audiocenter}
01-01 14:27:20.573  3140  3257 D FlexibleWindowManagerService: notifyFlexibleTaskVanish taskId : 13146 is not taskEmbedded
01-01 14:27:20.573  3140  3257 D FlexibleWindowManagerService: onFlexibleWindowTaskVanished: task = 13146,size:0
01-01 14:27:20.573  3140  3257 D OplusFlexibleWindowMinimizedManagerHelper: onTaskVanished taskInfo:13146 task:Task{4fced45 #13146 type=standard A=10604:com.github.audiocenter}
01-01 14:27:20.573  3140  3257 D OplusFlexibleDragToSplitAnimController: visibleFlexibleTaskInfos delete:13146
01-01 14:27:20.573  3140  3257 D FlexibleTaskController: no need releaseFlexibleCaptionView or destroyFlexibleDragLeash when non-caption-view-task vanished, task=Task{4fced45 #13146 type=standard A=10604:com.github.audiocenter}
01-01 14:27:20.573  3140  3257 D FlexibleWindowManagerService: notifyFlexibleTaskVanish taskId : 13146 is not taskEmbedded
01-01 14:27:20.573  3140  3257 D FlexibleWindowManagerService: onFlexibleWindowTaskVanished: task = 13146,size:0
01-01 14:27:20.575  4465  4493 D ShellTaskOrganizerExt: visibleFlexibleTaskInfos delete:13146
01-01 14:27:20.575  4465  4493 D ShellTaskOrganizerExt: isOnCanvas size:0
01-01 14:27:20.575  4465  4493 D ShellTaskOrganizerExt: isOnThreeFlexibleCanvas size:0
01-01 14:27:20.576  7272  7272 I AidlLazyServiceRegistrar: Process has 1 (of 1 available) client(s) in use after notification artd has clients: 1
01-01 14:27:20.577  4465  4493 D ZoomController: onTaskRemoved
01-01 14:27:20.578  4465  4493 D ZoomController: onTaskRemoved
01-01 14:27:20.578 28133 29056 I TaskStackChangeListeners: onTaskRemoved(), cur=13146
01-01 14:27:20.578 28133 28441 I TaskStackChangeListeners: onTaskRemoved(), cur=13146
01-01 14:27:20.578 28133 28286 I SystemUiProxy: SystemUiProxy#getRecentTasks isInGoRecentsAnim: false
01-01 14:27:20.581  3140  3140 D NotificationService--OplusNotificationManagerServiceExtImpl: notifyDelayRemovedLocked,PackageName:com.android.systemui
01-01 14:27:20.581  3140  5722 D ActivityTaskManager: Skipping, invisible task: Task{e2b6ad9 #12597 type=home I=com.microsoft.launcher/.Launcher}
01-01 14:27:20.581  3140  5722 D ActivityTaskManager: Skipping, invisible task: Task{49589b1 #12133 type=recents I=com.android.launcher/com.android.quickstep.RecentsActivity}
01-01 14:27:20.582  3140  5722 D OplusSplitScreenManagerService: com.taobao.taobao unSupportsSplitScreen by blockList or ForbidActivityList
01-01 14:27:20.583  3140  3140 D NotificationService--OplusNotificationManagerServiceExtImpl: notifyDelayRemovedLocked,PackageName:com.android.launcher
01-01 14:27:20.583  3140  5722 D ActivityTaskManager: pre-Filtered:info.dvkr.screenstream.dev # com.github.audiocenter # tv.danmaku.bili # com.android.contacts # com.android.mms # com.eg.android.AlipayGphone # com.xm.xinda # com.ss.android.ugc.aweme # com.quark.browser # com.coolkit # com.ecoflow # cn.unipus.itest.student # com.example.appui # com.coloros.gallery3d # com.coloros.alarmclock # com.tencent.mm # com.taobao.taobao # com.taobao.idlefish # com.tencent.mm # io.homeassistant.companion.android # com.larus.nova # in.dc297.mqttclpro # com.wujie.connect # com.jd.jdlogistic # com.jingdong.app.mall # com.greenpoint.android.mc10086.activity # com.tencent.mobileqq # com.chaoxing.mobile # 
01-01 14:27:20.583  3140  5722 D ActivityTaskManager: after skip size 28
01-01 14:27:20.585 29000 29074 D ::b     : AOSP TaskChanged
01-01 14:27:20.586  3140  4487 D ActivityTaskManager: Skipping, invisible task: Task{e2b6ad9 #12597 type=home I=com.microsoft.launcher/.Launcher}
01-01 14:27:20.586  3140  4487 D ActivityTaskManager: Skipping, invisible task: Task{49589b1 #12133 type=recents I=com.android.launcher/com.android.quickstep.RecentsActivity}
01-01 14:27:20.587  3140  4487 D OplusSplitScreenManagerService: com.taobao.taobao unSupportsSplitScreen by blockList or ForbidActivityList
01-01 14:27:20.588  3140  4487 D ActivityTaskManager: pre-Filtered:info.dvkr.screenstream.dev # com.github.audiocenter # tv.danmaku.bili # com.android.contacts # com.android.mms # com.eg.android.AlipayGphone # com.xm.xinda # com.ss.android.ugc.aweme # com.quark.browser # com.coolkit # com.ecoflow # cn.unipus.itest.student # com.example.appui # com.coloros.gallery3d # com.coloros.alarmclock # com.tencent.mm # com.taobao.taobao # com.taobao.idlefish # com.tencent.mm # io.homeassistant.companion.android # com.larus.nova # in.dc297.mqttclpro # com.wujie.connect # com.jd.jdlogistic # com.jingdong.app.mall # com.greenpoint.android.mc10086.activity # com.tencent.mobileqq # com.chaoxing.mobile # 
01-01 14:27:20.588  3140  4487 D ActivityTaskManager: after skip size 28
01-01 14:27:20.591 29000 29074 D ::b     : getRecentTasks() taskInfo: null, null, Intent { act=android.intent.action.MAIN cat=[android.intent.category.LAUNCHER] flg=0x10200000 cmp=info.dvkr.screenstream.dev/info.dvkr.screenstream.SingleActivity mCallingUid=10464 }, userId: 0
01-01 14:27:20.591 29000 29074 D ::b     : getRecentTasks() taskInfo: null, null, Intent { flg=0x10000000 cmp=com.github.audiocenter/.MainActivity mCallingUid=2000 }, userId: 0
01-01 14:27:20.591 29000 29074 D ::b     : getRecentTasks() taskInfo: ComponentInfo{tv.danmaku.bili/tv.danmaku.bili.MainActivityV2}, ComponentInfo{tv.danmaku.bili/com.bilibili.ship.theseus.detail.UnitedBizDetailsActivity}, Intent { act=android.intent.action.MAIN cat=[android.intent.category.LAUNCHER] flg=0x10200000 cmp=tv.danmaku.bili/.MainActivityV2 mCallingUid=10464 }, userId: 0
01-01 14:27:20.591 29000 29074 D ::b     : getRecentTasks() taskInfo: ComponentInfo{com.android.contacts/com.customize.contacts.activities.ContactsTabActivity}, ComponentInfo{com.android.contacts/com.customize.contacts.activities.ContactsTabActivity}, Intent { act=android.intent.action.MAIN cat=[android.intent.category.LAUNCHER] flg=0x10200000 cmp=com.android.contacts/.DialtactsActivityAlias mCallingUid=10464 }, userId: 0
01-01 14:27:20.591 29000 29074 D ::b     : getRecentTasks() taskInfo: ComponentInfo{com.android.mms/com.android.mms.ui.ConversationList}, ComponentInfo{com.android.mms/com.android.mms.ui.ConversationList}, Intent { act=android.intent.action.MAIN cat=[android.intent.category.LAUNCHER] flg=0x10200000 cmp=com.android.mms/.ui.ConversationList mCallingUid=10464 }, userId: 0
01-01 14:27:20.591 29000 29074 D ::b     : getRecentTasks() taskInfo: ComponentInfo{com.eg.android.AlipayGphone/com.eg.android.AlipayGphone.AlipayLogin}, ComponentInfo{com.eg.android.AlipayGphone/com.alipay.android.msp.ui.views.MspContainerActivity}, Intent { act=android.intent.action.MAIN cat=[android.intent.category.LAUNCHER] flg=0x10200000 cmp=com.eg.android.AlipayGphone/.AlipayLogin mCallingUid=10464 }, userId: 0
01-01 14:27:20.591 29000 29074 D ::b     : getRecentTasks() taskInfo: ComponentInfo{com.xm.xinda/com.xm.xinda.splash.activity.MainActivity}, ComponentInfo{com.xm.xinda/com.xm.xinda.service.activity.WebActivity}, Intent { act=android.intent.action.MAIN cat=[android.intent.category.LAUNCHER] flg=0x10008000 pkg=com.xm.xinda cmp=com.xm.xinda/.splash.SplashActivity mCallingUid=10430 }, userId: 0
01-01 14:27:20.591 29000 29074 D ::b     : getRecentTasks() taskInfo: null, null, Intent { act=android.intent.action.MAIN cat=[android.intent.category.LAUNCHER] flg=0x10200000 cmp=com.ss.android.ugc.aweme/.splash.SplashActivity mCallingUid=10464 }, userId: 0
01-01 14:27:20.591 29000 29074 D ::b     : getRecentTasks() taskInfo: ComponentInfo{com.quark.browser/com.ucpro.BrowserActivity}, ComponentInfo{com.quark.browser/com.ucpro.BrowserActivity}, Intent { act=android.intent.action.MAIN cat=[android.intent.category.LAUNCHER] flg=0x10200000 cmp=com.quark.browser/com.ucpro.MainActivity mCallingUid=10464 }, userId: 0
01-01 14:27:20.591 29000 29074 D ::b     : getRecentTasks() taskInfo: ComponentInfo{com.coolkit/com.coolkit.MainActivity}, ComponentInfo{com.coolkit/com.coolkit.MainActivity}, Intent { act=android.intent.action.MAIN cat=[android.intent.category.LAUNCHER] flg=0x10200000 cmp=com.coolkit/.SplashActivity mCallingUid=10464 }, userId: 0
01-01 14:27:20.591 29000 29074 D ::b     : getRecentTasks() taskInfo: ComponentInfo{com.ecoflow/com.ecoflow.iot.ui.activity.MainActivity}, ComponentInfo{com.ecoflow/com.ecoflow.energyStorageModule.energymanage.EnergyManageActivity}, Intent { act=android.intent.action.MAIN cat=[android.intent.category.LAUNCHER] flg=0x10200000 cmp=com.ecoflow/.iot.ui.activity.SplashActivity mCallingUid=10464 }, userId: 0
01-01 14:27:20.591 29000 29074 D ::b     : getRecentTasks() taskInfo: ComponentInfo{cn.unipus.itest.student/cn.unipus.itest.mvvm.view.activity.SplashActivity}, ComponentInfo{cn.unipus.itest.student/cn.unipus.itest.mvvm.view.activity.SplashActivity}, Intent { act=android.intent.action.MAIN cat=[android.intent.category.LAUNCHER] flg=0x10200000 cmp=cn.unipus.itest.student/cn.unipus.itest.mvvm.view.activity.SplashActivity mCallingUid=10464 }, userId: 0
01-01 14:27:20.591 29000 29074 D ::b     : getRecentTasks() taskInfo: ComponentInfo{com.example.appui/com.example.appui.login}, ComponentInfo{com.example.appui/com.example.appui.login}, Intent { act=android.intent.action.MAIN cat=[android.intent.category.LAUNCHER] flg=0x10200000 cmp=com.example.appui/.login mCallingUid=10464 }, userId: 0
01-01 14:27:20.591 29000 29074 D ::b     : getRecentTasks() taskInfo: ComponentInfo{com.coloros.gallery3d/com.coloros.gallery3d.app.MainActivity}, ComponentInfo{com.coloros.gallery3d/com.coloros.gallery3d.app.MainActivity}, Intent { act=android.intent.action.MAIN cat=[android.intent.category.LAUNCHER] flg=0x10200000 cmp=com.coloros.gallery3d/.app.MainActivity mCallingUid=10464 }, userId: 0
01-01 14:27:20.591 29000 29074 D ::b     : getRecentTasks() taskInfo: ComponentInfo{com.coloros.alarmclock/com.oplus.alarmclock.AlarmClock}, ComponentInfo{com.coloros.alarmclock/com.oplus.alarmclock.AlarmClock}, Intent { act=android.intent.action.MAIN cat=[android.intent.category.LAUNCHER] flg=0x10000000 cmp=com.coloros.alarmclock/.AlarmClock mCallingUid=10464 }, userId: 0
01-01 14:27:20.591 29000 29074 D ::b     : getRecentTasks() taskInfo: ComponentInfo{com.tencent.mm/com.tencent.mm.ui.LauncherUI}, ComponentInfo{com.tencent.mm/com.tencent.mm.ui.LauncherUI}, Intent { act=android.intent.action.MAIN cat=[android.intent.category.LAUNCHER] flg=0x10200000 cmp=com.tencent.mm/.ui.LauncherUI mCallingUid=10464 }, userId: 0
01-01 14:27:20.591 29000 29074 D ::b     : getRecentTasks() taskInfo: ComponentInfo{com.taobao.taobao/com.taobao.tao.welcome.Welcome}, ComponentInfo{com.taobao.taobao/com.taobao.search.uniform.SearchActivity}, Intent { act=android.intent.action.MAIN cat=[android.intent.category.LAUNCHER] flg=0x10200000 cmp=com.taobao.taobao/com.taobao.tao.welcome.Welcome mCallingUid=10464 }, userId: 0
01-01 14:27:20.591 29000 29074 D ::b     : getRecentTasks() taskInfo: ComponentInfo{com.taobao.idlefish/com.taobao.idlefish.maincontainer.activity.MainActivity}, ComponentInfo{com.taobao.idlefish/com.idlefish.flutterbridge.flutterboost.boost.FishFlutterBoostTransparencyActivity}, Intent { act=android.intent.action.MAIN cat=[android.intent.category.LAUNCHER] flg=0x10200000 cmp=com.taobao.idlefish/com.taobao.fleamarket.home.activity.InitActivity mCallingUid=10464 }, userId: 0
01-01 14:27:20.591 29000 29074 D ::b     : getRecentTasks() taskInfo: ComponentInfo{com.tencent.mm/com.tencent.mm.ui.LauncherUI}, ComponentInfo{com.tencent.mm/com.tencent.mm.ui.LauncherUI}, Intent { act=android.intent.action.MAIN cat=[android.intent.category.LAUNCHER] flg=0x10000000 pkg=com.tencent.mm cmp=com.tencent.mm/.ui.LauncherUI oflg=0x10000 mCallingUid=1000 }, userId: 999
01-01 14:27:20.591 29000 29074 D ::b     : getRecentTasks() taskInfo: ComponentInfo{io.homeassistant.companion.android/io.homeassistant.companion.android.webview.WebViewActivity}, ComponentInfo{io.homeassistant.companion.android/io.homeassistant.companion.android.webview.WebViewActivity}, Intent { act=android.intent.action.MAIN cat=[android.intent.category.LAUNCHER] flg=0x10200000 pkg=io.homeassistant.companion.android cmp=io.homeassistant.companion.android/.launch.LaunchActivity mCallingUid=10430 }, userId: 0
01-01 14:27:20.591 29000 29074 D ::b     : getRecentTasks() taskInfo: ComponentInfo{com.larus.nova/com.larus.home.impl.MainActivity}, ComponentInfo{com.larus.nova/com.larus.bmhome.chat.ChatActivity}, Intent { act=android.intent.action.MAIN cat=[android.intent.category.LAUNCHER] flg=0x10200000 cmp=com.larus.nova/com.larus.home.impl.alias.AliasActivity1 mCallingUid=10464 }, userId: 0
01-01 14:27:20.591 29000 29074 D ::b     : getRecentTasks() taskInfo: ComponentInfo{in.dc297.mqttclpro/in.dc297.mqttclpro.activity.BrokersListActivity}, ComponentInfo{in.dc297.mqttclpro/in.dc297.mqttclpro.activity.BrokersListActivity}, Intent { act=android.intent.action.MAIN cat=[android.intent.category.LAUNCHER] flg=0x10200000 cmp=in.dc297.mqttclpro/.activity.BrokersListActivity mCallingUid=10464 }, userId: 0
01-01 14:27:20.591 29000 29074 D ::b     : getRecentTasks() taskInfo: ComponentInfo{com.wujie.connect/com.wujie.connect.main.MainActivity}, ComponentInfo{com.wujie.connect/com.wujie.connect.main.MainActivity}, Intent { act=android.intent.action.MAIN cat=[android.intent.category.LAUNCHER] flg=0x10200000 cmp=com.wujie.connect/.main.SplashActivity mCallingUid=10464 }, userId: 0
01-01 14:27:20.591 29000 29074 D ::b     : getRecentTasks() taskInfo: ComponentInfo{com.jd.jdlogistic/com.jd.jdlogistic.flutter.HomeActivity}, ComponentInfo{com.jd.jdlogistic/com.jd.jdlogistic.flutter.HomeActivity}, Intent { act=android.intent.action.MAIN cat=[android.intent.category.LAUNCHER] flg=0x10200000 cmp=com.jd.jdlogistic/.flutter.HomeActivity mCallingUid=10464 }, userId: 0
01-01 14:27:20.592 29000 29074 D ::b     : getRecentTasks() taskInfo: null, null, Intent { act=android.intent.action.VIEW dat=openapp.jdmobile://virtual/... flg=0x10000000 pkg=com.jingdong.app.mall cmp=com.jingdong.app.mall/.open.InterfaceActivity mCallingUid=1000 }, userId: 0
01-01 14:27:20.592 29000 29074 D ::b     : getRecentTasks() taskInfo: ComponentInfo{com.greenpoint.android.mc10086.activity/com.mc10086.cmcc.view.tabs.AppTabFragment}, ComponentInfo{com.greenpoint.android.mc10086.activity/com.mc10086.cmcc.view.tabs.AppTabFragment}, Intent { act=android.intent.action.MAIN cat=[android.intent.category.LAUNCHER] flg=0x10200000 cmp=com.greenpoint.android.mc10086.activity/com.mc10086.cmcc.base.StartPageActivity mCallingUid=10464 }, userId: 0
01-01 14:27:20.592 29000 29074 D ::b     : getRecentTasks() taskInfo: ComponentInfo{com.tencent.mobileqq/com.tencent.mobileqq.activity.SplashActivity}, ComponentInfo{com.tencent.mobileqq/com.tencent.mobileqq.activity.SplashActivity}, Intent { act=android.intent.action.MAIN cat=[android.intent.category.LAUNCHER] flg=0x10200000 cmp=com.tencent.mobileqq/.activity.SplashActivity mCallingUid=10464 }, userId: 0
01-01 14:27:20.592 29000 29074 D ::b     : getRecentTasks() taskInfo: ComponentInfo{com.chaoxing.mobile/com.chaoxing.mobile.main.ui.MainTabActivity}, ComponentInfo{com.chaoxing.mobile/com.chaoxing.mobile.webapp.ui.WebAppCommonViewer}, Intent { act=android.intent.action.MAIN cat=[android.intent.category.LAUNCHER] flg=0x10200000 cmp=com.chaoxing.mobile/.activity.SplashActivity mCallingUid=10464 }, userId: 0
01-01 14:27:20.592 29000 29074 D ::b     : getRecentTasks() recentTasks size: 28
01-01 14:27:20.593  3140  3140 D NotificationService--OplusNotificationManagerServiceExtImpl: notifyDelayRemovedLocked sbnList isEmpty
01-01 14:27:20.594  3140  3140 D EnvelopeDetectorController: isEnvelopeAssistantEnabled isCancelNotification: true currentUserId: 0 userId: 0
01-01 14:27:20.594  3140  5722 D LockSettingsService: [getSeparateProfileChallengeEnabled] userId = 999
01-01 14:27:20.595  3140  3268 W UserAwareMgr: event can not be released, id: 2020, count: 2, releasePid: 28133
01-01 14:27:20.599  4465 19169 I NotificationListener: onNotificationRemovedTogether
01-01 14:27:20.600  4465  4465 D NotificationListener: MSG_ON_NOTIFICATION_DELAY_REMOVED_TOGETHER
01-01 14:27:20.605  1877  8540 D AudioPolicyService: updateUidStates_l() current->uid=10604 current->pid=24889 allowCapture=1 UidState=-1 apmStat=0
01-01 14:27:20.611  3140  3140 D EnvelopeDetectorController: isEnvelopeAssistantEnabled isCancelNotification: true currentUserId: 0 userId: 0
01-01 14:27:20.611 28133 29056 I NotificationListener: onNotificationRemovedTogether
01-01 14:27:20.611 28133 28133 D NotificationListener: MSG_ON_NOTIFICATION_DELAY_REMOVED_TOGETHER
01-01 14:27:20.612  4465  4465 W NotifCollection: Ranking update is missing ranking for 2 entries (2 new): 0|com.github.audiocenter|2147483647|ranker_group|10604|ranker_group, 0|com.github.audiocenter|301|null|10604
01-01 14:27:20.613  2212  2212 I adbd    : Remote process closed the socket (on MSG_PEEK)
01-01 14:27:20.615  4465  4465 E NotifCollection: No notification to remove with key 0|com.github.audiocenter|101|null|10604 reason=10020:unknown
01-01 14:27:20.615  4465  4465 E NotifCollection: No notification to remove with key 0|com.github.audiocenter|301|null|10604 reason=10020:unknown
01-01 14:27:20.615  4465  4465 E NotifCollection: No notification to remove with key 0|com.github.audiocenter|301|null|10604 reason=10020:unknown
01-01 14:27:20.615  4465  4465 E NotifCollection: No notification to remove with key 0|com.github.audiocenter|2147483647|ranker_group|10604|ranker_group reason=10020:unknown
01-01 14:27:20.615  4465  4465 E NotifCollection: No notification to remove with key 0|com.github.audiocenter|2147483647|ranker_group|10604|ranker_group reason=10020:unknown
01-01 14:27:20.615  1898  2114 I ClientCache: removeProcess: Cache owner=0xb4000076b8cdf8e0
01-01 14:27:20.616  3140  3884 W WindowManager: Cannot find window which accessibility connection is added to
01-01 14:27:20.616  3140  5704 D AutofillSession: handling death of Token{85a3c9a ActivityRecord{1cbe1af u0 com.github.audiocenter/.MainActivity t-1 f}}} when saving=false
01-01 14:27:20.616  3140  3207 W WindowManager: Cannot find window which accessibility connection is added to
01-01 14:27:20.617  3140  4122 D MediaProjectionManagerService: Content Recording: MediaProjection stopped by Binder death - id= -1
01-01 14:27:20.617  3140  5493 W WindowManager: Cannot find window which accessibility connection is added to
01-01 14:27:20.617  3140  4935 I AudioPolicyProxy: AudioPolicy android.os.BinderProxy@1c28931 died
01-01 14:27:20.617  3140  5498 W WindowManager: Cannot find window which accessibility connection is added to
01-01 14:27:20.617  3140  5704 V SessionExtImpl: isOplusAutofillService(): remoteServiceComponentName = ComponentInfo{com.coloros.codebook/com.coloros.codebook.book.CodeBookService}
01-01 14:27:20.617  3140  5704 V AutofillSession: forceRemoveFromServiceLocked(): null
01-01 14:27:20.617  3140  5704 V AutofillSession: removeFromServiceLocked(1551849789): null
01-01 14:27:20.617  3140  5498 I ActivityManager: Death received, pid = 0, processName = com.github.audiocenter for thread android.os.BinderProxy@d308514
01-01 14:27:20.617  1898  2114 I SurfaceFlinger: [SF client] REMOVE (0xb4000076c54c7100) for (3140:system_server)
01-01 14:27:20.617  3140  4122 D MediaProjectionManagerService: Content Recording: handling stopping this projection token createTime= 504070238 countStarts= 1
01-01 14:27:20.617  3140  5704 V AutofillSession: destroyLocked for session: 1551849789
01-01 14:27:20.617  1898  2346 I SurfaceFlinger: [SF client] REMOVE (0xb4000076ba2aa080) for (24889:com.github.audiocenter)
01-01 14:27:20.617  3140  4310 W WindowManager: Cannot find window which accessibility connection is added to
01-01 14:27:20.618  3140  5704 V AutofillSession: logAllEvents(1551849789): commitReason: 5
01-01 14:27:20.618  3140  5704 W FillRequestEventLogger: Shouldn't be logging AutofillFillRequestReported again for same event
01-01 14:27:20.618  3140  5704 W FillResponseEventLogger: Shouldn't be logging AutofillFillRequestReported again for same event
01-01 14:27:20.618  3140  3254 D AutofillUI: destroySaveUiUiThread(): already destroyed
01-01 14:27:20.618  3140  5704 W PresentationStatsEventLogger: Shouldn't be logging AutofillPresentationEventReported again for same event
01-01 14:27:20.618  3140  4122 D MediaProjectionManagerService: Content Recording: Stopped active MediaProjection and dispatching stop to callbacks
01-01 14:27:20.618  3140  5704 V SaveEventLogger: Log AutofillSaveEventReported: requestId=2610 sessionId=1551849789 mAppPackageUid=10604 mSaveUiTriggerIds=1 mFlag=1 mIsNewField=false mSaveUiShownReason=1 mSaveUiNotShownReason=0 mSaveButtonClicked=false mCancelButtonClicked=false mDialogDismissed=false mIsSaved=false mLatencySaveUiDisplayMillis=-9223372036854775808 mLatencySaveRequestMillis=-9223372036854775808 mLatencySaveFinishMillis=-9223372036854775808 mIsFrameworkCreatedSaveInfo=false mServiceUid=10098
01-01 14:27:20.618  3140  4122 D MediaProjectionMetricsLogger: logStopped: wasCaptureInProgress=false
01-01 14:27:20.618  3140  5704 V SessionCommittedEventLogger: Log AutofillSessionCommitted: sessionId=1551849789 mComponentPackageUid=10604 mRequestCount=1 mCommitReason=5 mSessionDurationMillis=657218 mServiceUid=10098 mSaveInfoCount=-1 mSaveDataTypeCount=-1 mLastFillResponseHasSaveInfo=false
01-01 14:27:20.618  3140  5704 D AutofillSession: clearPendingIntentLocked
01-01 14:27:20.618  1898  2346 I SurfaceFlinger: [SF client] REMOVE (0xb4000076c5502280) for (24889:com.github.audiocenter)
01-01 14:27:20.618  1898  2346 I SurfaceFlinger: [SF client] REMOVE (0xb4000076ba0e5400) for (24889:com.github.audiocenter)
01-01 14:27:20.619  3140  4122 I MediaProjectionManagerServiceExtImpl:  MediaProjection ext stop
01-01 14:27:20.620  1898  2346 I SurfaceFlinger: [SF client] REMOVE (0xb4000076b8d1da80) for (24889:com.github.audiocenter)
01-01 14:27:20.621  1898  2346 I SurfaceFlinger: [SF client] REMOVE (0xb4000076b9171d00) for (24889:com.github.audiocenter)
01-01 14:27:20.625 29000 29074 D ::b     : AOSP TaskChanged
01-01 14:27:20.625  4465  4465 E LockScreenNotificationDispatcherImp: updateNotificationListOnKg size:0
01-01 14:27:20.625  4465  4465 I SystemUi--Notification: LockScreenNotificationDispatcherImp-->updateNotificationListOnKg resultCode: 0
01-01 14:27:20.632  1460  1460 I Zygote  : Process 24889 exited due to signal 9 (Killed)
01-01 14:27:20.632  3140  3274 I libprocessgroup: Removed cgroup /sys/fs/cgroup/uid_10604/pid_24889
01-01 14:27:20.637  1877 29677 D audioserver: logFgsApiEnd: FGS Logger Transaction failed, -129
01-01 14:27:20.637  1877 29677 D AudioFlinger: updateWakeLockUids_l AudioIn_153E uids:
01-01 14:27:20.637  3140  4911 I IPCThreadState: oneway function results for code 10007 on binder at 0xb4000072817ce240 will be dropped but finished with status UNKNOWN_TRANSACTION
01-01 14:27:20.637  4465  4465 D OplusNotificationDateTimeView: setTime mSettingTimeMillis 1767248216253, mSettingLocalDateTime 2026-01-01T14:16:00.253
01-01 14:27:20.638  1877  1962 D APM_AudioPolicyMix: unregisterMix(): removing mix for dev=0x8000 addr=1321857348:ap:101mixp:0
01-01 14:27:20.641  1698  5990 I QC2Comp : [hevcD_802] Stats: Pending(10) i/p-done(6) Works: Q: 18368/Done 18360|Work-Rate: Q(0.0/s Avg=3.9/s) Done(0.000/s Avg=3.892/s)| Stream: 14.93fps 1.7Mbps
01-01 14:27:20.641  1698  5990 I QC2Comp : [hevcD_802] Mem-usage:  [In-1D: 4 bufs 33.750 MB] [1D-1790: 4 bufs 0.062 MB] [1D-1790: 3 bufs 0.012 MB] [2D-1792: 40 bufs 122.812 MB] [1D-1790: 13 bufs 0.203 MB] | Total: 156.840 MB
01-01 14:27:20.643  1877  1962 D APM_AudioPolicyManager: setDeviceConnectionStateInt() +++ device: 0x80000100, state 0, name format 0x0
01-01 14:27:20.644  1877  1962 D APM_AudioPolicyManager: setDeviceConnectionStateInt() +++ device: AUDIO_DEVICE_IN_REMOTE_SUBMIX, @:1321857348:ap:101mixp:0, state 0, format 0
01-01 14:27:20.645  4465  4465 I SystemUi--Notification: SeparatePanelAnimation-->updateVisibleChildCount change, currentChildCount: 38 totalCount 37
01-01 14:27:20.648  1560  1560 I r_submix: in_standby()
01-01 14:27:20.650  1877  8540 D AtlasEventUploadUtils: setEvent event:atlas_event_audio_record_stop
01-01 14:27:20.653  1877  8540 D AudioBoost: removeActiveRecord id 21575
01-01 14:27:20.653  1877  8540 D AudioBoost: doStopBoostForWake id 21575 +++
01-01 14:27:20.653  1877  8540 D AudioBoost: audioSchedBoost, pid=24889, tid=29092, enable=0, ret=0
01-01 14:27:20.653  1877  8540 D AudioBoost: audioSchedBoost, pid=24889, tid=29666, enable=0, ret=0
01-01 14:27:20.653  1877  8540 D AudioBoost: doStopBoostForWake id 21575 ---
01-01 14:27:20.653  1877  8540 D AudioBoost: updateAudioActive hasActiveAudio => 0 
01-01 14:27:20.653  1673  1673 I [UAH_CLIENT]: UahPlatformResAcquire
01-01 14:27:20.654  1673  1673 I [UAH_CLIENT]: UahEventAcquire, cmdid:-3, pkg:1898 6757, identity:qcom-perfd
01-01 14:27:20.655  1560  3982 D AHAL: AudioDevice: SetParameters: 1715: enter: 1321857348:ap:101mixp:0=;disconnect=-2147483392
01-01 14:27:20.656  1673  1728 E ANDR-PERF-RESOURCEQS: Resource with major=16, minor=0 not supported
01-01 14:27:20.657  1560  3982 D AHAL: AudioDevice: GetPalDeviceIds: 2678: haldeviceIds: 1
01-01 14:27:20.657  1560  3982 D AHAL: AudioDevice: GetPalDeviceIds: 2704: devices allocated 1, pal device ids before returning 1
01-01 14:27:20.661  5374 20154 D OplusAtlas.OplusAtlasEventDispatch: setEvent:atlas_event_audio_record_stop info:recorderPid:24889,TrackSession:145193
01-01 14:27:20.661  1763  1813 D BatteryChargeControl: bcc get no support from charging protocol
01-01 14:27:20.662  5374  8826 D OplusAtlas.OplusAudioRecordInfoUploadHelper: callback success event:atlas_event_audio_record_stop eventInfo:recorderPid:24889,TrackSession:145193
01-01 14:27:20.662  5374  8826 D OplusAtlasAudioDetectionManager: callback success event:atlas_event_audio_record_stop eventInfo:recorderPid:24889,TrackSession:145193
01-01 14:27:20.663  5374  9333 D OplusAtlas.OplusMessageHandler: handleMessage: Msg { when=0 what=2 obj=com.oplus.atlas.OplusAtlasEvent@2c9a804 target=com.oplus.atlas.OplusMessageHandler$MyHandler }
01-01 14:27:20.663  5374  9333 D OplusAtlas.OplusAudioRecordInfoUploadHelper: setRecordEvent pid:24889 session:145193
01-01 14:27:20.663  5374  9957 D OplusAtlasAudioDetectionManager: MSG_AUDIO_RECORD_STOP
01-01 14:27:20.663  5374  9957 D OplusAtlasAudioDetectionManager: record stop,pid=24889
01-01 14:27:20.672  1560  3982 D PAL: ResourceManager: setParameter: 8390: Enter param id: 7
01-01 14:27:20.672  1560  3982 I PAL: ResourceManager: setParameter: 8513: Device 0 connected = 0
01-01 14:27:20.672  1560  3982 I PAL: ResourceManager: isDeviceAvailable: 9864: Device 0, is_available = 0
01-01 14:27:20.672  1560  3982 D PAL: ResourceManager: handleDeviceConnectionChange: 9540: Enter
01-01 14:27:20.672  1560  3982 E PAL: ResourceManager: handleDeviceConnectionChange: 9640: Invalid operation, Device 0, connection state 0, device avalibilty 0
01-01 14:27:20.672  1560  3982 D PAL: ResourceManager: handleDeviceConnectionChange: 9657: Exit, status -22
01-01 14:27:20.672  1560  3982 D PAL: ResourceManager: SwitchSoundTriggerDevices: 4357: Enter
01-01 14:27:20.672  1560  3982 D PAL: ResourceManager: SwitchSoundTriggerDevices: 4378: Unsupported device 0
01-01 14:27:20.672  1560  3982 D PAL: ResourceManager: SwitchSoundTriggerDevices: 4433: Exit, status 0
01-01 14:27:20.672  1560  3982 D PAL: ResourceManager: setParameter: 9128: Exit status: 0
01-01 14:27:20.672  1560  3982 I PAL: OplusPalCommon: setParameters: 603: Device 0 connected = 0
01-01 14:27:20.672  1560  3982 I AHAL: AudioDevice: SetParameters: 2077: pal set param sucess for device disconnect
01-01 14:27:20.672  1560  3982 D AHAL: AudioDevice: SetParameters: 2336: exit
01-01 14:27:20.675  1560  3982 I AHAL: AudioDevice: GetParameters: 2524: enter: get_audiodet_rec
01-01 14:27:20.677  1560  3982 E BinauralRecordAudioHw: adev_get_parameters_1_0: enter in nullptr
01-01 14:27:20.682  5374  9957 D OplusAtlasAudioDetectionManager: record: 
01-01 14:27:20.684   858   858 I hwservicemanager: getTransport: Cannot find entry vendor.qti.hardware.iop@2.0::IIop/default in either framework or device VINTF manifest.
01-01 14:27:20.684  1673  7283 I [UAH_CLIENT]: UahRelease, handle:583518
01-01 14:27:20.685  3140  3427 D PackageManager: skipInstallInMultiUser com.github.audiocenter
01-01 14:27:20.686  1877  1962 D AudioPolicyManagerExtImpl: stopinput client uid = 10604
01-01 14:27:20.687  1877  1962 V audio_utils::mutex: mutex_impl: audio_mutex initialized: ret:0  order:6
01-01 14:27:20.688  1877  2703 D AudioFlingerExtImpl: AudioFlingerExtImpl oplusSetParameters: keyvalue stopinput_pid=10604
01-01 14:27:20.689  1560  3982 D AHAL: AudioDevice: SetParameters: 1715: enter: stopinput_pid=10604
01-01 14:27:20.689  1560  3982 D PAL: OplusKTV: setOplusAudioParams:stopinput_pid: value = 10604
01-01 14:27:20.689  1560  3982 D PAL: OplusKTV: setOplusAudioParams:ktv_loopbacking 0, ktv_switch 0, foreground_pid 0
01-01 14:27:20.691  1560  3982 D AHAL: AudioDevice: SetParameters: 2336: exit
01-01 14:27:20.693  1877  1962 V audio_utils::mutex: mutex_impl: audio_mutex initialized: ret:0  order:6
01-01 14:27:20.695  1877  2703 V AudioFlinger::PatchPanel: releaseAudioPatch_l handle 33372
01-01 14:27:20.696  1877  2703 V audio_utils::mutex: mutex_impl: audio_mutex initialized: ret:0  order:20
01-01 14:27:20.697  1877 29677 D AudioFlinger: updateWakeLockUids_l AudioIn_153E uids:
01-01 14:27:20.699  1877  1962 V audio_utils::mutex: mutex_impl: audio_mutex initialized: ret:0  order:6
01-01 14:27:20.700  1877  1962 W APM::AudioInputDescriptor: close client with port ID 21895 still active on input 21894
01-01 14:27:20.704  3140  7285 D AudioServiceExtImpl: oplusGetParameters() keyValuePairs:OPLUS_AUDIO_GET_FOCUS_STACK, uid: 1000
01-01 14:27:20.704  3140  4603 E OplusSceneManager: focusStackInfo is empty
01-01 14:27:20.705  3140  7287 D AudioServiceExtImpl: oplusGetParameters() keyValuePairs:OPLUS_AUDIO_GET_FOCUS_STACK, uid: 1000
01-01 14:27:20.705  3140  4603 E OplusSceneManager: focusStackInfo is empty
01-01 14:27:20.706  3140  7288 D AudioServiceExtImpl: oplusGetParameters() keyValuePairs:OPLUS_AUDIO_GET_FOCUS_STACK, uid: 1000
01-01 14:27:20.706  3140  4603 E OplusSceneManager: focusStackInfo is empty
01-01 14:27:20.707  3140  7289 D AudioServiceExtImpl: oplusGetParameters() keyValuePairs:OPLUS_AUDIO_GET_FOCUS_STACK, uid: 1000
01-01 14:27:20.708  3140  4603 E OplusSceneManager: focusStackInfo is empty
01-01 14:27:20.708  3140  7290 D AudioServiceExtImpl: oplusGetParameters() keyValuePairs:OPLUS_AUDIO_GET_FOCUS_STACK, uid: 1000
01-01 14:27:20.709  3140  4603 E OplusSceneManager: focusStackInfo is empty
01-01 14:27:20.710  3140  7291 D AudioServiceExtImpl: oplusGetParameters() keyValuePairs:OPLUS_AUDIO_GET_FOCUS_STACK, uid: 1000
01-01 14:27:20.711  3140  4603 E OplusSceneManager: focusStackInfo is empty
01-01 14:27:20.712  3140  7292 D AudioServiceExtImpl: oplusGetParameters() keyValuePairs:OPLUS_AUDIO_GET_FOCUS_STACK, uid: 1000
01-01 14:27:20.712  3140  4603 E OplusSceneManager: focusStackInfo is empty
01-01 14:27:20.713  3140  7293 D AudioServiceExtImpl: oplusGetParameters() keyValuePairs:OPLUS_AUDIO_GET_FOCUS_STACK, uid: 1000
01-01 14:27:20.713  3140  4603 E OplusSceneManager: focusStackInfo is empty
01-01 14:27:20.713  1877  1962 D AF::RecordTrack: invalidate(21575) Add CBLK_INVALID | CBLK_FAST_MUTE flag
01-01 14:27:20.714  1877 29677 D AudioFlinger: updateWakeLockUids_l AudioIn_153E uids:
01-01 14:27:20.714  3140  7294 D AudioServiceExtImpl: oplusGetParameters() keyValuePairs:OPLUS_AUDIO_GET_FOCUS_STACK, uid: 1000
01-01 14:27:20.714  1877 29677 D AF::RecordTrack: invalidate(21575) Add CBLK_INVALID | CBLK_FAST_MUTE flag
01-01 14:27:20.714  3140  4603 E OplusSceneManager: focusStackInfo is empty
01-01 14:27:20.714  1877 29677 V audio_utils::mutex: remove_from_registry: unregistered for 29677
01-01 14:27:20.715  1560  1560 D r_submix: adev_close_input_stream()
01-01 14:27:20.715  3140  7295 D AudioServiceExtImpl: oplusGetParameters() keyValuePairs:OPLUS_AUDIO_GET_FOCUS_STACK, uid: 1000
01-01 14:27:20.716  3140  4603 E OplusSceneManager: focusStackInfo is empty
01-01 14:27:20.716  1877  1962 V audio_utils::mutex: mutex_impl: audio_mutex initialized: ret:0  order:6
01-01 14:27:20.717  1877  1962 D APM_AudioPolicyManager: setDeviceConnectionStateInt() ---
01-01 14:27:20.717  1877  1962 D APM_AudioPolicyManager: setDeviceConnectionStateInt() ---
01-01 14:27:20.717  1877  1962 D APM_AudioPolicyManager: setDeviceConnectionStateInt() +++ device: 0x8000, state 0, name format 0x0
01-01 14:27:20.718  3140  7296 D AudioServiceExtImpl: oplusGetParameters() keyValuePairs:OPLUS_AUDIO_GET_FOCUS_STACK, uid: 1000
01-01 14:27:20.718  1877  1962 D APM_AudioPolicyManager: setDeviceConnectionStateInt() +++ device: AUDIO_DEVICE_OUT_REMOTE_SUBMIX, @:1321857348:ap:101mixp:0, state 0, format 0
01-01 14:27:20.718  1560  1560 D AHAL: AudioDevice: SetParameters: 1715: enter: 1321857348:ap:101mixp:0=;disconnect=32768
01-01 14:27:20.718  1560  1560 D AHAL: AudioDevice: GetPalDeviceIds: 2678: haldeviceIds: 1
01-01 14:27:20.718  1560  1560 D AHAL: AudioDevice: GetPalDeviceIds: 2704: devices allocated 1, pal device ids before returning 1
01-01 14:27:20.718  1560  1560 D PAL: ResourceManager: setParameter: 8390: Enter param id: 7
01-01 14:27:20.718  1560  1560 I PAL: ResourceManager: setParameter: 8513: Device 0 connected = 0
01-01 14:27:20.718  1560  1560 I PAL: ResourceManager: isDeviceAvailable: 9864: Device 0, is_available = 0
01-01 14:27:20.718  1560  1560 D PAL: ResourceManager: handleDeviceConnectionChange: 9540: Enter
01-01 14:27:20.718  1560  1560 E PAL: ResourceManager: handleDeviceConnectionChange: 9640: Invalid operation, Device 0, connection state 0, device avalibilty 0
01-01 14:27:20.718  1560  1560 D PAL: ResourceManager: handleDeviceConnectionChange: 9657: Exit, status -22
01-01 14:27:20.718  1560  1560 D PAL: ResourceManager: SwitchSoundTriggerDevices: 4357: Enter
01-01 14:27:20.718  1560  1560 D PAL: ResourceManager: SwitchSoundTriggerDevices: 4378: Unsupported device 0
01-01 14:27:20.718  1560  1560 D PAL: ResourceManager: SwitchSoundTriggerDevices: 4433: Exit, status 0
01-01 14:27:20.718  1560  1560 D PAL: ResourceManager: setParameter: 9128: Exit status: 0
01-01 14:27:20.718  1560  1560 I PAL: OplusPalCommon: setParameters: 603: Device 0 connected = 0
01-01 14:27:20.718  1560  1560 I AHAL: AudioDevice: SetParameters: 2077: pal set param sucess for device disconnect
01-01 14:27:20.718  1560  1560 D AHAL: AudioDevice: SetParameters: 2336: exit
01-01 14:27:20.719  3140  4603 E OplusSceneManager: focusStackInfo is empty
01-01 14:27:20.720  3140  7297 D AudioServiceExtImpl: oplusGetParameters() keyValuePairs:OPLUS_AUDIO_GET_FOCUS_STACK, uid: 1000
01-01 14:27:20.720  3140  4603 E OplusSceneManager: focusStackInfo is empty
01-01 14:27:20.721  3140  7299 D AudioServiceExtImpl: oplusGetParameters() keyValuePairs:OPLUS_AUDIO_GET_FOCUS_STACK, uid: 1000
01-01 14:27:20.721  3140  4603 E OplusSceneManager: focusStackInfo is empty
01-01 14:27:20.722  3140  7300 D AudioServiceExtImpl: oplusGetParameters() keyValuePairs:OPLUS_AUDIO_GET_FOCUS_STACK, uid: 1000
01-01 14:27:20.722  3140  4603 E OplusSceneManager: focusStackInfo is empty
01-01 14:27:20.723  3140  7301 D AudioServiceExtImpl: oplusGetParameters() keyValuePairs:OPLUS_AUDIO_GET_FOCUS_STACK, uid: 1000
01-01 14:27:20.723  3140  4603 E OplusSceneManager: focusStackInfo is empty
01-01 14:27:20.724  3140  7302 D AudioServiceExtImpl: oplusGetParameters() keyValuePairs:OPLUS_AUDIO_GET_FOCUS_STACK, uid: 1000
01-01 14:27:20.724  3140  4603 E OplusSceneManager: focusStackInfo is empty
01-01 14:27:20.725  3140  7303 D AudioServiceExtImpl: oplusGetParameters() keyValuePairs:OPLUS_AUDIO_GET_FOCUS_STACK, uid: 1000
01-01 14:27:20.725  3140  4603 E OplusSceneManager: focusStackInfo is empty
01-01 14:27:20.726  3140  7304 D AudioServiceExtImpl: oplusGetParameters() keyValuePairs:OPLUS_AUDIO_GET_FOCUS_STACK, uid: 1000
01-01 14:27:20.726  3140  4603 E OplusSceneManager: focusStackInfo is empty
01-01 14:27:20.727  3140  7305 D AudioServiceExtImpl: oplusGetParameters() keyValuePairs:OPLUS_AUDIO_GET_FOCUS_STACK, uid: 1000
01-01 14:27:20.727  3140  4603 E OplusSceneManager: focusStackInfo is empty
01-01 14:27:20.728  3140  7306 D AudioServiceExtImpl: oplusGetParameters() keyValuePairs:OPLUS_AUDIO_GET_FOCUS_STACK, uid: 1000
01-01 14:27:20.728  3140  4603 E OplusSceneManager: focusStackInfo is empty
01-01 14:27:20.728  3140  7307 D AudioServiceExtImpl: oplusGetParameters() keyValuePairs:OPLUS_AUDIO_GET_FOCUS_STACK, uid: 1000
01-01 14:27:20.729  3140  4603 E OplusSceneManager: focusStackInfo is empty
01-01 14:27:20.729  1877  1962 D AudioFlinger: updateSecondaryOutputs trackId: 21768
01-01 14:27:20.729  1877  1962 W AF::Track: setTeePatchesToUpdate_l, existing tee patches to update will be ignored
01-01 14:27:20.729  1877  1962 D AudioFlinger: updateSecondaryOutputs trackId: 21817
01-01 14:27:20.729  1877  1962 V audio_utils::mutex: mutex_impl: audio_mutex initialized: ret:0  order:6
01-01 14:27:20.730  1877  2703 V AudioFlinger::PatchPanel: releaseAudioPatch_l handle 33380
01-01 14:27:20.730  1877  2703 V audio_utils::mutex: mutex_impl: audio_mutex initialized: ret:0  order:20
01-01 14:27:20.731  1877 29699 D AudioFlinger: updateWakeLockUids_l AudioOut_176D uids:
01-01 14:27:20.731  1877 29699 D AudioFlinger: ro.audio.silent will be ignored for threads on AUDIO_DEVICE_OUT_REMOTE_SUBMIX
01-01 14:27:20.743  1877  1962 V audio_utils::mutex: mutex_impl: audio_mutex initialized: ret:0  order:6
01-01 14:27:20.747  3140  7309 D AudioServiceExtImpl: oplusGetParameters() keyValuePairs:OPLUS_AUDIO_GET_FOCUS_STACK, uid: 1000
01-01 14:27:20.748  3140  4603 E OplusSceneManager: focusStackInfo is empty
01-01 14:27:20.748  3140  3186 I system_server: gc_priority_optimize ctrlAppThreadUx sharedAppUxFd=638pid=3140tid=3186value=130 ret=2
01-01 14:27:20.749  1560  1560 D r_submix: out_set_parameters(): shutting down MonoPipe sink
01-01 14:27:20.749  1877 29699 D AudioFlinger_PlaybackThreadExtImpl: track->client null
01-01 14:27:20.750  1877 29699 D AudioFlinger_PlaybackThreadExtImpl: track->client null
01-01 14:27:20.750  1877 29699 V audio_utils::mutex: remove_from_registry: unregistered for 29699
01-01 14:27:20.750  3140  7310 D AudioServiceExtImpl: oplusGetParameters() keyValuePairs:OPLUS_AUDIO_GET_FOCUS_STACK, uid: 1000
01-01 14:27:20.751  3140  4603 E OplusSceneManager: focusStackInfo is empty
01-01 14:27:20.751  1560  3982 D r_submix: adev_close_output_stream() addr = 1321857348:ap:101mixp:0
01-01 14:27:20.751  1560  3982 D r_submix: submix_audio_device_release_pipe_l(idx=9) addr=1321857348:ap:101mixp:0
01-01 14:27:20.751  1560  3982 D r_submix: submix_audio_device_destroy_pipe_l(): pipe destroyed
01-01 14:27:20.751  3140  7311 D AudioServiceExtImpl: oplusGetParameters() keyValuePairs:OPLUS_AUDIO_GET_FOCUS_STACK, uid: 1000
01-01 14:27:20.752  3140  4603 E OplusSceneManager: focusStackInfo is empty
01-01 14:27:20.753  3140  7312 D AudioServiceExtImpl: oplusGetParameters() keyValuePairs:OPLUS_AUDIO_GET_FOCUS_STACK, uid: 1000
01-01 14:27:20.753  3140  4603 E OplusSceneManager: focusStackInfo is empty
01-01 14:27:20.754  3140  7313 D AudioServiceExtImpl: oplusGetParameters() keyValuePairs:OPLUS_AUDIO_GET_FOCUS_STACK, uid: 1000
01-01 14:27:20.754  3140  4603 E OplusSceneManager: focusStackInfo is empty
01-01 14:27:20.754  1877  1962 D audioserver: logFgsApiEnd: FGS Logger Transaction failed, -129
01-01 14:27:20.755  1877  1962 D audioserver: logFgsApiEnd: FGS Logger Transaction failed, -129
01-01 14:27:20.755  3140  7314 D AudioServiceExtImpl: oplusGetParameters() keyValuePairs:OPLUS_AUDIO_GET_FOCUS_STACK, uid: 1000
01-01 14:27:20.755  3140  4603 E OplusSceneManager: focusStackInfo is empty
01-01 14:27:20.756  3140  7315 D AudioServiceExtImpl: oplusGetParameters() keyValuePairs:OPLUS_AUDIO_GET_FOCUS_STACK, uid: 1000
01-01 14:27:20.756  3140  4603 E OplusSceneManager: focusStackInfo is empty
01-01 14:27:20.757  1877  1962 D GameAudioEffects: hasAliveFastEffectTracks  return (0)
01-01 14:27:20.757  1877  1962 D AudioPolicyManagerExtImpl: oplusSelectOutputForMusicEffects: pendingOutput  => 13  flags => 0x00000006  outputTageName =>primary output outputs.size(3) older music effect ouput(29), hasAliveGameTracks(0)
01-01 14:27:20.757  1877  1962 D AudioPolicyManagerExtImpl: oplusSelectOutputForMusicEffects pending music output is low latency output, but no alive fast effect tracks, block effectchain fallback to primary, set deepbuffer as defaultEffectsOutput instead
01-01 14:27:20.757  3140  7316 D AudioServiceExtImpl: oplusGetParameters() keyValuePairs:OPLUS_AUDIO_GET_FOCUS_STACK, uid: 1000
01-01 14:27:20.757  1877  1962 D GameAudioEffects: hasAliveRequestFastTracks  return (0)
01-01 14:27:20.758  1877  1962 V audio_utils::mutex: mutex_impl: audio_mutex initialized: ret:0  order:6
01-01 14:27:20.758  3140  4603 E OplusSceneManager: focusStackInfo is empty
01-01 14:27:20.758  1877  1962 V audio_utils::mutex: mutex_impl: audio_mutex initialized: ret:0  order:6
01-01 14:27:20.758  1877  1962 D APM_AudioPolicyManager: setDeviceConnectionStateInt() ---
01-01 14:27:20.758  1877  1962 D APM_AudioPolicyManager: setDeviceConnectionStateInt() ---
01-01 14:27:20.758  3140  7317 D AudioServiceExtImpl: oplusGetParameters() keyValuePairs:OPLUS_AUDIO_GET_FOCUS_STACK, uid: 1000
01-01 14:27:20.760  3140  4603 E OplusSceneManager: focusStackInfo is empty
01-01 14:27:20.761  3140  3985 D AS.SpatializerHelper: Spatial Audio device type:8, mEnabled:true, mUserEnable:false, mUserStateOfSpeaker:0
01-01 14:27:20.761  1877 14191 W AidlConversionCppNdk: legacy2aidl_audio_channel_mask_t_AudioChannelLayout: no AudioChannelLayout found for legacy output audio_channel_mask_t value 0x10
01-01 14:27:20.762  1877  1962 W AidlConversionCppNdk: legacy2aidl_audio_channel_mask_t_AudioChannelLayout: no AudioChannelLayout found for legacy output audio_channel_mask_t value 0x10
01-01 14:27:20.763  1877  9433 W AidlConversionCppNdk: legacy2aidl_audio_channel_mask_t_AudioChannelLayout: no AudioChannelLayout found for legacy output audio_channel_mask_t value 0x10
01-01 14:27:20.763  3140  3983 W AidlConversionCppNdk: aidl2legacy_AudioChannelLayout_audio_channel_mask_t: no legacy output audio_channel_mask_t found for AudioChannelLayout{layoutMask: 16}
01-01 14:27:20.763  3140  3985 I AS.SpatializerHelper: onRoutingUpdated: can spatialize media 5.1:true on device:AudioDeviceAttributes: role:output type:bt_a2dp addr:null name: profiles:[] descriptors:[]
01-01 14:27:20.763  3140  3985 I AS.SpatializerHelper: setDispatchAvailableState(true) no dispatch: mState:STATE_DISABLED_AVAILABLE
01-01 14:27:20.763  3140  3985 I AS.SpatializerHelper: Disabling Spatial Audio since disabled for media device:AudioDeviceAttributes: role:output type:bt_a2dp addr:null name: profiles:[] descriptors:[]
01-01 14:27:20.763  3140  3427 D OplusPackageAbiHelper: notifyPackageAddOrChange :com.github.audiocenter primaryabi = null secondabi = null
01-01 14:27:20.763  3140  3985 I AS.SpatializerHelper: Setting spatialization level to: 0
01-01 14:27:20.764  1877  9433 D AudioFlingerExtImpl: AudioFlingerExtImpl oplusSetParameters: keyvalue OPLUS_SPATIALIZER_USERSPACE_STATE=0
01-01 14:27:20.764  1877  9433 D AudioFlingerExtImpl: oplusSetParameters, mSpatializerState 0
01-01 14:27:20.764 20728 20850 W AidlConversionCppNdk: aidl2legacy_AudioChannelLayout_audio_channel_mask_t: no legacy output audio_channel_mask_t found for AudioChannelLayout{layoutMask: 16}
01-01 14:27:20.764  4629  5355 W AidlConversionCppNdk: aidl2legacy_AudioChannelLayout_audio_channel_mask_t: no legacy output audio_channel_mask_t found for AudioChannelLayout{layoutMask: 16}
