01-01 14:27:21.964  8284  8284 I RegisteredComponentCache: ComponentInfo: ResolveInfo{54a5a8b com.cmri.universalapp/.index.webview.IndexWebViewActivity m=0x108000 userHandle=UserHandle{0}}, techs: android.nfc.tech.NfcA, android.nfc.tech.NfcB, android.nfc.tech.NfcF, android.nfc.tech.NfcV, android.nfc.tech.IsoDep, android.nfc.tech.Ndef, android.nfc.tech.NdefFormatable, android.nfc.tech.MifareClassic, android.nfc.tech.MifareUltralight, 
01-01 14:27:21.964  8284  8284 I RegisteredComponentCache: ComponentInfo: ResolveInfo{ac11768 com.eg.android.AlipayGphone/com.alipay.mobile.quinox.SchemeLauncherActivity m=0x108000 userHandle=UserHandle{0}}, techs: android.nfc.tech.IsoDep, 
01-01 14:27:21.964  8284  8284 I RegisteredComponentCache: ComponentInfo: ResolveInfo{bc8d781 com.finshell.wallet/com.nearme.common.router.RouterActivity m=0x108000 userHandle=UserHandle{0}}, techs: android.nfc.tech.IsoDep, 
01-01 14:27:21.964  8284  8284 I RegisteredComponentCache: ComponentInfo: ResolveInfo{bc8d781 com.finshell.wallet/com.nearme.common.router.RouterActivity m=0x108000 userHandle=UserHandle{0}}, techs: android.nfc.tech.NfcA, 
01-01 14:27:21.964  8284  8284 I RegisteredComponentCache: ComponentInfo: ResolveInfo{bc8d781 com.finshell.wallet/com.nearme.common.router.RouterActivity m=0x108000 userHandle=UserHandle{0}}, techs: android.nfc.tech.NfcV, 
01-01 14:27:21.964  8284  8284 I RegisteredComponentCache: ComponentInfo: ResolveInfo{bc8d781 com.finshell.wallet/com.nearme.common.router.RouterActivity m=0x108000 userHandle=UserHandle{0}}, techs: android.nfc.tech.Ndef, 
01-01 14:27:21.964  8284  8284 I RegisteredComponentCache: ComponentInfo: ResolveInfo{bc8d781 com.finshell.wallet/com.nearme.common.router.RouterActivity m=0x108000 userHandle=UserHandle{0}}, techs: android.nfc.tech.NdefFormatable, 
01-01 14:27:21.964  8284  8284 I RegisteredComponentCache: ComponentInfo: ResolveInfo{bc8d781 com.finshell.wallet/com.nearme.common.router.RouterActivity m=0x108000 userHandle=UserHandle{0}}, techs: android.nfc.tech.MifareClassic, 
01-01 14:27:21.964  8284  8284 I RegisteredComponentCache: ComponentInfo: ResolveInfo{bc8d781 com.finshell.wallet/com.nearme.common.router.RouterActivity m=0x108000 userHandle=UserHandle{0}}, techs: android.nfc.tech.MifareUltralight, 
01-01 14:27:21.964  8284  8284 I RegisteredComponentCache: ComponentInfo: ResolveInfo{4f34026 com.greenpoint.android.mc10086.activity/com.mc10086.cmcc.view.mine.html5.SchemeDispatchActivity m=0x108000 userHandle=UserHandle{0}}, techs: android.nfc.tech.IsoDep, 
01-01 14:27:21.964  8284  8284 I RegisteredComponentCache: ComponentInfo: ResolveInfo{4f34026 com.greenpoint.android.mc10086.activity/com.mc10086.cmcc.view.mine.html5.SchemeDispatchActivity m=0x108000 userHandle=UserHandle{0}}, techs: android.nfc.tech.NfcA, android.nfc.tech.NfcF, android.nfc.tech.MifareUltralight, 
01-01 14:27:21.964  8284  8284 I RegisteredComponentCache: ComponentInfo: ResolveInfo{c821467 com.jingdong.app.mall/.nfc.NfcIntentHandleActivity m=0x108000 userHandle=UserHandle{0}}, techs: android.nfc.tech.IsoDep, 
01-01 14:27:21.964  8284  8284 I RegisteredComponentCache: ComponentInfo: ResolveInfo{c821467 com.jingdong.app.mall/.nfc.NfcIntentHandleActivity m=0x108000 userHandle=UserHandle{0}}, techs: android.nfc.tech.NfcV, 
01-01 14:27:21.964  8284  8284 I RegisteredComponentCache: ComponentInfo: ResolveInfo{4444214 com.tencent.mm/.plugin.nfc_open.ui.NfcWebViewUI m=0x108000 userHandle=UserHandle{0}}, techs: android.nfc.tech.IsoDep, 
01-01 14:27:21.964  8284  8284 I RegisteredComponentCache: ComponentInfo: ResolveInfo{4444214 com.tencent.mm/.plugin.nfc_open.ui.NfcWebViewUI m=0x108000 userHandle=UserHandle{0}}, techs: android.nfc.tech.NfcA, 
01-01 14:27:21.964  8284  8284 I RegisteredComponentCache: ComponentInfo: ResolveInfo{caa6abd net.dinglisch.android.taskerm/com.joaomgcd.taskerm.nfc.ActivityNFCTag m=0x108000 userHandle=UserHandle{0}}, techs: android.nfc.tech.IsoDep, android.nfc.tech.MifareClassic, android.nfc.tech.MifareUltralight, android.nfc.tech.NfcA, android.nfc.tech.NfcB, android.nfc.tech.NfcF, android.nfc.tech.NfcV, android.nfc.tech.NdefFormatable, android.nfc.tech.Ndef, android.nfc.tech.NfcBarcode, 
01-01 14:27:21.964  8284  8284 I RegisteredComponentCache: ComponentInfo: ResolveInfo{caa6abd net.dinglisch.android.taskerm/com.joaomgcd.taskerm.nfc.ActivityNFCTag m=0x108000 userHandle=UserHandle{0}}, techs: android.nfc.tech.NfcA, android.nfc.tech.Ndef, 
01-01 14:27:21.964  8284  8284 I RegisteredComponentCache: ComponentInfo: ResolveInfo{caa6abd net.dinglisch.android.taskerm/com.joaomgcd.taskerm.nfc.ActivityNFCTag m=0x108000 userHandle=UserHandle{0}}, techs: android.nfc.tech.NfcB, android.nfc.tech.Ndef, 
01-01 14:27:21.964  8284  8284 I RegisteredComponentCache: Removed Components => 
01-01 14:27:21.964  8284  8284 I RegisteredComponentCache: ComponentInfo: ResolveInfo{109cbc7 com.iflytek.spark/com.finogeeks.lib.applet.api.nfc.NfcDispatchActivity m=0x108000 userHandle=UserHandle{0}}, techs: android.nfc.tech.IsoDep, 
01-01 14:27:21.964  8284  8284 I RegisteredComponentCache: ComponentInfo: ResolveInfo{109cbc7 com.iflytek.spark/com.finogeeks.lib.applet.api.nfc.NfcDispatchActivity m=0x108000 userHandle=UserHandle{0}}, techs: android.nfc.tech.NfcA, 
01-01 14:27:21.964  8284  8284 I RegisteredComponentCache: ComponentInfo: ResolveInfo{2c95f4 com.unionpay/.activity.UPActivityStartTransition m=0x108000 userHandle=UserHandle{0}}, techs: android.nfc.tech.IsoDep, android.nfc.tech.Ndef, 
01-01 14:27:21.964  8284  8284 I RegisteredComponentCache: ComponentInfo: ResolveInfo{764611d com.yitong.zjrc.mfs.android/com.finogeeks.lib.applet.api.nfc.NfcDispatchActivity m=0x108000 userHandle=UserHandle{0}}, techs: android.nfc.tech.IsoDep, 
01-01 14:27:21.964  8284  8284 I RegisteredComponentCache: ComponentInfo: ResolveInfo{764611d com.yitong.zjrc.mfs.android/com.finogeeks.lib.applet.api.nfc.NfcDispatchActivity m=0x108000 userHandle=UserHandle{0}}, techs: android.nfc.tech.NfcA, 
01-01 14:27:21.964  8284  8284 I RegisteredComponentCache: ComponentInfo: ResolveInfo{4c25f92 com.android.apps.tag/.TagViewer m=0x108000 userHandle=UserHandle{0}}, techs: android.nfc.tech.Ndef, 
01-01 14:27:21.964  8284  8284 I RegisteredComponentCache: ComponentInfo: ResolveInfo{ccd5d63 com.heytap.tas/com.nearme.common.router.RouterActivity m=0x108000 userHandle=UserHandle{0}}, techs: android.nfc.tech.IsoDep, 
01-01 14:27:21.964  8284  8284 I RegisteredComponentCache: ComponentInfo: ResolveInfo{ccd5d63 com.heytap.tas/com.nearme.common.router.RouterActivity m=0x108000 userHandle=UserHandle{0}}, techs: android.nfc.tech.NfcA, 
01-01 14:27:21.964  8284  8284 I RegisteredComponentCache: ComponentInfo: ResolveInfo{ccd5d63 com.heytap.tas/com.nearme.common.router.RouterActivity m=0x108000 userHandle=UserHandle{0}}, techs: android.nfc.tech.NfcV, 
01-01 14:27:21.964  8284  8284 I RegisteredComponentCache: ComponentInfo: ResolveInfo{ccd5d63 com.heytap.tas/com.nearme.common.router.RouterActivity m=0x108000 userHandle=UserHandle{0}}, techs: android.nfc.tech.Ndef, 
01-01 14:27:21.964  8284  8284 I RegisteredComponentCache: ComponentInfo: ResolveInfo{ccd5d63 com.heytap.tas/com.nearme.common.router.RouterActivity m=0x108000 userHandle=UserHandle{0}}, techs: android.nfc.tech.NdefFormatable, 
01-01 14:27:21.964  8284  8284 I RegisteredComponentCache: ComponentInfo: ResolveInfo{ccd5d63 com.heytap.tas/com.nearme.common.router.RouterActivity m=0x108000 userHandle=UserHandle{0}}, techs: android.nfc.tech.MifareClassic, 
01-01 14:27:21.964  8284  8284 I RegisteredComponentCache: ComponentInfo: ResolveInfo{ccd5d63 com.heytap.tas/com.nearme.common.router.RouterActivity m=0x108000 userHandle=UserHandle{0}}, techs: android.nfc.tech.MifareUltralight, 
01-01 14:27:21.964  8284  8284 I RegisteredComponentCache: ComponentInfo: ResolveInfo{3771d60 com.cmri.universalapp/.index.webview.IndexWebViewActivity m=0x108000 userHandle=UserHandle{0}}, techs: android.nfc.tech.NfcA, android.nfc.tech.NfcB, android.nfc.tech.NfcF, android.nfc.tech.NfcV, android.nfc.tech.IsoDep, android.nfc.tech.Ndef, android.nfc.tech.NdefFormatable, android.nfc.tech.MifareClassic, android.nfc.tech.MifareUltralight, 
01-01 14:27:21.964  8284  8284 I RegisteredComponentCache: ComponentInfo: ResolveInfo{ceaf219 com.eg.android.AlipayGphone/com.alipay.mobile.quinox.SchemeLauncherActivity m=0x108000 userHandle=UserHandle{0}}, techs: android.nfc.tech.IsoDep, 
01-01 14:27:21.964  8284  8284 I RegisteredComponentCache: ComponentInfo: ResolveInfo{e22e2de com.finshell.wallet/com.nearme.common.router.RouterActivity m=0x108000 userHandle=UserHandle{0}}, techs: android.nfc.tech.IsoDep, 
01-01 14:27:21.964  8284  8284 I RegisteredComponentCache: ComponentInfo: ResolveInfo{e22e2de com.finshell.wallet/com.nearme.common.router.RouterActivity m=0x108000 userHandle=UserHandle{0}}, techs: android.nfc.tech.NfcA, 
01-01 14:27:21.964  8284  8284 I RegisteredComponentCache: ComponentInfo: ResolveInfo{e22e2de com.finshell.wallet/com.nearme.common.router.RouterActivity m=0x108000 userHandle=UserHandle{0}}, techs: android.nfc.tech.NfcV, 
01-01 14:27:21.964  8284  8284 I RegisteredComponentCache: ComponentInfo: ResolveInfo{e22e2de com.finshell.wallet/com.nearme.common.router.RouterActivity m=0x108000 userHandle=UserHandle{0}}, techs: android.nfc.tech.Ndef, 
01-01 14:27:21.964  8284  8284 I RegisteredComponentCache: ComponentInfo: ResolveInfo{e22e2de com.finshell.wallet/com.nearme.common.router.RouterActivity m=0x108000 userHandle=UserHandle{0}}, techs: android.nfc.tech.NdefFormatable, 
01-01 14:27:21.964  8284  8284 I RegisteredComponentCache: ComponentInfo: ResolveInfo{e22e2de com.finshell.wallet/com.nearme.common.router.RouterActivity m=0x108000 userHandle=UserHandle{0}}, techs: android.nfc.tech.MifareClassic, 
01-01 14:27:21.964  8284  8284 I RegisteredComponentCache: ComponentInfo: ResolveInfo{e22e2de com.finshell.wallet/com.nearme.common.router.RouterActivity m=0x108000 userHandle=UserHandle{0}}, techs: android.nfc.tech.MifareUltralight, 
01-01 14:27:21.964  8284  8284 I RegisteredComponentCache: ComponentInfo: ResolveInfo{bae6cbf com.greenpoint.android.mc10086.activity/com.mc10086.cmcc.view.mine.html5.SchemeDispatchActivity m=0x108000 userHandle=UserHandle{0}}, techs: android.nfc.tech.IsoDep, 
01-01 14:27:21.964  8284  8284 I RegisteredComponentCache: ComponentInfo: ResolveInfo{bae6cbf com.greenpoint.android.mc10086.activity/com.mc10086.cmcc.view.mine.html5.SchemeDispatchActivity m=0x108000 userHandle=UserHandle{0}}, techs: android.nfc.tech.NfcA, android.nfc.tech.NfcF, android.nfc.tech.MifareUltralight, 
01-01 14:27:21.964  8284  8284 I RegisteredComponentCache: ComponentInfo: ResolveInfo{920af8c com.jingdong.app.mall/.nfc.NfcIntentHandleActivity m=0x108000 userHandle=UserHandle{0}}, techs: android.nfc.tech.IsoDep, 
01-01 14:27:21.964  8284  8284 I RegisteredComponentCache: ComponentInfo: ResolveInfo{920af8c com.jingdong.app.mall/.nfc.NfcIntentHandleActivity m=0x108000 userHandle=UserHandle{0}}, techs: android.nfc.tech.NfcV, 
01-01 14:27:21.964  8284  8284 I RegisteredComponentCache: ComponentInfo: ResolveInfo{aaf96d5 com.tencent.mm/.plugin.nfc_open.ui.NfcWebViewUI m=0x108000 userHandle=UserHandle{0}}, techs: android.nfc.tech.IsoDep, 
01-01 14:27:21.964  8284  8284 I RegisteredComponentCache: ComponentInfo: ResolveInfo{aaf96d5 com.tencent.mm/.plugin.nfc_open.ui.NfcWebViewUI m=0x108000 userHandle=UserHandle{0}}, techs: android.nfc.tech.NfcA, 
01-01 14:27:21.964  8284  8284 I RegisteredComponentCache: ComponentInfo: ResolveInfo{a764eea net.dinglisch.android.taskerm/com.joaomgcd.taskerm.nfc.ActivityNFCTag m=0x108000 userHandle=UserHandle{0}}, techs: android.nfc.tech.IsoDep, android.nfc.tech.MifareClassic, android.nfc.tech.MifareUltralight, android.nfc.tech.NfcA, android.nfc.tech.NfcB, android.nfc.tech.NfcF, android.nfc.tech.NfcV, android.nfc.tech.NdefFormatable, android.nfc.tech.Ndef, android.nfc.tech.NfcBarcode, 
01-01 14:27:21.964  8284  8284 I RegisteredComponentCache: ComponentInfo: ResolveInfo{a764eea net.dinglisch.android.taskerm/com.joaomgcd.taskerm.nfc.ActivityNFCTag m=0x108000 userHandle=UserHandle{0}}, techs: android.nfc.tech.NfcA, android.nfc.tech.Ndef, 
01-01 14:27:21.964  8284  8284 I RegisteredComponentCache: ComponentInfo: ResolveInfo{a764eea net.dinglisch.android.taskerm/com.joaomgcd.taskerm.nfc.ActivityNFCTag m=0x108000 userHandle=UserHandle{0}}, techs: android.nfc.tech.NfcB, android.nfc.tech.Ndef, 
01-01 14:27:21.965 31294 31294 I RemoteGuardClient.LimitActionProcessor: handleMessage PreventIndulgePackages UnionArrayList or = 
01-01 14:27:21.969 22989 11876 D CosaServiceImpl: getABProjectName enter
01-01 14:27:21.969 22989 11876 D CosaServiceImpl: getABProjectName 
01-01 14:27:21.969 29852 30285 I DigitalAppUse_15.0.23.PackageUtil: getHomeAppList : [com.android.launcher, bitpit.launcher, com.joaomgcd.autotools, com.microsoft.launcher, io.homeassistant.companion.android, com.android.settings]
01-01 14:27:21.969 29852 30285 I DigitalAppUse_15.0.23.PackageUtil: defaultNotLimitAppList [com.coloros.gamespace, com.oplus.cosa, com.oppo.launcher, com.coloros.digitalwellbeing, com.coloros.familyguard, com.coloros.childrenspace, com.oneplus.brickmode, com.android.settings, com.coloros.alarmclock, com.android.contacts, com.android.mms, com.heytap.vip, com.oplus.vip, com.heytap.usercenter, com.oppo.usercenter, com.oplus.member, com.heytap.member, com.oneplus.member, com.oplus.account, com.oneplus.account, com.oppo.service.account]
01-01 14:27:21.969 29852 30285 I DigitalAppUse_15.0.23.PackageUtil: systemWhiteList [Ljava.lang.String;@701d74a
01-01 14:27:21.969 29852 30285 I DigitalAppUse_15.0.23.PackageUtil: homeAppList [com.android.launcher, bitpit.launcher, com.joaomgcd.autotools, com.microsoft.launcher, io.homeassistant.companion.android, com.android.settings]
01-01 14:27:21.969 29852 30285 I DigitalAppUse_15.0.23.PackageUtil: getAllCannotLimitAppList : [com.coloros.gamespace, com.oplus.cosa, com.oppo.launcher, com.coloros.digitalwellbeing, com.coloros.familyguard, com.coloros.childrenspace, com.oneplus.brickmode, com.android.settings, com.coloros.alarmclock, com.android.contacts, com.android.mms, com.heytap.vip, com.oplus.vip, com.heytap.usercenter, com.oppo.usercenter, com.oplus.member, com.heytap.member, com.oneplus.member, com.oplus.account, com.oneplus.account, com.oppo.service.account, com.android.launcher, bitpit.launcher, com.joaomgcd.autotools, com.microsoft.launcher, io.homeassistant.companion.android]
01-01 14:27:21.972  1106  1106 E KeymasterUtils: rsp_header->status: -28
01-01 14:27:21.972  1106  1106 E KeyMasterHalDevice: abort_operation
01-01 14:27:21.972  1106  1106 E KeyMasterHalDevice: ret: -28
01-01 14:27:21.974 29852 29862 I DigitalAppUse_15.0.23.AppProtectUtil: guardPwd is null! or guard is not admin
01-01 14:27:21.975  1106  1106 E KeymasterUtils: rsp_header->status: -28
01-01 14:27:21.975  1106  1106 E KeyMasterHalDevice: abort_operation
01-01 14:27:21.975  1106  1106 E KeyMasterHalDevice: ret: -28
01-01 14:27:21.981 29852 29862 I DigitalAppUse_15.0.23.PackageUtil: getHomeAppList : [com.android.launcher, bitpit.launcher, com.joaomgcd.autotools, com.microsoft.launcher, io.homeassistant.companion.android, com.android.settings]
01-01 14:27:21.981 29852 29862 I DigitalAppUse_15.0.23.PackageUtil: defaultNotLimitAppList [com.coloros.gamespace, com.oplus.cosa, com.oppo.launcher, com.coloros.digitalwellbeing, com.coloros.familyguard, com.coloros.childrenspace, com.oneplus.brickmode, com.android.settings, com.coloros.alarmclock, com.android.contacts, com.android.mms, com.heytap.vip, com.oplus.vip, com.heytap.usercenter, com.oppo.usercenter, com.oplus.member, com.heytap.member, com.oneplus.member, com.oplus.account, com.oneplus.account, com.oppo.service.account]
01-01 14:27:21.981 29852 29862 I DigitalAppUse_15.0.23.PackageUtil: systemWhiteList [Ljava.lang.String;@89d66bb
01-01 14:27:21.981 29852 29862 I DigitalAppUse_15.0.23.PackageUtil: homeAppList [com.android.launcher, bitpit.launcher, com.joaomgcd.autotools, com.microsoft.launcher, io.homeassistant.companion.android, com.android.settings]
01-01 14:27:21.981 29852 29862 I DigitalAppUse_15.0.23.PackageUtil: getAllCannotLimitAppList : [com.coloros.gamespace, com.oplus.cosa, com.oppo.launcher, com.coloros.digitalwellbeing, com.coloros.familyguard, com.coloros.childrenspace, com.oneplus.brickmode, com.android.settings, com.coloros.alarmclock, com.android.contacts, com.android.mms, com.heytap.vip, com.oplus.vip, com.heytap.usercenter, com.oppo.usercenter, com.oplus.member, com.heytap.member, com.oneplus.member, com.oplus.account, com.oneplus.account, com.oppo.service.account, com.android.launcher, bitpit.launcher, com.joaomgcd.autotools, com.microsoft.launcher, io.homeassistant.companion.android]
01-01 14:27:21.981 31294  9590 I RemoteGuardClient.PackageUtil: getAllCanLimitAndDisabledAppList [com.jd.paipai.ppershou, cn.com.chsi.chsiapp, com.anker.charging, com.tencent.mobileqq, com.tencent.androidqqmail, com.heytap.cloud, com.ximalaya.ting.android, com.heytap.market, com.thestore.main, com.midea.ai.appliances, com.tmri.app.main, cn.airportal, com.coolapk.market, org.lsposed.manager, com.heytap.reader, com.baidu.tieba, com.coloros.phonemanager, com.coloros.shortcuts, com.baidu.searchbox, hello.litiaotiao.app, com.sevenplus.chinascience, com.midea.vm.washer, com.android.documentsui, com.coloros.ocrscanner, com.lenzetech.isearchingtwo, com.iflytek.spark, com.coloros.weather2, com.greenpoint.android.mc10086.activity, cn.gov.pbc.dcep, com.intangibleobject.securesettings.plugin, com.sankuai.meituan, com.xiaomi.aischedule, com.pixlr.express, com.netease.edu.ucmooc, com.sina.weibo, cn.litiaotiao.app, com.oplus.play, com.cainiao.wireless, org.telegram.messenger.web, com.iflytek.speechcloud, com.bigemap.earth, com.aobo.twohour, com.coloros.calendar, com.kylindev.totalk, com.jd.app.reader, com.woodslink.android.wiredheadphoneroutingfix, com.xiaomi.smarthome, com.taobao.idlefish, com.zzw.october, com.nurmemet.putonghua_test, com.aliyun.tongyi, com.jd.jdlite, com.kingosoft.activity_kb_common, ai.perplexity.app.android, com.arlosoft.macrodroid.helper, com.finshell.wallet, com.yuewen.authorapp, com.heytap.quicksearchbox, com.coloros.systemclone, com.github.kr328.clash, com.luyinla, cn.danatech.xingseapp, com.deepseek.chat, com.v2ray.ang, com.google.android.apps.googleassistant, com.jingdong.app.mall, com.ss.android.ugc.aweme, com.google.android.apps.translate, com.ss.android.article.lite, com.tencent.mm, com.tianyancha.skyeye, com.sinovatech.unicom.ui, io.github.huskydg.magisk, im.xingzhe, com.coloros.gallery3d, net.csdn.csdnplus, com.github.metacubex.clash.meta, org.autojs.autoxjs.v6, com.netease.cloudmusic, com.sohu.inputmethod.sogou, com.elianyun.app, com.heytap.speechassist, com.keramidas.TitaniumBackup, com.taobao.litetao, info.dvkr.screenstream.dev, com.coloros.backuprestore, com.indeed.golinks, net.pengtu.sxscq, com.coloros.assistantscreen, com.heytap.yoli, space.zeuslink.zeus, top.eiyooooo.easycontrol.app, com.mybank.android.phone, com.openai.chatgpt, com.shizuku.uninstaller, ru.maximoff.apktool, com.azure.authenticator, com.android.email, ru.sxbuIDfx.pFSOyagrF, com.nikon.snapbridge.cmru, com.zhihu.android, com.spotify.music, org.meowcat.edxposed.manager, com.yipiao, com.alibaba.wireless, com.MobileTicket, com.lolaage.tbulu.tools, com.taobao.taobao, com.dianping.v1, com.tencent.wemeet.app, com.iiordanov.freebVNC, com.github.audiocenter, com.baidu.wenku, com.tencent.hunyuan.app.chat, com.homeassistant.mdhelper, com.safeluck.life, com.jingyao.easybike, com.moonshot.kimichat, com.alibaba.aliyun, com.ss.android.article.news, com.nearme.gamecenter, com.hicorenational.antifraud, com.quark.browser, me.ele, com.kuaishou.nebula, io.kkzs, dji.go.v5, com.baidu.netdisk, com.mc.miband1, com.changxianggu.student, com.wujie.connect, com.shixian.longyou, cn.canva.editor, com.heytap.pictorial, com.v2cross.proxy, com.lianyi.uavproject, com.xunmeng.pinduoduo, in.dc297.mqttclpro, com.ovital.ovitalMap, com.tmall.wireless, com.coloros.filemanager, com.sf.activity, com.xyz.wubixuexi, cn.hsa.app, com.termux, com.conena.navigation.gesture.control, com.tools.frp, com.joaomgcd.autovoice, com.tencent.phoenix, com.ecoflow, moe.shizuku.privileged.api, com.xm.xinda, com.coolkit, com.twitter.android, com.truedian.dragon, cn.gov.chinatax.gt4.app, com.cmri.universalapp, com.up366.ismart, com.wuba.zhuanzhuan, com.jiongji.andriod.card, com.sogou.translator, com.qidian.QDReader, ct.bt.app, org.intoorbit.spectrum, com.dragon.read, org.autojs.autojspro, com.bambulab.creator, com.shizhuang.duapp, com.youku.phone, com.hanweb.android.zhejiang.activity, com.google.android.apps.maps, com.wuba, com.tencent.mtt, com.android.cts.crossprofilepermissioncontrol, com.amazon.avod.thirdpartyclient, com.xuetangx.ykt, com.chaoxing.mobile, com.google.android.googlequicksearchbox
01-01 14:27:21.984  7408  7408 V GraphicsEnvironment: Currently set values for:
01-01 14:27:21.984  7408  7408 V GraphicsEnvironment:   angle_gl_driver_selection_pkgs=[]
01-01 14:27:21.984  7408  7408 V GraphicsEnvironment:   angle_gl_driver_selection_values=[]
01-01 14:27:21.984  7408  7408 V GraphicsEnvironment: Global.Settings values are invalid: number of packages: 0, number of values: 0
01-01 14:27:21.986  6611  6618 W .quicksearchbox: ApkAssets: Deleting an ApkAssets object '<empty> and /data/app/~~5ft1z2iymK3T8e0wtbKsiQ==/com.github.audiocenter-WWcAnLaQK67kNYJwDbr--A==/base.apk' with 1 weak references
01-01 14:27:21.986  6611  6618 W .quicksearchbox: ApkAssets: Deleting an ApkAssets object '<empty> and /data/app/~~FX2UcN597E0cuciZYRQo2A==/com.android.contacts-XJnCynnhIQxwofHq3fqBDg==/base.apk' with 1 weak references
01-01 14:27:21.988  6611  6618 W .quicksearchbox: ApkAssets: Deleting an ApkAssets object '<empty> and /data/app/~~x3ydnBBuCDglSfqkoHlh6A==/com.coloros.assistantscreen-3x642CRNZx7Rsrv1KYaV8A==/base.apk' with 1 weak references
01-01 14:27:21.988 31294  9590 I RemoteGuardClient.DisabledTimeManager: cancel alarm succeed 2 , Intent { act=com.coloros.safecenter.appusage.disabledtime flg=0x1000000 pkg=com.coloros.remoteguardservice (has extras) }
01-01 14:27:22.001 31294  9590 I RemoteGuardClient.DisabledTimeManager: cancel alarm succeed 0 , Intent { act=com.coloros.safecenter.appusage.disabledtime flg=0x1000000 pkg=com.coloros.remoteguardservice (has extras) }
01-01 14:27:22.002 31294  9590 I RemoteGuardClient.DisabledTimeManager: cancel alarm succeed 1 , Intent { act=com.coloros.safecenter.appusage.disabledtime flg=0x1000000 pkg=com.coloros.remoteguardservice (has extras) }
01-01 14:27:22.002 31294  9590 I RemoteGuardClient.WorkUtils: cancel WorkManager is com.coloros.remoteguardservice.worker.EndWorker
01-01 14:27:22.002 31294  9590 I RemoteGuardClient.WorkUtils: cancel WorkManager is com.coloros.remoteguardservice.worker.StartWorker
01-01 14:27:22.002 31294  9590 I RemoteGuardClient.WorkUtils: cancel WorkManager is com.coloros.remoteguardservice.worker.PerNotifyWorker
01-01 14:27:22.004 31294  9590 I RemoteGuardClient.LimitActionProcessor: PreventIndulgePackages UnionArrayList or setLimitPackages:
01-01 14:27:22.004 31294  9590 I RemoteGuardClient.LimitActionProcessor: limitList:
01-01 14:27:22.004 31294  9590 I RemoteGuardClient.LimitActionProcessor: disableList:
01-01 14:27:22.004 31294  9590 I RemoteGuardClient.LimitActionProcessor: phoneLimitList:
01-01 14:27:22.006  1106  1106 E KeymasterUtils: rsp_header->status: -28
01-01 14:27:22.006  1106  1106 E KeyMasterHalDevice: abort_operation
01-01 14:27:22.006  1106  1106 E KeyMasterHalDevice: ret: -28
01-01 14:27:22.008 31294  9590 I RemoteGuardClient.FamilyGuardDBUtil: NewDigital isBound:false
01-01 14:27:22.009  8590  8992 I SG::UmsScanner: queryAccessPackages list.size 156,localApkSet = [com.android.incallui, com.oplus.linker, com.oplus.wirelesssettings, com.coloros.soundrecorder, com.heytap.mydevices, com.coloros.oshare, com.oplus.ipemanager, com.coloros.accessibilityassistant, com.oplus.screenrecorder, com.nearme.instant.platform, com.heytap.health, com.coloros.operationManual, com.coloros.sceneservice, com.coloros.weather2, com.oplus.secondaryhome, com.oplus.melody, com.oplus.dialer, com.coloros.alarmclock, com.oplus.padconnect, com.oneplus.soundrecorder, com.oneplus.deskclock, com.oplus.seedling.media, com.oplus.battery, com.oplus.gesture, com.redteamobile.roaming, com.oplus.safecenter, com.oplus.ocar, com.android.phone, com.oplus.mediacontroller, com.heytap.accessory, com.coloros.backuprestore, com.coloros.securepay, com.android.systemui, com.heytap.opluscarlink, com.coloros.floatassistant, com.finshell.wallet, com.oplus.pantanal.ums, com.oplus.seedlingdemomode, com.oplus.securitypermission, com.oplus.eyeprotect, com.coloros.gallery3d, com.oplus.remotecontrol, com.coloros.scenemode, com.coloros.codebook, com.oplus.exsystemservice, com.coloros.colordirectservice, com.oplus.matrix, com.oplus.smartmediacontroller, com.coloros.phonemanager, com.oplus.wallpapers, com.heytap.mcs, com.oplus.aimemory, com.oplus.camera, com.coloros.calendar] [base|com.oplus.pantanal.ums|1.5.5-f48228a]
01-01 14:27:22.009  6611  6634 I Qsb-DBManager: call update:com.github.audiocenter
01-01 14:27:22.016 31701  7395 W ONET_NetMonitor: RecvResp seq: 28602 retry: 0 code: 1 httpCode: 200 contentLength: 473 costtime: 116 msg: null
01-01 14:27:22.021  8590  7501 I SG::StaticManager[RepositoryManager]: getCardInfoModifyTime.
01-01 14:27:22.022 31701  7395 W oneplus_check_upgrade: type: 3 ,request: cost: 445
01-01 14:27:22.022 31701  7395 W oneplus_check_upgrade: type: 3 , response: size: 0
01-01 14:27:22.024  1106  1106 E KeymasterUtils: rsp_header->status: -28
01-01 14:27:22.024  1106  1106 E KeyMasterHalDevice: abort_operation
01-01 14:27:22.024  1106  1106 E KeyMasterHalDevice: ret: -28
01-01 14:27:22.027  7408  7408 D ResourcesManagerExtImpl: applyConfigurationToAppResourcesLocked app.getDisplayId() return callback.displayId:-1
01-01 14:27:22.032 31701  7395 W oneplus_check_upgrade: type: 3 ,saveUpgradeInfo: 0 ,insert: 0 ,update: 0 ,filter: 0 ,invalid: 0 ,delList: 0 ,patchType: {} ,cost: 2
01-01 14:27:22.032 31701  7395 W oneplus_check_upgrade: type: 3 ,checkUpgrade: cost: 522
01-01 14:27:22.032  1106  1106 E KeymasterUtils: rsp_header->status: -28
01-01 14:27:22.032  1106  1106 E KeyMasterHalDevice: abort_operation
01-01 14:27:22.032  1106  1106 E KeyMasterHalDevice: ret: -28
01-01 14:27:22.033   851   851 E lowmemorykiller: device memory 657229 free 49716 file 616592
01-01 14:27:22.038 17589 17615 D BinderSender: onUidCachedChanged: uid=10107, cached=true
01-01 14:27:22.042  8284  8334 W com.android.nfc: ApkAssets: Deleting an ApkAssets object '<empty> and /system/priv-app/Tag/Tag.apk' with 1 weak references
01-01 14:27:22.043  8284  8334 W com.android.nfc: ApkAssets: Deleting an ApkAssets object '<empty> and /data/app/~~YHoVnVZF3CQGrSFDjLb8QA==/com.iflytek.spark-s6SwqYILqsLnJPqexCNokw==/base.apk' with 1 weak references
01-01 14:27:22.043  8284  8334 W com.android.nfc: ApkAssets: Deleting an ApkAssets object '<empty> and /data/app/~~b4Y3BhRIIuAgyrTKwyf-zQ==/com.unionpay-WHXU7FwOYqBcCZhqMpguLw==/base.apk' with 1 weak references
01-01 14:27:22.043  8284  8334 W com.android.nfc: ApkAssets: Deleting an ApkAssets object '<empty> and /data/app/~~imcjvydByCECsNCEBz6U9g==/com.yitong.zjrc.mfs.android-jPBAMgQDMrKkyvrkiN0h_g==/base.apk' with 1 weak references
01-01 14:27:22.044  8284  8334 W com.android.nfc: ApkAssets: Deleting an ApkAssets object '<empty> and /product/app/TasWallet/TasWallet.apk' with 1 weak references
01-01 14:27:22.044  8284  8334 W com.android.nfc: ApkAssets: Deleting an ApkAssets object '<empty> and /data/app/~~9cqK9Yl15Bv3ULbJtYZ-Mg==/com.cmri.universalapp-WLyyFidI9e0mOL9ck_ANmA==/base.apk' with 1 weak references
01-01 14:27:22.044  8284  8334 W com.android.nfc: ApkAssets: Deleting an ApkAssets object '<empty> and /data/app/~~WwkwL5apnmIc8NIQw6EKQg==/com.eg.android.AlipayGphone-DS9wpws6MXsLddsSOBvS0g==/base.apk' with 1 weak references
01-01 14:27:22.044  8284  8334 W com.android.nfc: ApkAssets: Deleting an ApkAssets object '<empty> and /data/app/~~QMNKuipGtWQt1hoP231H_g==/com.finshell.wallet-VNSd_o2Qqtya1qW6MOzxtg==/base.apk' with 1 weak references
01-01 14:27:22.045  6611  6634 D Identity: nonceAndCounter: d9f5f67ab3427eb9000000000000000d
01-01 14:27:22.045  8284  8334 W com.android.nfc: ApkAssets: Deleting an ApkAssets object '<empty> and /data/app/~~bygGWShN59hjQYWPd7hzIQ==/com.greenpoint.android.mc10086.activity-u4iQ-wdhYBQIl4BUtYrOvQ==/base.apk' with 1 weak references
01-01 14:27:22.045  8284  8334 W com.android.nfc: ApkAssets: Deleting an ApkAssets object '<empty> and /data/app/~~mvPEpg-SqLSGbu2yFG199A==/com.jingdong.app.mall-FW2-EkPkcdfBKU4xKFRA2g==/base.apk' with 1 weak references
01-01 14:27:22.046  8284  8334 W com.android.nfc: ApkAssets: Deleting an ApkAssets object '<empty> and /data/app/~~sLyrvkuxbTNivUz9Kanizg==/com.tencent.mm-oT2DPU_I8cY-jtj4RQJIvw==/base.apk' with 1 weak references
01-01 14:27:22.046  8284  8334 W com.android.nfc: ApkAssets: Deleting an ApkAssets object '<empty> and /data/app/~~CqrwfbT7Tixbu0AxLiECVw==/net.dinglisch.android.taskerm-I1RxdRLBrnYj86kV4vUvWw==/base.apk' with 1 weak references
01-01 14:27:22.046  7408  7408 D PhoneManager.FastLoader: [preloadAsync] PreloadSplitControllerTask
01-01 14:27:22.047  7408  7408 D PhoneManager.PhoneManagerApp: onCreate
01-01 14:27:22.049  4465  4755 W Looper  : Slow delivery took 1022ms NotifInflation h=android.os.Handler c=android.os.AsyncTask$4@7452109[Completed normally] m=0
01-01 14:27:22.051  7408  7408 I [Koin]  : [init] declare Android Context
01-01 14:27:22.052  1106  1106 E KeymasterUtils: rsp_header->status: -28
01-01 14:27:22.052  1106  1106 E KeyMasterHalDevice: abort_operation
01-01 14:27:22.052  1106  1106 E KeyMasterHalDevice: ret: -28
01-01 14:27:22.053  6611  6634 D TrafficStats: tagSocket(144) with statsTag=0xffffffff, statsUid=-1
01-01 14:27:22.055  8284  8284 D ActivityThread: Package [com.github.audiocenter] reported as REPLACED, but missing application info. Assuming REMOVED.
01-01 14:27:22.056  7408  7408 W [Koin]  : (+) override index 'android.content.Context::_root_' -> '[Singleton:'android.content.Context']'
01-01 14:27:22.056  7408  7408 I [Koin]  : loaded 2 definitions in 0.275208 ms
01-01 14:27:22.057  4465  4465 D OplusNotificationDateTimeView: setTime mSettingTimeMillis 1767243689294, mSettingLocalDateTime 2026-01-01T13:01:00.294
01-01 14:27:22.058  8284  8284 D ActivityThread: Package [com.github.audiocenter] reported as REPLACED, but missing application info. Assuming REMOVED.
01-01 14:27:22.059  7408  7506 I PhoneManager: OplusLog, qELogOn = false, qELogOnMTK = false, loggable = false
01-01 14:27:22.068  7408  7408 D PhoneManager.KoinRegister: getKoinModules end
01-01 14:27:22.068  4465  4465 E LockScreenNotificationDispatcherImp: updateNotificationListOnKg size:0
01-01 14:27:22.068  4465  4465 I SystemUi--Notification: LockScreenNotificationDispatcherImp-->updateNotificationListOnKg resultCode: 0
01-01 14:27:22.069  4465  4465 D OplusNotificationDateTimeView: setTime mSettingTimeMillis 1767243692159, mSettingLocalDateTime 2026-01-01T13:01:00.159
01-01 14:27:22.070  1106  1106 E KeymasterUtils: rsp_header->status: -28
01-01 14:27:22.070  1106  1106 E KeyMasterHalDevice: abort_operation
01-01 14:27:22.070  1106  1106 E KeyMasterHalDevice: ret: -28
01-01 14:27:22.071  7408  7408 I [Koin]  : loaded 20 definitions in 3.154375 ms
01-01 14:27:22.075  4562  4989 D Acc-OplusLinkBoostCommon: notifyThermalBroadCast level = 7 temp = 404,lastTemp: 399
01-01 14:27:22.084  1673  1673 I [UAH_CLIENT]: UahPlatformResAcquire
01-01 14:27:22.084  1673  1673 I [UAH_CLIENT]: UahEventAcquire, cmdid:-3, pkg:1898 6756, identity:qcom-perfd
01-01 14:27:22.085  1673  1728 E ANDR-PERF-RESOURCEQS: Resource with major=16, minor=0 not supported
01-01 14:27:22.089  3140  3884 D ActivityTaskManager: Skipping, invisible task: Task{e2b6ad9 #12597 type=home I=com.microsoft.launcher/.Launcher}
01-01 14:27:22.089  3140  3884 D ActivityTaskManager: Skipping, invisible task: Task{49589b1 #12133 type=recents I=com.android.launcher/com.android.quickstep.RecentsActivity}
01-01 14:27:22.090  3140  3884 D OplusSplitScreenManagerService: com.taobao.taobao unSupportsSplitScreen by blockList or ForbidActivityList
01-01 14:27:22.091  3140  3884 D ActivityTaskManager: pre-Filtered:info.dvkr.screenstream.dev # com.github.audiocenter # tv.danmaku.bili # com.android.contacts # com.android.mms # com.eg.android.AlipayGphone # com.xm.xinda # com.ss.android.ugc.aweme # com.quark.browser # com.coolkit # com.ecoflow # cn.unipus.itest.student # com.example.appui # com.coloros.gallery3d # com.coloros.alarmclock # com.tencent.mm # com.taobao.taobao # com.taobao.idlefish # com.tencent.mm # io.homeassistant.companion.android # com.larus.nova # in.dc297.mqttclpro # com.wujie.connect # com.jd.jdlogistic # com.jingdong.app.mall # com.greenpoint.android.mc10086.activity # com.tencent.mobileqq # com.chaoxing.mobile # 
01-01 14:27:22.091  3140  3884 D ActivityTaskManager: after skip size 28
01-01 14:27:22.091  4465  4465 E LockScreenNotificationDispatcherImp: updateNotificationListOnKg size:0
01-01 14:27:22.091  4465  4465 I SystemUi--Notification: LockScreenNotificationDispatcherImp-->updateNotificationListOnKg resultCode: 0
01-01 14:27:22.092  1106  1106 E KeymasterUtils: rsp_header->status: -28
01-01 14:27:22.092  1106  1106 E KeyMasterHalDevice: abort_operation
01-01 14:27:22.092  1106  1106 E KeyMasterHalDevice: ret: -28
01-01 14:27:22.093 29852 30285 I DigitalAppUse_15.0.23.AppProtectUtil: guardPwd is null! or guard is not admin
01-01 14:27:22.094 29000 29074 D ::b     : getRecentTasks() taskInfo: null, null, Intent { act=android.intent.action.MAIN cat=[android.intent.category.LAUNCHER] flg=0x10200000 cmp=info.dvkr.screenstream.dev/info.dvkr.screenstream.SingleActivity mCallingUid=10464 }, userId: 0
01-01 14:27:22.094 29000 29074 D ::b     : getRecentTasks() taskInfo: null, null, Intent { flg=0x10000000 cmp=com.github.audiocenter/.MainActivity mCallingUid=2000 }, userId: 0
01-01 14:27:22.094 29000 29074 D ::b     : getRecentTasks() taskInfo: ComponentInfo{tv.danmaku.bili/tv.danmaku.bili.MainActivityV2}, ComponentInfo{tv.danmaku.bili/com.bilibili.ship.theseus.detail.UnitedBizDetailsActivity}, Intent { act=android.intent.action.MAIN cat=[android.intent.category.LAUNCHER] flg=0x10200000 cmp=tv.danmaku.bili/.MainActivityV2 mCallingUid=10464 }, userId: 0
01-01 14:27:22.094 29000 29074 D ::b     : getRecentTasks() taskInfo: ComponentInfo{com.android.contacts/com.customize.contacts.activities.ContactsTabActivity}, ComponentInfo{com.android.contacts/com.customize.contacts.activities.ContactsTabActivity}, Intent { act=android.intent.action.MAIN cat=[android.intent.category.LAUNCHER] flg=0x10200000 cmp=com.android.contacts/.DialtactsActivityAlias mCallingUid=10464 }, userId: 0
01-01 14:27:22.094 29000 29074 D ::b     : getRecentTasks() taskInfo: ComponentInfo{com.android.mms/com.android.mms.ui.ConversationList}, ComponentInfo{com.android.mms/com.android.mms.ui.ConversationList}, Intent { act=android.intent.action.MAIN cat=[android.intent.category.LAUNCHER] flg=0x10200000 cmp=com.android.mms/.ui.ConversationList mCallingUid=10464 }, userId: 0
01-01 14:27:22.094 29000 29074 D ::b     : getRecentTasks() taskInfo: ComponentInfo{com.eg.android.AlipayGphone/com.eg.android.AlipayGphone.AlipayLogin}, ComponentInfo{com.eg.android.AlipayGphone/com.alipay.android.msp.ui.views.MspContainerActivity}, Intent { act=android.intent.action.MAIN cat=[android.intent.category.LAUNCHER] flg=0x10200000 cmp=com.eg.android.AlipayGphone/.AlipayLogin mCallingUid=10464 }, userId: 0
01-01 14:27:22.094 29000 29074 D ::b     : getRecentTasks() taskInfo: ComponentInfo{com.xm.xinda/com.xm.xinda.splash.activity.MainActivity}, ComponentInfo{com.xm.xinda/com.xm.xinda.service.activity.WebActivity}, Intent { act=android.intent.action.MAIN cat=[android.intent.category.LAUNCHER] flg=0x10008000 pkg=com.xm.xinda cmp=com.xm.xinda/.splash.SplashActivity mCallingUid=10430 }, userId: 0
01-01 14:27:22.094 29000 29074 D ::b     : getRecentTasks() taskInfo: null, null, Intent { act=android.intent.action.MAIN cat=[android.intent.category.LAUNCHER] flg=0x10200000 cmp=com.ss.android.ugc.aweme/.splash.SplashActivity mCallingUid=10464 }, userId: 0
01-01 14:27:22.094 29000 29074 D ::b     : getRecentTasks() taskInfo: ComponentInfo{com.quark.browser/com.ucpro.BrowserActivity}, ComponentInfo{com.quark.browser/com.ucpro.BrowserActivity}, Intent { act=android.intent.action.MAIN cat=[android.intent.category.LAUNCHER] flg=0x10200000 cmp=com.quark.browser/com.ucpro.MainActivity mCallingUid=10464 }, userId: 0
01-01 14:27:22.094 29000 29074 D ::b     : getRecentTasks() taskInfo: ComponentInfo{com.coolkit/com.coolkit.MainActivity}, ComponentInfo{com.coolkit/com.coolkit.MainActivity}, Intent { act=android.intent.action.MAIN cat=[android.intent.category.LAUNCHER] flg=0x10200000 cmp=com.coolkit/.SplashActivity mCallingUid=10464 }, userId: 0
01-01 14:27:22.094 29000 29074 D ::b     : getRecentTasks() taskInfo: ComponentInfo{com.ecoflow/com.ecoflow.iot.ui.activity.MainActivity}, ComponentInfo{com.ecoflow/com.ecoflow.energyStorageModule.energymanage.EnergyManageActivity}, Intent { act=android.intent.action.MAIN cat=[android.intent.category.LAUNCHER] flg=0x10200000 cmp=com.ecoflow/.iot.ui.activity.SplashActivity mCallingUid=10464 }, userId: 0
01-01 14:27:22.094 29000 29074 D ::b     : getRecentTasks() taskInfo: ComponentInfo{cn.unipus.itest.student/cn.unipus.itest.mvvm.view.activity.SplashActivity}, ComponentInfo{cn.unipus.itest.student/cn.unipus.itest.mvvm.view.activity.SplashActivity}, Intent { act=android.intent.action.MAIN cat=[android.intent.category.LAUNCHER] flg=0x10200000 cmp=cn.unipus.itest.student/cn.unipus.itest.mvvm.view.activity.SplashActivity mCallingUid=10464 }, userId: 0
01-01 14:27:22.094 29000 29074 D ::b     : getRecentTasks() taskInfo: ComponentInfo{com.example.appui/com.example.appui.login}, ComponentInfo{com.example.appui/com.example.appui.login}, Intent { act=android.intent.action.MAIN cat=[android.intent.category.LAUNCHER] flg=0x10200000 cmp=com.example.appui/.login mCallingUid=10464 }, userId: 0
01-01 14:27:22.094 29000 29074 D ::b     : getRecentTasks() taskInfo: ComponentInfo{com.coloros.gallery3d/com.coloros.gallery3d.app.MainActivity}, ComponentInfo{com.coloros.gallery3d/com.coloros.gallery3d.app.MainActivity}, Intent { act=android.intent.action.MAIN cat=[android.intent.category.LAUNCHER] flg=0x10200000 cmp=com.coloros.gallery3d/.app.MainActivity mCallingUid=10464 }, userId: 0
01-01 14:27:22.094 29000 29074 D ::b     : getRecentTasks() taskInfo: ComponentInfo{com.coloros.alarmclock/com.oplus.alarmclock.AlarmClock}, ComponentInfo{com.coloros.alarmclock/com.oplus.alarmclock.AlarmClock}, Intent { act=android.intent.action.MAIN cat=[android.intent.category.LAUNCHER] flg=0x10000000 cmp=com.coloros.alarmclock/.AlarmClock mCallingUid=10464 }, userId: 0
01-01 14:27:22.094 29000 29074 D ::b     : getRecentTasks() taskInfo: ComponentInfo{com.tencent.mm/com.tencent.mm.ui.LauncherUI}, ComponentInfo{com.tencent.mm/com.tencent.mm.ui.LauncherUI}, Intent { act=android.intent.action.MAIN cat=[android.intent.category.LAUNCHER] flg=0x10200000 cmp=com.tencent.mm/.ui.LauncherUI mCallingUid=10464 }, userId: 0
01-01 14:27:22.094 29000 29074 D ::b     : getRecentTasks() taskInfo: ComponentInfo{com.taobao.taobao/com.taobao.tao.welcome.Welcome}, ComponentInfo{com.taobao.taobao/com.taobao.search.uniform.SearchActivity}, Intent { act=android.intent.action.MAIN cat=[android.intent.category.LAUNCHER] flg=0x10200000 cmp=com.taobao.taobao/com.taobao.tao.welcome.Welcome mCallingUid=10464 }, userId: 0
01-01 14:27:22.094 29000 29074 D ::b     : getRecentTasks() taskInfo: ComponentInfo{com.taobao.idlefish/com.taobao.idlefish.maincontainer.activity.MainActivity}, ComponentInfo{com.taobao.idlefish/com.idlefish.flutterbridge.flutterboost.boost.FishFlutterBoostTransparencyActivity}, Intent { act=android.intent.action.MAIN cat=[android.intent.category.LAUNCHER] flg=0x10200000 cmp=com.taobao.idlefish/com.taobao.fleamarket.home.activity.InitActivity mCallingUid=10464 }, userId: 0
01-01 14:27:22.094 29000 29074 D ::b     : getRecentTasks() taskInfo: ComponentInfo{com.tencent.mm/com.tencent.mm.ui.LauncherUI}, ComponentInfo{com.tencent.mm/com.tencent.mm.ui.LauncherUI}, Intent { act=android.intent.action.MAIN cat=[android.intent.category.LAUNCHER] flg=0x10000000 pkg=com.tencent.mm cmp=com.tencent.mm/.ui.LauncherUI oflg=0x10000 mCallingUid=1000 }, userId: 999
01-01 14:27:22.094 29000 29074 D ::b     : getRecentTasks() taskInfo: ComponentInfo{io.homeassistant.companion.android/io.homeassistant.companion.android.webview.WebViewActivity}, ComponentInfo{io.homeassistant.companion.android/io.homeassistant.companion.android.webview.WebViewActivity}, Intent { act=android.intent.action.MAIN cat=[android.intent.category.LAUNCHER] flg=0x10200000 pkg=io.homeassistant.companion.android cmp=io.homeassistant.companion.android/.launch.LaunchActivity mCallingUid=10430 }, userId: 0
01-01 14:27:22.094 29000 29074 D ::b     : getRecentTasks() taskInfo: ComponentInfo{com.larus.nova/com.larus.home.impl.MainActivity}, ComponentInfo{com.larus.nova/com.larus.bmhome.chat.ChatActivity}, Intent { act=android.intent.action.MAIN cat=[android.intent.category.LAUNCHER] flg=0x10200000 cmp=com.larus.nova/com.larus.home.impl.alias.AliasActivity1 mCallingUid=10464 }, userId: 0
01-01 14:27:22.094 29000 29074 D ::b     : getRecentTasks() taskInfo: ComponentInfo{in.dc297.mqttclpro/in.dc297.mqttclpro.activity.BrokersListActivity}, ComponentInfo{in.dc297.mqttclpro/in.dc297.mqttclpro.activity.BrokersListActivity}, Intent { act=android.intent.action.MAIN cat=[android.intent.category.LAUNCHER] flg=0x10200000 cmp=in.dc297.mqttclpro/.activity.BrokersListActivity mCallingUid=10464 }, userId: 0
01-01 14:27:22.094 29000 29074 D ::b     : getRecentTasks() taskInfo: ComponentInfo{com.wujie.connect/com.wujie.connect.main.MainActivity}, ComponentInfo{com.wujie.connect/com.wujie.connect.main.MainActivity}, Intent { act=android.intent.action.MAIN cat=[android.intent.category.LAUNCHER] flg=0x10200000 cmp=com.wujie.connect/.main.SplashActivity mCallingUid=10464 }, userId: 0
01-01 14:27:22.094 29000 29074 D ::b     : getRecentTasks() taskInfo: ComponentInfo{com.jd.jdlogistic/com.jd.jdlogistic.flutter.HomeActivity}, ComponentInfo{com.jd.jdlogistic/com.jd.jdlogistic.flutter.HomeActivity}, Intent { act=android.intent.action.MAIN cat=[android.intent.category.LAUNCHER] flg=0x10200000 cmp=com.jd.jdlogistic/.flutter.HomeActivity mCallingUid=10464 }, userId: 0
01-01 14:27:22.094 29000 29074 D ::b     : getRecentTasks() taskInfo: null, null, Intent { act=android.intent.action.VIEW dat=openapp.jdmobile://virtual/... flg=0x10000000 pkg=com.jingdong.app.mall cmp=com.jingdong.app.mall/.open.InterfaceActivity mCallingUid=1000 }, userId: 0
01-01 14:27:22.094 29000 29074 D ::b     : getRecentTasks() taskInfo: ComponentInfo{com.greenpoint.android.mc10086.activity/com.mc10086.cmcc.view.tabs.AppTabFragment}, ComponentInfo{com.greenpoint.android.mc10086.activity/com.mc10086.cmcc.view.tabs.AppTabFragment}, Intent { act=android.intent.action.MAIN cat=[android.intent.category.LAUNCHER] flg=0x10200000 cmp=com.greenpoint.android.mc10086.activity/com.mc10086.cmcc.base.StartPageActivity mCallingUid=10464 }, userId: 0
01-01 14:27:22.094 29000 29074 D ::b     : getRecentTasks() taskInfo: ComponentInfo{com.tencent.mobileqq/com.tencent.mobileqq.activity.SplashActivity}, ComponentInfo{com.tencent.mobileqq/com.tencent.mobileqq.activity.SplashActivity}, Intent { act=android.intent.action.MAIN cat=[android.intent.category.LAUNCHER] flg=0x10200000 cmp=com.tencent.mobileqq/.activity.SplashActivity mCallingUid=10464 }, userId: 0
01-01 14:27:22.094 29000 29074 D ::b     : getRecentTasks() taskInfo: ComponentInfo{com.chaoxing.mobile/com.chaoxing.mobile.main.ui.MainTabActivity}, ComponentInfo{com.chaoxing.mobile/com.chaoxing.mobile.webapp.ui.WebAppCommonViewer}, Intent { act=android.intent.action.MAIN cat=[android.intent.category.LAUNCHER] flg=0x10200000 cmp=com.chaoxing.mobile/.activity.SplashActivity mCallingUid=10464 }, userId: 0
01-01 14:27:22.094 29000 29074 D ::b     : getRecentTasks() recentTasks size: 28
01-01 14:27:22.107 29852 30285 I DigitalAppUse_15.0.23.PackageUtil: getHomeAppList : [com.android.launcher, bitpit.launcher, com.joaomgcd.autotools, com.microsoft.launcher, io.homeassistant.companion.android, com.android.settings]
01-01 14:27:22.107 29852 30285 I DigitalAppUse_15.0.23.PackageUtil: defaultNotLimitAppList [com.coloros.gamespace, com.oplus.cosa, com.oppo.launcher, com.coloros.digitalwellbeing, com.coloros.familyguard, com.coloros.childrenspace, com.oneplus.brickmode, com.android.settings, com.coloros.alarmclock, com.android.contacts, com.android.mms, com.heytap.vip, com.oplus.vip, com.heytap.usercenter, com.oppo.usercenter, com.oplus.member, com.heytap.member, com.oneplus.member, com.oplus.account, com.oneplus.account, com.oppo.service.account]
01-01 14:27:22.107 29852 30285 I DigitalAppUse_15.0.23.PackageUtil: systemWhiteList [Ljava.lang.String;@ff3e7d8
01-01 14:27:22.107 29852 30285 I DigitalAppUse_15.0.23.PackageUtil: homeAppList [com.android.launcher, bitpit.launcher, com.joaomgcd.autotools, com.microsoft.launcher, io.homeassistant.companion.android, com.android.settings]
01-01 14:27:22.107 29852 30285 I DigitalAppUse_15.0.23.PackageUtil: getAllCannotLimitAppList : [com.coloros.gamespace, com.oplus.cosa, com.oppo.launcher, com.coloros.digitalwellbeing, com.coloros.familyguard, com.coloros.childrenspace, com.oneplus.brickmode, com.android.settings, com.coloros.alarmclock, com.android.contacts, com.android.mms, com.heytap.vip, com.oplus.vip, com.heytap.usercenter, com.oppo.usercenter, com.oplus.member, com.heytap.member, com.oneplus.member, com.oplus.account, com.oneplus.account, com.oppo.service.account, com.android.launcher, bitpit.launcher, com.joaomgcd.autotools, com.microsoft.launcher, io.homeassistant.companion.android]
01-01 14:27:22.108 31294 31294 I RemoteGuardClient.PackageUtil: getCanNotLimitAndDisabledAppList [com.coloros.gamespace, com.oplus.cosa, com.oppo.launcher, com.coloros.digitalwellbeing, com.coloros.familyguard, com.coloros.childrenspace, com.oneplus.brickmode, com.android.settings, com.coloros.alarmclock, com.android.contacts, com.android.mms, com.heytap.vip, com.oplus.vip, com.heytap.usercenter, com.oppo.usercenter, com.oplus.member, com.heytap.member, com.oneplus.member, com.oplus.account, com.oneplus.account, com.oppo.service.account, com.android.launcher, bitpit.launcher, com.joaomgcd.autotools, com.microsoft.launcher, io.homeassistant.companion.android]
01-01 14:27:22.108 31294 31294 I RemoteGuardClient.LimitActionProcessor: handleMessage PreventIndulgePackages UnionArrayList = 
01-01 14:27:22.112  1673  7509 I [UAH_CLIENT]: UahRelease, handle:583524
01-01 14:27:22.114  4562  4989 D CommonApp-315-10464: transport layer data is invalid
01-01 14:27:22.128  3140  4122 I ActivityManager: Flag disabled. Ignoring finishAttachApplication from uid: 10127. pid: 7408
01-01 14:27:22.132  4465  4465 D OplusNotificationDateTimeView: setTime mSettingTimeMillis 1767085818356, mSettingLocalDateTime 2025-12-30T17:10:00.356
01-01 14:27:22.137   851   851 E lowmemorykiller: device memory 650468 free 41480 file 618558
01-01 14:27:22.139  4465  4465 E LockScreenNotificationDispatcherImp: updateNotificationListOnKg size:0
01-01 14:27:22.139  4465  4465 I SystemUi--Notification: LockScreenNotificationDispatcherImp-->updateNotificationListOnKg resultCode: 0
01-01 14:27:22.140  4465  4465 D OplusNotificationDateTimeView: setTime mSettingTimeMillis 1767248728805, mSettingLocalDateTime 2026-01-01T14:25:00.805
01-01 14:27:22.141  4465  4755 D LocalImageResolver: Couldn't use ImageDecoder for drawable, falling back to non-resized load.
01-01 14:27:22.141  4465  4755 D LocalImageResolver: Couldn't use ImageDecoder for drawable, falling back to non-resized load.
01-01 14:27:22.144  4465  4755 D LocalImageResolver: Couldn't use ImageDecoder for drawable, falling back to non-resized load.
01-01 14:27:22.149   851   851 E lowmemorykiller: device memory 649518 free 40669 file 618484
01-01 14:27:22.162  3140  4344 I Osense-PsiDetector: 2539,162,1257,6656,82,543,499,3369,2682,839,1575,0,12,12746
01-01 14:27:22.162 20728 20738 I metis_v2_OsenseCallBack: memLevel: 2 [base|com.oplus.metis|2.0.20-aa39d14]
01-01 14:27:22.172 17589 17615 D BinderSender: onUidCachedChanged: uid=10127, cached=true
01-01 14:27:22.175  4465  4465 E LockScreenNotificationDispatcherImp: updateNotificationListOnKg size:0
01-01 14:27:22.176  4465  4465 I SystemUi--Notification: LockScreenNotificationDispatcherImp-->updateNotificationListOnKg resultCode: 0
01-01 14:27:22.186  7408  7472 I qvs-i   : se.ct
01-01 14:27:22.196  4465  4465 D OplusNotificationDateTimeView: setTime mSettingTimeMillis 1767247754674, mSettingLocalDateTime 2026-01-01T14:09:00.674
01-01 14:27:22.200  4465  4465 E LockScreenNotificationDispatcherImp: updateNotificationListOnKg size:0
01-01 14:27:22.200  4465  4465 I SystemUi--Notification: LockScreenNotificationDispatcherImp-->updateNotificationListOnKg resultCode: 0
01-01 14:27:22.202  4465  4465 D OplusNotificationDateTimeView: setTime mSettingTimeMillis 1767247754547, mSettingLocalDateTime 2026-01-01T14:09:00.547
01-01 14:27:22.204 31294 31294 I RemoteGuardClient.LimitActionProcessor: handleMessage PreventIndulgePackages UnionArrayList or = 
01-01 14:27:22.207 29852 30285 I DigitalAppUse_15.0.23.PackageUtil: getHomeAppList : [com.android.launcher, bitpit.launcher, com.joaomgcd.autotools, com.microsoft.launcher, io.homeassistant.companion.android, com.android.settings]
