01-01 14:27:20.997 31701   762 W download_condition: Phone thermal tempture:39.0
01-01 14:27:20.997 31701   762 W [THOR_APP]-auto_download: Condition change condition:ThermalTemperatureCondition#status:Phone tempture:39.0
01-01 14:27:20.998 31701   763 W [THOR_APP]-auto_download: Condition change condition:ThermalTemperatureCondition#status:Phone tempture:39.0
01-01 14:27:20.999  4465  4473 I ndroid.systemui: gc_priority_optimize ctrlAppThreadUx sharedAppUxFd=868pid=4465tid=4473value=768 ret=0
01-01 14:27:21.001  6812  7013 W System.err: 	at android.app.ApplicationPackageManager.getApplicationInfoAsUser(ApplicationPackageManager.java:547)
01-01 14:27:21.004  6812  7013 W System.err: 	at android.app.ApplicationPackageManager.getApplicationInfoAsUser(ApplicationPackageManager.java:536)
01-01 14:27:21.004  6812  7013 W System.err: 	at ga.a.m(SimplePowerMonitorUtils.java:8)
01-01 14:27:21.004  6812  7013 W System.err: 	at s6.d.execute(AffairResControl.java:13)
01-01 14:27:21.006 29782 29790 D NotificationBackend: onReceivedBroadcast:processPackageBroadcast
01-01 14:27:21.006  6812  7013 W System.err: 	at g5.a$a.run(Affair.java:88)
01-01 14:27:21.006  6812  7013 W System.err: 	at java.util.concurrent.ThreadPoolExecutor.runWorker(ThreadPoolExecutor.java:1145)
01-01 14:27:21.007 31701   401 E FileStrategy: java.io.IOException: Read-only file system
01-01 14:27:21.007  6812  7013 W System.err: 	at java.util.concurrent.ThreadPoolExecutor$Worker.run(ThreadPoolExecutor.java:644)
01-01 14:27:21.007  6812  7013 W System.err: 	at java.lang.Thread.run(Thread.java:1012)
01-01 14:27:21.008  6812  7013 W Battery : AppInfoManager: affairType:1102 replace:truepkg:com.github.audiocenter
01-01 14:27:21.008 29782 29802 D NotificationBackend: getClosedSuperFirewallByBinder: closedSuperFirewall=true,isCalledByBinder=true
01-01 14:27:21.008 29782 29802 D NotificationBackend: processPackageBroadcast: action start:android.intent.action.PACKAGE_REMOVED
01-01 14:27:21.009 29782 29802 W ContextImpl: Calling a method in the system process without a qualified user: android.app.ContextImpl.sendBroadcast:1276 com.oplus.notificationmanager.AppModificationReceiver.notifyAppModified:4 com.oplus.notificationmanager.NotificationBackend.processPackageBroadcast:102 com.oplus.notificationmanager.NotificationBackend.lambda$onReceivedBroadcast$5:12 com.oplus.notificationmanager.NotificationBackend.i:1 
01-01 14:27:21.013  8284  8284 I RegisteredComponentCache: New Components => 
01-01 14:27:21.013  8284  8284 I RegisteredComponentCache: ComponentInfo: ResolveInfo{baba585 com.iflytek.spark/com.finogeeks.lib.applet.api.nfc.NfcDispatchActivity m=0x108000 userHandle=UserHandle{0}}, techs: android.nfc.tech.IsoDep, 
01-01 14:27:21.013  8284  8284 I RegisteredComponentCache: ComponentInfo: ResolveInfo{baba585 com.iflytek.spark/com.finogeeks.lib.applet.api.nfc.NfcDispatchActivity m=0x108000 userHandle=UserHandle{0}}, techs: android.nfc.tech.NfcA, 
01-01 14:27:21.013  8284  8284 I RegisteredComponentCache: ComponentInfo: ResolveInfo{e622fda com.unionpay/.activity.UPActivityStartTransition m=0x108000 userHandle=UserHandle{0}}, techs: android.nfc.tech.IsoDep, android.nfc.tech.Ndef, 
01-01 14:27:21.013  8284  8284 I RegisteredComponentCache: ComponentInfo: ResolveInfo{6fefc0b com.yitong.zjrc.mfs.android/com.finogeeks.lib.applet.api.nfc.NfcDispatchActivity m=0x108000 userHandle=UserHandle{0}}, techs: android.nfc.tech.IsoDep, 
01-01 14:27:21.013  8284  8284 I RegisteredComponentCache: ComponentInfo: ResolveInfo{6fefc0b com.yitong.zjrc.mfs.android/com.finogeeks.lib.applet.api.nfc.NfcDispatchActivity m=0x108000 userHandle=UserHandle{0}}, techs: android.nfc.tech.NfcA, 
01-01 14:27:21.013  8284  8284 I RegisteredComponentCache: ComponentInfo: ResolveInfo{6dedae8 com.android.apps.tag/.TagViewer m=0x108000 userHandle=UserHandle{0}}, techs: android.nfc.tech.Ndef, 
01-01 14:27:21.013  8284  8284 I RegisteredComponentCache: ComponentInfo: ResolveInfo{b061501 com.heytap.tas/com.nearme.common.router.RouterActivity m=0x108000 userHandle=UserHandle{0}}, techs: android.nfc.tech.IsoDep, 
01-01 14:27:21.013  8284  8284 I RegisteredComponentCache: ComponentInfo: ResolveInfo{b061501 com.heytap.tas/com.nearme.common.router.RouterActivity m=0x108000 userHandle=UserHandle{0}}, techs: android.nfc.tech.NfcA, 
01-01 14:27:21.013  8284  8284 I RegisteredComponentCache: ComponentInfo: ResolveInfo{b061501 com.heytap.tas/com.nearme.common.router.RouterActivity m=0x108000 userHandle=UserHandle{0}}, techs: android.nfc.tech.NfcV, 
01-01 14:27:21.013  8284  8284 I RegisteredComponentCache: ComponentInfo: ResolveInfo{b061501 com.heytap.tas/com.nearme.common.router.RouterActivity m=0x108000 userHandle=UserHandle{0}}, techs: android.nfc.tech.Ndef, 
01-01 14:27:21.013  8284  8284 I RegisteredComponentCache: ComponentInfo: ResolveInfo{b061501 com.heytap.tas/com.nearme.common.router.RouterActivity m=0x108000 userHandle=UserHandle{0}}, techs: android.nfc.tech.NdefFormatable, 
01-01 14:27:21.013  8284  8284 I RegisteredComponentCache: ComponentInfo: ResolveInfo{b061501 com.heytap.tas/com.nearme.common.router.RouterActivity m=0x108000 userHandle=UserHandle{0}}, techs: android.nfc.tech.MifareClassic, 
01-01 14:27:21.013  8284  8284 I RegisteredComponentCache: ComponentInfo: ResolveInfo{b061501 com.heytap.tas/com.nearme.common.router.RouterActivity m=0x108000 userHandle=UserHandle{0}}, techs: android.nfc.tech.MifareUltralight, 
01-01 14:27:21.013  8284  8284 I RegisteredComponentCache: ComponentInfo: ResolveInfo{bc36fa6 com.cmri.universalapp/.index.webview.IndexWebViewActivity m=0x108000 userHandle=UserHandle{0}}, techs: android.nfc.tech.NfcA, android.nfc.tech.NfcB, android.nfc.tech.NfcF, android.nfc.tech.NfcV, android.nfc.tech.IsoDep, android.nfc.tech.Ndef, android.nfc.tech.NdefFormatable, android.nfc.tech.MifareClassic, android.nfc.tech.MifareUltralight, 
01-01 14:27:21.013  8284  8284 I RegisteredComponentCache: ComponentInfo: ResolveInfo{e9f4de7 com.eg.android.AlipayGphone/com.alipay.mobile.quinox.SchemeLauncherActivity m=0x108000 userHandle=UserHandle{0}}, techs: android.nfc.tech.IsoDep, 
01-01 14:27:21.013  8284  8284 I RegisteredComponentCache: ComponentInfo: ResolveInfo{b3abd94 com.finshell.wallet/com.nearme.common.router.RouterActivity m=0x108000 userHandle=UserHandle{0}}, techs: android.nfc.tech.IsoDep, 
01-01 14:27:21.013  8284  8284 I RegisteredComponentCache: ComponentInfo: ResolveInfo{b3abd94 com.finshell.wallet/com.nearme.common.router.RouterActivity m=0x108000 userHandle=UserHandle{0}}, techs: android.nfc.tech.NfcA, 
01-01 14:27:21.013  8284  8284 I RegisteredComponentCache: ComponentInfo: ResolveInfo{b3abd94 com.finshell.wallet/com.nearme.common.router.RouterActivity m=0x108000 userHandle=UserHandle{0}}, techs: android.nfc.tech.NfcV, 
01-01 14:27:21.013  8284  8284 I RegisteredComponentCache: ComponentInfo: ResolveInfo{b3abd94 com.finshell.wallet/com.nearme.common.router.RouterActivity m=0x108000 userHandle=UserHandle{0}}, techs: android.nfc.tech.Ndef, 
01-01 14:27:21.013  8284  8284 I RegisteredComponentCache: ComponentInfo: ResolveInfo{b3abd94 com.finshell.wallet/com.nearme.common.router.RouterActivity m=0x108000 userHandle=UserHandle{0}}, techs: android.nfc.tech.NdefFormatable, 
01-01 14:27:21.013  8284  8284 I RegisteredComponentCache: ComponentInfo: ResolveInfo{b3abd94 com.finshell.wallet/com.nearme.common.router.RouterActivity m=0x108000 userHandle=UserHandle{0}}, techs: android.nfc.tech.MifareClassic, 
01-01 14:27:21.013  8284  8284 I RegisteredComponentCache: ComponentInfo: ResolveInfo{b3abd94 com.finshell.wallet/com.nearme.common.router.RouterActivity m=0x108000 userHandle=UserHandle{0}}, techs: android.nfc.tech.MifareUltralight, 
01-01 14:27:21.013  8284  8284 I RegisteredComponentCache: ComponentInfo: ResolveInfo{23e003d com.greenpoint.android.mc10086.activity/com.mc10086.cmcc.view.mine.html5.SchemeDispatchActivity m=0x108000 userHandle=UserHandle{0}}, techs: android.nfc.tech.IsoDep, 
01-01 14:27:21.013  8284  8284 I RegisteredComponentCache: ComponentInfo: ResolveInfo{23e003d com.greenpoint.android.mc10086.activity/com.mc10086.cmcc.view.mine.html5.SchemeDispatchActivity m=0x108000 userHandle=UserHandle{0}}, techs: android.nfc.tech.NfcA, android.nfc.tech.NfcF, android.nfc.tech.MifareUltralight, 
01-01 14:27:21.013  8284  8284 I RegisteredComponentCache: ComponentInfo: ResolveInfo{4a6e032 com.jingdong.app.mall/.nfc.NfcIntentHandleActivity m=0x108000 userHandle=UserHandle{0}}, techs: android.nfc.tech.IsoDep, 
01-01 14:27:21.013  8284  8284 I RegisteredComponentCache: ComponentInfo: ResolveInfo{4a6e032 com.jingdong.app.mall/.nfc.NfcIntentHandleActivity m=0x108000 userHandle=UserHandle{0}}, techs: android.nfc.tech.NfcV, 
01-01 14:27:21.013  8284  8284 I RegisteredComponentCache: ComponentInfo: ResolveInfo{c08e183 com.tencent.mm/.plugin.nfc_open.ui.NfcWebViewUI m=0x108000 userHandle=UserHandle{0}}, techs: android.nfc.tech.IsoDep, 
01-01 14:27:21.013  8284  8284 I RegisteredComponentCache: ComponentInfo: ResolveInfo{c08e183 com.tencent.mm/.plugin.nfc_open.ui.NfcWebViewUI m=0x108000 userHandle=UserHandle{0}}, techs: android.nfc.tech.NfcA, 
01-01 14:27:21.013  8284  8284 I RegisteredComponentCache: ComponentInfo: ResolveInfo{2d01f00 net.dinglisch.android.taskerm/com.joaomgcd.taskerm.nfc.ActivityNFCTag m=0x108000 userHandle=UserHandle{0}}, techs: android.nfc.tech.IsoDep, android.nfc.tech.MifareClassic, android.nfc.tech.MifareUltralight, android.nfc.tech.NfcA, android.nfc.tech.NfcB, android.nfc.tech.NfcF, android.nfc.tech.NfcV, android.nfc.tech.NdefFormatable, android.nfc.tech.Ndef, android.nfc.tech.NfcBarcode, 
01-01 14:27:21.013  8284  8284 I RegisteredComponentCache: ComponentInfo: ResolveInfo{2d01f00 net.dinglisch.android.taskerm/com.joaomgcd.taskerm.nfc.ActivityNFCTag m=0x108000 userHandle=UserHandle{0}}, techs: android.nfc.tech.NfcA, android.nfc.tech.Ndef, 
01-01 14:27:21.013  8284  8284 I RegisteredComponentCache: ComponentInfo: ResolveInfo{2d01f00 net.dinglisch.android.taskerm/com.joaomgcd.taskerm.nfc.ActivityNFCTag m=0x108000 userHandle=UserHandle{0}}, techs: android.nfc.tech.NfcB, android.nfc.tech.Ndef, 
01-01 14:27:21.013  8284  8284 I RegisteredComponentCache: Removed Components => 
01-01 14:27:21.013  8284  8284 I RegisteredComponentCache: ComponentInfo: ResolveInfo{a100de3 com.iflytek.spark/com.finogeeks.lib.applet.api.nfc.NfcDispatchActivity m=0x108000 userHandle=UserHandle{0}}, techs: android.nfc.tech.IsoDep, 
01-01 14:27:21.013  8284  8284 I RegisteredComponentCache: ComponentInfo: ResolveInfo{a100de3 com.iflytek.spark/com.finogeeks.lib.applet.api.nfc.NfcDispatchActivity m=0x108000 userHandle=UserHandle{0}}, techs: android.nfc.tech.NfcA, 
01-01 14:27:21.013  8284  8284 I RegisteredComponentCache: ComponentInfo: ResolveInfo{da343e0 com.unionpay/.activity.UPActivityStartTransition m=0x108000 userHandle=UserHandle{0}}, techs: android.nfc.tech.IsoDep, android.nfc.tech.Ndef, 
01-01 14:27:21.013  8284  8284 I RegisteredComponentCache: ComponentInfo: ResolveInfo{c725699 com.yitong.zjrc.mfs.android/com.finogeeks.lib.applet.api.nfc.NfcDispatchActivity m=0x108000 userHandle=UserHandle{0}}, techs: android.nfc.tech.IsoDep, 
01-01 14:27:21.013  8284  8284 I RegisteredComponentCache: ComponentInfo: ResolveInfo{c725699 com.yitong.zjrc.mfs.android/com.finogeeks.lib.applet.api.nfc.NfcDispatchActivity m=0x108000 userHandle=UserHandle{0}}, techs: android.nfc.tech.NfcA, 
01-01 14:27:21.013  8284  8284 I RegisteredComponentCache: ComponentInfo: ResolveInfo{667ad5e com.android.apps.tag/.TagViewer m=0x108000 userHandle=UserHandle{0}}, techs: android.nfc.tech.Ndef, 
01-01 14:27:21.013  8284  8284 I RegisteredComponentCache: ComponentInfo: ResolveInfo{5aba53f com.heytap.tas/com.nearme.common.router.RouterActivity m=0x108000 userHandle=UserHandle{0}}, techs: android.nfc.tech.IsoDep, 
01-01 14:27:21.013  8284  8284 I RegisteredComponentCache: ComponentInfo: ResolveInfo{5aba53f com.heytap.tas/com.nearme.common.router.RouterActivity m=0x108000 userHandle=UserHandle{0}}, techs: android.nfc.tech.NfcA, 
01-01 14:27:21.013  8284  8284 I RegisteredComponentCache: ComponentInfo: ResolveInfo{5aba53f com.heytap.tas/com.nearme.common.router.RouterActivity m=0x108000 userHandle=UserHandle{0}}, techs: android.nfc.tech.NfcV, 
01-01 14:27:21.013  8284  8284 I RegisteredComponentCache: ComponentInfo: ResolveInfo{5aba53f com.heytap.tas/com.nearme.common.router.RouterActivity m=0x108000 userHandle=UserHandle{0}}, techs: android.nfc.tech.Ndef, 
01-01 14:27:21.013  8284  8284 I RegisteredComponentCache: ComponentInfo: ResolveInfo{5aba53f com.heytap.tas/com.nearme.common.router.RouterActivity m=0x108000 userHandle=UserHandle{0}}, techs: android.nfc.tech.NdefFormatable, 
01-01 14:27:21.013  8284  8284 I RegisteredComponentCache: ComponentInfo: ResolveInfo{5aba53f com.heytap.tas/com.nearme.common.router.RouterActivity m=0x108000 userHandle=UserHandle{0}}, techs: android.nfc.tech.MifareClassic, 
01-01 14:27:21.013  8284  8284 I RegisteredComponentCache: ComponentInfo: ResolveInfo{5aba53f com.heytap.tas/com.nearme.common.router.RouterActivity m=0x108000 userHandle=UserHandle{0}}, techs: android.nfc.tech.MifareUltralight, 
01-01 14:27:21.013  8284  8284 I RegisteredComponentCache: ComponentInfo: ResolveInfo{428be0c com.cmri.universalapp/.index.webview.IndexWebViewActivity m=0x108000 userHandle=UserHandle{0}}, techs: android.nfc.tech.NfcA, android.nfc.tech.NfcB, android.nfc.tech.NfcF, android.nfc.tech.NfcV, android.nfc.tech.IsoDep, android.nfc.tech.Ndef, android.nfc.tech.NdefFormatable, android.nfc.tech.MifareClassic, android.nfc.tech.MifareUltralight, 
01-01 14:27:21.013  8284  8284 I RegisteredComponentCache: ComponentInfo: ResolveInfo{888c355 com.eg.android.AlipayGphone/com.alipay.mobile.quinox.SchemeLauncherActivity m=0x108000 userHandle=UserHandle{0}}, techs: android.nfc.tech.IsoDep, 
01-01 14:27:21.013  8284  8284 I RegisteredComponentCache: ComponentInfo: ResolveInfo{67d416a com.finshell.wallet/com.nearme.common.router.RouterActivity m=0x108000 userHandle=UserHandle{0}}, techs: android.nfc.tech.IsoDep, 
01-01 14:27:21.013  8284  8284 I RegisteredComponentCache: ComponentInfo: ResolveInfo{67d416a com.finshell.wallet/com.nearme.common.router.RouterActivity m=0x108000 userHandle=UserHandle{0}}, techs: android.nfc.tech.NfcA, 
01-01 14:27:21.013  8284  8284 I RegisteredComponentCache: ComponentInfo: ResolveInfo{67d416a com.finshell.wallet/com.nearme.common.router.RouterActivity m=0x108000 userHandle=UserHandle{0}}, techs: android.nfc.tech.NfcV, 
01-01 14:27:21.013  8284  8284 I RegisteredComponentCache: ComponentInfo: ResolveInfo{67d416a com.finshell.wallet/com.nearme.common.router.RouterActivity m=0x108000 userHandle=UserHandle{0}}, techs: android.nfc.tech.Ndef, 
01-01 14:27:21.013  8284  8284 I RegisteredComponentCache: ComponentInfo: ResolveInfo{67d416a com.finshell.wallet/com.nearme.common.router.RouterActivity m=0x108000 userHandle=UserHandle{0}}, techs: android.nfc.tech.NdefFormatable, 
01-01 14:27:21.013  8284  8284 I RegisteredComponentCache: ComponentInfo: ResolveInfo{67d416a com.finshell.wallet/com.nearme.common.router.RouterActivity m=0x108000 userHandle=UserHandle{0}}, techs: android.nfc.tech.MifareClassic, 
01-01 14:27:21.013  8284  8284 I RegisteredComponentCache: ComponentInfo: ResolveInfo{67d416a com.finshell.wallet/com.nearme.common.router.RouterActivity m=0x108000 userHandle=UserHandle{0}}, techs: android.nfc.tech.MifareUltralight, 
01-01 14:27:21.013  8284  8284 I RegisteredComponentCache: ComponentInfo: ResolveInfo{f3f565b com.greenpoint.android.mc10086.activity/com.mc10086.cmcc.view.mine.html5.SchemeDispatchActivity m=0x108000 userHandle=UserHandle{0}}, techs: android.nfc.tech.IsoDep, 
01-01 14:27:21.013  8284  8284 I RegisteredComponentCache: ComponentInfo: ResolveInfo{f3f565b com.greenpoint.android.mc10086.activity/com.mc10086.cmcc.view.mine.html5.SchemeDispatchActivity m=0x108000 userHandle=UserHandle{0}}, techs: android.nfc.tech.NfcA, android.nfc.tech.NfcF, android.nfc.tech.MifareUltralight, 
01-01 14:27:21.013  8284  8284 I RegisteredComponentCache: ComponentInfo: ResolveInfo{fa9aef8 com.jingdong.app.mall/.nfc.NfcIntentHandleActivity m=0x108000 userHandle=UserHandle{0}}, techs: android.nfc.tech.IsoDep, 
01-01 14:27:21.013  8284  8284 I RegisteredComponentCache: ComponentInfo: ResolveInfo{fa9aef8 com.jingdong.app.mall/.nfc.NfcIntentHandleActivity m=0x108000 userHandle=UserHandle{0}}, techs: android.nfc.tech.NfcV, 
01-01 14:27:21.013  8284  8284 I RegisteredComponentCache: ComponentInfo: ResolveInfo{a5f3fd1 com.tencent.mm/.plugin.nfc_open.ui.NfcWebViewUI m=0x108000 userHandle=UserHandle{0}}, techs: android.nfc.tech.IsoDep, 
01-01 14:27:21.013  8284  8284 I RegisteredComponentCache: ComponentInfo: ResolveInfo{a5f3fd1 com.tencent.mm/.plugin.nfc_open.ui.NfcWebViewUI m=0x108000 userHandle=UserHandle{0}}, techs: android.nfc.tech.NfcA, 
01-01 14:27:21.014  8284  8284 I RegisteredComponentCache: ComponentInfo: ResolveInfo{ca60a36 net.dinglisch.android.taskerm/com.joaomgcd.taskerm.nfc.ActivityNFCTag m=0x108000 userHandle=UserHandle{0}}, techs: android.nfc.tech.IsoDep, android.nfc.tech.MifareClassic, android.nfc.tech.MifareUltralight, android.nfc.tech.NfcA, android.nfc.tech.NfcB, android.nfc.tech.NfcF, android.nfc.tech.NfcV, android.nfc.tech.NdefFormatable, android.nfc.tech.Ndef, android.nfc.tech.NfcBarcode, 
01-01 14:27:21.014  8284  8284 I RegisteredComponentCache: ComponentInfo: ResolveInfo{ca60a36 net.dinglisch.android.taskerm/com.joaomgcd.taskerm.nfc.ActivityNFCTag m=0x108000 userHandle=UserHandle{0}}, techs: android.nfc.tech.NfcA, android.nfc.tech.Ndef, 
01-01 14:27:21.014  8284  8284 I RegisteredComponentCache: ComponentInfo: ResolveInfo{ca60a36 net.dinglisch.android.taskerm/com.joaomgcd.taskerm.nfc.ActivityNFCTag m=0x108000 userHandle=UserHandle{0}}, techs: android.nfc.tech.NfcB, android.nfc.tech.Ndef, 
01-01 14:27:21.021  3140  3930 I VibrationEffectConvertor: onInputMethodListUpdated received, info.size = 8
01-01 14:27:21.021  3140  3930 I VibrationEffectConvertor: userid = 0, packageName = com.google.android.tts
01-01 14:27:21.021  3140  3930 I VibrationEffectConvertor: userid = 0, packageName = net.dinglisch.android.taskerm
01-01 14:27:21.021  3140  3930 I VibrationEffectConvertor: userid = 0, packageName = org.aigame.pro
01-01 14:27:21.021  3140  3930 I VibrationEffectConvertor: userid = 0, packageName = com.truedian.dragon
01-01 14:27:21.021  3140  3930 I VibrationEffectConvertor: userid = 0, packageName = youqu.android.todesk
01-01 14:27:21.021  3140  3930 I VibrationEffectConvertor: userid = 0, packageName = com.sohu.inputmethod.sogouoem
01-01 14:27:21.021  3140  3930 I VibrationEffectConvertor: userid = 0, packageName = com.sohu.inputmethod.sogou
01-01 14:27:21.021  3140  3930 I VibrationEffectConvertor: userid = 0, packageName = com.oplus.securitykeyboard
01-01 14:27:21.026 29782 29802 D NotificationBackend: processBroadcast: action end:android.intent.action.PACKAGE_REMOVED
01-01 14:27:21.027  3140  3140 D DeviceIdleHelper: pacakge removed: name=com.github.audiocenter not in PowerSaveWhitelist
01-01 14:27:21.027  3140  3140 D MultiApp-DataService: handlePackageChange: android.intent.action.PACKAGE_REMOVED for: com.github.audiocenter
01-01 14:27:21.030  4562  4989 I TcpCongestControl: onPackageChange:pkgname:com.github.audiocenter, uid:10604,action:android.intent.action.PACKAGE_REMOVED
01-01 14:27:21.030  3140  4038 I SdkSandboxManager: No SDKs used. Skipping SDK data reconcilation for CallingInfo{mUid=10604, mPackageName='com.github.audiocenter, mAppProcessToken='null'}
01-01 14:27:21.030  4562  4562 D SysBroadcastReceiver: oplus.intent.action.PACKAGE_REMOVED
01-01 14:27:21.030  4562  4562 D SysBroadcastReceiver: EventId=1010016	ID_PACKAGE_REMOVED	TimeStamp =1767248841030	Intent =Intent { act=oplus.intent.action.PACKAGE_REMOVED dat=package: flg=0x5000030 (has extras) }	Content =null	Pid =0	PkgName =null
01-01 14:27:21.031  4519  4519 D CarrierSvcBindHelper: onPackageUpdateFinished: com.github.audiocenter
01-01 14:27:21.032  4146  4146 I RemovableAppProvider: receive action oplus.intent.action.PACKAGE_REMOVED
01-01 14:27:21.036 17589 24003 D BinderSender: onUidCachedChanged: uid=10107, cached=false
01-01 14:27:21.036 17589 24003 V BinderSender: Uid 10107 already starts
01-01 14:27:21.036  5374  5374 D OplusQConfigSetting: mQconfigWhiteList size: 18
01-01 14:27:21.036  5374  5374 E OplusQConfigSetting: not whitelist com.github.audiocenter
01-01 14:27:21.036  5374  5374 D OplusQConfigSetting: mQconfigWhiteList:com.ss.android.ugc.aweme
01-01 14:27:21.036  5374  5374 D OplusQConfigSetting: mQconfigWhiteList:air.tv.douyu.android
01-01 14:27:21.036  5374  5374 D OplusQConfigSetting: mQconfigWhiteList:tv.danmaku.bili:ijkservice
01-01 14:27:21.036  5374  5374 D OplusQConfigSetting: mQconfigWhiteList:com.tencent.weishi
01-01 14:27:21.036  5374  5374 D OplusQConfigSetting: mQconfigWhiteList:com.sina.weibo
01-01 14:27:21.036  5374  5374 D OplusQConfigSetting: mQconfigWhiteList:com.instagram.android
01-01 14:27:21.036  5374  5374 D OplusQConfigSetting: mQconfigWhiteList:com.duowan.kiwi
01-01 14:27:21.036  5374  5374 D OplusQConfigSetting: mQconfigWhiteList:tv.danmaku.bilibilihd
01-01 14:27:21.036  5374  5374 D OplusQConfigSetting: mQconfigWhiteList:com.heytap.yoli:media
01-01 14:27:21.036  5374  5374 D OplusQConfigSetting: mQconfigWhiteList:com.heytap.yoli
01-01 14:27:21.036  5374  5374 D OplusQConfigSetting: mQconfigWhiteList:com.smile.gifmaker
01-01 14:27:21.036  5374  5374 D OplusQConfigSetting: mQconfigWhiteList:tv.danmaku.bili
01-01 14:27:21.036  5374  5374 D OplusQConfigSetting: mQconfigWhiteList:com.heytap.ugcvideo.praise
01-01 14:27:21.036  5374  5374 D OplusQConfigSetting: mQconfigWhiteList:com.hunantv.imgo.activity
01-01 14:27:21.036  5374  5374 D OplusQConfigSetting: mQconfigWhiteList:com.tencent.qqlive
01-01 14:27:21.036  5374  5374 D OplusQConfigSetting: mQconfigWhiteList:com.qiyi.video
01-01 14:27:21.036  5374  5374 D OplusQConfigSetting: mQconfigWhiteList:com.google.android.youtube
01-01 14:27:21.036  5374  5374 D OplusQConfigSetting: mQconfigWhiteList:com.youku.phone
01-01 14:27:21.036  5374  5374 D OplusAtlasService_ListHelper: onReceive:android.intent.action.PACKAGE_ADDED
01-01 14:27:21.037  5374  8948 D OplusAtlas.OplusMessageHandler: handleMessage: Msg { when=0 what=2 obj=com.github.audiocenter target=com.oplus.atlas.OplusMessageHandler$MyHandler }
01-01 14:27:21.037  4146  4146 D DistributedDeviceService: android.intent.action.PACKAGE_REMOVED
01-01 14:27:21.037 28779 28779 D KeyChain: onCreate
01-01 14:27:21.037  3140  4032 D ShortcutService: received package broadcast intent: Intent { act=android.intent.action.PACKAGE_ADDED dat=package: flg=0x4000010 (has extras) }
01-01 14:27:21.037  3140  4032 D ShortcutService: replacing package: com.github.audiocenter userId0
01-01 14:27:21.037  3140  4032 D ShortcutService: handlePackageUpdateFinished: com.github.audiocenter user=0
01-01 14:27:21.037  3140  3207 W OplusSelfProtectManager: pkg[com.android.keychain] not in policy list
01-01 14:27:21.037 31701 31701 W mk_broadcast: PackageReceiver onReceive Intent { act=oplus.intent.action.PACKAGE_REMOVED dat=package: flg=0x5000030 cmp=com.heytap.market/com.heytap.cdo.client.domain.receiver.PackageReceiver (has extras) }
01-01 14:27:21.039  5374  8948 D OplusAtlasService_ListHelper: MSG_EVENT_ADD_UID_MAP uid:10604
01-01 14:27:21.040  1877 12871 D AudioFlingerExtImpl: AudioFlingerExtImpl oplusSetParameters: keyvalue add_uidmap=10604:com.github.audiocenter
01-01 14:27:21.040  2495  2495 D MMListService: callingUid 1041 call addUidPackageMap
01-01 14:27:21.040  2495  2495 D MMListService: addUidPackageMap uid:10604 packageName com.github.audiocenter mapSize 583
01-01 14:27:21.040  3140  4611 I OPM-Process: onPackageStatusChange ACTION_PACKAGE_ADDED pkgName: com.github.audiocenter uid: 10604
01-01 14:27:21.040  4465  4465 D ControlsListingControllerImpl: ServiceConfig reloaded, count: 4
01-01 14:27:21.041  1560  3982 D AHAL: AudioDevice: SetParameters: 1715: enter: add_uidmap=10604:com.github.audiocenter
01-01 14:27:21.041  1560  3982 D AHAL: AudioDevice: SetParameters: 2336: exit
01-01 14:27:21.041  4465  4465 I SDP.SysUi.InstallMonitorManager:  Broadcast received android.intent.action.PACKAGE_ADDED.[ssdk:v1.2.56-932c039,sdplugin:v15.0.860-2e374f19] [SeedlingSdk|com.android.systemui|1.5.5-f48228a]
01-01 14:27:21.041  4465  4465 I SDP.SysUi.InstallMonitorManager:  Start check ums pks for com.github.audiocenter.[ssdk:v1.2.56-932c039,sdplugin:v15.0.860-2e374f19]
01-01 14:27:21.041  4465  4465 I SDP.SysUi.InstallMonitorManager:  Start notify install for package:com.github.audiocenter.[ssdk:v1.2.56-932c039,sdplugin:v15.0.860-2e374f19]
01-01 14:27:21.043  4465  4523 W PluginActionManager: handleQueryPlugins, not in mPrivilegedPlugins, pkgName=com.github.audiocenter
01-01 14:27:21.043  4465  4523 W PluginActionManager: handleQueryPlugins, not in mPrivilegedPlugins, pkgName=com.github.audiocenter
01-01 14:27:21.043  4465  4523 W PluginActionManager: handleQueryPlugins, not in mPrivilegedPlugins, pkgName=com.github.audiocenter
01-01 14:27:21.044  4465  4523 W PluginActionManager: handleQueryPlugins, not in mPrivilegedPlugins, pkgName=com.github.audiocenter
01-01 14:27:21.044  4465  4523 W PluginActionManager: handleQueryPlugins, not in mPrivilegedPlugins, pkgName=com.github.audiocenter
01-01 14:27:21.044  4465  4523 W PluginActionManager: handleQueryPlugins, not in mPrivilegedPlugins, pkgName=com.github.audiocenter
01-01 14:27:21.044  4465 26067 D UserContextImp: getUserId userId 0
01-01 14:27:21.045  3140  3207 W ActivityManager: Removing FLAG_RECEIVER_FROM_SHELL because caller is UID 1000
01-01 14:27:21.045  4465  4523 W PluginActionManager: handleQueryPlugins, not in mPrivilegedPlugins, pkgName=com.github.audiocenter
01-01 14:27:21.045  4465  4523 W PluginActionManager: handleQueryPlugins, not in mPrivilegedPlugins, pkgName=com.github.audiocenter
01-01 14:27:21.045  4465  4523 W PluginActionManager: handleQueryPlugins, not in mPrivilegedPlugins, pkgName=com.github.audiocenter
01-01 14:27:21.045  4465  4523 W PluginActionManager: handleQueryPlugins, not in mPrivilegedPlugins, pkgName=com.github.audiocenter
01-01 14:27:21.046  4465  4523 W PluginActionManager: handleQueryPlugins, not in mPrivilegedPlugins, pkgName=com.github.audiocenter
01-01 14:27:21.046  4465  4523 W PluginActionManager: handleQueryPlugins, not in mPrivilegedPlugins, pkgName=com.github.audiocenter
01-01 14:27:21.046  4465  4523 W PluginActionManager: handleQueryPlugins, not in mPrivilegedPlugins, pkgName=com.github.audiocenter
01-01 14:27:21.046  4465  4523 W PluginActionManager: handleQueryPlugins, not in mPrivilegedPlugins, pkgName=com.github.audiocenter
01-01 14:27:21.046  4465  4523 W PluginActionManager: handleQueryPlugins, not in mPrivilegedPlugins, pkgName=com.github.audiocenter
01-01 14:27:21.046  4465  4523 W PluginActionManager: handleQueryPlugins, not in mPrivilegedPlugins, pkgName=com.github.audiocenter
01-01 14:27:21.046  4465  4523 W PluginActionManager: handleQueryPlugins, not in mPrivilegedPlugins, pkgName=com.github.audiocenter
01-01 14:27:21.046  4465  4523 W PluginActionManager: handleQueryPlugins, not in mPrivilegedPlugins, pkgName=com.github.audiocenter
01-01 14:27:21.046  4465  4523 W PluginActionManager: handleQueryPlugins, not in mPrivilegedPlugins, pkgName=com.github.audiocenter
01-01 14:27:21.046  4465  4523 W PluginActionManager: handleQueryPlugins, not in mPrivilegedPlugins, pkgName=com.github.audiocenter
01-01 14:27:21.046  4465  4523 W PluginActionManager: handleQueryPlugins, not in mPrivilegedPlugins, pkgName=com.github.audiocenter
01-01 14:27:21.046  4465  4523 W PluginActionManager: handleQueryPlugins, not in mPrivilegedPlugins, pkgName=com.github.audiocenter
01-01 14:27:21.046  4465  4523 W PluginActionManager: handleQueryPlugins, not in mPrivilegedPlugins, pkgName=com.github.audiocenter
01-01 14:27:21.046  4465  4523 W PluginActionManager: handleQueryPlugins, not in mPrivilegedPlugins, pkgName=com.github.audiocenter
01-01 14:27:21.046  4465  4523 W PluginActionManager: handleQueryPlugins, not in mPrivilegedPlugins, pkgName=com.github.audiocenter
01-01 14:27:21.046  4465  4523 W PluginActionManager: handleQueryPlugins, not in mPrivilegedPlugins, pkgName=com.github.audiocenter
01-01 14:27:21.046  4465  4523 W PluginActionManager: handleQueryPlugins, not in mPrivilegedPlugins, pkgName=com.github.audiocenter
01-01 14:27:21.046  4465  4523 W PluginActionManager: handleQueryPlugins, not in mPrivilegedPlugins, pkgName=com.github.audiocenter
01-01 14:27:21.046  4465  4523 W PluginActionManager: handleQueryPlugins, not in mPrivilegedPlugins, pkgName=com.github.audiocenter
01-01 14:27:21.046  4465  4523 W PluginActionManager: handleQueryPlugins, not in mPrivilegedPlugins, pkgName=com.github.audiocenter
01-01 14:27:21.046  4465  4523 W PluginActionManager: handleQueryPlugins, not in mPrivilegedPlugins, pkgName=com.github.audiocenter
01-01 14:27:21.046  4465  4523 W PluginActionManager: handleQueryPlugins, not in mPrivilegedPlugins, pkgName=com.github.audiocenter
01-01 14:27:21.046  4465  4523 W PluginActionManager: handleQueryPlugins, not in mPrivilegedPlugins, pkgName=com.github.audiocenter
01-01 14:27:21.046  4465  4523 W PluginActionManager: handleQueryPlugins, not in mPrivilegedPlugins, pkgName=com.github.audiocenter
01-01 14:27:21.046  4465  4523 W PluginActionManager: handleQueryPlugins, not in mPrivilegedPlugins, pkgName=com.github.audiocenter
01-01 14:27:21.046  4465  4523 W PluginActionManager: handleQueryPlugins, not in mPrivilegedPlugins, pkgName=com.github.audiocenter
01-01 14:27:21.046  4465  4523 W PluginActionManager: handleQueryPlugins, not in mPrivilegedPlugins, pkgName=com.github.audiocenter
01-01 14:27:21.046  4465  4523 W PluginActionManager: handleQueryPlugins, not in mPrivilegedPlugins, pkgName=com.github.audiocenter
01-01 14:27:21.046  4465  4523 W PluginActionManager: handleQueryPlugins, not in mPrivilegedPlugins, pkgName=com.github.audiocenter
01-01 14:27:21.046  4465  4523 W PluginActionManager: handleQueryPlugins, not in mPrivilegedPlugins, pkgName=com.github.audiocenter
01-01 14:27:21.046  4465  4523 W PluginActionManager: handleQueryPlugins, not in mPrivilegedPlugins, pkgName=com.github.audiocenter
01-01 14:27:21.046  4465  4523 W PluginActionManager: handleQueryPlugins, not in mPrivilegedPlugins, pkgName=com.github.audiocenter
01-01 14:27:21.046  4465  4523 W PluginActionManager: handleQueryPlugins, not in mPrivilegedPlugins, pkgName=com.github.audiocenter
01-01 14:27:21.046  4465  4523 W PluginActionManager: handleQueryPlugins, not in mPrivilegedPlugins, pkgName=com.github.audiocenter
01-01 14:27:21.046  4465  4523 W PluginActionManager: handleQueryPlugins, not in mPrivilegedPlugins, pkgName=com.github.audiocenter
01-01 14:27:21.046  4465  4523 W PluginActionManager: handleQueryPlugins, not in mPrivilegedPlugins, pkgName=com.github.audiocenter
01-01 14:27:21.046 17589 24003 D BinderSender: onUidCachedChanged: uid=10107, cached=true
01-01 14:27:21.046  4465  4523 W PluginActionManager: handleQueryPlugins, not in mPrivilegedPlugins, pkgName=com.github.audiocenter
01-01 14:27:21.046  4465  4523 W PluginActionManager: handleQueryPlugins, not in mPrivilegedPlugins, pkgName=com.github.audiocenter
01-01 14:27:21.046  4465  4523 W PluginActionManager: handleQueryPlugins, not in mPrivilegedPlugins, pkgName=com.github.audiocenter
01-01 14:27:21.046  4465  4523 W PluginActionManager: handleQueryPlugins, not in mPrivilegedPlugins, pkgName=com.github.audiocenter
01-01 14:27:21.046  4465  4523 W PluginActionManager: handleQueryPlugins, not in mPrivilegedPlugins, pkgName=com.github.audiocenter
01-01 14:27:21.046  4465  4523 W PluginActionManager: handleQueryPlugins, not in mPrivilegedPlugins, pkgName=com.github.audiocenter
01-01 14:27:21.046  4465  4523 W PluginActionManager: handleQueryPlugins, not in mPrivilegedPlugins, pkgName=com.github.audiocenter
01-01 14:27:21.046  4465  4523 W PluginActionManager: handleQueryPlugins, not in mPrivilegedPlugins, pkgName=com.github.audiocenter
01-01 14:27:21.046  4465  4523 W PluginActionManager: handleQueryPlugins, not in mPrivilegedPlugins, pkgName=com.github.audiocenter
01-01 14:27:21.046  4465  4523 W PluginActionManager: handleQueryPlugins, not in mPrivilegedPlugins, pkgName=com.github.audiocenter
01-01 14:27:21.046  4465  4523 W PluginActionManager: handleQueryPlugins, not in mPrivilegedPlugins, pkgName=com.github.audiocenter
01-01 14:27:21.046  4465  4523 W PluginActionManager: handleQueryPlugins, not in mPrivilegedPlugins, pkgName=com.github.audiocenter
01-01 14:27:21.046  4465  4523 W PluginActionManager: handleQueryPlugins, not in mPrivilegedPlugins, pkgName=com.github.audiocenter
01-01 14:27:21.046  4465  4523 W PluginActionManager: handleQueryPlugins, not in mPrivilegedPlugins, pkgName=com.github.audiocenter
01-01 14:27:21.046  4465  4523 W PluginActionManager: handleQueryPlugins, not in mPrivilegedPlugins, pkgName=com.github.audiocenter
01-01 14:27:21.046  4465  4523 W PluginActionManager: handleQueryPlugins, not in mPrivilegedPlugins, pkgName=com.github.audiocenter
01-01 14:27:21.046  4465  4523 W PluginActionManager: handleQueryPlugins, not in mPrivilegedPlugins, pkgName=com.github.audiocenter
01-01 14:27:21.046  4465  4523 W PluginActionManager: handleQueryPlugins, not in mPrivilegedPlugins, pkgName=com.github.audiocenter
01-01 14:27:21.046  4465  4523 W PluginActionManager: handleQueryPlugins, not in mPrivilegedPlugins, pkgName=com.github.audiocenter
01-01 14:27:21.046  4465  4523 W PluginActionManager: handleQueryPlugins, not in mPrivilegedPlugins, pkgName=com.github.audiocenter
01-01 14:27:21.046  4465  4523 W PluginActionManager: handleQueryPlugins, not in mPrivilegedPlugins, pkgName=com.github.audiocenter
01-01 14:27:21.046  4465  4523 W PluginActionManager: handleQueryPlugins, not in mPrivilegedPlugins, pkgName=com.github.audiocenter
01-01 14:27:21.046  4465  4523 W PluginActionManager: handleQueryPlugins, not in mPrivilegedPlugins, pkgName=com.github.audiocenter
01-01 14:27:21.046  4465  4523 W PluginActionManager: handleQueryPlugins, not in mPrivilegedPlugins, pkgName=com.github.audiocenter
01-01 14:27:21.046  4465  4523 W PluginActionManager: handleQueryPlugins, not in mPrivilegedPlugins, pkgName=com.github.audiocenter
01-01 14:27:21.046  4465  4523 W PluginActionManager: handleQueryPlugins, not in mPrivilegedPlugins, pkgName=com.github.audiocenter
01-01 14:27:21.046  4465  4523 W PluginActionManager: handleQueryPlugins, not in mPrivilegedPlugins, pkgName=com.github.audiocenter
01-01 14:27:21.046  4465  4523 W PluginActionManager: handleQueryPlugins, not in mPrivilegedPlugins, pkgName=com.github.audiocenter
01-01 14:27:21.046  4465  4523 W PluginActionManager: handleQueryPlugins, not in mPrivilegedPlugins, pkgName=com.github.audiocenter
01-01 14:27:21.046  4465  4523 W PluginActionManager: handleQueryPlugins, not in mPrivilegedPlugins, pkgName=com.github.audiocenter
01-01 14:27:21.046  4465  4523 W PluginActionManager: handleQueryPlugins, not in mPrivilegedPlugins, pkgName=com.github.audiocenter
01-01 14:27:21.046  4465  4523 W PluginActionManager: handleQueryPlugins, not in mPrivilegedPlugins, pkgName=com.github.audiocenter
01-01 14:27:21.046  4465  4523 W PluginActionManager: handleQueryPlugins, not in mPrivilegedPlugins, pkgName=com.github.audiocenter
01-01 14:27:21.046  4465  4523 W PluginActionManager: handleQueryPlugins, not in mPrivilegedPlugins, pkgName=com.github.audiocenter
01-01 14:27:21.046  4465  4523 W PluginActionManager: handleQueryPlugins, not in mPrivilegedPlugins, pkgName=com.github.audiocenter
01-01 14:27:21.047  3140  4912 W ActivityManager: Removing FLAG_RECEIVER_FROM_SHELL because caller is UID 1000
01-01 14:27:21.049  4465 26067 I SDP.SysUi.ContextProxy:  acquireClient with authority:com.oplus.pantanal.ums.statictis, pkgName:com.android.systemui, use userContext, userId:0[ssdk:v1.2.56-932c039,sdplugin:v15.0.860-2e374f19]
01-01 14:27:21.049  4465 26067 D UserContextImp: acquireUnstableContentProviderClient, originAuthority com.oplus.pantanal.ums.statictis authorityWithoutUserId com.oplus.pantanal.ums.statictis authorityWithUserId 0@com.oplus.pantanal.ums.statictis UserContextImp com.android.systemui.SystemUIApplication@4f43eac userId 0
01-01 14:27:21.049  8590  9601 I SG::ExternalProvider: call method scanSingle, arg package:com.github.audiocenter [base|com.oplus.pantanal.ums|1.5.5-f48228a]
01-01 14:27:21.049  8590  9601 I SG::UmsScanner: scan pkg: com.github.audiocenter start...
01-01 14:27:21.050  4465  4523 W PluginActionManager: handleQueryPlugins, not in mPrivilegedPlugins, pkgName=com.github.audiocenter
01-01 14:27:21.050  4465  4523 W PluginActionManager: handleQueryPlugins, not in mPrivilegedPlugins, pkgName=com.github.audiocenter
01-01 14:27:21.050  4465  4523 W PluginActionManager: handleQueryPlugins, not in mPrivilegedPlugins, pkgName=com.github.audiocenter
01-01 14:27:21.050  4465  4523 W PluginActionManager: handleQueryPlugins, not in mPrivilegedPlugins, pkgName=com.github.audiocenter
01-01 14:27:21.050  4465  4523 W PluginActionManager: handleQueryPlugins, not in mPrivilegedPlugins, pkgName=com.github.audiocenter
01-01 14:27:21.050  4465  4523 W PluginActionManager: handleQueryPlugins, not in mPrivilegedPlugins, pkgName=com.github.audiocenter
01-01 14:27:21.050  4465  4523 W PluginActionManager: handleQueryPlugins, not in mPrivilegedPlugins, pkgName=com.github.audiocenter
01-01 14:27:21.050  4465  4523 W PluginActionManager: handleQueryPlugins, not in mPrivilegedPlugins, pkgName=com.github.audiocenter
01-01 14:27:21.050  4465  4523 W PluginActionManager: handleQueryPlugins, not in mPrivilegedPlugins, pkgName=com.github.audiocenter
01-01 14:27:21.053  6611  6611 I Qsb-PackageChangeReceiver: action:oplus.intent.action.PACKAGE_REMOVED packageName:com.github.audiocenter isFromHide:false
01-01 14:27:21.053 29782 29790 D NotificationBackend: onReceivedBroadcast:processPackageBroadcast
01-01 14:27:21.055  3140  4032 D ShortcutService: rescanPackageIfNeeded 0@com.github.audiocenter, forceRescan=true , isNewApp=true
01-01 14:27:21.055  4146  4169 D RemovableAppProvider: onPackageRemoved
01-01 14:27:21.056  3140  3427 W ActivityManager: Skipping broadcast of Intent { act=oplus.intent.action.PACKAGE_ADDED dat=package: flg=0x5000030 (has extras) }: user 10 and its parent (if any) are stopped
01-01 14:27:21.056  4146  4169 D RemovableAppProvider: package com.git*******iocenter isn't removable app
01-01 14:27:21.056  9305  7371 W PTC.DATATRANS.g: PACKAGE_REMOVED intent came late : com.github.audiocenter
01-01 14:27:21.057  3140  3427 W ActivityManager: Skipping broadcast of Intent { act=android.intent.action.PACKAGE_ADDED dat=package: flg=0x4000010 (has extras) }: user 10 and its parent (if any) are stopped
01-01 14:27:21.058  4197  4197 W IconChangeManager: handleWhenReceivePackageReceiver
01-01 14:27:21.059  3140  4085 D OplusLBSMainClass: update: com.github.audiocenter
01-01 14:27:21.059  6611  6611 I Qsb-PackageChangeReceiver: action:oplus.intent.action.PACKAGE_REMOVED packageName:com.github.audiocenter isFromHide:false
01-01 14:27:21.060 28779  7366 D KeyChain: onHandleIntent
01-01 14:27:21.060  3140  4032 D ShortcutService: Package com.github.audiocenter has 0 manifest shortcut(s), and 0 share target(s)
01-01 14:27:21.061  3140  3942 W PackageConfigPersister: App-specific configuration not found for packageName: com.github.audiocenter and userId: 10
01-01 14:27:21.062 29782 29802 D NotificationBackend: getClosedSuperFirewallByBinder: closedSuperFirewall=true,isCalledByBinder=true
01-01 14:27:21.062 29782 29802 D NotificationBackend: processPackageBroadcast: action start:android.intent.action.PACKAGE_ADDED
01-01 14:27:21.062 17589 24003 D BinderSender: onUidCachedChanged: uid=10127, cached=false
01-01 14:27:21.063 17589 24003 V BinderSender: Uid 10127 already starts
01-01 14:27:21.065  5464  5483 E horae   : tz(cpu-1-7) temp changed suddenly, cut temp to:57800
01-01 14:27:21.065  5464  5483 E horae   : Recording abnormal tz:36 state:4.
01-01 14:27:21.071  8284  8284 W RegisteredComponentCache: Unable to load component info ResolveInfo{dee12df com.termux.api/.NfcActivity m=0x108000 userHandle=UserHandle{0}}
01-01 14:27:21.071  8284  8284 W RegisteredComponentCache: org.xmlpull.v1.XmlPullParserException: No android.nfc.action.TECH_DISCOVERED meta-data
01-01 14:27:21.071  8284  8284 W RegisteredComponentCache: 	at com.android.nfc.RegisteredComponentCache.parseComponentInfo(RegisteredComponentCache.java:186)
01-01 14:27:21.071  8284  8284 W RegisteredComponentCache: 	at com.android.nfc.RegisteredComponentCache.generateComponentsList(RegisteredComponentCache.java:150)
01-01 14:27:21.071  8284  8284 W RegisteredComponentCache: 	at com.android.nfc.RegisteredComponentCache$1.onReceive(RegisteredComponentCache.java:76)
01-01 14:27:21.071  8284  8284 W RegisteredComponentCache: 	at android.app.LoadedApk$ReceiverDispatcher$Args.lambda$getRunnable$0(LoadedApk.java:1960)
01-01 14:27:21.071  8284  8284 W RegisteredComponentCache: 	at android.app.LoadedApk$ReceiverDispatcher$Args.$r8$lambda$mcNAAl1SQ4MyJPyDg8TJ2x2h0Rk(Unknown Source:0)
01-01 14:27:21.071  8284  8284 W RegisteredComponentCache: 	at android.app.LoadedApk$ReceiverDispatcher$Args$$ExternalSyntheticLambda0.run(D8$$SyntheticClass:0)
01-01 14:27:21.071  8284  8284 W RegisteredComponentCache: 	at android.os.Handler.handleCallback(Handler.java:959)
01-01 14:27:21.071  8284  8284 W RegisteredComponentCache: 	at android.os.Handler.dispatchMessage(Handler.java:100)
01-01 14:27:21.071  8284  8284 W RegisteredComponentCache: 	at android.os.Looper.loopOnce(Looper.java:282)
01-01 14:27:21.071  8284  8284 W RegisteredComponentCache: 	at android.os.Looper.loop(Looper.java:387)
01-01 14:27:21.071  8284  8284 W RegisteredComponentCache: 	at android.app.ActivityThread.main(ActivityThread.java:9500)
01-01 14:27:21.071  8284  8284 W RegisteredComponentCache: 	at java.lang.reflect.Method.invoke(Native Method)
01-01 14:27:21.071  8284  8284 W RegisteredComponentCache: 	at com.android.internal.os.RuntimeInit$MethodAndArgsCaller.run(RuntimeInit.java:600)
01-01 14:27:21.071  8284  8284 W RegisteredComponentCache: 	at com.android.internal.os.ZygoteInit.main(ZygoteInit.java:1005)
01-01 14:27:21.071  6611  6627 I Qsb-PackageChangeReceiver: return by repeat:com.github.audiocenter
01-01 14:27:21.071  9305  9305 I PTC.APPCORE.EventBroadcastReceiver: onReceive, action=android.intent.action.PACKAGE_ADDED
01-01 14:27:21.072  8284  8284 I RegisteredComponentCache: New Components => 
01-01 14:27:21.072  8284  8284 I RegisteredComponentCache: ComponentInfo: ResolveInfo{109cbc7 com.iflytek.spark/com.finogeeks.lib.applet.api.nfc.NfcDispatchActivity m=0x108000 userHandle=UserHandle{0}}, techs: android.nfc.tech.IsoDep, 
01-01 14:27:21.072  8284  8284 I RegisteredComponentCache: ComponentInfo: ResolveInfo{109cbc7 com.iflytek.spark/com.finogeeks.lib.applet.api.nfc.NfcDispatchActivity m=0x108000 userHandle=UserHandle{0}}, techs: android.nfc.tech.NfcA, 
01-01 14:27:21.072  8284  8284 I RegisteredComponentCache: ComponentInfo: ResolveInfo{2c95f4 com.unionpay/.activity.UPActivityStartTransition m=0x108000 userHandle=UserHandle{0}}, techs: android.nfc.tech.IsoDep, android.nfc.tech.Ndef, 
01-01 14:27:21.073  8284  8284 I RegisteredComponentCache: ComponentInfo: ResolveInfo{764611d com.yitong.zjrc.mfs.android/com.finogeeks.lib.applet.api.nfc.NfcDispatchActivity m=0x108000 userHandle=UserHandle{0}}, techs: android.nfc.tech.IsoDep, 
01-01 14:27:21.073  8284  8284 I RegisteredComponentCache: ComponentInfo: ResolveInfo{764611d com.yitong.zjrc.mfs.android/com.finogeeks.lib.applet.api.nfc.NfcDispatchActivity m=0x108000 userHandle=UserHandle{0}}, techs: android.nfc.tech.NfcA, 
01-01 14:27:21.073  8284  8284 I RegisteredComponentCache: ComponentInfo: ResolveInfo{4c25f92 com.android.apps.tag/.TagViewer m=0x108000 userHandle=UserHandle{0}}, techs: android.nfc.tech.Ndef, 
01-01 14:27:21.073  8284  8284 I RegisteredComponentCache: ComponentInfo: ResolveInfo{ccd5d63 com.heytap.tas/com.nearme.common.router.RouterActivity m=0x108000 userHandle=UserHandle{0}}, techs: android.nfc.tech.IsoDep, 
01-01 14:27:21.073  8284  8284 I RegisteredComponentCache: ComponentInfo: ResolveInfo{ccd5d63 com.heytap.tas/com.nearme.common.router.RouterActivity m=0x108000 userHandle=UserHandle{0}}, techs: android.nfc.tech.NfcA, 
01-01 14:27:21.073  8284  8284 I RegisteredComponentCache: ComponentInfo: ResolveInfo{ccd5d63 com.heytap.tas/com.nearme.common.router.RouterActivity m=0x108000 userHandle=UserHandle{0}}, techs: android.nfc.tech.NfcV, 
01-01 14:27:21.073  8284  8284 I RegisteredComponentCache: ComponentInfo: ResolveInfo{ccd5d63 com.heytap.tas/com.nearme.common.router.RouterActivity m=0x108000 userHandle=UserHandle{0}}, techs: android.nfc.tech.Ndef, 
01-01 14:27:21.073  8284  8284 I RegisteredComponentCache: ComponentInfo: ResolveInfo{ccd5d63 com.heytap.tas/com.nearme.common.router.RouterActivity m=0x108000 userHandle=UserHandle{0}}, techs: android.nfc.tech.NdefFormatable, 
01-01 14:27:21.073  8284  8284 I RegisteredComponentCache: ComponentInfo: ResolveInfo{ccd5d63 com.heytap.tas/com.nearme.common.router.RouterActivity m=0x108000 userHandle=UserHandle{0}}, techs: android.nfc.tech.MifareClassic, 
01-01 14:27:21.073  8284  8284 I RegisteredComponentCache: ComponentInfo: ResolveInfo{ccd5d63 com.heytap.tas/com.nearme.common.router.RouterActivity m=0x108000 userHandle=UserHandle{0}}, techs: android.nfc.tech.MifareUltralight, 
01-01 14:27:21.073  8284  8284 I RegisteredComponentCache: ComponentInfo: ResolveInfo{3771d60 com.cmri.universalapp/.index.webview.IndexWebViewActivity m=0x108000 userHandle=UserHandle{0}}, techs: android.nfc.tech.NfcA, android.nfc.tech.NfcB, android.nfc.tech.NfcF, android.nfc.tech.NfcV, android.nfc.tech.IsoDep, android.nfc.tech.Ndef, android.nfc.tech.NdefFormatable, android.nfc.tech.MifareClassic, android.nfc.tech.MifareUltralight, 
01-01 14:27:21.073  8284  8284 I RegisteredComponentCache: ComponentInfo: ResolveInfo{ceaf219 com.eg.android.AlipayGphone/com.alipay.mobile.quinox.SchemeLauncherActivity m=0x108000 userHandle=UserHandle{0}}, techs: android.nfc.tech.IsoDep, 
01-01 14:27:21.073  8284  8284 I RegisteredComponentCache: ComponentInfo: ResolveInfo{e22e2de com.finshell.wallet/com.nearme.common.router.RouterActivity m=0x108000 userHandle=UserHandle{0}}, techs: android.nfc.tech.IsoDep, 
01-01 14:27:21.073  8284  8284 I RegisteredComponentCache: ComponentInfo: ResolveInfo{e22e2de com.finshell.wallet/com.nearme.common.router.RouterActivity m=0x108000 userHandle=UserHandle{0}}, techs: android.nfc.tech.NfcA, 
01-01 14:27:21.073  8284  8284 I RegisteredComponentCache: ComponentInfo: ResolveInfo{e22e2de com.finshell.wallet/com.nearme.common.router.RouterActivity m=0x108000 userHandle=UserHandle{0}}, techs: android.nfc.tech.NfcV, 
01-01 14:27:21.073  8284  8284 I RegisteredComponentCache: ComponentInfo: ResolveInfo{e22e2de com.finshell.wallet/com.nearme.common.router.RouterActivity m=0x108000 userHandle=UserHandle{0}}, techs: android.nfc.tech.Ndef, 
01-01 14:27:21.073  8284  8284 I RegisteredComponentCache: ComponentInfo: ResolveInfo{e22e2de com.finshell.wallet/com.nearme.common.router.RouterActivity m=0x108000 userHandle=UserHandle{0}}, techs: android.nfc.tech.NdefFormatable, 
01-01 14:27:21.073  8284  8284 I RegisteredComponentCache: ComponentInfo: ResolveInfo{e22e2de com.finshell.wallet/com.nearme.common.router.RouterActivity m=0x108000 userHandle=UserHandle{0}}, techs: android.nfc.tech.MifareClassic, 
01-01 14:27:21.073  8284  8284 I RegisteredComponentCache: ComponentInfo: ResolveInfo{e22e2de com.finshell.wallet/com.nearme.common.router.RouterActivity m=0x108000 userHandle=UserHandle{0}}, techs: android.nfc.tech.MifareUltralight, 
01-01 14:27:21.073  8284  8284 I RegisteredComponentCache: ComponentInfo: ResolveInfo{bae6cbf com.greenpoint.android.mc10086.activity/com.mc10086.cmcc.view.mine.html5.SchemeDispatchActivity m=0x108000 userHandle=UserHandle{0}}, techs: android.nfc.tech.IsoDep, 
01-01 14:27:21.073  8284  8284 I RegisteredComponentCache: ComponentInfo: ResolveInfo{bae6cbf com.greenpoint.android.mc10086.activity/com.mc10086.cmcc.view.mine.html5.SchemeDispatchActivity m=0x108000 userHandle=UserHandle{0}}, techs: android.nfc.tech.NfcA, android.nfc.tech.NfcF, android.nfc.tech.MifareUltralight, 
01-01 14:27:21.073  8284  8284 I RegisteredComponentCache: ComponentInfo: ResolveInfo{920af8c com.jingdong.app.mall/.nfc.NfcIntentHandleActivity m=0x108000 userHandle=UserHandle{0}}, techs: android.nfc.tech.IsoDep, 
01-01 14:27:21.073  8284  8284 I RegisteredComponentCache: ComponentInfo: ResolveInfo{920af8c com.jingdong.app.mall/.nfc.NfcIntentHandleActivity m=0x108000 userHandle=UserHandle{0}}, techs: android.nfc.tech.NfcV, 
01-01 14:27:21.073  8284  8284 I RegisteredComponentCache: ComponentInfo: ResolveInfo{aaf96d5 com.tencent.mm/.plugin.nfc_open.ui.NfcWebViewUI m=0x108000 userHandle=UserHandle{0}}, techs: android.nfc.tech.IsoDep, 
01-01 14:27:21.073  8284  8284 I RegisteredComponentCache: ComponentInfo: ResolveInfo{aaf96d5 com.tencent.mm/.plugin.nfc_open.ui.NfcWebViewUI m=0x108000 userHandle=UserHandle{0}}, techs: android.nfc.tech.NfcA, 
01-01 14:27:21.073  8284  8284 I RegisteredComponentCache: ComponentInfo: ResolveInfo{a764eea net.dinglisch.android.taskerm/com.joaomgcd.taskerm.nfc.ActivityNFCTag m=0x108000 userHandle=UserHandle{0}}, techs: android.nfc.tech.IsoDep, android.nfc.tech.MifareClassic, android.nfc.tech.MifareUltralight, android.nfc.tech.NfcA, android.nfc.tech.NfcB, android.nfc.tech.NfcF, android.nfc.tech.NfcV, android.nfc.tech.NdefFormatable, android.nfc.tech.Ndef, android.nfc.tech.NfcBarcode, 
