12-28 13:41:16.389  3140  3140 D PowerManagerService: userActivityNoUpdateLocked: groupId=0, eventTime=177426181, event=other, flags=0x0, uid=1000
12-28 13:41:16.398  3140  3140 D PowerManagerService: userActivityNoUpdateLocked: groupId=0, eventTime=177426189, event=other, flags=0x0, uid=1000
12-28 13:41:16.406  3140  3140 D PowerManagerService: userActivityNoUpdateLocked: groupId=0, eventTime=177426197, event=other, flags=0x0, uid=1000
12-28 13:41:16.414  3140  3140 D PowerManagerService: userActivityNoUpdateLocked: groupId=0, eventTime=177426205, event=other, flags=0x0, uid=1000
12-28 13:41:16.416  3140  3919 D PowerManagerService: userActivityNoUpdateLocked: groupId=0, eventTime=177426205, event=touch, flags=0x0, uid=1000
12-28 13:41:16.422  3140  3140 D PowerManagerService: userActivityNoUpdateLocked: groupId=0, eventTime=177426213, event=other, flags=0x0, uid=1000
12-28 13:41:16.430  3140  3140 D PowerManagerService: userActivityNoUpdateLocked: groupId=0, eventTime=177426222, event=other, flags=0x0, uid=1000
12-28 13:41:16.438  3140  3140 D PowerManagerService: userActivityNoUpdateLocked: groupId=0, eventTime=177426230, event=other, flags=0x0, uid=1000
12-28 13:41:16.446  3140  3140 D PowerManagerService: userActivityNoUpdateLocked: groupId=0, eventTime=177426238, event=other, flags=0x0, uid=1000
12-28 13:41:16.454  3140  3140 D PowerManagerService: userActivityNoUpdateLocked: groupId=0, eventTime=177426246, event=other, flags=0x0, uid=1000
12-28 13:41:16.463  3140  3140 D PowerManagerService: userActivityNoUpdateLocked: groupId=0, eventTime=177426254, event=other, flags=0x0, uid=1000
12-28 13:41:16.470  3140  3140 D PowerManagerService: userActivityNoUpdateLocked: groupId=0, eventTime=177426262, event=other, flags=0x0, uid=1000
12-28 13:41:16.479  3140  3140 D PowerManagerService: userActivityNoUpdateLocked: groupId=0, eventTime=177426271, event=other, flags=0x0, uid=1000
12-28 13:41:16.487  3140  3140 D PowerManagerService: userActivityNoUpdateLocked: groupId=0, eventTime=177426278, event=other, flags=0x0, uid=1000
12-28 13:41:16.495  3140  3140 D PowerManagerService: userActivityNoUpdateLocked: groupId=0, eventTime=177426286, event=other, flags=0x0, uid=1000
12-28 13:41:16.502  3140  3140 D PowerManagerService: userActivityNoUpdateLocked: groupId=0, eventTime=177426294, event=other, flags=0x0, uid=1000
12-28 13:41:16.511  3140  3140 D PowerManagerService: userActivityNoUpdateLocked: groupId=0, eventTime=177426302, event=other, flags=0x0, uid=1000
12-28 13:41:16.519  3140  3140 D PowerManagerService: userActivityNoUpdateLocked: groupId=0, eventTime=177426310, event=other, flags=0x0, uid=1000
12-28 13:41:16.521  3140  3919 D PowerManagerService: userActivityNoUpdateLocked: groupId=0, eventTime=177426310, event=touch, flags=0x0, uid=1000
12-28 13:41:16.527  3140  3140 D PowerManagerService: userActivityNoUpdateLocked: groupId=0, eventTime=177426318, event=other, flags=0x0, uid=1000
12-28 13:41:16.535  3140  3140 D PowerManagerService: userActivityNoUpdateLocked: groupId=0, eventTime=177426326, event=other, flags=0x0, uid=1000
12-28 13:41:16.544  3140  3140 D PowerManagerService: userActivityNoUpdateLocked: groupId=0, eventTime=177426335, event=other, flags=0x0, uid=1000
12-28 13:41:16.551  3140  3140 D PowerManagerService: userActivityNoUpdateLocked: groupId=0, eventTime=177426343, event=other, flags=0x0, uid=1000
12-28 13:41:16.560  3140  3140 D PowerManagerService: userActivityNoUpdateLocked: groupId=0, eventTime=177426351, event=other, flags=0x0, uid=1000
12-28 13:41:16.568  3140  3140 D PowerManagerService: userActivityNoUpdateLocked: groupId=0, eventTime=177426359, event=other, flags=0x0, uid=1000
12-28 13:41:16.576  3140  3140 D PowerManagerService: userActivityNoUpdateLocked: groupId=0, eventTime=177426367, event=other, flags=0x0, uid=1000
12-28 13:41:16.584  3140  3140 D PowerManagerService: userActivityNoUpdateLocked: groupId=0, eventTime=177426375, event=other, flags=0x0, uid=1000
12-28 13:41:16.592  3140  3140 D PowerManagerService: userActivityNoUpdateLocked: groupId=0, eventTime=177426383, event=other, flags=0x0, uid=1000
12-28 13:41:16.600  3140  3140 D PowerManagerService: userActivityNoUpdateLocked: groupId=0, eventTime=177426391, event=other, flags=0x0, uid=1000
12-28 13:41:16.608  3140  3140 D PowerManagerService: userActivityNoUpdateLocked: groupId=0, eventTime=177426399, event=other, flags=0x0, uid=1000
12-28 13:41:16.616  3140  3140 D PowerManagerService: userActivityNoUpdateLocked: groupId=0, eventTime=177426407, event=other, flags=0x0, uid=1000
12-28 13:41:16.624  3140  3140 D PowerManagerService: userActivityNoUpdateLocked: groupId=0, eventTime=177426415, event=other, flags=0x0, uid=1000
12-28 13:41:16.627  3140  3919 D PowerManagerService: userActivityNoUpdateLocked: groupId=0, eventTime=177426415, event=touch, flags=0x0, uid=1000
12-28 13:41:16.632  3140  3140 D PowerManagerService: userActivityNoUpdateLocked: groupId=0, eventTime=177426423, event=other, flags=0x0, uid=1000
12-28 13:41:16.640  3140  3140 D PowerManagerService: userActivityNoUpdateLocked: groupId=0, eventTime=177426431, event=other, flags=0x0, uid=1000
12-28 13:41:16.648  3140  3140 D PowerManagerService: userActivityNoUpdateLocked: groupId=0, eventTime=177426439, event=other, flags=0x0, uid=1000
12-28 13:41:16.657  3140  3140 D PowerManagerService: userActivityNoUpdateLocked: groupId=0, eventTime=177426448, event=other, flags=0x0, uid=1000
12-28 13:41:16.664  3140  3140 D PowerManagerService: userActivityNoUpdateLocked: groupId=0, eventTime=177426456, event=other, flags=0x0, uid=1000
12-28 13:41:16.673  3140  3140 D PowerManagerService: userActivityNoUpdateLocked: groupId=0, eventTime=177426464, event=other, flags=0x0, uid=1000
12-28 13:41:16.680  3140  3140 D PowerManagerService: userActivityNoUpdateLocked: groupId=0, eventTime=177426472, event=other, flags=0x0, uid=1000
12-28 13:41:16.688  3140  3140 D PowerManagerService: userActivityNoUpdateLocked: groupId=0, eventTime=177426480, event=other, flags=0x0, uid=1000
12-28 13:41:16.697  3140  3140 D PowerManagerService: userActivityNoUpdateLocked: groupId=0, eventTime=177426488, event=other, flags=0x0, uid=1000
12-28 13:41:16.705  3140  3140 D PowerManagerService: userActivityNoUpdateLocked: groupId=0, eventTime=177426496, event=other, flags=0x0, uid=1000
12-28 13:41:16.713  3140  3140 D PowerManagerService: userActivityNoUpdateLocked: groupId=0, eventTime=177426504, event=other, flags=0x0, uid=1000
12-28 13:41:16.721  3140  3140 D PowerManagerService: userActivityNoUpdateLocked: groupId=0, eventTime=177426512, event=other, flags=0x0, uid=1000
12-28 13:41:16.722  8132  8132 I Quality : ActivityThread: callApplicationOnCreate delay 2060 org.autojs.autojspro 8132
12-28 13:41:16.725  3140  5491 I ActivityManager: Flag disabled. Ignoring finishAttachApplication from uid: 10594. pid: 8132
12-28 13:41:16.729  3140  5510 D VRR [OPlusExternalRefreshRateManager]: isPkgTfcEnable: pkgName = org.autojs.autojspro, enable = false
12-28 13:41:16.729  3140  5510 D VRR [OPlusExternalRefreshRateManager]: getTfcMinFramerate: pkgName = org.autojs.autojspro, min framerate = 0
12-28 13:41:16.729  3140  3140 D PowerManagerService: userActivityNoUpdateLocked: groupId=0, eventTime=177426520, event=other, flags=0x0, uid=1000
12-28 13:41:16.731  3140  3919 D PowerManagerService: userActivityNoUpdateLocked: groupId=0, eventTime=177426520, event=touch, flags=0x0, uid=1000
12-28 13:41:16.737  3140  3140 D PowerManagerService: userActivityNoUpdateLocked: groupId=0, eventTime=177426528, event=other, flags=0x0, uid=1000
12-28 13:41:16.745  3140  3140 D PowerManagerService: userActivityNoUpdateLocked: groupId=0, eventTime=177426536, event=other, flags=0x0, uid=1000
12-28 13:41:16.753  3140  3140 D PowerManagerService: userActivityNoUpdateLocked: groupId=0, eventTime=177426544, event=other, flags=0x0, uid=1000
12-28 13:41:16.761  3140  3140 D PowerManagerService: userActivityNoUpdateLocked: groupId=0, eventTime=177426553, event=other, flags=0x0, uid=1000
12-28 13:41:16.769  3140  3140 D PowerManagerService: userActivityNoUpdateLocked: groupId=0, eventTime=177426561, event=other, flags=0x0, uid=1000
12-28 13:41:16.777  3140  3140 D PowerManagerService: userActivityNoUpdateLocked: groupId=0, eventTime=177426569, event=other, flags=0x0, uid=1000
12-28 13:41:16.785  3140  3140 D PowerManagerService: userActivityNoUpdateLocked: groupId=0, eventTime=177426577, event=other, flags=0x0, uid=1000
12-28 13:41:16.793  3140  3140 D PowerManagerService: userActivityNoUpdateLocked: groupId=0, eventTime=177426585, event=other, flags=0x0, uid=1000
12-28 13:41:16.801  3140  3140 D PowerManagerService: userActivityNoUpdateLocked: groupId=0, eventTime=177426593, event=other, flags=0x0, uid=1000
12-28 13:41:16.803  3140  5498 I ActivityManager: Background started FGS: Allowed [callingPackage: org.autojs.autojspro; callingUid: 10594; uidState: BFGS; uidBFSL: [BFSL]; intent: Intent { cmp=org.autojs.autojspro/com.stardust.autojs.ScriptService mCallingUid=10594 }; code:ACTIVITY_STARTER; tempAllowListReason:<,reasonCode:SYSTEM_ALLOW_LISTED,duration:9223372036854775807,callingUid:-1>; targetSdkVersion:30; callerTargetSdkVersion:30; startForegroundCount:0; bindFromPackage:null: isBindService:false]
12-28 13:41:16.803  3140  5498 W ActivityManager: Starting FGS with type mediaProjection code=4 callerApp=ProcessRecord{c1b5325 8072:org.autojs.autojspro:script/u0a594} targetSDK=30 requiredPermissions=all of the permissions allOf=true [android.permission.FOREGROUND_SERVICE_MEDIA_PROJECTION] any of the permissions allOf=false [android.permission.CAPTURE_VIDEO_OUTPUT, android:project_media] 
12-28 13:41:16.804  3140  5498 W ForegroundServiceTypeLoggerModule: Foreground service start for UID: 10594 does not have any types
12-28 13:41:16.810  3140  3140 D PowerManagerService: userActivityNoUpdateLocked: groupId=0, eventTime=177426601, event=other, flags=0x0, uid=1000
12-28 13:41:16.818  3140  3140 D PowerManagerService: userActivityNoUpdateLocked: groupId=0, eventTime=177426609, event=other, flags=0x0, uid=1000
12-28 13:41:16.822  3140  3272 I OplusStatusBarManagerServiceEnhance:  getTopIsFullscreen mTopIsFullscreen: false
12-28 13:41:16.823  3140  3140 D NotificationService--OplusNotificationManagerServiceExtImpl: isForwardToAssistants: true, case : Is local notification
12-28 13:41:16.823  3140  3140 D NotificationService: This application enqueue notifications is need postDelayed mcsAssistantDelayTime: 50
12-28 13:41:16.826  3140  3140 D PowerManagerService: userActivityNoUpdateLocked: groupId=0, eventTime=177426617, event=other, flags=0x0, uid=1000
12-28 13:41:16.834  3140  3140 D PowerManagerService: userActivityNoUpdateLocked: groupId=0, eventTime=177426625, event=other, flags=0x0, uid=1000
12-28 13:41:16.835  3140  3919 D PowerManagerService: userActivityNoUpdateLocked: groupId=0, eventTime=177426625, event=touch, flags=0x0, uid=1000
12-28 13:41:16.842  3140  3140 D PowerManagerService: userActivityNoUpdateLocked: groupId=0, eventTime=177426633, event=other, flags=0x0, uid=1000
12-28 13:41:16.850  3140  3140 D PowerManagerService: userActivityNoUpdateLocked: groupId=0, eventTime=177426641, event=other, flags=0x0, uid=1000
12-28 13:41:16.858  3140  3140 D PowerManagerService: userActivityNoUpdateLocked: groupId=0, eventTime=177426649, event=other, flags=0x0, uid=1000
12-28 13:41:16.866  3140  3140 D PowerManagerService: userActivityNoUpdateLocked: groupId=0, eventTime=177426657, event=other, flags=0x0, uid=1000
12-28 13:41:16.893  3140  3140 W NotificationHistory: Attempted to add notif for locked/gone/disabled user 0
12-28 13:41:16.893  3140  3140 D PowerManagerService: userActivityNoUpdateLocked: groupId=0, eventTime=177426666, event=other, flags=0x0, uid=1000
12-28 13:41:16.895  3140  3140 D PowerManagerService: userActivityNoUpdateLocked: groupId=0, eventTime=177426674, event=other, flags=0x0, uid=1000
12-28 13:41:16.897  3140  3140 D PowerManagerService: userActivityNoUpdateLocked: groupId=0, eventTime=177426682, event=other, flags=0x0, uid=1000
12-28 13:41:16.906  3140  3140 D PowerManagerService: userActivityNoUpdateLocked: groupId=0, eventTime=177426690, event=other, flags=0x0, uid=1000
12-28 13:41:16.907  3140  3140 D PowerManagerService: userActivityNoUpdateLocked: groupId=0, eventTime=177426698, event=other, flags=0x0, uid=1000
12-28 13:41:16.915  3140  3140 D PowerManagerService: userActivityNoUpdateLocked: groupId=0, eventTime=177426706, event=other, flags=0x0, uid=1000
12-28 13:41:16.923  3140  3140 D PowerManagerService: userActivityNoUpdateLocked: groupId=0, eventTime=177426714, event=other, flags=0x0, uid=1000
12-28 13:41:16.931  3140  3140 D PowerManagerService: userActivityNoUpdateLocked: groupId=0, eventTime=177426722, event=other, flags=0x0, uid=1000
12-28 13:41:16.939  3140  3140 D PowerManagerService: userActivityNoUpdateLocked: groupId=0, eventTime=177426730, event=other, flags=0x0, uid=1000
12-28 13:41:16.940  3140  3919 D PowerManagerService: userActivityNoUpdateLocked: groupId=0, eventTime=177426730, event=touch, flags=0x0, uid=1000
12-28 13:41:16.947  3140  3140 D PowerManagerService: userActivityNoUpdateLocked: groupId=0, eventTime=177426738, event=other, flags=0x0, uid=1000
12-28 13:41:16.955  3140  3140 D PowerManagerService: userActivityNoUpdateLocked: groupId=0, eventTime=177426746, event=other, flags=0x0, uid=1000
12-28 13:41:16.963  3140  3140 D PowerManagerService: userActivityNoUpdateLocked: groupId=0, eventTime=177426754, event=other, flags=0x0, uid=1000
12-28 13:41:16.971  3140  3140 D PowerManagerService: userActivityNoUpdateLocked: groupId=0, eventTime=177426762, event=other, flags=0x0, uid=1000
12-28 13:41:16.979  3140  3140 D PowerManagerService: userActivityNoUpdateLocked: groupId=0, eventTime=177426770, event=other, flags=0x0, uid=1000
12-28 13:41:16.988  3140  3140 D PowerManagerService: userActivityNoUpdateLocked: groupId=0, eventTime=177426779, event=other, flags=0x0, uid=1000
12-28 13:41:16.995  3140  3140 D PowerManagerService: userActivityNoUpdateLocked: groupId=0, eventTime=177426787, event=other, flags=0x0, uid=1000
12-28 13:41:17.004  3140  3140 D PowerManagerService: userActivityNoUpdateLocked: groupId=0, eventTime=177426795, event=other, flags=0x0, uid=1000
12-28 13:41:17.012  3140  3140 D PowerManagerService: userActivityNoUpdateLocked: groupId=0, eventTime=177426803, event=other, flags=0x0, uid=1000
12-28 13:41:17.020  3140  3140 D PowerManagerService: userActivityNoUpdateLocked: groupId=0, eventTime=177426811, event=other, flags=0x0, uid=1000
12-28 13:41:17.028  3140  3140 D PowerManagerService: userActivityNoUpdateLocked: groupId=0, eventTime=177426819, event=other, flags=0x0, uid=1000
12-28 13:41:17.036  3140  3140 D PowerManagerService: userActivityNoUpdateLocked: groupId=0, eventTime=177426827, event=other, flags=0x0, uid=1000
12-28 13:41:17.044  3140  3140 D PowerManagerService: userActivityNoUpdateLocked: groupId=0, eventTime=177426835, event=other, flags=0x0, uid=1000
12-28 13:41:17.046  3140  3919 D PowerManagerService: userActivityNoUpdateLocked: groupId=0, eventTime=177426835, event=touch, flags=0x0, uid=1000
12-28 13:41:17.052  3140  3140 D PowerManagerService: userActivityNoUpdateLocked: groupId=0, eventTime=177426843, event=other, flags=0x0, uid=1000
12-28 13:41:17.060  3140  3140 D PowerManagerService: userActivityNoUpdateLocked: groupId=0, eventTime=177426851, event=other, flags=0x0, uid=1000
12-28 13:41:17.068  3140  3140 D PowerManagerService: userActivityNoUpdateLocked: groupId=0, eventTime=177426859, event=other, flags=0x0, uid=1000
12-28 13:41:17.077  3140  3140 D PowerManagerService: userActivityNoUpdateLocked: groupId=0, eventTime=177426867, event=other, flags=0x0, uid=1000
12-28 13:41:17.085  3140  3140 D PowerManagerService: userActivityNoUpdateLocked: groupId=0, eventTime=177426875, event=other, flags=0x0, uid=1000
12-28 13:41:17.092  3140  3140 D PowerManagerService: userActivityNoUpdateLocked: groupId=0, eventTime=177426884, event=other, flags=0x0, uid=1000
12-28 13:41:17.101  3140  3140 D PowerManagerService: userActivityNoUpdateLocked: groupId=0, eventTime=177426892, event=other, flags=0x0, uid=1000
12-28 13:41:17.109  3140  3140 D PowerManagerService: userActivityNoUpdateLocked: groupId=0, eventTime=177426900, event=other, flags=0x0, uid=1000
12-28 13:41:17.117  3140  3140 D PowerManagerService: userActivityNoUpdateLocked: groupId=0, eventTime=177426908, event=other, flags=0x0, uid=1000
12-28 13:41:17.125  3140  3140 D PowerManagerService: userActivityNoUpdateLocked: groupId=0, eventTime=177426916, event=other, flags=0x0, uid=1000
12-28 13:41:17.132  3140  3140 D PowerManagerService: userActivityNoUpdateLocked: groupId=0, eventTime=177426924, event=other, flags=0x0, uid=1000
12-28 13:41:17.376  3140  3140 D PowerManagerService: userActivityNoUpdateLocked: groupId=0, eventTime=177427166, event=other, flags=0x0, uid=1000
12-28 13:41:17.379  3140  3919 D PowerManagerService: userActivityNoUpdateLocked: groupId=0, eventTime=177427166, event=touch, flags=0x0, uid=1000
12-28 13:41:17.399  3140  3140 D PowerManagerService: userActivityNoUpdateLocked: groupId=0, eventTime=177427190, event=other, flags=0x0, uid=1000
12-28 13:41:17.407  3140  3140 D PowerManagerService: userActivityNoUpdateLocked: groupId=0, eventTime=177427198, event=other, flags=0x0, uid=1000
12-28 13:41:17.415  3140  3140 D PowerManagerService: userActivityNoUpdateLocked: groupId=0, eventTime=177427206, event=other, flags=0x0, uid=1000
12-28 13:41:17.431  3140  3140 D PowerManagerService: userActivityNoUpdateLocked: groupId=0, eventTime=177427222, event=other, flags=0x0, uid=1000
12-28 13:41:17.440  3140  3140 D PowerManagerService: userActivityNoUpdateLocked: groupId=0, eventTime=177427231, event=other, flags=0x0, uid=1000
12-28 13:41:17.447  3140  3140 D PowerManagerService: userActivityNoUpdateLocked: groupId=0, eventTime=177427239, event=other, flags=0x0, uid=1000
12-28 13:41:17.456  3140  3140 D PowerManagerService: userActivityNoUpdateLocked: groupId=0, eventTime=177427247, event=other, flags=0x0, uid=1000
12-28 13:41:17.464  3140  3140 D PowerManagerService: userActivityNoUpdateLocked: groupId=0, eventTime=177427255, event=other, flags=0x0, uid=1000
12-28 13:41:17.471  3140  3140 D PowerManagerService: userActivityNoUpdateLocked: groupId=0, eventTime=177427263, event=other, flags=0x0, uid=1000
12-28 13:41:17.480  3140  3140 D PowerManagerService: userActivityNoUpdateLocked: groupId=0, eventTime=177427271, event=other, flags=0x0, uid=1000
12-28 13:41:17.481  3140  3919 D PowerManagerService: userActivityNoUpdateLocked: groupId=0, eventTime=177427271, event=touch, flags=0x0, uid=1000
12-28 13:41:17.488  3140  3140 D PowerManagerService: userActivityNoUpdateLocked: groupId=0, eventTime=177427279, event=other, flags=0x0, uid=1000
12-28 13:41:17.496  3140  3140 D PowerManagerService: userActivityNoUpdateLocked: groupId=0, eventTime=177427287, event=other, flags=0x0, uid=1000
12-28 13:41:17.504  3140  3140 D PowerManagerService: userActivityNoUpdateLocked: groupId=0, eventTime=177427295, event=other, flags=0x0, uid=1000
12-28 13:41:17.513  3140  3140 D PowerManagerService: userActivityNoUpdateLocked: groupId=0, eventTime=177427303, event=other, flags=0x0, uid=1000
12-28 13:41:17.520  3140  3140 D PowerManagerService: userActivityNoUpdateLocked: groupId=0, eventTime=177427311, event=other, flags=0x0, uid=1000
12-28 13:41:17.529  3140  3140 D PowerManagerService: userActivityNoUpdateLocked: groupId=0, eventTime=177427320, event=other, flags=0x0, uid=1000
12-28 13:41:17.537  3140  3140 D PowerManagerService: userActivityNoUpdateLocked: groupId=0, eventTime=177427328, event=other, flags=0x0, uid=1000
12-28 13:41:17.545  3140  3140 D PowerManagerService: userActivityNoUpdateLocked: groupId=0, eventTime=177427336, event=other, flags=0x0, uid=1000
12-28 13:41:17.553  3140  3140 D PowerManagerService: userActivityNoUpdateLocked: groupId=0, eventTime=177427344, event=other, flags=0x0, uid=1000
12-28 13:41:17.561  3140  3140 D PowerManagerService: userActivityNoUpdateLocked: groupId=0, eventTime=177427352, event=other, flags=0x0, uid=1000
12-28 13:41:17.569  3140  3140 D PowerManagerService: userActivityNoUpdateLocked: groupId=0, eventTime=177427360, event=other, flags=0x0, uid=1000
12-28 13:41:17.577  3140  3140 D PowerManagerService: userActivityNoUpdateLocked: groupId=0, eventTime=177427368, event=other, flags=0x0, uid=1000
12-28 13:41:17.585  3140  3140 D PowerManagerService: userActivityNoUpdateLocked: groupId=0, eventTime=177427376, event=other, flags=0x0, uid=1000
12-28 13:41:17.586  3140  3919 D PowerManagerService: userActivityNoUpdateLocked: groupId=0, eventTime=177427376, event=touch, flags=0x0, uid=1000
12-28 13:41:17.595  3140  3140 D PowerManagerService: userActivityNoUpdateLocked: groupId=0, eventTime=177427384, event=other, flags=0x0, uid=1000
12-28 13:41:17.601  3140  3140 D PowerManagerService: userActivityNoUpdateLocked: groupId=0, eventTime=177427392, event=other, flags=0x0, uid=1000
12-28 13:41:17.609  3140  3140 D PowerManagerService: userActivityNoUpdateLocked: groupId=0, eventTime=177427400, event=other, flags=0x0, uid=1000
12-28 13:41:17.617  3140  3140 D PowerManagerService: userActivityNoUpdateLocked: groupId=0, eventTime=177427408, event=other, flags=0x0, uid=1000
12-28 13:41:17.625  3140  3140 D PowerManagerService: userActivityNoUpdateLocked: groupId=0, eventTime=177427416, event=other, flags=0x0, uid=1000
12-28 13:41:17.633  3140  3140 D PowerManagerService: userActivityNoUpdateLocked: groupId=0, eventTime=177427424, event=other, flags=0x0, uid=1000
12-28 13:41:17.641  3140  3140 D PowerManagerService: userActivityNoUpdateLocked: groupId=0, eventTime=177427433, event=other, flags=0x0, uid=1000
12-28 13:41:17.650  3140  3140 D PowerManagerService: userActivityNoUpdateLocked: groupId=0, eventTime=177427441, event=other, flags=0x0, uid=1000
12-28 13:41:17.658  3140  3140 D PowerManagerService: userActivityNoUpdateLocked: groupId=0, eventTime=177427449, event=other, flags=0x0, uid=1000
12-28 13:41:17.666  3140  3140 D PowerManagerService: userActivityNoUpdateLocked: groupId=0, eventTime=177427457, event=other, flags=0x0, uid=1000
12-28 13:41:17.674  3140  3140 D PowerManagerService: userActivityNoUpdateLocked: groupId=0, eventTime=177427465, event=other, flags=0x0, uid=1000
12-28 13:41:17.682  3140  3140 D PowerManagerService: userActivityNoUpdateLocked: groupId=0, eventTime=177427473, event=other, flags=0x0, uid=1000
12-28 13:41:18.065  3140  3140 D PowerManagerService: userActivityNoUpdateLocked: groupId=0, eventTime=177427856, event=other, flags=0x0, uid=1000
12-28 13:41:18.069  3140  3919 D PowerManagerService: userActivityNoUpdateLocked: groupId=0, eventTime=177427856, event=touch, flags=0x0, uid=1000
12-28 13:41:18.079  3140  3140 D PowerManagerService: userActivityNoUpdateLocked: groupId=0, eventTime=177427870, event=other, flags=0x0, uid=1000
12-28 13:41:18.087  3140  3140 D PowerManagerService: userActivityNoUpdateLocked: groupId=0, eventTime=177427878, event=other, flags=0x0, uid=1000
12-28 13:41:18.103  3140  3140 D PowerManagerService: userActivityNoUpdateLocked: groupId=0, eventTime=177427895, event=other, flags=0x0, uid=1000
12-28 13:41:18.111  3140  3140 D PowerManagerService: userActivityNoUpdateLocked: groupId=0, eventTime=177427903, event=other, flags=0x0, uid=1000
12-28 13:41:18.119  3140  3140 D PowerManagerService: userActivityNoUpdateLocked: groupId=0, eventTime=177427911, event=other, flags=0x0, uid=1000
12-28 13:41:18.128  3140  3140 D PowerManagerService: userActivityNoUpdateLocked: groupId=0, eventTime=177427919, event=other, flags=0x0, uid=1000
12-28 13:41:18.136  3140  3140 D PowerManagerService: userActivityNoUpdateLocked: groupId=0, eventTime=177427927, event=other, flags=0x0, uid=1000
12-28 13:41:18.144  3140  3140 D PowerManagerService: userActivityNoUpdateLocked: groupId=0, eventTime=177427935, event=other, flags=0x0, uid=1000
12-28 13:41:18.152  3140  3140 D PowerManagerService: userActivityNoUpdateLocked: groupId=0, eventTime=177427943, event=other, flags=0x0, uid=1000
12-28 13:41:18.160  3140  3140 D PowerManagerService: userActivityNoUpdateLocked: groupId=0, eventTime=177427951, event=other, flags=0x0, uid=1000
12-28 13:41:18.169  3140  3140 D PowerManagerService: userActivityNoUpdateLocked: groupId=0, eventTime=177427959, event=other, flags=0x0, uid=1000
12-28 13:41:18.170  3140  3919 D PowerManagerService: userActivityNoUpdateLocked: groupId=0, eventTime=177427959, event=touch, flags=0x0, uid=1000
12-28 13:41:18.176  3140  3140 D PowerManagerService: userActivityNoUpdateLocked: groupId=0, eventTime=177427967, event=other, flags=0x0, uid=1000
12-28 13:41:18.184  3140  3140 D PowerManagerService: userActivityNoUpdateLocked: groupId=0, eventTime=177427975, event=other, flags=0x0, uid=1000
12-28 13:41:18.192  3140  3140 D PowerManagerService: userActivityNoUpdateLocked: groupId=0, eventTime=177427983, event=other, flags=0x0, uid=1000
12-28 13:41:18.201  3140  3140 D PowerManagerService: userActivityNoUpdateLocked: groupId=0, eventTime=177427992, event=other, flags=0x0, uid=1000
12-28 13:41:18.208  3140  3140 D PowerManagerService: userActivityNoUpdateLocked: groupId=0, eventTime=177427999, event=other, flags=0x0, uid=1000
12-28 13:41:18.718  3140  3254 D WindowManager: rotation(ROTATION_0) no changed  displayId = 0, lastOrientation = -1
12-28 13:41:19.031  3140  3140 D PowerManagerService: userActivityNoUpdateLocked: groupId=0, eventTime=177428822, event=other, flags=0x0, uid=1000
12-28 13:41:19.034  3140  3919 D PowerManagerService: userActivityNoUpdateLocked: groupId=0, eventTime=177428822, event=touch, flags=0x0, uid=1000
12-28 13:41:19.045  3140  3140 D PowerManagerService: userActivityNoUpdateLocked: groupId=0, eventTime=177428836, event=other, flags=0x0, uid=1000
12-28 13:41:19.070  3140  3140 D PowerManagerService: userActivityNoUpdateLocked: groupId=0, eventTime=177428860, event=other, flags=0x0, uid=1000
12-28 13:41:19.077  3140  3140 D PowerManagerService: userActivityNoUpdateLocked: groupId=0, eventTime=177428868, event=other, flags=0x0, uid=1000
12-28 13:41:19.085  3140  3140 D PowerManagerService: userActivityNoUpdateLocked: groupId=0, eventTime=177428876, event=other, flags=0x0, uid=1000
12-28 13:41:19.093  3140  3140 D PowerManagerService: userActivityNoUpdateLocked: groupId=0, eventTime=177428885, event=other, flags=0x0, uid=1000
12-28 13:41:19.101  3140  3140 D PowerManagerService: userActivityNoUpdateLocked: groupId=0, eventTime=177428893, event=other, flags=0x0, uid=1000
12-28 13:41:19.109  3140  3140 D PowerManagerService: userActivityNoUpdateLocked: groupId=0, eventTime=177428901, event=other, flags=0x0, uid=1000
12-28 13:41:19.117  3140  3140 D PowerManagerService: userActivityNoUpdateLocked: groupId=0, eventTime=177428909, event=other, flags=0x0, uid=1000
12-28 13:41:19.125  3140  3140 D PowerManagerService: userActivityNoUpdateLocked: groupId=0, eventTime=177428917, event=other, flags=0x0, uid=1000
12-28 13:41:19.133  3140  3140 D PowerManagerService: userActivityNoUpdateLocked: groupId=0, eventTime=177428925, event=other, flags=0x0, uid=1000
12-28 13:41:19.135  3140  3919 D PowerManagerService: userActivityNoUpdateLocked: groupId=0, eventTime=177428925, event=touch, flags=0x0, uid=1000
12-28 13:41:19.141  3140  3140 D PowerManagerService: userActivityNoUpdateLocked: groupId=0, eventTime=177428933, event=other, flags=0x0, uid=1000
12-28 13:41:19.255  3140  3140 D PowerManagerService: userActivityNoUpdateLocked: groupId=0, eventTime=177429046, event=other, flags=0x0, uid=1000
12-28 13:41:19.259  3140  3919 D PowerManagerService: userActivityNoUpdateLocked: groupId=0, eventTime=177429046, event=touch, flags=0x0, uid=1000
12-28 13:41:19.279  3140  3140 D PowerManagerService: userActivityNoUpdateLocked: groupId=0, eventTime=177429070, event=other, flags=0x0, uid=1000
12-28 13:41:19.327  3140  3140 D PowerManagerService: userActivityNoUpdateLocked: groupId=0, eventTime=177429118, event=other, flags=0x0, uid=1000
12-28 13:41:19.335  3140  3140 D PowerManagerService: userActivityNoUpdateLocked: groupId=0, eventTime=177429127, event=other, flags=0x0, uid=1000
12-28 13:41:19.343  3140  3140 D PowerManagerService: userActivityNoUpdateLocked: groupId=0, eventTime=177429135, event=other, flags=0x0, uid=1000
12-28 13:41:19.351  3140  3140 D PowerManagerService: userActivityNoUpdateLocked: groupId=0, eventTime=177429143, event=other, flags=0x0, uid=1000
12-28 13:41:19.360  3140  3140 D PowerManagerService: userActivityNoUpdateLocked: groupId=0, eventTime=177429151, event=other, flags=0x0, uid=1000
12-28 13:41:19.362  3140  3919 D PowerManagerService: userActivityNoUpdateLocked: groupId=0, eventTime=177429151, event=touch, flags=0x0, uid=1000
12-28 13:41:19.368  3140  3140 D PowerManagerService: userActivityNoUpdateLocked: groupId=0, eventTime=177429159, event=other, flags=0x0, uid=1000
12-28 13:41:19.376  3140  3140 D PowerManagerService: userActivityNoUpdateLocked: groupId=0, eventTime=177429167, event=other, flags=0x0, uid=1000
12-28 13:41:19.384  3140  3140 D PowerManagerService: userActivityNoUpdateLocked: groupId=0, eventTime=177429175, event=other, flags=0x0, uid=1000
12-28 13:41:19.392  3140  3140 D PowerManagerService: userActivityNoUpdateLocked: groupId=0, eventTime=177429183, event=other, flags=0x0, uid=1000
12-28 13:41:19.400  3140  3140 D PowerManagerService: userActivityNoUpdateLocked: groupId=0, eventTime=177429191, event=other, flags=0x0, uid=1000
12-28 13:41:19.408  3140  3140 D PowerManagerService: userActivityNoUpdateLocked: groupId=0, eventTime=177429200, event=other, flags=0x0, uid=1000
12-28 13:41:19.414  3140  4604 D OplusAlarmAdjustment: proxyAlarmsByUid(), uid=10592, pkgName=org.autojs.autoxjs.v6, requester=1
12-28 13:41:19.416  3140  3297 D OplusAlarmAdjustMap: addProxyUid, uid=10592, pkgName=org.autojs.autoxjs.v6, requester=1
12-28 13:41:19.416  3140  3140 D PowerManagerService: userActivityNoUpdateLocked: groupId=0, eventTime=177429207, event=other, flags=0x0, uid=1000
12-28 13:41:19.424  3140  3140 D PowerManagerService: userActivityNoUpdateLocked: groupId=0, eventTime=177429215, event=other, flags=0x0, uid=1000
12-28 13:41:19.432  3140  3140 D PowerManagerService: userActivityNoUpdateLocked: groupId=0, eventTime=177429223, event=other, flags=0x0, uid=1000
12-28 13:41:19.440  3140  3140 D PowerManagerService: userActivityNoUpdateLocked: groupId=0, eventTime=177429231, event=other, flags=0x0, uid=1000
12-28 13:41:19.448  3140  3140 D PowerManagerService: userActivityNoUpdateLocked: groupId=0, eventTime=177429240, event=other, flags=0x0, uid=1000
12-28 13:41:19.515  3140  4604 D OplusAlarmAdjustment: unalignAlarmsByUid(), uid=10296, pkgName=com.nearme.gamecenter, actions=null, procs=null, requester=1
12-28 13:41:19.515  3140  3297 D OplusAlarmAdjustMap: removeAlignUid, uid=10296, requester=1
12-28 13:41:19.611  3140  3140 D PowerManagerService: userActivityNoUpdateLocked: groupId=0, eventTime=177429401, event=other, flags=0x0, uid=1000
12-28 13:41:19.615  3140  3919 D PowerManagerService: userActivityNoUpdateLocked: groupId=0, eventTime=177429401, event=touch, flags=0x0, uid=1000
12-28 13:41:19.626  3140  3140 D PowerManagerService: userActivityNoUpdateLocked: groupId=0, eventTime=177429417, event=other, flags=0x0, uid=1000
12-28 13:41:19.634  3140  3140 D PowerManagerService: userActivityNoUpdateLocked: groupId=0, eventTime=177429425, event=other, flags=0x0, uid=1000
12-28 13:41:19.658  3140  3140 D PowerManagerService: userActivityNoUpdateLocked: groupId=0, eventTime=177429449, event=other, flags=0x0, uid=1000
12-28 13:41:19.666  3140  3140 D PowerManagerService: userActivityNoUpdateLocked: groupId=0, eventTime=177429458, event=other, flags=0x0, uid=1000
12-28 13:41:19.674  3140  3140 D PowerManagerService: userActivityNoUpdateLocked: groupId=0, eventTime=177429466, event=other, flags=0x0, uid=1000
12-28 13:41:19.682  3140  3140 D PowerManagerService: userActivityNoUpdateLocked: groupId=0, eventTime=177429474, event=other, flags=0x0, uid=1000
12-28 13:41:19.691  3140  3140 D PowerManagerService: userActivityNoUpdateLocked: groupId=0, eventTime=177429482, event=other, flags=0x0, uid=1000
12-28 13:41:19.699  3140  3140 D PowerManagerService: userActivityNoUpdateLocked: groupId=0, eventTime=177429490, event=other, flags=0x0, uid=1000
12-28 13:41:19.707  3140  3140 D PowerManagerService: userActivityNoUpdateLocked: groupId=0, eventTime=177429498, event=other, flags=0x0, uid=1000
12-28 13:41:19.715  3140  3140 D PowerManagerService: userActivityNoUpdateLocked: groupId=0, eventTime=177429506, event=other, flags=0x0, uid=1000
12-28 13:41:19.717  3140  3919 D PowerManagerService: userActivityNoUpdateLocked: groupId=0, eventTime=177429506, event=touch, flags=0x0, uid=1000
12-28 13:41:19.723  3140  3140 D PowerManagerService: userActivityNoUpdateLocked: groupId=0, eventTime=177429514, event=other, flags=0x0, uid=1000
12-28 13:41:19.731  3140  3140 D PowerManagerService: userActivityNoUpdateLocked: groupId=0, eventTime=177429522, event=other, flags=0x0, uid=1000
12-28 13:41:19.739  3140  3140 D PowerManagerService: userActivityNoUpdateLocked: groupId=0, eventTime=177429530, event=other, flags=0x0, uid=1000
12-28 13:41:19.747  3140  3140 D PowerManagerService: userActivityNoUpdateLocked: groupId=0, eventTime=177429538, event=other, flags=0x0, uid=1000
12-28 13:41:19.853  3140  3140 D PowerManagerService: userActivityNoUpdateLocked: groupId=0, eventTime=177429643, event=other, flags=0x0, uid=1000
12-28 13:41:19.856  3140  3919 D PowerManagerService: userActivityNoUpdateLocked: groupId=0, eventTime=177429643, event=touch, flags=0x0, uid=1000
12-28 13:41:19.868  3140  3140 D PowerManagerService: userActivityNoUpdateLocked: groupId=0, eventTime=177429659, event=other, flags=0x0, uid=1000
12-28 13:41:19.893  3140  3140 D PowerManagerService: userActivityNoUpdateLocked: groupId=0, eventTime=177429683, event=other, flags=0x0, uid=1000
12-28 13:41:19.900  3140  3140 D PowerManagerService: userActivityNoUpdateLocked: groupId=0, eventTime=177429692, event=other, flags=0x0, uid=1000
12-28 13:41:19.908  3140  3140 D PowerManagerService: userActivityNoUpdateLocked: groupId=0, eventTime=177429700, event=other, flags=0x0, uid=1000
12-28 13:41:19.916  3140  3140 D PowerManagerService: userActivityNoUpdateLocked: groupId=0, eventTime=177429708, event=other, flags=0x0, uid=1000
12-28 13:41:19.924  3140  3140 D PowerManagerService: userActivityNoUpdateLocked: groupId=0, eventTime=177429716, event=other, flags=0x0, uid=1000
12-28 13:41:19.933  3140  3140 D PowerManagerService: userActivityNoUpdateLocked: groupId=0, eventTime=177429724, event=other, flags=0x0, uid=1000
12-28 13:41:19.941  3140  3140 D PowerManagerService: userActivityNoUpdateLocked: groupId=0, eventTime=177429732, event=other, flags=0x0, uid=1000
12-28 13:41:19.949  3140  3140 D PowerManagerService: userActivityNoUpdateLocked: groupId=0, eventTime=177429740, event=other, flags=0x0, uid=1000
12-28 13:41:19.957  3140  3140 D PowerManagerService: userActivityNoUpdateLocked: groupId=0, eventTime=177429748, event=other, flags=0x0, uid=1000
12-28 13:41:19.962  3140  3919 D PowerManagerService: userActivityNoUpdateLocked: groupId=0, eventTime=177429748, event=touch, flags=0x0, uid=1000
12-28 13:41:19.966  3140  3140 D PowerManagerService: userActivityNoUpdateLocked: groupId=0, eventTime=177429756, event=other, flags=0x0, uid=1000
12-28 13:41:19.973  3140  3140 D PowerManagerService: userActivityNoUpdateLocked: groupId=0, eventTime=177429764, event=other, flags=0x0, uid=1000
12-28 13:41:19.981  3140  3140 D PowerManagerService: userActivityNoUpdateLocked: groupId=0, eventTime=177429772, event=other, flags=0x0, uid=1000
12-28 13:41:19.989  3140  3140 D PowerManagerService: userActivityNoUpdateLocked: groupId=0, eventTime=177429781, event=other, flags=0x0, uid=1000
12-28 13:41:19.990 26612  6475 W ContextImpl: Calling a method in the system process without a qualified user: android.app.ContextImpl.startService:1958 android.content.ContextWrapper.startService:837 com.heytap.mcs.biz.message.k.c:8 com.heytap.mcs.biz.message.k.i:6 com.heytap.mcs.biz.message.n.n:4 
12-28 13:41:19.997  3140  3140 D PowerManagerService: userActivityNoUpdateLocked: groupId=0, eventTime=177429789, event=other, flags=0x0, uid=1000
12-28 13:41:20.005  3140  3140 D PowerManagerService: userActivityNoUpdateLocked: groupId=0, eventTime=177429796, event=other, flags=0x0, uid=1000
12-28 13:41:20.006  3140  4123 I ActivityManager: Death received, pid = 26612, processName = com.heytap.mcs.biz.message for thread android.os.BinderProxy@7b37340
12-28 13:41:20.007  3140  4428 I ActivityManager: Process com.heytap.mcs.biz.message (pid 26612) has died: fg  SVC 
12-28 13:41:20.013  3140  3140 D PowerManagerService: userActivityNoUpdateLocked: groupId=0, eventTime=177429805, event=other, flags=0x0, uid=1000
12-28 13:41:20.021  3140  3140 D PowerManagerService: userActivityNoUpdateLocked: groupId=0, eventTime=177429813, event=other, flags=0x0, uid=1000
12-28 13:41:20.029  3140  3140 D PowerManagerService: userActivityNoUpdateLocked: groupId=0, eventTime=177429821, event=other, flags=0x0, uid=1000
12-28 13:41:20.037  3140  3140 D PowerManagerService: userActivityNoUpdateLocked: groupId=0, eventTime=177429829, event=other, flags=0x0, uid=1000
12-28 13:41:20.045  3140  3140 D PowerManagerService: userActivityNoUpdateLocked: groupId=0, eventTime=177429837, event=other, flags=0x0, uid=1000
12-28 13:41:20.248  3140  3140 D PowerManagerService: userActivityNoUpdateLocked: groupId=0, eventTime=177430039, event=other, flags=0x0, uid=1000
12-28 13:41:20.251  3140  3919 D PowerManagerService: userActivityNoUpdateLocked: groupId=0, eventTime=177430039, event=touch, flags=0x0, uid=1000
12-28 13:41:20.264  3140  3140 D PowerManagerService: userActivityNoUpdateLocked: groupId=0, eventTime=177430055, event=other, flags=0x0, uid=1000
12-28 13:41:20.288  3140  3140 D PowerManagerService: userActivityNoUpdateLocked: groupId=0, eventTime=177430079, event=other, flags=0x0, uid=1000
12-28 13:41:20.296  3140  3140 D PowerManagerService: userActivityNoUpdateLocked: groupId=0, eventTime=177430087, event=other, flags=0x0, uid=1000
12-28 13:41:20.304  3140  3140 D PowerManagerService: userActivityNoUpdateLocked: groupId=0, eventTime=177430095, event=other, flags=0x0, uid=1000
12-28 13:41:20.312  3140  3140 D PowerManagerService: userActivityNoUpdateLocked: groupId=0, eventTime=177430103, event=other, flags=0x0, uid=1000
12-28 13:41:20.320  3140  3140 D PowerManagerService: userActivityNoUpdateLocked: groupId=0, eventTime=177430111, event=other, flags=0x0, uid=1000
12-28 13:41:20.328  3140  3140 D PowerManagerService: userActivityNoUpdateLocked: groupId=0, eventTime=177430119, event=other, flags=0x0, uid=1000
12-28 13:41:20.336  3140  3140 D PowerManagerService: userActivityNoUpdateLocked: groupId=0, eventTime=177430128, event=other, flags=0x0, uid=1000
12-28 13:41:20.345  3140  3140 D PowerManagerService: userActivityNoUpdateLocked: groupId=0, eventTime=177430136, event=other, flags=0x0, uid=1000
12-28 13:41:20.352  3140  3140 D PowerManagerService: userActivityNoUpdateLocked: groupId=0, eventTime=177430144, event=other, flags=0x0, uid=1000
12-28 13:41:20.354  3140  3919 D PowerManagerService: userActivityNoUpdateLocked: groupId=0, eventTime=177430144, event=touch, flags=0x0, uid=1000
12-28 13:41:20.360  3140  3140 D PowerManagerService: userActivityNoUpdateLocked: groupId=0, eventTime=177430152, event=other, flags=0x0, uid=1000
12-28 13:41:20.368  3140  3140 D PowerManagerService: userActivityNoUpdateLocked: groupId=0, eventTime=177430160, event=other, flags=0x0, uid=1000
12-28 13:41:20.377  3140  3140 D PowerManagerService: userActivityNoUpdateLocked: groupId=0, eventTime=177430168, event=other, flags=0x0, uid=1000
12-28 13:41:20.531  3140  3140 D PowerManagerService: userActivityNoUpdateLocked: groupId=0, eventTime=177430321, event=other, flags=0x0, uid=1000
12-28 13:41:20.533  3140  3919 D PowerManagerService: userActivityNoUpdateLocked: groupId=0, eventTime=177430321, event=touch, flags=0x0, uid=1000
12-28 13:41:20.547  3140  3140 D PowerManagerService: userActivityNoUpdateLocked: groupId=0, eventTime=177430337, event=other, flags=0x0, uid=1000
12-28 13:41:20.587  3140  3140 D PowerManagerService: userActivityNoUpdateLocked: groupId=0, eventTime=177430378, event=other, flags=0x0, uid=1000
12-28 13:41:20.594  3140  3140 D PowerManagerService: userActivityNoUpdateLocked: groupId=0, eventTime=177430386, event=other, flags=0x0, uid=1000
12-28 13:41:20.602  3140  3140 D PowerManagerService: userActivityNoUpdateLocked: groupId=0, eventTime=177430394, event=other, flags=0x0, uid=1000
12-28 13:41:20.611  3140  3140 D PowerManagerService: userActivityNoUpdateLocked: groupId=0, eventTime=177430402, event=other, flags=0x0, uid=1000
12-28 13:41:20.619  3140  3140 D PowerManagerService: userActivityNoUpdateLocked: groupId=0, eventTime=177430410, event=other, flags=0x0, uid=1000
12-28 13:41:20.627  3140  3140 D PowerManagerService: userActivityNoUpdateLocked: groupId=0, eventTime=177430418, event=other, flags=0x0, uid=1000
12-28 13:41:20.635  3140  3140 D PowerManagerService: userActivityNoUpdateLocked: groupId=0, eventTime=177430426, event=other, flags=0x0, uid=1000
12-28 13:41:20.637  3140  3919 D PowerManagerService: userActivityNoUpdateLocked: groupId=0, eventTime=177430426, event=touch, flags=0x0, uid=1000
12-28 13:41:20.643  3140  3140 D PowerManagerService: userActivityNoUpdateLocked: groupId=0, eventTime=177430434, event=other, flags=0x0, uid=1000
12-28 13:41:20.651  3140  3140 D PowerManagerService: userActivityNoUpdateLocked: groupId=0, eventTime=177430442, event=other, flags=0x0, uid=1000
12-28 13:41:20.659  3140  3140 D PowerManagerService: userActivityNoUpdateLocked: groupId=0, eventTime=177430450, event=other, flags=0x0, uid=1000
12-28 13:41:20.667  3140  3140 D PowerManagerService: userActivityNoUpdateLocked: groupId=0, eventTime=177430458, event=other, flags=0x0, uid=1000
12-28 13:41:20.675  3140  3140 D PowerManagerService: userActivityNoUpdateLocked: groupId=0, eventTime=177430467, event=other, flags=0x0, uid=1000
12-28 13:41:20.683  3140  3140 D PowerManagerService: userActivityNoUpdateLocked: groupId=0, eventTime=177430475, event=other, flags=0x0, uid=1000
12-28 13:41:20.692  3140  3140 D PowerManagerService: userActivityNoUpdateLocked: groupId=0, eventTime=177430483, event=other, flags=0x0, uid=1000
12-28 13:41:20.700  3140  3140 D PowerManagerService: userActivityNoUpdateLocked: groupId=0, eventTime=177430491, event=other, flags=0x0, uid=1000
12-28 13:41:20.708  3140  3140 D PowerManagerService: userActivityNoUpdateLocked: groupId=0, eventTime=177430499, event=other, flags=0x0, uid=1000
12-28 13:41:20.716  3140  3140 D PowerManagerService: userActivityNoUpdateLocked: groupId=0, eventTime=177430507, event=other, flags=0x0, uid=1000
12-28 13:41:20.723  3140  3140 D PowerManagerService: userActivityNoUpdateLocked: groupId=0, eventTime=177430515, event=other, flags=0x0, uid=1000
12-28 13:41:20.994  3140  3140 D PowerManagerService: userActivityNoUpdateLocked: groupId=0, eventTime=177430784, event=other, flags=0x0, uid=1000
12-28 13:41:20.999  3140  3919 D PowerManagerService: userActivityNoUpdateLocked: groupId=0, eventTime=177430784, event=touch, flags=0x0, uid=1000
12-28 13:41:21.008  3140  3140 D PowerManagerService: userActivityNoUpdateLocked: groupId=0, eventTime=177430800, event=other, flags=0x0, uid=1000
12-28 13:41:21.025  3140  3140 D PowerManagerService: userActivityNoUpdateLocked: groupId=0, eventTime=177430816, event=other, flags=0x0, uid=1000
12-28 13:41:21.033  3140  3140 D PowerManagerService: userActivityNoUpdateLocked: groupId=0, eventTime=177430824, event=other, flags=0x0, uid=1000
12-28 13:41:21.040  3140  3140 D PowerManagerService: userActivityNoUpdateLocked: groupId=0, eventTime=177430832, event=other, flags=0x0, uid=1000
12-28 13:41:21.048  3140  3140 D PowerManagerService: userActivityNoUpdateLocked: groupId=0, eventTime=177430840, event=other, flags=0x0, uid=1000
12-28 13:41:21.057  3140  3140 D PowerManagerService: userActivityNoUpdateLocked: groupId=0, eventTime=177430848, event=other, flags=0x0, uid=1000
12-28 13:41:21.065  3140  3140 D PowerManagerService: userActivityNoUpdateLocked: groupId=0, eventTime=177430856, event=other, flags=0x0, uid=1000
12-28 13:41:21.073  3140  3140 D PowerManagerService: userActivityNoUpdateLocked: groupId=0, eventTime=177430864, event=other, flags=0x0, uid=1000
12-28 13:41:21.081  3140  3140 D PowerManagerService: userActivityNoUpdateLocked: groupId=0, eventTime=177430872, event=other, flags=0x0, uid=1000
12-28 13:41:21.089  3140  3140 D PowerManagerService: userActivityNoUpdateLocked: groupId=0, eventTime=177430880, event=other, flags=0x0, uid=1000
12-28 13:41:21.097  3140  3140 D PowerManagerService: userActivityNoUpdateLocked: groupId=0, eventTime=177430888, event=other, flags=0x0, uid=1000
12-28 13:41:21.099  3140  3919 D PowerManagerService: userActivityNoUpdateLocked: groupId=0, eventTime=177430888, event=touch, flags=0x0, uid=1000
12-28 13:41:21.105  3140  3140 D PowerManagerService: userActivityNoUpdateLocked: groupId=0, eventTime=177430897, event=other, flags=0x0, uid=1000
12-28 13:41:21.113  3140  3140 D PowerManagerService: userActivityNoUpdateLocked: groupId=0, eventTime=177430904, event=other, flags=0x0, uid=1000
12-28 13:41:21.121  3140  3140 D PowerManagerService: userActivityNoUpdateLocked: groupId=0, eventTime=177430912, event=other, flags=0x0, uid=1000
12-28 13:41:21.129  3140  3140 D PowerManagerService: userActivityNoUpdateLocked: groupId=0, eventTime=177430920, event=other, flags=0x0, uid=1000
12-28 13:41:21.292  3140  3140 D PowerManagerService: userActivityNoUpdateLocked: groupId=0, eventTime=177431082, event=other, flags=0x0, uid=1000
12-28 13:41:21.294  3140  3919 D PowerManagerService: userActivityNoUpdateLocked: groupId=0, eventTime=177431082, event=touch, flags=0x0, uid=1000
12-28 13:41:21.307  3140  3140 D PowerManagerService: userActivityNoUpdateLocked: groupId=0, eventTime=177431098, event=other, flags=0x0, uid=1000
12-28 13:41:21.323  3140  3140 D PowerManagerService: userActivityNoUpdateLocked: groupId=0, eventTime=177431114, event=other, flags=0x0, uid=1000
12-28 13:41:21.331  3140  3140 D PowerManagerService: userActivityNoUpdateLocked: groupId=0, eventTime=177431122, event=other, flags=0x0, uid=1000
12-28 13:41:21.339  3140  3140 D PowerManagerService: userActivityNoUpdateLocked: groupId=0, eventTime=177431130, event=other, flags=0x0, uid=1000
12-28 13:41:21.347  3140  3140 D PowerManagerService: userActivityNoUpdateLocked: groupId=0, eventTime=177431138, event=other, flags=0x0, uid=1000
12-28 13:41:21.355  3140  3140 D PowerManagerService: userActivityNoUpdateLocked: groupId=0, eventTime=177431147, event=other, flags=0x0, uid=1000
12-28 13:41:21.364  3140  3140 D PowerManagerService: userActivityNoUpdateLocked: groupId=0, eventTime=177431155, event=other, flags=0x0, uid=1000
12-28 13:41:21.373  3140  3140 D PowerManagerService: userActivityNoUpdateLocked: groupId=0, eventTime=177431163, event=other, flags=0x0, uid=1000
12-28 13:41:21.379  3140  3140 D PowerManagerService: userActivityNoUpdateLocked: groupId=0, eventTime=177431171, event=other, flags=0x0, uid=1000
12-28 13:41:21.382  3140  4611 I OPM     : handlePackageUnfreeze 10344, pkg: com.tencent.mobileqq, reason: Packet
12-28 13:41:21.384  3140  4604 D OplusAlarmAdjustment: unalignAlarmsByUid(), uid=10344, pkgName=com.tencent.mobileqq, actions=null, procs=null, requester=1
12-28 13:41:21.384  3140  3297 D OplusAlarmAdjustMap: removeAlignUid, uid=10344, requester=1
12-28 13:41:21.388  3140  3140 D PowerManagerService: userActivityNoUpdateLocked: groupId=0, eventTime=177431179, event=other, flags=0x0, uid=1000
12-28 13:41:21.396  3140  3140 D PowerManagerService: userActivityNoUpdateLocked: groupId=0, eventTime=177431187, event=other, flags=0x0, uid=1000
12-28 13:41:21.397  3140  3919 D PowerManagerService: userActivityNoUpdateLocked: groupId=0, eventTime=177431187, event=touch, flags=0x0, uid=1000
12-28 13:41:21.404  3140  3140 D PowerManagerService: userActivityNoUpdateLocked: groupId=0, eventTime=177431195, event=other, flags=0x0, uid=1000
12-28 13:41:21.412  3140  3140 D PowerManagerService: userActivityNoUpdateLocked: groupId=0, eventTime=177431203, event=other, flags=0x0, uid=1000
12-28 13:41:21.420  3140  3140 D PowerManagerService: userActivityNoUpdateLocked: groupId=0, eventTime=177431211, event=other, flags=0x0, uid=1000
12-28 13:41:21.421  3140  5704 D CompatChangeReporter: Compat change id reported: 171306433; UID 10344; state: ENABLED
12-28 13:41:21.428  3140  3140 D PowerManagerService: userActivityNoUpdateLocked: groupId=0, eventTime=177431219, event=other, flags=0x0, uid=1000
12-28 13:41:21.436  3140  3140 D PowerManagerService: userActivityNoUpdateLocked: groupId=0, eventTime=177431227, event=other, flags=0x0, uid=1000
12-28 13:41:21.444  3140  3140 D PowerManagerService: userActivityNoUpdateLocked: groupId=0, eventTime=177431235, event=other, flags=0x0, uid=1000
12-28 13:41:21.452  3140  3140 D PowerManagerService: userActivityNoUpdateLocked: groupId=0, eventTime=177431243, event=other, flags=0x0, uid=1000
12-28 13:41:21.460  3140  3140 D PowerManagerService: userActivityNoUpdateLocked: groupId=0, eventTime=177431251, event=other, flags=0x0, uid=1000
12-28 13:41:21.468  3140  3140 D PowerManagerService: userActivityNoUpdateLocked: groupId=0, eventTime=177431259, event=other, flags=0x0, uid=1000
12-28 13:41:21.656  3140  3140 D PowerManagerService: userActivityNoUpdateLocked: groupId=0, eventTime=177431446, event=other, flags=0x0, uid=1000
12-28 13:41:21.661  3140  3919 D PowerManagerService: userActivityNoUpdateLocked: groupId=0, eventTime=177431446, event=touch, flags=0x0, uid=1000
