12-28 13:40:45.642  3140  3140 D NotificationService--OplusNotificationManagerServiceExtImpl: isForwardToAssistants: true, case : Is local notification
12-28 13:40:45.642  3140  3140 D NotificationService: This application enqueue notifications is need postDelayed mcsAssistantDelayTime: 50
12-28 13:40:45.643  7169  7169 D ResourcesManagerExtImpl: applyConfigurationToAppResourcesLocked app.getDisplayId() return callback.displayId:-1
12-28 13:40:45.656  3140  5491 D CompatChangeReporter: Compat change id reported: 161145287; UID 10343; state: ENABLED
12-28 13:40:45.660  3140  5885 D VRR [OPlusExternalRefreshRateManager]: isPkgTfcEnable: pkgName = com.byyoung.setting, enable = false
12-28 13:40:45.660  3140  5885 D VRR [OPlusExternalRefreshRateManager]: getTfcMinFramerate: pkgName = com.byyoung.setting, min framerate = 0
12-28 13:40:45.668  7004  7186 W PowerProfile: screen.on is deprecated! Use screen.on.display0 instead.
12-28 13:40:45.669  7004  7186 W PowerProfile: screen.full is deprecated! Use screen.full.display0 instead.
12-28 13:40:45.669  7004  7186 W ModemPowerProfile: getAverageBatteryDrainMaH called with unexpected key: 0x0, drain:SLEEP,RAT:DEFAULT
12-28 13:40:45.669  7004  7186 W ModemPowerProfile: getAverageBatteryDrainMaH called with unexpected key: 0x10000000, drain:IDLE,RAT:DEFAULT
12-28 13:40:45.670  7004  7186 W ModemPowerProfile: getAverageBatteryDrainMaH called with unexpected key: 0x20000000, drain:RX,RAT:DEFAULT
12-28 13:40:45.670  7004  7186 W ModemPowerProfile: getAverageBatteryDrainMaH called with unexpected key: 0x30000000, drain:TX,level:0,RAT:DEFAULT
12-28 13:40:45.670  7004  7186 W ModemPowerProfile: getAverageBatteryDrainMaH called with unexpected key: 0x31000000, drain:TX,level:1,RAT:DEFAULT
12-28 13:40:45.670  7004  7186 W ModemPowerProfile: getAverageBatteryDrainMaH called with unexpected key: 0x32000000, drain:TX,level:2,RAT:DEFAULT
12-28 13:40:45.670  7004  7186 W ModemPowerProfile: getAverageBatteryDrainMaH called with unexpected key: 0x33000000, drain:TX,level:3,RAT:DEFAULT
12-28 13:40:45.670  7004  7186 W ModemPowerProfile: getAverageBatteryDrainMaH called with unexpected key: 0x34000000, drain:TX,level:4,RAT:DEFAULT
12-28 13:40:45.677  3140  5885 I ActivityManager: Flag disabled. Ignoring finishAttachApplication from uid: 10343. pid: 7169
12-28 13:40:45.683  3140  4122 I OplusStatusBarManagerServiceEnhance:  getTopIsFullscreen mTopIsFullscreen: false
12-28 13:40:45.683  3140  4122 W ActivityManager: Permission Denial: getTopApplicationInfo from pid=7004, uid=10351 requires oplus.permission.OPLUS_COMPONENT_SAFE
12-28 13:40:45.684  3140  3140 D NotificationService--OplusNotificationManagerServiceExtImpl: isForwardToAssistants: true, case : Is local notification
12-28 13:40:45.684  3140  3140 D NotificationService: This application enqueue notifications is need postDelayed mcsAssistantDelayTime: 50
12-28 13:40:45.721  3140  3140 W NotificationHistory: Attempted to add notif for locked/gone/disabled user 0
12-28 13:40:46.365  3140  3427 I AppsFilter: interaction: PackageSetting{3644ea7 info.dvkr.screenstream.dev/10601} -> PackageSetting{3f3ce2e org.aigame.pro/10565} BLOCKED
12-28 13:40:46.365  3140  3427 I AppsFilter: interaction: PackageSetting{763c7cf com.android.microdroid.empty_payload/10283} -> PackageSetting{3f3ce2e org.aigame.pro/10565} BLOCKED
12-28 13:40:46.365  3140  3427 I AppsFilter: interaction: PackageSetting{577555c com.oplus.locationproxy/10170} -> PackageSetting{3f3ce2e org.aigame.pro/10565} BLOCKED
12-28 13:40:46.365  3140  3427 I AppsFilter: interaction: PackageSetting{f99065 com.android.certinstaller/10225} -> PackageSetting{3f3ce2e org.aigame.pro/10565} BLOCKED
12-28 13:40:46.365  3140  3427 I AppsFilter: interaction: PackageSetting{75f713a com.oplus.location/10242} -> PackageSetting{3f3ce2e org.aigame.pro/10565} BLOCKED
12-28 13:40:46.372  3140  3930 I VibrationEffectConvertor: onInputMethodListUpdated received, info.size = 8
12-28 13:40:46.372  3140  3930 I VibrationEffectConvertor: userid = 0, packageName = com.google.android.tts
12-28 13:40:46.372  3140  3930 I VibrationEffectConvertor: userid = 0, packageName = net.dinglisch.android.taskerm
12-28 13:40:46.372  3140  3930 I VibrationEffectConvertor: userid = 0, packageName = org.aigame.pro
12-28 13:40:46.372  3140  3930 I VibrationEffectConvertor: userid = 0, packageName = com.truedian.dragon
12-28 13:40:46.372  3140  3930 I VibrationEffectConvertor: userid = 0, packageName = youqu.android.todesk
12-28 13:40:46.372  3140  3930 I VibrationEffectConvertor: userid = 0, packageName = com.sohu.inputmethod.sogouoem
12-28 13:40:46.372  3140  3930 I VibrationEffectConvertor: userid = 0, packageName = com.sohu.inputmethod.sogou
12-28 13:40:46.373  3140  3930 I VibrationEffectConvertor: userid = 0, packageName = com.oplus.securitykeyboard
12-28 13:40:46.411  3140  3264 V AutofillManagerService: onPackageModified(): org.aigame.pro
12-28 13:40:46.469  3140  3934 V AccessibilityManagerService: onUserStateChangedLocked for user 0 with forceUpdate: false mEnabledServices = [ComponentInfo{net.dinglisch.android.taskerm/net.dinglisch.android.taskerm.MyAccessibilityService}, ComponentInfo{com.arlosoft.macrodroid/com.arlosoft.macrodroid.action.services.UIInteractionAccessibilityService}, ComponentInfo{com.coloros.accessibilityassistant/com.coloros.accessibilityassistant.ColorAccessibilityService}, ComponentInfo{com.arlosoft.macrodroid/com.arlosoft.macrodroid.triggers.services.MacroDroidAccessibilityServiceJellyBean}, ComponentInfo{com.ss.edgegestures/com.ss.edgegestures.EdgeService}, ComponentInfo{cn.litiaotiao.app/com.litiaotiao.app.LttService}, ComponentInfo{com.microsoft.appmanager/com.microsoft.mmx.screenmirroringsrc.accessibility.ScreenMirroringAccessibilityService}, ComponentInfo{com.microsoft.launcher/com.microsoft.launcher.accessibility.LauncherAccessibilityService}, ComponentInfo{info.dvkr.screenstream.dev/info.dvkr.screenstream.input.InputService}, ComponentInfo{org.autojs.autojspro/com.stardust.autojs.core.accessibility.AccessibilityService}] mCrashedServices = [ComponentInfo{org.autojs.autojspro/com.stardust.autojs.core.accessibility.AccessibilityService}]
12-28 13:40:46.471  3140  3934 W MagnificationConnectionManager: requestConnection duplicated request: connect=false, mConnectionState=DISCONNECTED
12-28 13:40:47.305  3140  3298 D OplusDisplayBrightnessBroadcastReceiver: onReceive action = android.intent.action.BATTERY_CHANGED , listeners = [com.android.server.display.OplusFeatureHDREnhanceBrightness$PhoneInfoReceiver@277193c, com.android.server.display.OplusFeatureEdrEnhanceBrightness$PhoneInfoReceiver@6ce36c5]
12-28 13:40:47.620  4465  4465 W VRI[NotificationShade]: updateBlastSurfaceIfNeeded, surfaceSize:Point(1080, 2412), lastSurfaceSize:Point(1080, 2412), format:-3, blastBufferQueue:android.graphics.BLASTBufferQueue@64fc178
12-28 13:40:47.621  3140  5510 D WindowManagerServiceExtImpl: extractConfigInfoAndRealFlags rotation=0, screenDp=360, residentWS:0, win=Window{616602 u0 NotificationShade}
12-28 13:40:47.621  3140  5510 V WindowManager: Relayout Window{616602 u0 NotificationShade}: viewVisibility=0, oldvis=0, req=1080x2412, vsysui=, x=0, y=0
12-28 13:40:47.631  3140  5510 D CoreBackPreview: Window{616602 u0 NotificationShade}: Setting back callback null
12-28 13:40:47.632  3140  3268 I UserAwareMgr: event is already released: SceneEvent{id=5013, maxWorkDurationMs=5000, caller='[system_app]', eventFlags=0, fbPriority=1, keyThreads=[KeyThread{name=Blur, owner=self, schedPolicy=ux, priority=ANIMATOR}, KeyThread{name=Capture, owner=self, schedPolicy=ux, priority=ANIMATOR}], vipBinderGroup=null}, callingPid: 5223, appPid: 0
12-28 13:40:47.648  3140  5510 D WindowManagerServiceExtImpl: extractConfigInfoAndRealFlags rotation=0, screenDp=360, residentWS:0, win=Window{616602 u0 NotificationShade}
12-28 13:40:47.648  3140  5510 V WindowManager: Relayout Window{616602 u0 NotificationShade}: viewVisibility=4, oldvis=0, req=1080x2412, vsysui=, x=0, y=0
12-28 13:40:47.649  3140  5510 I WindowManager: Window{616602 u0 NotificationShade} state from HAS_DRAWN to NO_SURFACE; reason: destroySurface
12-28 13:40:47.649  3140  3268 I UserAwareMgr: handleFgAppChanged, pkgName: com.android.systemui, pid: 4465, isVisible: false, fgAppType: FG2
12-28 13:40:47.649  3140  3268 I UserAwareMgr: fg app status not changed, beforeVisible: true, currentVisible: true
12-28 13:40:47.654  3140  5510 D WindowManager: NFW_findFocusedWindowIfNeeded:Window{6f92238 u0 info.dvkr.screenstream.dev/info.dvkr.screenstream.SingleActivity} mCurrentFocus:Window{6f92238 u0 info.dvkr.screenstream.dev/info.dvkr.screenstream.SingleActivity}
12-28 13:40:47.661  3140  5510 V WindowManager: Relayout Window{dfbe42d u0 StatusBar}: viewVisibility=0, oldvis=0, req=1080x96, vsysui=, x=0, y=0
12-28 13:40:47.666  3140  5510 D WindowManager: setFrameRateStart invalid typeId return!
12-28 13:40:47.667  3140  4310 I OplusStatusBarManagerServiceEnhance:  getTopIsFullscreen mTopIsFullscreen: false
12-28 13:40:47.667  3140  4310 W ActivityManager: Permission Denial: getTopApplicationInfo from pid=7004, uid=10351 requires oplus.permission.OPLUS_COMPONENT_SAFE
12-28 13:40:47.671  3140  3140 D NotificationService--OplusNotificationManagerServiceExtImpl: isForwardToAssistants: true, case : Is local notification
12-28 13:40:47.671  3140  3140 D NotificationService: This application enqueue notifications is need postDelayed mcsAssistantDelayTime: 50
12-28 13:40:48.186  3140  4604 D OplusAlarmAdjustment: alignAlarmsByUid(), uid=10344, pkgName=com.tencent.mobileqq, actions=null, procs=null, requester=1
12-28 13:40:48.187  3140  3297 D OplusAlarmAdjustMap: addAlignUid, uid=10344, pkgName=com.tencent.mobileqq, requester=1, mode=1
12-28 13:40:48.353  3140  4604 D OplusAlarmAdjustment: proxyAlarmsByUid(), uid=10565, pkgName=org.aigame.pro, requester=1
12-28 13:40:48.353  3140  3297 D OplusAlarmAdjustMap: addProxyUid, uid=10565, pkgName=org.aigame.pro, requester=1
12-28 13:40:48.366  3140  4147 D OAppNetControlService: Hans update:[10565=true][0|0] blackList:[10490, 10261, 10256, 99910256, 10326, 10478, 10339, 10320, 10565]
12-28 13:40:48.428  3140  4310 W AppOpService: Ignored setUidMode call for runtime permission app op: uid = 10115, code = READ_CELL_BROADCASTS, mode = allow, callingUid = 1001, oldMode = allow
12-28 13:40:48.444  3140  4310 W AppOpService: Ignored setUidMode call for runtime permission app op: uid = 1001, code = READ_SMS, mode = allow, callingUid = 1001, oldMode = allow
12-28 13:40:48.445  3140  4310 W AppOpService: Ignored setUidMode call for runtime permission app op: uid = 1001, code = RECEIVE_SMS, mode = allow, callingUid = 1001, oldMode = allow
12-28 13:40:48.446  3140  4310 W AppOpService: Ignored setUidMode call for runtime permission app op: uid = 1001, code = RECEIVE_WAP_PUSH, mode = allow, callingUid = 1001, oldMode = allow
12-28 13:40:48.447  3140  4310 W AppOpService: Ignored setUidMode call for runtime permission app op: uid = 1001, code = SEND_SMS, mode = allow, callingUid = 1001, oldMode = allow
12-28 13:40:48.447  3140  4310 W AppOpService: Ignored setUidMode call for runtime permission app op: uid = 1001, code = READ_CELL_BROADCASTS, mode = allow, callingUid = 1001, oldMode = allow
12-28 13:40:49.317  3140  4604 D OplusAlarmAdjustment: proxyAlarmsByUid(), uid=10351, pkgName=com.byyoung.setting, requester=1
12-28 13:40:49.317  3140  3297 D OplusAlarmAdjustMap: addProxyUid, uid=10351, pkgName=com.byyoung.setting, requester=1
12-28 13:40:49.328  3140  4147 D OAppNetControlService: Hans update:[10351=true][0|0] blackList:[10490, 10261, 10256, 99910256, 10326, 10478, 10339, 10320, 10565, 10351]
12-28 13:40:50.121  1171  6527 I keystore2: system/security/keystore2/watchdog/src/lib.rs:319 - Watchdog thread idle -> terminating. Have a great day.
12-28 13:40:50.644  3140  3268 I UserAwareMgr: handleAppChangedToBg, pkgName: com.android.systemui, pid: 4465
12-28 13:40:50.656  3140  3268 I UserAwareMgr: handleAppChangedToBg, pkgName: com.android.systemui, pid: 4465
12-28 13:40:50.656  3140  3268 W UserAwareMgr: app not not found or not visible: {pkgName='com.android.systemui', processName='com.android.systemui', pid=4465, uid=10216, flags='systemui|bg', renderTid=4544, hwuiTids=[4877, 4878], glTids=null, threadInfos={wmshell.main={threadName='wmshell.main', tid=4493, extendTids=null}, ll.splashworker={threadName='ll.splashworker', tid=4506, extendTids=null}, wmshell.anim={threadName='wmshell.anim', tid=4500, extendTids=null}, VolumeDialogControllerImpl={threadName='VolumeDialogControllerImpl', tid=4850, extendTids=null}, ll.splashscreen={threadName='ll.splashscreen', tid=4505, extendTids=null}, KeyguardWorkerThread={threadName='KeyguardWorkerThread', tid=4586, extendTids=null}, OnScreenFingerprint OpticalUIUpdateThread={threadName='OnScreenFingerprint OpticalUIUpdateThread', tid=5080, extendTids=null}, ImageWallpaper={threadName='ImageWallpaper', tid=5077, extendTids=null}, KgdAnimThread={threadName='KgdAnimThread', tid=4587, extendTids=null}, GestureUI={threadName='GestureUI', tid=4789, extendTids=null}, SysUiLng={threadName='SysUiLng', tid=5074, extendTids=null}}}
12-28 13:40:50.656  3140  3268 W UserAwareMgr: handleAppChangedToBg process is empty
12-28 13:40:51.604  3140  4604 D OplusAlarmAdjustment: proxyAlarmsByUid(), uid=10343, pkgName=io.github.huskydg.magisk, requester=1
12-28 13:40:51.604  3140  3297 D OplusAlarmAdjustMap: addProxyUid, uid=10343, pkgName=io.github.huskydg.magisk, requester=1
12-28 13:40:51.613  3140  4147 D OAppNetControlService: Hans update:[10343=true][0|0] blackList:[10490, 10261, 10256, 99910256, 10326, 10478, 10339, 10320, 10565, 10351, 10343]
12-28 13:40:53.223  3140  3272 D CompatChangeReporter: Compat change id reported: 151861875; UID 99910339; state: ENABLED
12-28 13:40:53.258  3140  3273 I ActivityManager: Start proc 7448:com.eg.android.AlipayGphone:push/u999a339 for service {com.eg.android.AlipayGphone/com.alipay.pushsdk.push.NotificationService}
12-28 13:40:53.325  3140  5498 D ActivityTaskManagerServiceExtImpl: preBindApplication record is null
12-28 13:40:53.596  7448  7448 I Quality : Odex status:up-to-date filter:speed-profile reason:bg-dexopt location:/data/app/~~WwkwL5apnmIc8NIQw6EKQg==/com.eg.android.AlipayGphone-DS9wpws6MXsLddsSOBvS0g==/base.apk cost:211
12-28 13:40:53.636  7448  7448 D ResourcesManagerExtImpl: applyConfigurationToAppResourcesLocked app.getDisplayId() return callback.displayId:-1
12-28 13:40:53.830  3140  4611 I OPM     : handlePackageUnfreeze 10344, pkg: com.tencent.mobileqq, reason: Packet
12-28 13:40:53.840  3140  4604 D OplusAlarmAdjustment: unalignAlarmsByUid(), uid=10344, pkgName=com.tencent.mobileqq, actions=null, procs=null, requester=1
12-28 13:40:53.840  3140  3297 D OplusAlarmAdjustMap: removeAlignUid, uid=10344, requester=1
12-28 13:40:53.880  3140  3273 I ActivityManager: Start proc 7475:com.tencent.mobileqq/u0a344 for broadcast {com.tencent.mobileqq/mqq.app.QQBroadcastReceiver}
12-28 13:40:53.881  3140  4611 I OPM     : handleProcessStart : ProcessRecord{2cf90e5 7475:com.tencent.mobileqq/u0a344}
12-28 13:40:53.949  3140  5498 D ActivityTaskManagerServiceExtImpl: preBindApplication record is null
12-28 13:40:53.965  3140  5498 D CompatChangeReporter: Compat change id reported: 170503758; UID 10344; state: ENABLED
12-28 13:40:54.077  3140  5498 W PackageManager: package com.eg.android.AlipayGphone uid 99910339 pid 7448 call SetEnabledSetting(com.eg.android.AlipayGphone component = com.alipay.android.phone.mobilesdk.antsp.core.ANTSPProvider, 1, 999)
12-28 13:40:54.164  7448  7448 I Quality : ActivityThread: makeApplication delay 530 com.eg.android.AlipayGphone 7448
12-28 13:40:54.273  3140  5510 I ActivityManager: Flag disabled. Ignoring finishAttachApplication from uid: 99910339. pid: 7448
12-28 13:40:54.334  7475  7475 I Quality : Odex status:up-to-date filter:speed-profile reason:bg-dexopt location:/data/app/~~fbGElZkJUvXdgTLUC5SUmg==/com.tencent.mobileqq-lw0qPff3xRQCA1kk-av14g==/base.apk cost:347
12-28 13:40:54.338  7475  7475 I Quality : ActivityThread: createClassLoader delay 353 /data/app/~~fbGElZkJUvXdgTLUC5SUmg==/com.tencent.mobileqq-lw0qPff3xRQCA1kk-av14g==/base.apk 7475
12-28 13:40:54.350  7475  7475 I Quality : ActivityThread: createOrUpdateClassLoaderLocked delay 369 com.tencent.mobileqq 7475
12-28 13:40:54.384  7475  7475 D ResourcesManagerExtImpl: applyConfigurationToAppResourcesLocked app.getDisplayId() return callback.displayId:-1
12-28 13:40:54.415  3140  4310 D CompatChangeReporter: Compat change id reported: 297989574; UID 99910339; state: ENABLED
12-28 13:40:55.077  3140  5510 I ActivityManager: Flag disabled. Ignoring finishAttachApplication from uid: 10344. pid: 7475
12-28 13:40:55.133  3140  4310 V ActivityManager: Has totaly same connectionRecord, just reuse it!
12-28 13:40:55.438  3140  4310 V ActivityManager: Has totaly same connectionRecord, just reuse it!
12-28 13:40:55.838  3140  4310 D CompatChangeReporter: Compat change id reported: 319212206; UID 99910339; state: ENABLED
12-28 13:40:56.272  5940  5947 I Quality : GCInfo: com.qx.ajserver,50-3.573s-2.953s-15.132ms-2128KB-2575KB-3894KB-0-177406.064s,1,1,50-3.573s-2.953s-15.132ms-2128KB-2575KB-3894KB
12-28 13:40:56.848  3140  3264 D AppProfilerExtImpl: Skipped pss collection for CPU busy
12-28 13:40:56.931  3140  4310 W ContentProviderHelper: Permission Denial: opening provider com.android.providers.contacts.ContactsProvider2 from ProcessRecord{2cf90e5 7475:com.tencent.mobileqq/u0a344} (pid=7475, uid=10344) requires android.permission.READ_CONTACTS or android.permission.WRITE_CONTACTS
12-28 13:40:58.856  3140  4604 D OplusAlarmAdjustment: alignAlarmsByUid(), uid=10344, pkgName=com.tencent.mobileqq, actions=null, procs=null, requester=1
12-28 13:40:58.856  3140  3297 D OplusAlarmAdjustMap: addAlignUid, uid=10344, pkgName=com.tencent.mobileqq, requester=1, mode=1
12-28 13:40:58.977  3140  4611 I OPM     : handlePackageUnfreeze 10344, pkg: com.tencent.mobileqq, reason: Packet
12-28 13:40:58.978  3140  4604 D OplusAlarmAdjustment: unalignAlarmsByUid(), uid=10344, pkgName=com.tencent.mobileqq, actions=null, procs=null, requester=1
12-28 13:40:58.980  3140  3297 D OplusAlarmAdjustMap: removeAlignUid, uid=10344, requester=1
12-28 13:41:00.000  3140  3896 V AlarmManager: sending alarm Alarm{9833171 type 3 origWhen 178445652 whenElapsed 178445652 android} uid 1000 whenElapsed 178445652 windowLength 0 maxWhenElapsed 178445652 repeatInterval 0 action null component null tag TIME_TICK flags 0x9 procName system_server
12-28 13:41:00.017  3140  3298 D OplusDisplayBrightnessBroadcastReceiver: onReceive action = android.intent.action.TIME_TICK , listeners = []
12-28 13:41:00.348  3140  3896 V AlarmManager: sending alarm Alarm{adbe4c7 type 3 origWhen 178446000 whenElapsed 178446000 android} uid 1000 whenElapsed 178446000 windowLength 0 maxWhenElapsed 178446000 repeatInterval 0 action null component null tag StatsCompanionService.periodic flags 0x9 procName system_server
12-28 13:41:03.179  3140  3298 D OplusDisplayBrightnessBroadcastReceiver: onReceive action = android.intent.action.BATTERY_CHANGED , listeners = [com.android.server.display.OplusFeatureHDREnhanceBrightness$PhoneInfoReceiver@277193c, com.android.server.display.OplusFeatureEdrEnhanceBrightness$PhoneInfoReceiver@6ce36c5]
12-28 13:41:03.223  3140  3272 I AppsFilter: interaction: PackageSetting{3644ea7 info.dvkr.screenstream.dev/10601} -> PackageSetting{2d38525 org.autojs.autoxjs.v6/10592} BLOCKED
12-28 13:41:03.224  3140  3272 I AppsFilter: interaction: PackageSetting{763c7cf com.android.microdroid.empty_payload/10283} -> PackageSetting{2d38525 org.autojs.autoxjs.v6/10592} BLOCKED
12-28 13:41:03.225  3140  3272 I AppsFilter: interaction: PackageSetting{577555c com.oplus.locationproxy/10170} -> PackageSetting{2d38525 org.autojs.autoxjs.v6/10592} BLOCKED
12-28 13:41:03.225  3140  3272 I AppsFilter: interaction: PackageSetting{f99065 com.android.certinstaller/10225} -> PackageSetting{2d38525 org.autojs.autoxjs.v6/10592} BLOCKED
12-28 13:41:03.225  3140  3272 I AppsFilter: interaction: PackageSetting{75f713a com.oplus.location/10242} -> PackageSetting{2d38525 org.autojs.autoxjs.v6/10592} BLOCKED
12-28 13:41:03.263  3140  3273 I ActivityManager: Start proc 7877:org.autojs.autoxjs.v6/u0a592 for service {org.autojs.autoxjs.v6/com.stardust.enhancedfloaty.FloatyService}
12-28 13:41:03.264  3140  4611 I OPM     : handleProcessStart : ProcessRecord{f697708 7877:org.autojs.autoxjs.v6/u0a592}
12-28 13:41:03.269  3140  3930 I VibrationEffectConvertor: onInputMethodListUpdated received, info.size = 8
12-28 13:41:03.269  3140  3930 I VibrationEffectConvertor: userid = 0, packageName = com.google.android.tts
12-28 13:41:03.269  3140  3930 I VibrationEffectConvertor: userid = 0, packageName = net.dinglisch.android.taskerm
12-28 13:41:03.269  3140  3930 I VibrationEffectConvertor: userid = 0, packageName = org.aigame.pro
12-28 13:41:03.269  3140  3930 I VibrationEffectConvertor: userid = 0, packageName = com.truedian.dragon
12-28 13:41:03.269  3140  3930 I VibrationEffectConvertor: userid = 0, packageName = youqu.android.todesk
12-28 13:41:03.269  3140  3930 I VibrationEffectConvertor: userid = 0, packageName = com.sohu.inputmethod.sogouoem
12-28 13:41:03.269  3140  3930 I VibrationEffectConvertor: userid = 0, packageName = com.sohu.inputmethod.sogou
12-28 13:41:03.269  3140  3930 I VibrationEffectConvertor: userid = 0, packageName = com.oplus.securitykeyboard
12-28 13:41:03.384  3140  4310 D ActivityTaskManagerServiceExtImpl: preBindApplication record is null
12-28 13:41:03.512  7877  7877 D ResourcesManagerExtImpl: applyConfigurationToAppResourcesLocked app.getDisplayId() return callback.displayId:-1
12-28 13:41:03.754  3140  4122 W PackageManager: package org.autojs.autoxjs.v6 uid 10592 pid 7877 call SetEnabledSetting(org.autojs.autoxjs.v6 component = androidx.work.impl.background.systemjob.SystemJobService, 1, 0)
12-28 13:41:03.927  3140  5885 I ActivityManager: Flag disabled. Ignoring finishAttachApplication from uid: 10592. pid: 7877
12-28 13:41:03.929  3140  4310 W PackageManager: package org.autojs.autoxjs.v6 uid 10592 pid 7877 call SetEnabledSetting(org.autojs.autoxjs.v6 component = androidx.work.impl.background.systemalarm.RescheduleReceiver, 1, 0)
12-28 13:41:03.931  3140  3140 V NotificationListeners: 0 notification listener service connected: ComponentInfo{org.autojs.autoxjs.v6/com.stardust.notification.NotificationListenerService}
12-28 13:41:03.935  3140  4122 D VRR [OPlusExternalRefreshRateManager]: isPkgTfcEnable: pkgName = org.autojs.autoxjs.v6, enable = false
12-28 13:41:03.935  3140  4122 D VRR [OPlusExternalRefreshRateManager]: getTfcMinFramerate: pkgName = org.autojs.autoxjs.v6, min framerate = 0
12-28 13:41:03.998  3140  4604 D OplusAlarmAdjustment: alignAlarmsByUid(), uid=10344, pkgName=com.tencent.mobileqq, actions=null, procs=null, requester=1
12-28 13:41:03.999  3140  3297 D OplusAlarmAdjustMap: addAlignUid, uid=10344, pkgName=com.tencent.mobileqq, requester=1, mode=1
12-28 13:41:04.501  3140  3298 D OplusDisplayBrightnessBroadcastReceiver: onReceive action = android.intent.action.BATTERY_CHANGED , listeners = [com.android.server.display.OplusFeatureHDREnhanceBrightness$PhoneInfoReceiver@277193c, com.android.server.display.OplusFeatureEdrEnhanceBrightness$PhoneInfoReceiver@6ce36c5]
12-28 13:41:06.609  3140  3140 D PowerManagerService: userActivityNoUpdateLocked: groupId=0, eventTime=177416399, event=other, flags=0x0, uid=1000
12-28 13:41:06.617  3140  3919 D PowerManagerService: userActivityNoUpdateLocked: groupId=0, eventTime=177416399, event=touch, flags=0x0, uid=1000
12-28 13:41:06.622  3140  3140 D PowerManagerService: userActivityNoUpdateLocked: groupId=0, eventTime=177416414, event=other, flags=0x0, uid=1000
12-28 13:41:06.655  3140  3140 D PowerManagerService: userActivityNoUpdateLocked: groupId=0, eventTime=177416446, event=other, flags=0x0, uid=1000
12-28 13:41:06.663  3140  3140 D PowerManagerService: userActivityNoUpdateLocked: groupId=0, eventTime=177416454, event=other, flags=0x0, uid=1000
12-28 13:41:06.671  3140  3140 D PowerManagerService: userActivityNoUpdateLocked: groupId=0, eventTime=177416462, event=other, flags=0x0, uid=1000
12-28 13:41:06.679  3140  3140 D PowerManagerService: userActivityNoUpdateLocked: groupId=0, eventTime=177416470, event=other, flags=0x0, uid=1000
12-28 13:41:06.687  3140  3140 D PowerManagerService: userActivityNoUpdateLocked: groupId=0, eventTime=177416478, event=other, flags=0x0, uid=1000
12-28 13:41:06.695  3140  3140 D PowerManagerService: userActivityNoUpdateLocked: groupId=0, eventTime=177416486, event=other, flags=0x0, uid=1000
12-28 13:41:06.703  3140  3140 D PowerManagerService: userActivityNoUpdateLocked: groupId=0, eventTime=177416494, event=other, flags=0x0, uid=1000
12-28 13:41:06.711  3140  3140 D PowerManagerService: userActivityNoUpdateLocked: groupId=0, eventTime=177416502, event=other, flags=0x0, uid=1000
12-28 13:41:06.712  3140  3919 D PowerManagerService: userActivityNoUpdateLocked: groupId=0, eventTime=177416502, event=touch, flags=0x0, uid=1000
12-28 13:41:06.719  3140  3140 D PowerManagerService: userActivityNoUpdateLocked: groupId=0, eventTime=177416510, event=other, flags=0x0, uid=1000
12-28 13:41:06.727  3140  3140 D PowerManagerService: userActivityNoUpdateLocked: groupId=0, eventTime=177416519, event=other, flags=0x0, uid=1000
12-28 13:41:06.736  3140  3140 D PowerManagerService: userActivityNoUpdateLocked: groupId=0, eventTime=177416527, event=other, flags=0x0, uid=1000
12-28 13:41:06.743  3140  3140 D PowerManagerService: userActivityNoUpdateLocked: groupId=0, eventTime=177416535, event=other, flags=0x0, uid=1000
12-28 13:41:06.751  3140  3140 D PowerManagerService: userActivityNoUpdateLocked: groupId=0, eventTime=177416543, event=other, flags=0x0, uid=1000
12-28 13:41:06.760  3140  3140 D PowerManagerService: userActivityNoUpdateLocked: groupId=0, eventTime=177416551, event=other, flags=0x0, uid=1000
12-28 13:41:06.767  3140  3140 D PowerManagerService: userActivityNoUpdateLocked: groupId=0, eventTime=177416559, event=other, flags=0x0, uid=1000
12-28 13:41:06.775  3140  3140 D PowerManagerService: userActivityNoUpdateLocked: groupId=0, eventTime=177416567, event=other, flags=0x0, uid=1000
12-28 13:41:06.784  3140  3140 D PowerManagerService: userActivityNoUpdateLocked: groupId=0, eventTime=177416575, event=other, flags=0x0, uid=1000
12-28 13:41:06.792  3140  3140 D PowerManagerService: userActivityNoUpdateLocked: groupId=0, eventTime=177416583, event=other, flags=0x0, uid=1000
12-28 13:41:06.800  3140  3140 D PowerManagerService: userActivityNoUpdateLocked: groupId=0, eventTime=177416591, event=other, flags=0x0, uid=1000
12-28 13:41:06.809  3140  3140 D PowerManagerService: userActivityNoUpdateLocked: groupId=0, eventTime=177416599, event=other, flags=0x0, uid=1000
12-28 13:41:06.816  3140  3140 D PowerManagerService: userActivityNoUpdateLocked: groupId=0, eventTime=177416607, event=other, flags=0x0, uid=1000
12-28 13:41:06.818  3140  3919 D PowerManagerService: userActivityNoUpdateLocked: groupId=0, eventTime=177416607, event=touch, flags=0x0, uid=1000
12-28 13:41:06.824  3140  3140 D PowerManagerService: userActivityNoUpdateLocked: groupId=0, eventTime=177416615, event=other, flags=0x0, uid=1000
12-28 13:41:07.058  3140  9306 D UsageStatsService: User[0] type=0 b=1766900344602 e=1766900467058 cb=1766895751564 ce=1766900463391 disk=0 all=42
12-28 13:41:07.465  3140  9306 D UsageStatsService: User[999] type=0 b=1766897859316 e=1766900467465 cb=1766821458671 ce=1766900401799 disk=0 all=1
12-28 13:41:08.157  3140  3140 D PowerManagerService: userActivityNoUpdateLocked: groupId=0, eventTime=177417947, event=other, flags=0x0, uid=1000
12-28 13:41:08.161  3140  3919 D PowerManagerService: userActivityNoUpdateLocked: groupId=0, eventTime=177417947, event=touch, flags=0x0, uid=1000
12-28 13:41:08.171  3140  3140 D PowerManagerService: userActivityNoUpdateLocked: groupId=0, eventTime=177417962, event=other, flags=0x0, uid=1000
12-28 13:41:08.178  3140  4611 I OPM     : handlePackageUnfreeze 10344, pkg: com.tencent.mobileqq, reason: Packet
12-28 13:41:08.180  3140  4604 D OplusAlarmAdjustment: unalignAlarmsByUid(), uid=10344, pkgName=com.tencent.mobileqq, actions=null, procs=null, requester=1
12-28 13:41:08.180  3140  3297 D OplusAlarmAdjustMap: removeAlignUid, uid=10344, requester=1
12-28 13:41:08.203  3140  3140 D PowerManagerService: userActivityNoUpdateLocked: groupId=0, eventTime=177417994, event=other, flags=0x0, uid=1000
12-28 13:41:08.211  3140  3140 D PowerManagerService: userActivityNoUpdateLocked: groupId=0, eventTime=177418002, event=other, flags=0x0, uid=1000
12-28 13:41:08.219  3140  3140 D PowerManagerService: userActivityNoUpdateLocked: groupId=0, eventTime=177418010, event=other, flags=0x0, uid=1000
12-28 13:41:08.227  3140  3140 D PowerManagerService: userActivityNoUpdateLocked: groupId=0, eventTime=177418018, event=other, flags=0x0, uid=1000
12-28 13:41:08.235  3140  3140 D PowerManagerService: userActivityNoUpdateLocked: groupId=0, eventTime=177418026, event=other, flags=0x0, uid=1000
12-28 13:41:08.243  3140  3140 D PowerManagerService: userActivityNoUpdateLocked: groupId=0, eventTime=177418035, event=other, flags=0x0, uid=1000
12-28 13:41:08.251  3140  3140 D PowerManagerService: userActivityNoUpdateLocked: groupId=0, eventTime=177418043, event=other, flags=0x0, uid=1000
12-28 13:41:08.259  3140  3140 D PowerManagerService: userActivityNoUpdateLocked: groupId=0, eventTime=177418051, event=other, flags=0x0, uid=1000
12-28 13:41:08.260  3140  3919 D PowerManagerService: userActivityNoUpdateLocked: groupId=0, eventTime=177418051, event=touch, flags=0x0, uid=1000
12-28 13:41:08.267  3140  3140 D PowerManagerService: userActivityNoUpdateLocked: groupId=0, eventTime=177418059, event=other, flags=0x0, uid=1000
12-28 13:41:08.275  3140  3140 D PowerManagerService: userActivityNoUpdateLocked: groupId=0, eventTime=177418067, event=other, flags=0x0, uid=1000
12-28 13:41:08.284  3140  3140 D PowerManagerService: userActivityNoUpdateLocked: groupId=0, eventTime=177418075, event=other, flags=0x0, uid=1000
12-28 13:41:08.292  3140  3140 D PowerManagerService: userActivityNoUpdateLocked: groupId=0, eventTime=177418083, event=other, flags=0x0, uid=1000
12-28 13:41:08.300  3140  3140 D PowerManagerService: userActivityNoUpdateLocked: groupId=0, eventTime=177418091, event=other, flags=0x0, uid=1000
12-28 13:41:08.308  3140  3140 D PowerManagerService: userActivityNoUpdateLocked: groupId=0, eventTime=177418099, event=other, flags=0x0, uid=1000
12-28 13:41:08.315  3140  3140 D PowerManagerService: userActivityNoUpdateLocked: groupId=0, eventTime=177418107, event=other, flags=0x0, uid=1000
12-28 13:41:08.429  3140  3140 D PowerManagerService: userActivityNoUpdateLocked: groupId=0, eventTime=177418220, event=other, flags=0x0, uid=1000
12-28 13:41:08.433  3140  3919 D PowerManagerService: userActivityNoUpdateLocked: groupId=0, eventTime=177418220, event=touch, flags=0x0, uid=1000
12-28 13:41:08.445  3140  3140 D PowerManagerService: userActivityNoUpdateLocked: groupId=0, eventTime=177418236, event=other, flags=0x0, uid=1000
12-28 13:41:08.453  3140  3140 D PowerManagerService: userActivityNoUpdateLocked: groupId=0, eventTime=177418245, event=other, flags=0x0, uid=1000
12-28 13:41:08.461  3140  3140 D PowerManagerService: userActivityNoUpdateLocked: groupId=0, eventTime=177418253, event=other, flags=0x0, uid=1000
12-28 13:41:08.469  3140  3140 D PowerManagerService: userActivityNoUpdateLocked: groupId=0, eventTime=177418261, event=other, flags=0x0, uid=1000
12-28 13:41:08.477  3140  3140 D PowerManagerService: userActivityNoUpdateLocked: groupId=0, eventTime=177418269, event=other, flags=0x0, uid=1000
12-28 13:41:08.485  3140  3140 D PowerManagerService: userActivityNoUpdateLocked: groupId=0, eventTime=177418277, event=other, flags=0x0, uid=1000
12-28 13:41:08.493  3140  3140 D PowerManagerService: userActivityNoUpdateLocked: groupId=0, eventTime=177418285, event=other, flags=0x0, uid=1000
12-28 13:41:08.502  3140  3140 D PowerManagerService: userActivityNoUpdateLocked: groupId=0, eventTime=177418293, event=other, flags=0x0, uid=1000
12-28 13:41:08.510  3140  3140 D PowerManagerService: userActivityNoUpdateLocked: groupId=0, eventTime=177418301, event=other, flags=0x0, uid=1000
12-28 13:41:08.518  3140  3140 D PowerManagerService: userActivityNoUpdateLocked: groupId=0, eventTime=177418309, event=other, flags=0x0, uid=1000
12-28 13:41:08.526  3140  3140 D PowerManagerService: userActivityNoUpdateLocked: groupId=0, eventTime=177418317, event=other, flags=0x0, uid=1000
12-28 13:41:08.534  3140  3140 D PowerManagerService: userActivityNoUpdateLocked: groupId=0, eventTime=177418325, event=other, flags=0x0, uid=1000
12-28 13:41:08.535  3140  3919 D PowerManagerService: userActivityNoUpdateLocked: groupId=0, eventTime=177418325, event=touch, flags=0x0, uid=1000
12-28 13:41:08.542  3140  3140 D PowerManagerService: userActivityNoUpdateLocked: groupId=0, eventTime=177418333, event=other, flags=0x0, uid=1000
12-28 13:41:09.104  3140  3140 D PowerManagerService: userActivityNoUpdateLocked: groupId=0, eventTime=177418895, event=other, flags=0x0, uid=1000
12-28 13:41:09.108  3140  3919 D PowerManagerService: userActivityNoUpdateLocked: groupId=0, eventTime=177418895, event=touch, flags=0x0, uid=1000
12-28 13:41:09.119  3140  3140 D PowerManagerService: userActivityNoUpdateLocked: groupId=0, eventTime=177418910, event=other, flags=0x0, uid=1000
12-28 13:41:09.135  3140  3140 D PowerManagerService: userActivityNoUpdateLocked: groupId=0, eventTime=177418927, event=other, flags=0x0, uid=1000
12-28 13:41:09.200  3140  3140 D PowerManagerService: userActivityNoUpdateLocked: groupId=0, eventTime=177418991, event=other, flags=0x0, uid=1000
12-28 13:41:09.208  3140  3140 D PowerManagerService: userActivityNoUpdateLocked: groupId=0, eventTime=177418999, event=other, flags=0x0, uid=1000
12-28 13:41:09.210  3140  3919 D PowerManagerService: userActivityNoUpdateLocked: groupId=0, eventTime=177418999, event=touch, flags=0x0, uid=1000
12-28 13:41:09.216  3140  3140 D PowerManagerService: userActivityNoUpdateLocked: groupId=0, eventTime=177419007, event=other, flags=0x0, uid=1000
12-28 13:41:09.347  3140  4665 D OplusProxyWakeLock: add uid: 99910339 wakelock: lock:129828629 PARTIAL_WAKE_LOCK                 'bifro' (uid=99910339 pid=7448)to FroceReleaseWakeLock list
12-28 13:41:09.347  3140  4604 D OplusAlarmAdjustment: proxyAlarmsByUid(), uid=99910339, pkgName=com.eg.android.AlipayGphone, requester=1
12-28 13:41:09.347  3140  3297 D OplusAlarmAdjustMap: addProxyUid, uid=99910339, pkgName=com.eg.android.AlipayGphone, requester=1
12-28 13:41:09.355  3140  4147 D OAppNetControlService: Close socket:[99910339] cause:App bg(IMMEDIATELY) success!
12-28 13:41:09.355  3140  4147 D OAppNetControlService: Hans update:[99910339=true][0|0] blackList:[10490, 10261, 10256, 99910256, 10326, 10478, 10339, 10320, 10565, 10351, 10343, 99910339]
12-28 13:41:09.643  3140  3896 V AlarmManager: sending alarm Alarm{f7d1e64 type 2 origWhen 178455294 whenElapsed 178455294 android} uid 1000 whenElapsed 178455294 windowLength 0 maxWhenElapsed 178455294 repeatInterval 0 action com.android.server.audio.action.CHECK_MUSIC_ACTIVE component null flags 0x9 procName system_server
12-28 13:41:09.651  3140  5885 W ContextImpl: Calling a method in the system process without a qualified user: android.app.ContextImpl.sendBroadcastMultiplePermissions:1344 android.content.Context.sendBroadcastMultiplePermissions:2468 android.content.Context.sendBroadcastMultiplePermissions:2456 com.android.server.TelephonyRegistry.broadcastDataConnectionStateChanged:3978 com.android.server.TelephonyRegistry.notifyDataConnectionForSubscriber:2256 
12-28 13:41:10.158  3140  5498 W ContextImpl: Calling a method in the system process without a qualified user: android.app.ContextImpl.sendBroadcastMultiplePermissions:1344 android.content.Context.sendBroadcastMultiplePermissions:2468 android.content.Context.sendBroadcastMultiplePermissions:2456 com.android.server.TelephonyRegistry.broadcastDataConnectionStateChanged:3978 com.android.server.TelephonyRegistry.notifyDataConnectionForSubscriber:2256 
12-28 13:41:10.172  3140  5498 D CommSceneService: my telephony callback proxy invoke method=onTelephonyEventReport
12-28 13:41:10.249  3140  3950 V NetworkPolicy: updateNetworkEnabledNL() return
12-28 13:41:10.249  3140  3950 V NetworkPolicy: updateNotificationsNL not process
12-28 13:41:10.254  3140  3950 V NetworkPolicy: updateNetworkEnabledNL() return
12-28 13:41:10.254  3140  3950 V NetworkPolicy: updateNotificationsNL not process
12-28 13:41:10.362  3140  3140 D PowerManagerService: userActivityNoUpdateLocked: groupId=0, eventTime=177420152, event=other, flags=0x0, uid=1000
12-28 13:41:10.367  3140  3919 D PowerManagerService: userActivityNoUpdateLocked: groupId=0, eventTime=177420152, event=touch, flags=0x0, uid=1000
12-28 13:41:10.376  3140  3140 D PowerManagerService: userActivityNoUpdateLocked: groupId=0, eventTime=177420168, event=other, flags=0x0, uid=1000
12-28 13:41:10.409  3140  3140 D PowerManagerService: userActivityNoUpdateLocked: groupId=0, eventTime=177420200, event=other, flags=0x0, uid=1000
12-28 13:41:10.417  3140  3140 D PowerManagerService: userActivityNoUpdateLocked: groupId=0, eventTime=177420208, event=other, flags=0x0, uid=1000
12-28 13:41:10.426  3140  3140 D PowerManagerService: userActivityNoUpdateLocked: groupId=0, eventTime=177420217, event=other, flags=0x0, uid=1000
12-28 13:41:10.433  3140  3140 D PowerManagerService: userActivityNoUpdateLocked: groupId=0, eventTime=177420224, event=other, flags=0x0, uid=1000
12-28 13:41:10.441  3140  3140 D PowerManagerService: userActivityNoUpdateLocked: groupId=0, eventTime=177420232, event=other, flags=0x0, uid=1000
12-28 13:41:10.449  3140  3140 D PowerManagerService: userActivityNoUpdateLocked: groupId=0, eventTime=177420240, event=other, flags=0x0, uid=1000
12-28 13:41:10.457  3140  3140 D PowerManagerService: userActivityNoUpdateLocked: groupId=0, eventTime=177420249, event=other, flags=0x0, uid=1000
12-28 13:41:10.465  3140  3140 D PowerManagerService: userActivityNoUpdateLocked: groupId=0, eventTime=177420256, event=other, flags=0x0, uid=1000
12-28 13:41:10.467  3140  3919 D PowerManagerService: userActivityNoUpdateLocked: groupId=0, eventTime=177420256, event=touch, flags=0x0, uid=1000
12-28 13:41:10.473  3140  3140 D PowerManagerService: userActivityNoUpdateLocked: groupId=0, eventTime=177420265, event=other, flags=0x0, uid=1000
12-28 13:41:10.482  3140  3140 D PowerManagerService: userActivityNoUpdateLocked: groupId=0, eventTime=177420273, event=other, flags=0x0, uid=1000
12-28 13:41:10.490  3140  3140 D PowerManagerService: userActivityNoUpdateLocked: groupId=0, eventTime=177420281, event=other, flags=0x0, uid=1000
12-28 13:41:10.497  3140  3140 D PowerManagerService: userActivityNoUpdateLocked: groupId=0, eventTime=177420289, event=other, flags=0x0, uid=1000
12-28 13:41:10.513  3140  3140 D PowerManagerService: userActivityNoUpdateLocked: groupId=0, eventTime=177420305, event=other, flags=0x0, uid=1000
12-28 13:41:10.708  3140  5498 W SettingsStatsUtil: Can not parse value to float: +network
12-28 13:41:10.710  3140  5498 W SettingsStatsUtil: Can not parse value to float: +network
12-28 13:41:10.713  3140  5498 W SettingsStatsUtil: Can not parse value to float: +network
12-28 13:41:11.157  3140  3140 D PowerManagerService: userActivityNoUpdateLocked: groupId=0, eventTime=177420948, event=other, flags=0x0, uid=1000
12-28 13:41:11.160  3140  3919 D PowerManagerService: userActivityNoUpdateLocked: groupId=0, eventTime=177420948, event=touch, flags=0x0, uid=1000
12-28 13:41:11.172  3140  3140 D PowerManagerService: userActivityNoUpdateLocked: groupId=0, eventTime=177420963, event=other, flags=0x0, uid=1000
12-28 13:41:11.196  3140  3140 D PowerManagerService: userActivityNoUpdateLocked: groupId=0, eventTime=177420988, event=other, flags=0x0, uid=1000
12-28 13:41:11.212  3140  3140 D PowerManagerService: userActivityNoUpdateLocked: groupId=0, eventTime=177421004, event=other, flags=0x0, uid=1000
12-28 13:41:11.220  3140  3140 D PowerManagerService: userActivityNoUpdateLocked: groupId=0, eventTime=177421012, event=other, flags=0x0, uid=1000
12-28 13:41:11.228  3140  3140 D PowerManagerService: userActivityNoUpdateLocked: groupId=0, eventTime=177421020, event=other, flags=0x0, uid=1000
12-28 13:41:11.237  3140  3140 D PowerManagerService: userActivityNoUpdateLocked: groupId=0, eventTime=177421028, event=other, flags=0x0, uid=1000
12-28 13:41:11.245  3140  3140 D PowerManagerService: userActivityNoUpdateLocked: groupId=0, eventTime=177421036, event=other, flags=0x0, uid=1000
12-28 13:41:11.253  3140  3140 D PowerManagerService: userActivityNoUpdateLocked: groupId=0, eventTime=177421044, event=other, flags=0x0, uid=1000
12-28 13:41:11.261  3140  3140 D PowerManagerService: userActivityNoUpdateLocked: groupId=0, eventTime=177421052, event=other, flags=0x0, uid=1000
12-28 13:41:11.263  3140  3919 D PowerManagerService: userActivityNoUpdateLocked: groupId=0, eventTime=177421052, event=touch, flags=0x0, uid=1000
12-28 13:41:11.269  3140  3140 D PowerManagerService: userActivityNoUpdateLocked: groupId=0, eventTime=177421060, event=other, flags=0x0, uid=1000
12-28 13:41:11.277  3140  3140 D PowerManagerService: userActivityNoUpdateLocked: groupId=0, eventTime=177421068, event=other, flags=0x0, uid=1000
12-28 13:41:11.285  3140  3140 D PowerManagerService: userActivityNoUpdateLocked: groupId=0, eventTime=177421076, event=other, flags=0x0, uid=1000
12-28 13:41:11.299  3140  3140 D PowerManagerService: userActivityNoUpdateLocked: groupId=0, eventTime=177421084, event=other, flags=0x0, uid=1000
12-28 13:41:11.302  3140  3140 D PowerManagerService: userActivityNoUpdateLocked: groupId=0, eventTime=177421093, event=other, flags=0x0, uid=1000
12-28 13:41:11.309  3140  3140 D PowerManagerService: userActivityNoUpdateLocked: groupId=0, eventTime=177421101, event=other, flags=0x0, uid=1000
12-28 13:41:11.328  3140  3140 D PowerManagerService: userActivityNoUpdateLocked: groupId=0, eventTime=177421109, event=other, flags=0x0, uid=1000
12-28 13:41:11.334  3140  3140 D PowerManagerService: userActivityNoUpdateLocked: groupId=0, eventTime=177421117, event=other, flags=0x0, uid=1000
12-28 13:41:11.337  3140  3140 D PowerManagerService: userActivityNoUpdateLocked: groupId=0, eventTime=177421125, event=other, flags=0x0, uid=1000
12-28 13:41:11.568  3140  3140 D PowerManagerService: userActivityNoUpdateLocked: groupId=0, eventTime=177421359, event=other, flags=0x0, uid=1000
12-28 13:41:11.570  3140  3919 D PowerManagerService: userActivityNoUpdateLocked: groupId=0, eventTime=177421359, event=touch, flags=0x0, uid=1000
12-28 13:41:11.584  3140  3140 D PowerManagerService: userActivityNoUpdateLocked: groupId=0, eventTime=177421375, event=other, flags=0x0, uid=1000
12-28 13:41:11.616  3140  3140 D PowerManagerService: userActivityNoUpdateLocked: groupId=0, eventTime=177421407, event=other, flags=0x0, uid=1000
12-28 13:41:11.624  3140  3140 D PowerManagerService: userActivityNoUpdateLocked: groupId=0, eventTime=177421415, event=other, flags=0x0, uid=1000
12-28 13:41:11.632  3140  3140 D PowerManagerService: userActivityNoUpdateLocked: groupId=0, eventTime=177421423, event=other, flags=0x0, uid=1000
12-28 13:41:11.640  3140  3140 D PowerManagerService: userActivityNoUpdateLocked: groupId=0, eventTime=177421432, event=other, flags=0x0, uid=1000
12-28 13:41:11.648  3140  3140 D PowerManagerService: userActivityNoUpdateLocked: groupId=0, eventTime=177421440, event=other, flags=0x0, uid=1000
12-28 13:41:11.656  3140  3140 D PowerManagerService: userActivityNoUpdateLocked: groupId=0, eventTime=177421448, event=other, flags=0x0, uid=1000
12-28 13:41:11.664  3140  3140 D PowerManagerService: userActivityNoUpdateLocked: groupId=0, eventTime=177421456, event=other, flags=0x0, uid=1000
12-28 13:41:11.673  3140  3140 D PowerManagerService: userActivityNoUpdateLocked: groupId=0, eventTime=177421464, event=other, flags=0x0, uid=1000
12-28 13:41:11.675  3140  3919 D PowerManagerService: userActivityNoUpdateLocked: groupId=0, eventTime=177421464, event=touch, flags=0x0, uid=1000
12-28 13:41:11.681  3140  3140 D PowerManagerService: userActivityNoUpdateLocked: groupId=0, eventTime=177421472, event=other, flags=0x0, uid=1000
12-28 13:41:11.689  3140  3140 D PowerManagerService: userActivityNoUpdateLocked: groupId=0, eventTime=177421480, event=other, flags=0x0, uid=1000
12-28 13:41:11.697  3140  3140 D PowerManagerService: userActivityNoUpdateLocked: groupId=0, eventTime=177421488, event=other, flags=0x0, uid=1000
12-28 13:41:11.705  3140  3140 D PowerManagerService: userActivityNoUpdateLocked: groupId=0, eventTime=177421496, event=other, flags=0x0, uid=1000
12-28 13:41:11.712  3140  3140 D PowerManagerService: userActivityNoUpdateLocked: groupId=0, eventTime=177421504, event=other, flags=0x0, uid=1000
12-28 13:41:11.721  3140  3140 D PowerManagerService: userActivityNoUpdateLocked: groupId=0, eventTime=177421512, event=other, flags=0x0, uid=1000
12-28 13:41:11.729  3140  3140 D PowerManagerService: userActivityNoUpdateLocked: groupId=0, eventTime=177421520, event=other, flags=0x0, uid=1000
12-28 13:41:11.738  3140  3140 D PowerManagerService: userActivityNoUpdateLocked: groupId=0, eventTime=177421528, event=other, flags=0x0, uid=1000
12-28 13:41:11.745  3140  3140 D PowerManagerService: userActivityNoUpdateLocked: groupId=0, eventTime=177421537, event=other, flags=0x0, uid=1000
12-28 13:41:11.753  3140  3140 D PowerManagerService: userActivityNoUpdateLocked: groupId=0, eventTime=177421545, event=other, flags=0x0, uid=1000
12-28 13:41:11.762  3140  3140 D PowerManagerService: userActivityNoUpdateLocked: groupId=0, eventTime=177421553, event=other, flags=0x0, uid=1000
12-28 13:41:11.770  3140  3140 D PowerManagerService: userActivityNoUpdateLocked: groupId=0, eventTime=177421561, event=other, flags=0x0, uid=1000
12-28 13:41:11.778  3140  3140 D PowerManagerService: userActivityNoUpdateLocked: groupId=0, eventTime=177421569, event=other, flags=0x0, uid=1000
12-28 13:41:11.780  3140  3919 D PowerManagerService: userActivityNoUpdateLocked: groupId=0, eventTime=177421569, event=touch, flags=0x0, uid=1000
12-28 13:41:11.786  3140  3140 D PowerManagerService: userActivityNoUpdateLocked: groupId=0, eventTime=177421577, event=other, flags=0x0, uid=1000
12-28 13:41:11.794  3140  3140 D PowerManagerService: userActivityNoUpdateLocked: groupId=0, eventTime=177421585, event=other, flags=0x0, uid=1000
12-28 13:41:11.802  3140  3140 D PowerManagerService: userActivityNoUpdateLocked: groupId=0, eventTime=177421593, event=other, flags=0x0, uid=1000
12-28 13:41:11.810  3140  3140 D PowerManagerService: userActivityNoUpdateLocked: groupId=0, eventTime=177421601, event=other, flags=0x0, uid=1000
12-28 13:41:11.818  3140  3140 D PowerManagerService: userActivityNoUpdateLocked: groupId=0, eventTime=177421609, event=other, flags=0x0, uid=1000
12-28 13:41:11.826  3140  3140 D PowerManagerService: userActivityNoUpdateLocked: groupId=0, eventTime=177421617, event=other, flags=0x0, uid=1000
12-28 13:41:11.834  3140  3140 D PowerManagerService: userActivityNoUpdateLocked: groupId=0, eventTime=177421625, event=other, flags=0x0, uid=1000
12-28 13:41:11.842  3140  3140 D PowerManagerService: userActivityNoUpdateLocked: groupId=0, eventTime=177421633, event=other, flags=0x0, uid=1000
12-28 13:41:11.850  3140  3140 D PowerManagerService: userActivityNoUpdateLocked: groupId=0, eventTime=177421642, event=other, flags=0x0, uid=1000
12-28 13:41:11.859  3140  3140 D PowerManagerService: userActivityNoUpdateLocked: groupId=0, eventTime=177421650, event=other, flags=0x0, uid=1000
12-28 13:41:11.866  3140  3140 D PowerManagerService: userActivityNoUpdateLocked: groupId=0, eventTime=177421658, event=other, flags=0x0, uid=1000
12-28 13:41:11.875  3140  3140 D PowerManagerService: userActivityNoUpdateLocked: groupId=0, eventTime=177421666, event=other, flags=0x0, uid=1000
12-28 13:41:12.029  3140  3140 D PowerManagerService: userActivityNoUpdateLocked: groupId=0, eventTime=177421819, event=other, flags=0x0, uid=1000
12-28 13:41:12.031  3140  3919 D PowerManagerService: userActivityNoUpdateLocked: groupId=0, eventTime=177421819, event=touch, flags=0x0, uid=1000
12-28 13:41:12.061  3140  3140 D PowerManagerService: userActivityNoUpdateLocked: groupId=0, eventTime=177421852, event=other, flags=0x0, uid=1000
12-28 13:41:12.069  3140  3140 D PowerManagerService: userActivityNoUpdateLocked: groupId=0, eventTime=177421860, event=other, flags=0x0, uid=1000
12-28 13:41:12.077  3140  3140 D PowerManagerService: userActivityNoUpdateLocked: groupId=0, eventTime=177421868, event=other, flags=0x0, uid=1000
12-28 13:41:12.084  3140  3140 D PowerManagerService: userActivityNoUpdateLocked: groupId=0, eventTime=177421876, event=other, flags=0x0, uid=1000
12-28 13:41:12.093  3140  3140 D PowerManagerService: userActivityNoUpdateLocked: groupId=0, eventTime=177421884, event=other, flags=0x0, uid=1000
12-28 13:41:12.100  3140  3140 D PowerManagerService: userActivityNoUpdateLocked: groupId=0, eventTime=177421892, event=other, flags=0x0, uid=1000
12-28 13:41:12.109  3140  3140 D PowerManagerService: userActivityNoUpdateLocked: groupId=0, eventTime=177421900, event=other, flags=0x0, uid=1000
12-28 13:41:12.117  3140  3140 D PowerManagerService: userActivityNoUpdateLocked: groupId=0, eventTime=177421908, event=other, flags=0x0, uid=1000
12-28 13:41:12.126  3140  3140 D PowerManagerService: userActivityNoUpdateLocked: groupId=0, eventTime=177421917, event=other, flags=0x0, uid=1000
12-28 13:41:12.133  3140  3140 D PowerManagerService: userActivityNoUpdateLocked: groupId=0, eventTime=177421924, event=other, flags=0x0, uid=1000
