12-28 13:41:12.135  3140  3919 D PowerManagerService: userActivityNoUpdateLocked: groupId=0, eventTime=177421924, event=touch, flags=0x0, uid=1000
12-28 13:41:12.141  3140  3140 D PowerManagerService: userActivityNoUpdateLocked: groupId=0, eventTime=177421932, event=other, flags=0x0, uid=1000
12-28 13:41:12.149  3140  3140 D PowerManagerService: userActivityNoUpdateLocked: groupId=0, eventTime=177421940, event=other, flags=0x0, uid=1000
12-28 13:41:12.157  3140  3140 D PowerManagerService: userActivityNoUpdateLocked: groupId=0, eventTime=177421949, event=other, flags=0x0, uid=1000
12-28 13:41:12.165  3140  3140 D PowerManagerService: userActivityNoUpdateLocked: groupId=0, eventTime=177421956, event=other, flags=0x0, uid=1000
12-28 13:41:12.174  3140  3140 D PowerManagerService: userActivityNoUpdateLocked: groupId=0, eventTime=177421965, event=other, flags=0x0, uid=1000
12-28 13:41:12.181  3140  3140 D PowerManagerService: userActivityNoUpdateLocked: groupId=0, eventTime=177421973, event=other, flags=0x0, uid=1000
12-28 13:41:12.189  3140  3140 D PowerManagerService: userActivityNoUpdateLocked: groupId=0, eventTime=177421981, event=other, flags=0x0, uid=1000
12-28 13:41:13.152  3140  3298 D OplusDisplayBrightnessBroadcastReceiver: onReceive action = android.intent.action.BATTERY_CHANGED , listeners = [com.android.server.display.OplusFeatureHDREnhanceBrightness$PhoneInfoReceiver@277193c, com.android.server.display.OplusFeatureEdrEnhanceBrightness$PhoneInfoReceiver@6ce36c5]
12-28 13:41:13.195  3140  4604 D OplusAlarmAdjustment: alignAlarmsByUid(), uid=10344, pkgName=com.tencent.mobileqq, actions=null, procs=null, requester=1
12-28 13:41:13.195  3140  3297 D OplusAlarmAdjustMap: addAlignUid, uid=10344, pkgName=com.tencent.mobileqq, requester=1, mode=1
12-28 13:41:13.398  3140  3272 I AppsFilter: interaction: PackageSetting{3644ea7 info.dvkr.screenstream.dev/10601} -> PackageSetting{44f6b1c org.autojs.autojspro/10594} BLOCKED
12-28 13:41:13.398  3140  3272 I AppsFilter: interaction: PackageSetting{763c7cf com.android.microdroid.empty_payload/10283} -> PackageSetting{44f6b1c org.autojs.autojspro/10594} BLOCKED
12-28 13:41:13.400  3140  3272 I AppsFilter: interaction: PackageSetting{577555c com.oplus.locationproxy/10170} -> PackageSetting{44f6b1c org.autojs.autojspro/10594} BLOCKED
12-28 13:41:13.400  3140  3272 I AppsFilter: interaction: PackageSetting{f99065 com.android.certinstaller/10225} -> PackageSetting{44f6b1c org.autojs.autojspro/10594} BLOCKED
12-28 13:41:13.400  3140  3272 I AppsFilter: interaction: PackageSetting{75f713a com.oplus.location/10242} -> PackageSetting{44f6b1c org.autojs.autojspro/10594} BLOCKED
12-28 13:41:13.407  3140  3272 D CompatChangeReporter: Compat change id reported: 135754954; UID 10594; state: ENABLED
12-28 13:41:13.409  3140  3273 D CompatChangeReporter: Compat change id reported: 143937733; UID 10594; state: ENABLED
12-28 13:41:13.433  3140  3273 I ActivityManager: Start proc 8072:org.autojs.autojspro:script/u0a594 for service {org.autojs.autojspro/com.stardust.notification.NotificationListenerService}
12-28 13:41:13.446  3140  3930 I VibrationEffectConvertor: onInputMethodListUpdated received, info.size = 8
12-28 13:41:13.446  3140  3930 I VibrationEffectConvertor: userid = 0, packageName = com.google.android.tts
12-28 13:41:13.446  3140  3930 I VibrationEffectConvertor: userid = 0, packageName = net.dinglisch.android.taskerm
12-28 13:41:13.446  3140  3930 I VibrationEffectConvertor: userid = 0, packageName = org.aigame.pro
12-28 13:41:13.446  3140  3930 I VibrationEffectConvertor: userid = 0, packageName = com.truedian.dragon
12-28 13:41:13.446  3140  3930 I VibrationEffectConvertor: userid = 0, packageName = youqu.android.todesk
12-28 13:41:13.446  3140  3930 I VibrationEffectConvertor: userid = 0, packageName = com.sohu.inputmethod.sogouoem
12-28 13:41:13.446  3140  3930 I VibrationEffectConvertor: userid = 0, packageName = com.sohu.inputmethod.sogou
12-28 13:41:13.446  3140  3930 I VibrationEffectConvertor: userid = 0, packageName = com.oplus.securitykeyboard
12-28 13:41:13.504  3140  5704 D ActivityTaskManagerServiceExtImpl: preBindApplication record is null
12-28 13:41:13.546  8072  8072 E LoadedApk: Unable to instantiate appComponentFactory
12-28 13:41:13.546  8072  8072 E LoadedApk: java.lang.ClassNotFoundException: Didn't find class "androidx.core.app.CoreComponentFactory" on path: DexPathList[[zip file "/data/app/~~Ov3DD8M1IHnqNNKhpZSJlQ==/org.autojs.autojspro-xkfNr0lY_Iu10Vk2Mo9DLA==/base.apk"],nativeLibraryDirectories=[/data/app/~~Ov3DD8M1IHnqNNKhpZSJlQ==/org.autojs.autojspro-xkfNr0lY_Iu10Vk2Mo9DLA==/lib/arm64, /data/app/~~Ov3DD8M1IHnqNNKhpZSJlQ==/org.autojs.autojspro-xkfNr0lY_Iu10Vk2Mo9DLA==/base.apk!/lib/arm64-v8a, /system/lib64, /system_ext/lib64]]
12-28 13:41:13.546  8072  8072 E LoadedApk: 	at dalvik.system.BaseDexClassLoader.findClass(BaseDexClassLoader.java:259)
12-28 13:41:13.546  8072  8072 E LoadedApk: 	at java.lang.ClassLoader.loadClass(ClassLoader.java:637)
12-28 13:41:13.546  8072  8072 E LoadedApk: 	at java.lang.ClassLoader.loadClass(ClassLoader.java:573)
12-28 13:41:13.546  8072  8072 E LoadedApk: 	at android.app.LoadedApk.createAppFactory(LoadedApk.java:297)
12-28 13:41:13.546  8072  8072 E LoadedApk: 	at android.app.LoadedApk.createOrUpdateClassLoaderLocked(LoadedApk.java:1093)
12-28 13:41:13.546  8072  8072 E LoadedApk: 	at android.app.LoadedApk.getClassLoader(LoadedApk.java:1187)
12-28 13:41:13.546  8072  8072 E LoadedApk: 	at android.app.LoadedApk.getResources(LoadedApk.java:1439)
12-28 13:41:13.546  8072  8072 E LoadedApk: 	at android.app.ContextImpl.createAppContext(ContextImpl.java:3486)
12-28 13:41:13.546  8072  8072 E LoadedApk: 	at android.app.ContextImpl.createAppContext(ContextImpl.java:3477)
12-28 13:41:13.546  8072  8072 E LoadedApk: 	at android.app.ActivityThread.handleBindApplication(ActivityThread.java:8060)
12-28 13:41:13.546  8072  8072 E LoadedApk: 	at android.app.ActivityThread.-$$Nest$mhandleBindApplication(Unknown Source:0)
12-28 13:41:13.546  8072  8072 E LoadedApk: 	at android.app.ActivityThread$H.handleMessage(ActivityThread.java:2642)
12-28 13:41:13.546  8072  8072 E LoadedApk: 	at android.os.Handler.dispatchMessage(Handler.java:107)
12-28 13:41:13.546  8072  8072 E LoadedApk: 	at android.os.Looper.loopOnce(Looper.java:282)
12-28 13:41:13.546  8072  8072 E LoadedApk: 	at android.os.Looper.loop(Looper.java:387)
12-28 13:41:13.546  8072  8072 E LoadedApk: 	at android.app.ActivityThread.main(ActivityThread.java:9500)
12-28 13:41:13.546  8072  8072 E LoadedApk: 	at java.lang.reflect.Method.invoke(Native Method)
12-28 13:41:13.546  8072  8072 E LoadedApk: 	at com.android.internal.os.RuntimeInit$MethodAndArgsCaller.run(RuntimeInit.java:600)
12-28 13:41:13.546  8072  8072 E LoadedApk: 	at com.android.internal.os.ZygoteInit.main(ZygoteInit.java:1005)
12-28 13:41:13.558  8072  8072 D ResourcesManagerExtImpl: applyConfigurationToAppResourcesLocked app.getDisplayId() return callback.displayId:-1
12-28 13:41:13.718  1171  7900 I keystore2: system/security/keystore2/watchdog/src/lib.rs:319 - Watchdog thread idle -> terminating. Have a great day.
12-28 13:41:14.047  3140  3140 D PowerManagerService: userActivityNoUpdateLocked: groupId=0, eventTime=177423838, event=other, flags=0x0, uid=1000
12-28 13:41:14.049  8072  8072 I Quality : ActivityThread: makeApplication delay 491 org.autojs.autojspro 8072
12-28 13:41:14.051  3140  3919 D PowerManagerService: userActivityNoUpdateLocked: groupId=0, eventTime=177423838, event=touch, flags=0x0, uid=1000
12-28 13:41:14.063  3140  3140 D PowerManagerService: userActivityNoUpdateLocked: groupId=0, eventTime=177423854, event=other, flags=0x0, uid=1000
12-28 13:41:14.069  3140  5704 D CompatChangeReporter: Compat change id reported: 135754954; UID 10594; state: ENABLED
12-28 13:41:14.070  3140  3273 D CompatChangeReporter: Compat change id reported: 143937733; UID 10594; state: ENABLED
12-28 13:41:14.086  3140  3273 I ActivityManager: Start proc 8132:org.autojs.autojspro/u0a594 for content provider {org.autojs.autojspro/net.grandcentrix.tray.provider.TrayContentProvider}
12-28 13:41:14.087  3140  4611 I OPM     : handleProcessStart : ProcessRecord{8d4f310 8132:org.autojs.autojspro/u0a594}
12-28 13:41:14.087  3140  3140 D PowerManagerService: userActivityNoUpdateLocked: groupId=0, eventTime=177423878, event=other, flags=0x0, uid=1000
12-28 13:41:14.095  3140  3140 D PowerManagerService: userActivityNoUpdateLocked: groupId=0, eventTime=177423886, event=other, flags=0x0, uid=1000
12-28 13:41:14.103  3140  3140 D PowerManagerService: userActivityNoUpdateLocked: groupId=0, eventTime=177423894, event=other, flags=0x0, uid=1000
12-28 13:41:14.111  3140  3140 D PowerManagerService: userActivityNoUpdateLocked: groupId=0, eventTime=177423902, event=other, flags=0x0, uid=1000
12-28 13:41:14.120  3140  3140 D PowerManagerService: userActivityNoUpdateLocked: groupId=0, eventTime=177423911, event=other, flags=0x0, uid=1000
12-28 13:41:14.127  3140  3140 D PowerManagerService: userActivityNoUpdateLocked: groupId=0, eventTime=177423919, event=other, flags=0x0, uid=1000
12-28 13:41:14.135  3140  3140 D PowerManagerService: userActivityNoUpdateLocked: groupId=0, eventTime=177423927, event=other, flags=0x0, uid=1000
12-28 13:41:14.143  3140  3140 D PowerManagerService: userActivityNoUpdateLocked: groupId=0, eventTime=177423935, event=other, flags=0x0, uid=1000
12-28 13:41:14.152  3140  3140 D PowerManagerService: userActivityNoUpdateLocked: groupId=0, eventTime=177423943, event=other, flags=0x0, uid=1000
12-28 13:41:14.153  3140  3919 D PowerManagerService: userActivityNoUpdateLocked: groupId=0, eventTime=177423943, event=touch, flags=0x0, uid=1000
12-28 13:41:14.160  3140  3140 D PowerManagerService: userActivityNoUpdateLocked: groupId=0, eventTime=177423951, event=other, flags=0x0, uid=1000
12-28 13:41:14.168  3140  3140 D PowerManagerService: userActivityNoUpdateLocked: groupId=0, eventTime=177423959, event=other, flags=0x0, uid=1000
12-28 13:41:14.171  3140  5704 D ActivityTaskManagerServiceExtImpl: preBindApplication record is null
12-28 13:41:14.176  3140  3140 D PowerManagerService: userActivityNoUpdateLocked: groupId=0, eventTime=177423967, event=other, flags=0x0, uid=1000
12-28 13:41:14.184  3140  3140 D PowerManagerService: userActivityNoUpdateLocked: groupId=0, eventTime=177423975, event=other, flags=0x0, uid=1000
12-28 13:41:14.192  3140  3140 D PowerManagerService: userActivityNoUpdateLocked: groupId=0, eventTime=177423983, event=other, flags=0x0, uid=1000
12-28 13:41:14.197  8132  8132 E LoadedApk: Unable to instantiate appComponentFactory
12-28 13:41:14.197  8132  8132 E LoadedApk: java.lang.ClassNotFoundException: Didn't find class "androidx.core.app.CoreComponentFactory" on path: DexPathList[[zip file "/data/app/~~Ov3DD8M1IHnqNNKhpZSJlQ==/org.autojs.autojspro-xkfNr0lY_Iu10Vk2Mo9DLA==/base.apk"],nativeLibraryDirectories=[/data/app/~~Ov3DD8M1IHnqNNKhpZSJlQ==/org.autojs.autojspro-xkfNr0lY_Iu10Vk2Mo9DLA==/lib/arm64, /data/app/~~Ov3DD8M1IHnqNNKhpZSJlQ==/org.autojs.autojspro-xkfNr0lY_Iu10Vk2Mo9DLA==/base.apk!/lib/arm64-v8a, /system/lib64, /system_ext/lib64]]
12-28 13:41:14.197  8132  8132 E LoadedApk: 	at dalvik.system.BaseDexClassLoader.findClass(BaseDexClassLoader.java:259)
12-28 13:41:14.197  8132  8132 E LoadedApk: 	at java.lang.ClassLoader.loadClass(ClassLoader.java:637)
12-28 13:41:14.197  8132  8132 E LoadedApk: 	at java.lang.ClassLoader.loadClass(ClassLoader.java:573)
12-28 13:41:14.197  8132  8132 E LoadedApk: 	at android.app.LoadedApk.createAppFactory(LoadedApk.java:297)
12-28 13:41:14.197  8132  8132 E LoadedApk: 	at android.app.LoadedApk.createOrUpdateClassLoaderLocked(LoadedApk.java:1093)
12-28 13:41:14.197  8132  8132 E LoadedApk: 	at android.app.LoadedApk.getClassLoader(LoadedApk.java:1187)
12-28 13:41:14.197  8132  8132 E LoadedApk: 	at android.app.LoadedApk.getResources(LoadedApk.java:1439)
12-28 13:41:14.197  8132  8132 E LoadedApk: 	at android.app.ContextImpl.createAppContext(ContextImpl.java:3486)
12-28 13:41:14.197  8132  8132 E LoadedApk: 	at android.app.ContextImpl.createAppContext(ContextImpl.java:3477)
12-28 13:41:14.197  8132  8132 E LoadedApk: 	at android.app.ActivityThread.handleBindApplication(ActivityThread.java:8060)
12-28 13:41:14.197  8132  8132 E LoadedApk: 	at android.app.ActivityThread.-$$Nest$mhandleBindApplication(Unknown Source:0)
12-28 13:41:14.197  8132  8132 E LoadedApk: 	at android.app.ActivityThread$H.handleMessage(ActivityThread.java:2642)
12-28 13:41:14.197  8132  8132 E LoadedApk: 	at android.os.Handler.dispatchMessage(Handler.java:107)
12-28 13:41:14.197  8132  8132 E LoadedApk: 	at android.os.Looper.loopOnce(Looper.java:282)
12-28 13:41:14.197  8132  8132 E LoadedApk: 	at android.os.Looper.loop(Looper.java:387)
12-28 13:41:14.197  8132  8132 E LoadedApk: 	at android.app.ActivityThread.main(ActivityThread.java:9500)
12-28 13:41:14.197  8132  8132 E LoadedApk: 	at java.lang.reflect.Method.invoke(Native Method)
12-28 13:41:14.197  8132  8132 E LoadedApk: 	at com.android.internal.os.RuntimeInit$MethodAndArgsCaller.run(RuntimeInit.java:600)
12-28 13:41:14.197  8132  8132 E LoadedApk: 	at com.android.internal.os.ZygoteInit.main(ZygoteInit.java:1005)
12-28 13:41:14.200  3140  3140 D PowerManagerService: userActivityNoUpdateLocked: groupId=0, eventTime=177423991, event=other, flags=0x0, uid=1000
12-28 13:41:14.207  8132  8132 D ResourcesManagerExtImpl: applyConfigurationToAppResourcesLocked app.getDisplayId() return callback.displayId:-1
12-28 13:41:14.208  3140  3140 D PowerManagerService: userActivityNoUpdateLocked: groupId=0, eventTime=177424000, event=other, flags=0x0, uid=1000
12-28 13:41:14.216  3140  3140 D PowerManagerService: userActivityNoUpdateLocked: groupId=0, eventTime=177424007, event=other, flags=0x0, uid=1000
12-28 13:41:14.224  3140  3140 D PowerManagerService: userActivityNoUpdateLocked: groupId=0, eventTime=177424016, event=other, flags=0x0, uid=1000
12-28 13:41:14.232  3140  3140 D PowerManagerService: userActivityNoUpdateLocked: groupId=0, eventTime=177424024, event=other, flags=0x0, uid=1000
12-28 13:41:14.240  3140  3140 D PowerManagerService: userActivityNoUpdateLocked: groupId=0, eventTime=177424032, event=other, flags=0x0, uid=1000
12-28 13:41:14.248  3140  3140 D PowerManagerService: userActivityNoUpdateLocked: groupId=0, eventTime=177424040, event=other, flags=0x0, uid=1000
12-28 13:41:14.256  3140  3140 D PowerManagerService: userActivityNoUpdateLocked: groupId=0, eventTime=177424048, event=other, flags=0x0, uid=1000
12-28 13:41:14.258  3140  3919 D PowerManagerService: userActivityNoUpdateLocked: groupId=0, eventTime=177424048, event=touch, flags=0x0, uid=1000
12-28 13:41:14.264  3140  3140 D PowerManagerService: userActivityNoUpdateLocked: groupId=0, eventTime=177424056, event=other, flags=0x0, uid=1000
12-28 13:41:14.273  3140  3140 D PowerManagerService: userActivityNoUpdateLocked: groupId=0, eventTime=177424064, event=other, flags=0x0, uid=1000
12-28 13:41:14.281  3140  3140 D PowerManagerService: userActivityNoUpdateLocked: groupId=0, eventTime=177424072, event=other, flags=0x0, uid=1000
12-28 13:41:14.289  3140  3140 D PowerManagerService: userActivityNoUpdateLocked: groupId=0, eventTime=177424080, event=other, flags=0x0, uid=1000
12-28 13:41:14.297  3140  3140 D PowerManagerService: userActivityNoUpdateLocked: groupId=0, eventTime=177424088, event=other, flags=0x0, uid=1000
12-28 13:41:14.305  3140  3140 D PowerManagerService: userActivityNoUpdateLocked: groupId=0, eventTime=177424096, event=other, flags=0x0, uid=1000
12-28 13:41:14.313  3140  3140 D PowerManagerService: userActivityNoUpdateLocked: groupId=0, eventTime=177424105, event=other, flags=0x0, uid=1000
12-28 13:41:14.321  3140  3140 D PowerManagerService: userActivityNoUpdateLocked: groupId=0, eventTime=177424113, event=other, flags=0x0, uid=1000
12-28 13:41:14.329  3140  3140 D PowerManagerService: userActivityNoUpdateLocked: groupId=0, eventTime=177424121, event=other, flags=0x0, uid=1000
12-28 13:41:14.337  3140  3140 D PowerManagerService: userActivityNoUpdateLocked: groupId=0, eventTime=177424128, event=other, flags=0x0, uid=1000
12-28 13:41:14.345  3140  3140 D PowerManagerService: userActivityNoUpdateLocked: groupId=0, eventTime=177424137, event=other, flags=0x0, uid=1000
12-28 13:41:14.353  3140  3140 D PowerManagerService: userActivityNoUpdateLocked: groupId=0, eventTime=177424145, event=other, flags=0x0, uid=1000
12-28 13:41:14.361  3140  3140 D PowerManagerService: userActivityNoUpdateLocked: groupId=0, eventTime=177424153, event=other, flags=0x0, uid=1000
12-28 13:41:14.363  3140  3919 D PowerManagerService: userActivityNoUpdateLocked: groupId=0, eventTime=177424153, event=touch, flags=0x0, uid=1000
12-28 13:41:14.369  3140  3140 D PowerManagerService: userActivityNoUpdateLocked: groupId=0, eventTime=177424161, event=other, flags=0x0, uid=1000
12-28 13:41:14.378  3140  3140 D PowerManagerService: userActivityNoUpdateLocked: groupId=0, eventTime=177424169, event=other, flags=0x0, uid=1000
12-28 13:41:14.388  3140  3140 D PowerManagerService: userActivityNoUpdateLocked: groupId=0, eventTime=177424177, event=other, flags=0x0, uid=1000
12-28 13:41:14.393  3140  3140 D PowerManagerService: userActivityNoUpdateLocked: groupId=0, eventTime=177424185, event=other, flags=0x0, uid=1000
12-28 13:41:14.402  3140  3140 D PowerManagerService: userActivityNoUpdateLocked: groupId=0, eventTime=177424193, event=other, flags=0x0, uid=1000
12-28 13:41:14.409  3140  3140 D PowerManagerService: userActivityNoUpdateLocked: groupId=0, eventTime=177424201, event=other, flags=0x0, uid=1000
12-28 13:41:14.418  3140  3140 D PowerManagerService: userActivityNoUpdateLocked: groupId=0, eventTime=177424209, event=other, flags=0x0, uid=1000
12-28 13:41:14.426  3140  3140 D PowerManagerService: userActivityNoUpdateLocked: groupId=0, eventTime=177424217, event=other, flags=0x0, uid=1000
12-28 13:41:14.434  3140  3140 D PowerManagerService: userActivityNoUpdateLocked: groupId=0, eventTime=177424225, event=other, flags=0x0, uid=1000
12-28 13:41:14.442  3140  3140 D PowerManagerService: userActivityNoUpdateLocked: groupId=0, eventTime=177424233, event=other, flags=0x0, uid=1000
12-28 13:41:14.450  3140  3140 D PowerManagerService: userActivityNoUpdateLocked: groupId=0, eventTime=177424242, event=other, flags=0x0, uid=1000
12-28 13:41:14.458  3140  3140 D PowerManagerService: userActivityNoUpdateLocked: groupId=0, eventTime=177424250, event=other, flags=0x0, uid=1000
12-28 13:41:14.466  3140  3140 D PowerManagerService: userActivityNoUpdateLocked: groupId=0, eventTime=177424258, event=other, flags=0x0, uid=1000
12-28 13:41:14.468  3140  3919 D PowerManagerService: userActivityNoUpdateLocked: groupId=0, eventTime=177424258, event=touch, flags=0x0, uid=1000
12-28 13:41:14.474  3140  3140 D PowerManagerService: userActivityNoUpdateLocked: groupId=0, eventTime=177424266, event=other, flags=0x0, uid=1000
12-28 13:41:14.482  3140  3140 D PowerManagerService: userActivityNoUpdateLocked: groupId=0, eventTime=177424274, event=other, flags=0x0, uid=1000
12-28 13:41:14.491  3140  3140 D PowerManagerService: userActivityNoUpdateLocked: groupId=0, eventTime=177424282, event=other, flags=0x0, uid=1000
12-28 13:41:14.499  3140  3140 D PowerManagerService: userActivityNoUpdateLocked: groupId=0, eventTime=177424290, event=other, flags=0x0, uid=1000
12-28 13:41:14.507  3140  3140 D PowerManagerService: userActivityNoUpdateLocked: groupId=0, eventTime=177424298, event=other, flags=0x0, uid=1000
12-28 13:41:14.515  3140  3140 D PowerManagerService: userActivityNoUpdateLocked: groupId=0, eventTime=177424306, event=other, flags=0x0, uid=1000
12-28 13:41:14.523  3140  3140 D PowerManagerService: userActivityNoUpdateLocked: groupId=0, eventTime=177424314, event=other, flags=0x0, uid=1000
12-28 13:41:14.531  3140  3140 D PowerManagerService: userActivityNoUpdateLocked: groupId=0, eventTime=177424322, event=other, flags=0x0, uid=1000
12-28 13:41:14.539  3140  3140 D PowerManagerService: userActivityNoUpdateLocked: groupId=0, eventTime=177424330, event=other, flags=0x0, uid=1000
12-28 13:41:14.547  3140  3140 D PowerManagerService: userActivityNoUpdateLocked: groupId=0, eventTime=177424338, event=other, flags=0x0, uid=1000
12-28 13:41:14.556  3140  3140 D PowerManagerService: userActivityNoUpdateLocked: groupId=0, eventTime=177424347, event=other, flags=0x0, uid=1000
12-28 13:41:14.564  3140  3140 D PowerManagerService: userActivityNoUpdateLocked: groupId=0, eventTime=177424355, event=other, flags=0x0, uid=1000
12-28 13:41:14.571  3140  3140 D PowerManagerService: userActivityNoUpdateLocked: groupId=0, eventTime=177424363, event=other, flags=0x0, uid=1000
12-28 13:41:14.573  3140  3919 D PowerManagerService: userActivityNoUpdateLocked: groupId=0, eventTime=177424363, event=touch, flags=0x0, uid=1000
12-28 13:41:14.579  3140  3140 D PowerManagerService: userActivityNoUpdateLocked: groupId=0, eventTime=177424371, event=other, flags=0x0, uid=1000
12-28 13:41:14.588  3140  3140 D PowerManagerService: userActivityNoUpdateLocked: groupId=0, eventTime=177424379, event=other, flags=0x0, uid=1000
12-28 13:41:14.596  3140  3140 D PowerManagerService: userActivityNoUpdateLocked: groupId=0, eventTime=177424387, event=other, flags=0x0, uid=1000
12-28 13:41:14.604  3140  3140 D PowerManagerService: userActivityNoUpdateLocked: groupId=0, eventTime=177424395, event=other, flags=0x0, uid=1000
12-28 13:41:14.612  3140  3140 D PowerManagerService: userActivityNoUpdateLocked: groupId=0, eventTime=177424403, event=other, flags=0x0, uid=1000
12-28 13:41:14.620  3140  3140 D PowerManagerService: userActivityNoUpdateLocked: groupId=0, eventTime=177424411, event=other, flags=0x0, uid=1000
12-28 13:41:14.628  3140  3140 D PowerManagerService: userActivityNoUpdateLocked: groupId=0, eventTime=177424419, event=other, flags=0x0, uid=1000
12-28 13:41:14.636  3140  3140 D PowerManagerService: userActivityNoUpdateLocked: groupId=0, eventTime=177424427, event=other, flags=0x0, uid=1000
12-28 13:41:14.644  3140  3140 D PowerManagerService: userActivityNoUpdateLocked: groupId=0, eventTime=177424435, event=other, flags=0x0, uid=1000
12-28 13:41:14.652  3140  3140 D PowerManagerService: userActivityNoUpdateLocked: groupId=0, eventTime=177424443, event=other, flags=0x0, uid=1000
12-28 13:41:14.660  3140  3140 D PowerManagerService: userActivityNoUpdateLocked: groupId=0, eventTime=177424452, event=other, flags=0x0, uid=1000
12-28 13:41:14.662  8132  8132 I Quality : ActivityThread: makeApplication delay 457 org.autojs.autojspro 8132
12-28 13:41:14.668  3140  3140 D PowerManagerService: userActivityNoUpdateLocked: groupId=0, eventTime=177424460, event=other, flags=0x0, uid=1000
12-28 13:41:14.677  3140  3140 D PowerManagerService: userActivityNoUpdateLocked: groupId=0, eventTime=177424468, event=other, flags=0x0, uid=1000
12-28 13:41:14.678  3140  3919 D PowerManagerService: userActivityNoUpdateLocked: groupId=0, eventTime=177424468, event=touch, flags=0x0, uid=1000
12-28 13:41:14.684  3140  3140 D PowerManagerService: userActivityNoUpdateLocked: groupId=0, eventTime=177424476, event=other, flags=0x0, uid=1000
12-28 13:41:14.693  3140  3140 D PowerManagerService: userActivityNoUpdateLocked: groupId=0, eventTime=177424484, event=other, flags=0x0, uid=1000
12-28 13:41:14.700  3140  3140 D PowerManagerService: userActivityNoUpdateLocked: groupId=0, eventTime=177424492, event=other, flags=0x0, uid=1000
12-28 13:41:14.709  3140  3140 D PowerManagerService: userActivityNoUpdateLocked: groupId=0, eventTime=177424500, event=other, flags=0x0, uid=1000
12-28 13:41:14.717  3140  3140 D PowerManagerService: userActivityNoUpdateLocked: groupId=0, eventTime=177424508, event=other, flags=0x0, uid=1000
12-28 13:41:14.726  3140  3140 D PowerManagerService: userActivityNoUpdateLocked: groupId=0, eventTime=177424516, event=other, flags=0x0, uid=1000
12-28 13:41:14.733  3140  3140 D PowerManagerService: userActivityNoUpdateLocked: groupId=0, eventTime=177424524, event=other, flags=0x0, uid=1000
12-28 13:41:14.741  3140  3140 D PowerManagerService: userActivityNoUpdateLocked: groupId=0, eventTime=177424532, event=other, flags=0x0, uid=1000
12-28 13:41:14.749  3140  3140 D PowerManagerService: userActivityNoUpdateLocked: groupId=0, eventTime=177424541, event=other, flags=0x0, uid=1000
12-28 13:41:14.757  3140  3140 D PowerManagerService: userActivityNoUpdateLocked: groupId=0, eventTime=177424548, event=other, flags=0x0, uid=1000
12-28 13:41:14.765  3140  3140 D PowerManagerService: userActivityNoUpdateLocked: groupId=0, eventTime=177424557, event=other, flags=0x0, uid=1000
12-28 13:41:14.774  3140  3140 D PowerManagerService: userActivityNoUpdateLocked: groupId=0, eventTime=177424565, event=other, flags=0x0, uid=1000
12-28 13:41:14.782  3140  3140 D PowerManagerService: userActivityNoUpdateLocked: groupId=0, eventTime=177424573, event=other, flags=0x0, uid=1000
12-28 13:41:14.784  3140  3919 D PowerManagerService: userActivityNoUpdateLocked: groupId=0, eventTime=177424573, event=touch, flags=0x0, uid=1000
12-28 13:41:14.790  3140  3140 D PowerManagerService: userActivityNoUpdateLocked: groupId=0, eventTime=177424581, event=other, flags=0x0, uid=1000
12-28 13:41:14.797  3140  3140 D PowerManagerService: userActivityNoUpdateLocked: groupId=0, eventTime=177424589, event=other, flags=0x0, uid=1000
12-28 13:41:14.806  3140  3140 D PowerManagerService: userActivityNoUpdateLocked: groupId=0, eventTime=177424597, event=other, flags=0x0, uid=1000
12-28 13:41:14.814  3140  3140 D PowerManagerService: userActivityNoUpdateLocked: groupId=0, eventTime=177424605, event=other, flags=0x0, uid=1000
12-28 13:41:14.822  3140  3140 D PowerManagerService: userActivityNoUpdateLocked: groupId=0, eventTime=177424613, event=other, flags=0x0, uid=1000
12-28 13:41:14.830  3140  3140 D PowerManagerService: userActivityNoUpdateLocked: groupId=0, eventTime=177424621, event=other, flags=0x0, uid=1000
12-28 13:41:14.838  3140  3140 D PowerManagerService: userActivityNoUpdateLocked: groupId=0, eventTime=177424629, event=other, flags=0x0, uid=1000
12-28 13:41:14.846  3140  3140 D PowerManagerService: userActivityNoUpdateLocked: groupId=0, eventTime=177424637, event=other, flags=0x0, uid=1000
12-28 13:41:14.854  3140  3140 D PowerManagerService: userActivityNoUpdateLocked: groupId=0, eventTime=177424645, event=other, flags=0x0, uid=1000
12-28 13:41:14.862  3140  3140 D PowerManagerService: userActivityNoUpdateLocked: groupId=0, eventTime=177424653, event=other, flags=0x0, uid=1000
12-28 13:41:14.870  3140  3140 D PowerManagerService: userActivityNoUpdateLocked: groupId=0, eventTime=177424661, event=other, flags=0x0, uid=1000
12-28 13:41:14.878  3140  3140 D PowerManagerService: userActivityNoUpdateLocked: groupId=0, eventTime=177424670, event=other, flags=0x0, uid=1000
12-28 13:41:14.887  3140  3140 D PowerManagerService: userActivityNoUpdateLocked: groupId=0, eventTime=177424678, event=other, flags=0x0, uid=1000
12-28 13:41:14.888  3140  3919 D PowerManagerService: userActivityNoUpdateLocked: groupId=0, eventTime=177424678, event=touch, flags=0x0, uid=1000
12-28 13:41:14.894  3140  3140 D PowerManagerService: userActivityNoUpdateLocked: groupId=0, eventTime=177424686, event=other, flags=0x0, uid=1000
12-28 13:41:14.903  3140  3140 D PowerManagerService: userActivityNoUpdateLocked: groupId=0, eventTime=177424694, event=other, flags=0x0, uid=1000
12-28 13:41:14.910  3140  3140 D PowerManagerService: userActivityNoUpdateLocked: groupId=0, eventTime=177424702, event=other, flags=0x0, uid=1000
12-28 13:41:14.919  3140  3140 D PowerManagerService: userActivityNoUpdateLocked: groupId=0, eventTime=177424710, event=other, flags=0x0, uid=1000
12-28 13:41:14.924  8072  8072 I Quality : ActivityThread: callApplicationOnCreate delay 875 org.autojs.autojspro:script 8072
12-28 13:41:14.927  3140  3140 D PowerManagerService: userActivityNoUpdateLocked: groupId=0, eventTime=177424718, event=other, flags=0x0, uid=1000
12-28 13:41:14.929  3140  3884 I ActivityManager: Flag disabled. Ignoring finishAttachApplication from uid: 10594. pid: 8072
12-28 13:41:14.930  3140  3140 V NotificationListeners: 0 notification listener service connected: ComponentInfo{org.autojs.autojspro/com.stardust.notification.NotificationListenerService}
12-28 13:41:14.944  3140  5498 W PackageManager: package org.autojs.autojspro uid 10594 pid 8072 call SetEnabledSetting(org.autojs.autojspro component = com.stardust.autojs.core.activity.ExternalActionActivity, 2, 0)
12-28 13:41:14.998  3140  3140 D PowerManagerService: userActivityNoUpdateLocked: groupId=0, eventTime=177424726, event=other, flags=0x0, uid=1000
12-28 13:41:15.001  3140  3140 V NotificationListeners: 0 notification listener service connected: ComponentInfo{org.autojs.autojspro/com.stardust.notification.NotificationListenerService}
12-28 13:41:15.024  3140  3140 D PowerManagerService: userActivityNoUpdateLocked: groupId=0, eventTime=177424734, event=other, flags=0x0, uid=1000
12-28 13:41:15.024  3140  3140 D PowerManagerService: userActivityNoUpdateLocked: groupId=0, eventTime=177424742, event=other, flags=0x0, uid=1000
12-28 13:41:15.025  3140  3140 D PowerManagerService: userActivityNoUpdateLocked: groupId=0, eventTime=177424750, event=other, flags=0x0, uid=1000
12-28 13:41:15.026  3140  3140 D PowerManagerService: userActivityNoUpdateLocked: groupId=0, eventTime=177424758, event=other, flags=0x0, uid=1000
12-28 13:41:15.026  3140  3140 D PowerManagerService: userActivityNoUpdateLocked: groupId=0, eventTime=177424766, event=other, flags=0x0, uid=1000
12-28 13:41:15.027  3140  3140 D PowerManagerService: userActivityNoUpdateLocked: groupId=0, eventTime=177424775, event=other, flags=0x0, uid=1000
12-28 13:41:15.027  3140  3140 D PowerManagerService: userActivityNoUpdateLocked: groupId=0, eventTime=177424783, event=other, flags=0x0, uid=1000
12-28 13:41:15.028  3140  3919 D PowerManagerService: userActivityNoUpdateLocked: groupId=0, eventTime=177424783, event=touch, flags=0x0, uid=1000
12-28 13:41:15.030  3140  3140 V AccessibilityManagerService: onUserStateChangedLocked for user 0 with forceUpdate: false mEnabledServices = [ComponentInfo{net.dinglisch.android.taskerm/net.dinglisch.android.taskerm.MyAccessibilityService}, ComponentInfo{com.arlosoft.macrodroid/com.arlosoft.macrodroid.action.services.UIInteractionAccessibilityService}, ComponentInfo{com.coloros.accessibilityassistant/com.coloros.accessibilityassistant.ColorAccessibilityService}, ComponentInfo{com.arlosoft.macrodroid/com.arlosoft.macrodroid.triggers.services.MacroDroidAccessibilityServiceJellyBean}, ComponentInfo{com.ss.edgegestures/com.ss.edgegestures.EdgeService}, ComponentInfo{cn.litiaotiao.app/com.litiaotiao.app.LttService}, ComponentInfo{com.microsoft.appmanager/com.microsoft.mmx.screenmirroringsrc.accessibility.ScreenMirroringAccessibilityService}, ComponentInfo{com.microsoft.launcher/com.microsoft.launcher.accessibility.LauncherAccessibilityService}, ComponentInfo{info.dvkr.screenstream.dev/info.dvkr.screenstream.input.InputService}, ComponentInfo{org.autojs.autojspro/com.stardust.autojs.core.accessibility.AccessibilityService}] mCrashedServices = [ComponentInfo{org.autojs.autojspro/com.stardust.autojs.core.accessibility.AccessibilityService}]
12-28 13:41:15.031  3140  3140 W MagnificationConnectionManager: requestConnection duplicated request: connect=false, mConnectionState=DISCONNECTED
12-28 13:41:15.031  3140  3140 D PowerManagerService: userActivityNoUpdateLocked: groupId=0, eventTime=177424791, event=other, flags=0x0, uid=1000
12-28 13:41:15.032  3140  3140 D PowerManagerService: userActivityNoUpdateLocked: groupId=0, eventTime=177424799, event=other, flags=0x0, uid=1000
12-28 13:41:15.032  3140  3140 D PowerManagerService: userActivityNoUpdateLocked: groupId=0, eventTime=177424807, event=other, flags=0x0, uid=1000
12-28 13:41:15.033  3140  3140 D PowerManagerService: userActivityNoUpdateLocked: groupId=0, eventTime=177424815, event=other, flags=0x0, uid=1000
12-28 13:41:15.042  3140  3140 D PowerManagerService: userActivityNoUpdateLocked: groupId=0, eventTime=177424823, event=other, flags=0x0, uid=1000
12-28 13:41:15.045  3140  3140 D PowerManagerService: userActivityNoUpdateLocked: groupId=0, eventTime=177424831, event=other, flags=0x0, uid=1000
12-28 13:41:15.048  3140  3140 D PowerManagerService: userActivityNoUpdateLocked: groupId=0, eventTime=177424839, event=other, flags=0x0, uid=1000
12-28 13:41:15.057  3140  5498 D CompatChangeReporter: Compat change id reported: 136293963; UID 10594; state: ENABLED
12-28 13:41:15.057  3140  5498 V AccessibilityManagerService: onUserStateChangedLocked for user 0 with forceUpdate: false mEnabledServices = [ComponentInfo{net.dinglisch.android.taskerm/net.dinglisch.android.taskerm.MyAccessibilityService}, ComponentInfo{com.arlosoft.macrodroid/com.arlosoft.macrodroid.action.services.UIInteractionAccessibilityService}, ComponentInfo{com.coloros.accessibilityassistant/com.coloros.accessibilityassistant.ColorAccessibilityService}, ComponentInfo{com.arlosoft.macrodroid/com.arlosoft.macrodroid.triggers.services.MacroDroidAccessibilityServiceJellyBean}, ComponentInfo{com.ss.edgegestures/com.ss.edgegestures.EdgeService}, ComponentInfo{cn.litiaotiao.app/com.litiaotiao.app.LttService}, ComponentInfo{com.microsoft.appmanager/com.microsoft.mmx.screenmirroringsrc.accessibility.ScreenMirroringAccessibilityService}, ComponentInfo{com.microsoft.launcher/com.microsoft.launcher.accessibility.LauncherAccessibilityService}, ComponentInfo{info.dvkr.screenstream.dev/info.dvkr.screenstream.input.InputService}, ComponentInfo{org.autojs.autojspro/com.stardust.autojs.core.accessibility.AccessibilityService}] mCrashedServices = []
12-28 13:41:15.064  3140  5498 W MagnificationConnectionManager: requestConnection duplicated request: connect=false, mConnectionState=DISCONNECTED
12-28 13:41:15.072  3140  3140 D PowerManagerService: userActivityNoUpdateLocked: groupId=0, eventTime=177424863, event=other, flags=0x0, uid=1000
12-28 13:41:15.105  3140  3140 D PowerManagerService: userActivityNoUpdateLocked: groupId=0, eventTime=177424896, event=other, flags=0x0, uid=1000
12-28 13:41:15.106  3140  3919 D PowerManagerService: userActivityNoUpdateLocked: groupId=0, eventTime=177424896, event=touch, flags=0x0, uid=1000
12-28 13:41:15.112  3140  3140 D PowerManagerService: userActivityNoUpdateLocked: groupId=0, eventTime=177424904, event=other, flags=0x0, uid=1000
12-28 13:41:15.120  3140  3140 D PowerManagerService: userActivityNoUpdateLocked: groupId=0, eventTime=177424912, event=other, flags=0x0, uid=1000
12-28 13:41:15.128  3140  3140 D PowerManagerService: userActivityNoUpdateLocked: groupId=0, eventTime=177424920, event=other, flags=0x0, uid=1000
12-28 13:41:15.137  3140  3140 D PowerManagerService: userActivityNoUpdateLocked: groupId=0, eventTime=177424928, event=other, flags=0x0, uid=1000
12-28 13:41:15.145  3140  3140 D PowerManagerService: userActivityNoUpdateLocked: groupId=0, eventTime=177424936, event=other, flags=0x0, uid=1000
12-28 13:41:15.153  3140  3140 D PowerManagerService: userActivityNoUpdateLocked: groupId=0, eventTime=177424944, event=other, flags=0x0, uid=1000
12-28 13:41:15.161  3140  3140 D PowerManagerService: userActivityNoUpdateLocked: groupId=0, eventTime=177424952, event=other, flags=0x0, uid=1000
12-28 13:41:15.169  3140  3140 D PowerManagerService: userActivityNoUpdateLocked: groupId=0, eventTime=177424960, event=other, flags=0x0, uid=1000
12-28 13:41:15.177  3140  3140 D PowerManagerService: userActivityNoUpdateLocked: groupId=0, eventTime=177424968, event=other, flags=0x0, uid=1000
12-28 13:41:15.185  3140  3140 D PowerManagerService: userActivityNoUpdateLocked: groupId=0, eventTime=177424976, event=other, flags=0x0, uid=1000
12-28 13:41:15.193  3140  3140 D PowerManagerService: userActivityNoUpdateLocked: groupId=0, eventTime=177424984, event=other, flags=0x0, uid=1000
12-28 13:41:15.201  3140  3140 D PowerManagerService: userActivityNoUpdateLocked: groupId=0, eventTime=177424993, event=other, flags=0x0, uid=1000
12-28 13:41:15.209  3140  3140 D PowerManagerService: userActivityNoUpdateLocked: groupId=0, eventTime=177425001, event=other, flags=0x0, uid=1000
12-28 13:41:15.212  3140  3919 D PowerManagerService: userActivityNoUpdateLocked: groupId=0, eventTime=177425001, event=touch, flags=0x0, uid=1000
12-28 13:41:15.217  3140  3140 D PowerManagerService: userActivityNoUpdateLocked: groupId=0, eventTime=177425009, event=other, flags=0x0, uid=1000
12-28 13:41:15.226  3140  3140 D PowerManagerService: userActivityNoUpdateLocked: groupId=0, eventTime=177425017, event=other, flags=0x0, uid=1000
12-28 13:41:15.234  3140  3140 D PowerManagerService: userActivityNoUpdateLocked: groupId=0, eventTime=177425025, event=other, flags=0x0, uid=1000
12-28 13:41:15.242  3140  3140 D PowerManagerService: userActivityNoUpdateLocked: groupId=0, eventTime=177425033, event=other, flags=0x0, uid=1000
12-28 13:41:15.250  3140  3140 D PowerManagerService: userActivityNoUpdateLocked: groupId=0, eventTime=177425041, event=other, flags=0x0, uid=1000
12-28 13:41:15.258  3140  3140 D PowerManagerService: userActivityNoUpdateLocked: groupId=0, eventTime=177425049, event=other, flags=0x0, uid=1000
12-28 13:41:15.266  3140  3140 D PowerManagerService: userActivityNoUpdateLocked: groupId=0, eventTime=177425057, event=other, flags=0x0, uid=1000
12-28 13:41:15.274  3140  3140 D PowerManagerService: userActivityNoUpdateLocked: groupId=0, eventTime=177425065, event=other, flags=0x0, uid=1000
12-28 13:41:15.282  3140  3140 D PowerManagerService: userActivityNoUpdateLocked: groupId=0, eventTime=177425073, event=other, flags=0x0, uid=1000
12-28 13:41:15.290  3140  3140 D PowerManagerService: userActivityNoUpdateLocked: groupId=0, eventTime=177425081, event=other, flags=0x0, uid=1000
12-28 13:41:15.298  3140  3140 D PowerManagerService: userActivityNoUpdateLocked: groupId=0, eventTime=177425089, event=other, flags=0x0, uid=1000
12-28 13:41:15.306  3140  3140 D PowerManagerService: userActivityNoUpdateLocked: groupId=0, eventTime=177425098, event=other, flags=0x0, uid=1000
12-28 13:41:15.314  3140  3140 D PowerManagerService: userActivityNoUpdateLocked: groupId=0, eventTime=177425106, event=other, flags=0x0, uid=1000
12-28 13:41:15.316  3140  3919 D PowerManagerService: userActivityNoUpdateLocked: groupId=0, eventTime=177425106, event=touch, flags=0x0, uid=1000
12-28 13:41:15.322  3140  3140 D PowerManagerService: userActivityNoUpdateLocked: groupId=0, eventTime=177425114, event=other, flags=0x0, uid=1000
12-28 13:41:15.330  3140  3140 D PowerManagerService: userActivityNoUpdateLocked: groupId=0, eventTime=177425122, event=other, flags=0x0, uid=1000
12-28 13:41:15.339  3140  3140 D PowerManagerService: userActivityNoUpdateLocked: groupId=0, eventTime=177425130, event=other, flags=0x0, uid=1000
12-28 13:41:15.347  3140  3140 D PowerManagerService: userActivityNoUpdateLocked: groupId=0, eventTime=177425138, event=other, flags=0x0, uid=1000
12-28 13:41:15.355  3140  3140 D PowerManagerService: userActivityNoUpdateLocked: groupId=0, eventTime=177425146, event=other, flags=0x0, uid=1000
12-28 13:41:15.363  3140  3140 D PowerManagerService: userActivityNoUpdateLocked: groupId=0, eventTime=177425154, event=other, flags=0x0, uid=1000
12-28 13:41:15.379  3140  3140 D PowerManagerService: userActivityNoUpdateLocked: groupId=0, eventTime=177425170, event=other, flags=0x0, uid=1000
12-28 13:41:15.420  3140  3140 D PowerManagerService: userActivityNoUpdateLocked: groupId=0, eventTime=177425211, event=other, flags=0x0, uid=1000
12-28 13:41:15.422  3140  3919 D PowerManagerService: userActivityNoUpdateLocked: groupId=0, eventTime=177425211, event=touch, flags=0x0, uid=1000
12-28 13:41:15.427  3140  3140 D PowerManagerService: userActivityNoUpdateLocked: groupId=0, eventTime=177425219, event=other, flags=0x0, uid=1000
12-28 13:41:15.435  3140  3140 D PowerManagerService: userActivityNoUpdateLocked: groupId=0, eventTime=177425227, event=other, flags=0x0, uid=1000
12-28 13:41:15.444  3140  3140 D PowerManagerService: userActivityNoUpdateLocked: groupId=0, eventTime=177425235, event=other, flags=0x0, uid=1000
12-28 13:41:15.452  3140  3140 D PowerManagerService: userActivityNoUpdateLocked: groupId=0, eventTime=177425243, event=other, flags=0x0, uid=1000
12-28 13:41:15.460  3140  3140 D PowerManagerService: userActivityNoUpdateLocked: groupId=0, eventTime=177425251, event=other, flags=0x0, uid=1000
12-28 13:41:15.468  3140  3140 D PowerManagerService: userActivityNoUpdateLocked: groupId=0, eventTime=177425259, event=other, flags=0x0, uid=1000
12-28 13:41:15.476  3140  3140 D PowerManagerService: userActivityNoUpdateLocked: groupId=0, eventTime=177425267, event=other, flags=0x0, uid=1000
12-28 13:41:15.484  3140  3140 D PowerManagerService: userActivityNoUpdateLocked: groupId=0, eventTime=177425275, event=other, flags=0x0, uid=1000
12-28 13:41:15.492  3140  3140 D PowerManagerService: userActivityNoUpdateLocked: groupId=0, eventTime=177425283, event=other, flags=0x0, uid=1000
12-28 13:41:15.500  3140  3140 D PowerManagerService: userActivityNoUpdateLocked: groupId=0, eventTime=177425291, event=other, flags=0x0, uid=1000
12-28 13:41:15.508  3140  3140 D PowerManagerService: userActivityNoUpdateLocked: groupId=0, eventTime=177425299, event=other, flags=0x0, uid=1000
12-28 13:41:15.516  3140  3140 D PowerManagerService: userActivityNoUpdateLocked: groupId=0, eventTime=177425307, event=other, flags=0x0, uid=1000
12-28 13:41:15.524  3140  3140 D PowerManagerService: userActivityNoUpdateLocked: groupId=0, eventTime=177425316, event=other, flags=0x0, uid=1000
12-28 13:41:15.526  3140  3919 D PowerManagerService: userActivityNoUpdateLocked: groupId=0, eventTime=177425316, event=touch, flags=0x0, uid=1000
12-28 13:41:15.532  3140  3140 D PowerManagerService: userActivityNoUpdateLocked: groupId=0, eventTime=177425324, event=other, flags=0x0, uid=1000
12-28 13:41:15.540  3140  3140 D PowerManagerService: userActivityNoUpdateLocked: groupId=0, eventTime=177425332, event=other, flags=0x0, uid=1000
12-28 13:41:15.548  3140  3140 D PowerManagerService: userActivityNoUpdateLocked: groupId=0, eventTime=177425340, event=other, flags=0x0, uid=1000
12-28 13:41:15.557  3140  3140 D PowerManagerService: userActivityNoUpdateLocked: groupId=0, eventTime=177425348, event=other, flags=0x0, uid=1000
12-28 13:41:15.565  3140  3140 D PowerManagerService: userActivityNoUpdateLocked: groupId=0, eventTime=177425356, event=other, flags=0x0, uid=1000
12-28 13:41:15.573  3140  3140 D PowerManagerService: userActivityNoUpdateLocked: groupId=0, eventTime=177425364, event=other, flags=0x0, uid=1000
12-28 13:41:15.581  3140  3140 D PowerManagerService: userActivityNoUpdateLocked: groupId=0, eventTime=177425372, event=other, flags=0x0, uid=1000
12-28 13:41:15.589  3140  3140 D PowerManagerService: userActivityNoUpdateLocked: groupId=0, eventTime=177425380, event=other, flags=0x0, uid=1000
12-28 13:41:15.592  3140  4002 W ContextImpl: Calling a method in the system process without a qualified user: android.app.ContextImpl.sendBroadcast:1261 com.android.server.job.controllers.OplusCpuController.notifyHighCpuEventForApp:387 com.android.server.job.controllers.OplusCpuController.handleCpuUpdate:333 com.android.server.job.controllers.OplusCpuController.-$$Nest$mhandleCpuUpdate:0 com.android.server.job.controllers.OplusCpuController$CpuTrackerHandler.handleMessage:257 
12-28 13:41:15.597  3140  3140 D PowerManagerService: userActivityNoUpdateLocked: groupId=0, eventTime=177425388, event=other, flags=0x0, uid=1000
12-28 13:41:15.605  3140  3140 D PowerManagerService: userActivityNoUpdateLocked: groupId=0, eventTime=177425396, event=other, flags=0x0, uid=1000
12-28 13:41:15.613  3140  3140 D PowerManagerService: userActivityNoUpdateLocked: groupId=0, eventTime=177425404, event=other, flags=0x0, uid=1000
12-28 13:41:15.621  3140  3140 D PowerManagerService: userActivityNoUpdateLocked: groupId=0, eventTime=177425412, event=other, flags=0x0, uid=1000
12-28 13:41:15.629  3140  3140 D PowerManagerService: userActivityNoUpdateLocked: groupId=0, eventTime=177425421, event=other, flags=0x0, uid=1000
12-28 13:41:15.631  3140  3919 D PowerManagerService: userActivityNoUpdateLocked: groupId=0, eventTime=177425421, event=touch, flags=0x0, uid=1000
12-28 13:41:15.637  3140  3140 D PowerManagerService: userActivityNoUpdateLocked: groupId=0, eventTime=177425429, event=other, flags=0x0, uid=1000
12-28 13:41:15.645  3140  3140 D PowerManagerService: userActivityNoUpdateLocked: groupId=0, eventTime=177425437, event=other, flags=0x0, uid=1000
12-28 13:41:15.653  3140  3140 D PowerManagerService: userActivityNoUpdateLocked: groupId=0, eventTime=177425445, event=other, flags=0x0, uid=1000
12-28 13:41:15.661  3140  3140 D PowerManagerService: userActivityNoUpdateLocked: groupId=0, eventTime=177425453, event=other, flags=0x0, uid=1000
12-28 13:41:15.669  3140  3140 D PowerManagerService: userActivityNoUpdateLocked: groupId=0, eventTime=177425461, event=other, flags=0x0, uid=1000
12-28 13:41:15.678  3140  3140 D PowerManagerService: userActivityNoUpdateLocked: groupId=0, eventTime=177425469, event=other, flags=0x0, uid=1000
12-28 13:41:15.686  3140  3140 D PowerManagerService: userActivityNoUpdateLocked: groupId=0, eventTime=177425477, event=other, flags=0x0, uid=1000
12-28 13:41:15.694  3140  3140 D PowerManagerService: userActivityNoUpdateLocked: groupId=0, eventTime=177425485, event=other, flags=0x0, uid=1000
12-28 13:41:15.702  3140  3140 D PowerManagerService: userActivityNoUpdateLocked: groupId=0, eventTime=177425493, event=other, flags=0x0, uid=1000
12-28 13:41:15.710  3140  3140 D PowerManagerService: userActivityNoUpdateLocked: groupId=0, eventTime=177425501, event=other, flags=0x0, uid=1000
12-28 13:41:15.718  3140  3140 D PowerManagerService: userActivityNoUpdateLocked: groupId=0, eventTime=177425509, event=other, flags=0x0, uid=1000
12-28 13:41:15.726  3140  3140 D PowerManagerService: userActivityNoUpdateLocked: groupId=0, eventTime=177425517, event=other, flags=0x0, uid=1000
12-28 13:41:15.734  3140  3140 D PowerManagerService: userActivityNoUpdateLocked: groupId=0, eventTime=177425525, event=other, flags=0x0, uid=1000
12-28 13:41:15.736  3140  3919 D PowerManagerService: userActivityNoUpdateLocked: groupId=0, eventTime=177425525, event=touch, flags=0x0, uid=1000
12-28 13:41:15.742  3140  3140 D PowerManagerService: userActivityNoUpdateLocked: groupId=0, eventTime=177425534, event=other, flags=0x0, uid=1000
12-28 13:41:15.750  3140  3140 D PowerManagerService: userActivityNoUpdateLocked: groupId=0, eventTime=177425542, event=other, flags=0x0, uid=1000
12-28 13:41:15.758  3140  3140 D PowerManagerService: userActivityNoUpdateLocked: groupId=0, eventTime=177425550, event=other, flags=0x0, uid=1000
12-28 13:41:15.766  3140  3140 D PowerManagerService: userActivityNoUpdateLocked: groupId=0, eventTime=177425558, event=other, flags=0x0, uid=1000
12-28 13:41:15.775  3140  3140 D PowerManagerService: userActivityNoUpdateLocked: groupId=0, eventTime=177425566, event=other, flags=0x0, uid=1000
12-28 13:41:15.783  3140  3140 D PowerManagerService: userActivityNoUpdateLocked: groupId=0, eventTime=177425574, event=other, flags=0x0, uid=1000
12-28 13:41:15.791  3140  3140 D PowerManagerService: userActivityNoUpdateLocked: groupId=0, eventTime=177425582, event=other, flags=0x0, uid=1000
12-28 13:41:15.799  3140  3140 D PowerManagerService: userActivityNoUpdateLocked: groupId=0, eventTime=177425590, event=other, flags=0x0, uid=1000
12-28 13:41:15.807  3140  3140 D PowerManagerService: userActivityNoUpdateLocked: groupId=0, eventTime=177425598, event=other, flags=0x0, uid=1000
12-28 13:41:15.815  3140  3140 D PowerManagerService: userActivityNoUpdateLocked: groupId=0, eventTime=177425606, event=other, flags=0x0, uid=1000
12-28 13:41:15.823  3140  3140 D PowerManagerService: userActivityNoUpdateLocked: groupId=0, eventTime=177425614, event=other, flags=0x0, uid=1000
12-28 13:41:15.831  3140  3140 D PowerManagerService: userActivityNoUpdateLocked: groupId=0, eventTime=177425622, event=other, flags=0x0, uid=1000
12-28 13:41:15.839  3140  3140 D PowerManagerService: userActivityNoUpdateLocked: groupId=0, eventTime=177425630, event=other, flags=0x0, uid=1000
12-28 13:41:15.841  3140  3919 D PowerManagerService: userActivityNoUpdateLocked: groupId=0, eventTime=177425630, event=touch, flags=0x0, uid=1000
12-28 13:41:15.847  3140  3140 D PowerManagerService: userActivityNoUpdateLocked: groupId=0, eventTime=177425638, event=other, flags=0x0, uid=1000
12-28 13:41:15.855  3140  3140 D PowerManagerService: userActivityNoUpdateLocked: groupId=0, eventTime=177425646, event=other, flags=0x0, uid=1000
12-28 13:41:15.863  3140  3140 D PowerManagerService: userActivityNoUpdateLocked: groupId=0, eventTime=177425654, event=other, flags=0x0, uid=1000
12-28 13:41:15.871  3140  3140 D PowerManagerService: userActivityNoUpdateLocked: groupId=0, eventTime=177425662, event=other, flags=0x0, uid=1000
12-28 13:41:16.311  3140  3140 D PowerManagerService: userActivityNoUpdateLocked: groupId=0, eventTime=177426102, event=other, flags=0x0, uid=1000
12-28 13:41:16.314  3140  3919 D PowerManagerService: userActivityNoUpdateLocked: groupId=0, eventTime=177426102, event=touch, flags=0x0, uid=1000
12-28 13:41:16.325  3140  3140 D PowerManagerService: userActivityNoUpdateLocked: groupId=0, eventTime=177426116, event=other, flags=0x0, uid=1000
12-28 13:41:16.333  3140  3140 D PowerManagerService: userActivityNoUpdateLocked: groupId=0, eventTime=177426125, event=other, flags=0x0, uid=1000
12-28 13:41:16.374  3140  3140 D PowerManagerService: userActivityNoUpdateLocked: groupId=0, eventTime=177426165, event=other, flags=0x0, uid=1000
12-28 13:41:16.382  3140  3140 D PowerManagerService: userActivityNoUpdateLocked: groupId=0, eventTime=177426173, event=other, flags=0x0, uid=1000
