12-28 13:41:25.766  3140  3257 D OplusFlexibleWindowMinimizedManagerHelper: onTaskInfoChanged taskInfo:TaskInfo{userId=0 taskId=12531 displayId=0 isRunning=true baseIntent=Intent { flg=0x10000000 cmp=info.dvkr.screenstream.dev/info.dvkr.screenstream.SingleActivity mCallingUid=2000 } baseActivity=ComponentInfo{info.dvkr.screenstream.dev/info.dvkr.screenstream.SingleActivity} topActivity=ComponentInfo{info.dvkr.screenstream.dev/info.dvkr.screenstream.SingleActivity} origActivity=null realActivity=ComponentInfo{info.dvkr.screenstream.dev/info.dvkr.screenstream.SingleActivity} numActivities=1 lastActiveTime=178471079 supportsSplitScreenMultiWindow=false supportsMultiWindow=false supportsPocketStudioMultiWindow=true isInFlexibleEmbedded = false uid = 10601 pid = 2374 resizeMode=2 isResizeable=true minWidth=960 minHeight=960 defaultMinSize=220 token=WCT{RemoteToken{aadec51 Task{e5b8af5 #12531 type=standard A=10601:info.dvkr.screenstream.dev}}} topActivityType=1 pictureInPictureParams=null shouldDockBigOverlays=false launchIntoPipHostTaskId=-1 lastParentTaskIdBeforePip=-1 displayCutoutSafeInsets=null topActivityInfo=ActivityInfo{18fb4b5 info.dvkr.screenstream.SingleActivity} launchCookies=[] positionInParent=Point(0, 0) parentTaskId=-1 isFocused=true isVisible=true isVisibleRequested=true isSleeping=false locusId=null displayAreaFeatureId=1 isTopActivityTransparent=false appCompatTaskInfo=AppCompatTaskInfo { topActivityInSizeCompat=false topActivityInOplusCompatMode=false topActivityEligibleForLetterboxEducation= falseisLetterboxEducationEnabled= false isLetterboxDoubleTapEnabled= false topActivityEligibleForUserAspectRatioButton= false topActivityBoundsLetterboxed= false isFromLetterboxDoubleTap= false topActivityLetterboxVerticalPosition= -1 topActivityLetterboxHorizontalPosition= -1 topActivityLetterboxWidth=1080 topActivityLetterboxHeight=2412 isUserFullscreenOverrideEnabled=false isSystemFullscreenOverrideEnabled=false cameraCompatTaskInfo=CameraCompatTaskInfo { cameraCompatControlState=hidden freeformCameraCompatMode=inactive}} topActivityLetterboxInsets=Rect(0, 0 - 0, 0) mOplusExtraBundle = Bundle[{androidx.flexible.taskFrame=Rect(0, 0 - 0, 0), key_flexible_task_state=0, androidx.activity.LaunchScenario=0, androidx.activity.LaunchScale=1.0}]} task:Task{e5b8af5 #12531 type=standard A=10601:info.dvkr.screenstream.dev}
12-28 13:41:25.766  3140  3257 D OplusFlexibleDragToSplitAnimController: visibleFlexibleTaskInfos delete:12531
12-28 13:41:25.766  3140  3256 D WindowManager: NFW_findFocusedWindowIfNeeded:Window{9cdf0a9 u0 info.dvkr.screenstream.dev/info.dvkr.screenstream.SingleActivity} mCurrentFocus:Window{9cdf0a9 u0 info.dvkr.screenstream.dev/info.dvkr.screenstream.SingleActivity}
12-28 13:41:25.771  3140  3972 D LockSettingsService: [getSeparateProfileChallengeEnabled] userId = 999
12-28 13:41:25.771  3140  3972 D LockSettingsService: [getSeparateProfileChallengeEnabled] userId = 999
12-28 13:41:25.771  3140  4122 W UserManagerService: Requested status bar icon for non-badged user 0
12-28 13:41:25.796  3140  3256 I OplusStatusBarManagerServiceEnhance:  getTopIsFullscreen mTopIsFullscreen: false
12-28 13:41:25.798  3140  3140 D NotificationService--OplusNotificationManagerServiceExtImpl: isForwardToAssistants: false, case : Is in mMcsNotInterceptPkgList or is isSystemApp
12-28 13:41:25.798  3140  3140 D NotificationService: This application enqueue notifications is not need postDelayed
12-28 13:41:25.805  3140  3140 W NotificationHistory: Attempted to add notif for locked/gone/disabled user 0
12-28 13:41:25.817  3140  3972 D LockSettingsService: [getSeparateProfileChallengeEnabled] userId = 999
12-28 13:41:25.818  3140  3972 D LockSettingsService: [getSeparateProfileChallengeEnabled] userId = 999
12-28 13:41:25.844  3140  3259 D SurfaceAnimationRunner: onAnimationEnd:Surface(name=Surface(name=9cdf0a9 info.dvkr.screenstream.dev/info.dvkr.screenstream.SingleActivity)/@0xb322163 - animation-leash of window_animation)/@0x169160
12-28 13:41:25.844  3140  3268 W UserAwareMgr: event can not be released, id: 5005, count: 2, releasePid: 3140
12-28 13:41:25.870  3140  3259 D SurfaceAnimationRunner: onAnimationEnd:Surface(name=Dim Layer for - Task=12531)/@0x94e3ad5
12-28 13:41:25.896  5940  5947 I Quality : GCInfo: com.qx.ajserver,50-2.921s-2.780s-12.862ms-3365KB-3536KB-3935KB-0-177435.688s,1,1,50-2.921s-2.780s-12.862ms-3365KB-3536KB-3935KB
12-28 13:41:26.398  3140  4604 D OplusAlarmAdjustment: alignAlarmsByUid(), uid=10344, pkgName=com.tencent.mobileqq, actions=null, procs=null, requester=1
12-28 13:41:26.399  3140  3297 D OplusAlarmAdjustMap: addAlignUid, uid=10344, pkgName=com.tencent.mobileqq, requester=1, mode=1
12-28 13:41:26.832  3140  3140 D PowerManagerService: userActivityNoUpdateLocked: groupId=0, eventTime=177436622, event=other, flags=0x0, uid=1000
12-28 13:41:26.837  3140  3919 D PowerManagerService: userActivityNoUpdateLocked: groupId=0, eventTime=177436622, event=touch, flags=0x0, uid=1000
12-28 13:41:26.870  3140  3140 D PowerManagerService: userActivityNoUpdateLocked: groupId=0, eventTime=177436660, event=other, flags=0x0, uid=1000
12-28 13:41:26.886  3140  4310 D CoreBackPreview: Window{9cdf0a9 u0 info.dvkr.screenstream.dev/info.dvkr.screenstream.SingleActivity}: Setting back callback null
12-28 13:41:26.900  3140  5491 D WindowManager: setFrameRateStart invalid typeId return!
12-28 13:41:26.901  3140  5491 D WindowManager: NFW_findFocusedWindowIfNeeded:Window{6f92238 u0 info.dvkr.screenstream.dev/info.dvkr.screenstream.SingleActivity} mCurrentFocus:Window{9cdf0a9 u0 info.dvkr.screenstream.dev/info.dvkr.screenstream.SingleActivity EXITING}
12-28 13:41:26.901  3140  5491 V WindowManager: Changing focus from Window{9cdf0a9 u0 info.dvkr.screenstream.dev/info.dvkr.screenstream.SingleActivity EXITING} to Window{6f92238 u0 info.dvkr.screenstream.dev/info.dvkr.screenstream.SingleActivity},diplayid=0
12-28 13:41:26.902  3140  3303 D VRR [OPlusRefreshRateService]: Receive multi scene changed eventId = 5 bundleList.size = 3
12-28 13:41:26.902  3140  5491 D WindowManager: setFrameRateStart invalid typeId return!
12-28 13:41:26.903  3140  5491 D WindowManager: setFrameRateStart invalid typeId return!
12-28 13:41:26.907  3140  3259 D SurfaceAnimationRunner: onAnimationStart:Surface(name=Surface(name=9cdf0a9 info.dvkr.screenstream.dev/info.dvkr.screenstream.SingleActivity)/@0xb322163 - animation-leash of window_animation)/@0xfa324ba
12-28 13:41:26.916  3140  3256 V WindowManager: Unknown focus tokens, dropping reportFocusChanged
12-28 13:41:26.924  3140  3259 D SurfaceAnimationRunner: onAnimationStart:Surface(name=Dim Layer for - Task=12531)/@0x94e3ad5
12-28 13:41:26.934  3140  3930 D InputMethodManagerService: isSecurity: attribute.packageName = info.dvkr.screenstream.dev mCurMethodId = com.sohu.inputmethod.sogouoem/.SogouIME isSecurity = false ( enable = true needShow = false inBlackList = false isExist = true )
12-28 13:41:26.940  3140  5498 D WindowManager: setFrameRateStart invalid typeId return!
12-28 13:41:27.057  3140  3259 D SurfaceAnimationRunner: onAnimationEnd:Surface(name=Surface(name=9cdf0a9 info.dvkr.screenstream.dev/info.dvkr.screenstream.SingleActivity)/@0xb322163 - animation-leash of window_animation)/@0xfa324ba
12-28 13:41:27.058  3140  3257 I WindowManager: Window{9cdf0a9 u0 info.dvkr.screenstream.dev/info.dvkr.screenstream.SingleActivity EXITING} state from HAS_DRAWN to NO_SURFACE; reason: destroySurface
12-28 13:41:27.066  3140  3268 W UserAwareMgr: event can not be released, id: 5005, count: 2, releasePid: 3140
12-28 13:41:27.073  3140  3259 D SurfaceAnimationRunner: onAnimationEnd:Surface(name=Dim Layer for - Task=12531)/@0x94e3ad5
12-28 13:41:27.374  3140  3254 D WindowManager: rotation(ROTATION_0) no changed  displayId = 0, lastOrientation = -1
12-28 13:41:27.887  3140  3140 D PowerManagerService: userActivityNoUpdateLocked: groupId=0, eventTime=177437677, event=other, flags=0x0, uid=1000
12-28 13:41:27.891  3140  3919 D PowerManagerService: userActivityNoUpdateLocked: groupId=0, eventTime=177437677, event=touch, flags=0x0, uid=1000
12-28 13:41:27.908  3140  3140 D PowerManagerService: userActivityNoUpdateLocked: groupId=0, eventTime=177437699, event=other, flags=0x0, uid=1000
12-28 13:41:27.916  3140  3140 D PowerManagerService: userActivityNoUpdateLocked: groupId=0, eventTime=177437707, event=other, flags=0x0, uid=1000
12-28 13:41:27.924  3140  3140 D PowerManagerService: userActivityNoUpdateLocked: groupId=0, eventTime=177437715, event=other, flags=0x0, uid=1000
12-28 13:41:27.932  3140  3140 D PowerManagerService: userActivityNoUpdateLocked: groupId=0, eventTime=177437723, event=other, flags=0x0, uid=1000
12-28 13:41:27.940  3140  3140 D PowerManagerService: userActivityNoUpdateLocked: groupId=0, eventTime=177437731, event=other, flags=0x0, uid=1000
12-28 13:41:27.948  3140  3140 D PowerManagerService: userActivityNoUpdateLocked: groupId=0, eventTime=177437739, event=other, flags=0x0, uid=1000
12-28 13:41:27.956  3140  3140 D PowerManagerService: userActivityNoUpdateLocked: groupId=0, eventTime=177437747, event=other, flags=0x0, uid=1000
12-28 13:41:27.964  3140  3140 D PowerManagerService: userActivityNoUpdateLocked: groupId=0, eventTime=177437755, event=other, flags=0x0, uid=1000
12-28 13:41:27.972  3140  3140 D PowerManagerService: userActivityNoUpdateLocked: groupId=0, eventTime=177437763, event=other, flags=0x0, uid=1000
12-28 13:41:28.158  3140  3140 D PowerManagerService: userActivityNoUpdateLocked: groupId=0, eventTime=177437949, event=other, flags=0x0, uid=1000
12-28 13:41:28.161  3140  3919 D PowerManagerService: userActivityNoUpdateLocked: groupId=0, eventTime=177437949, event=touch, flags=0x0, uid=1000
12-28 13:41:28.174  3140  3140 D PowerManagerService: userActivityNoUpdateLocked: groupId=0, eventTime=177437965, event=other, flags=0x0, uid=1000
12-28 13:41:28.182  3140  3140 D PowerManagerService: userActivityNoUpdateLocked: groupId=0, eventTime=177437973, event=other, flags=0x0, uid=1000
12-28 13:41:28.190  3140  3140 D PowerManagerService: userActivityNoUpdateLocked: groupId=0, eventTime=177437981, event=other, flags=0x0, uid=1000
12-28 13:41:28.198  3140  3140 D PowerManagerService: userActivityNoUpdateLocked: groupId=0, eventTime=177437989, event=other, flags=0x0, uid=1000
12-28 13:41:28.206  3140  3140 D PowerManagerService: userActivityNoUpdateLocked: groupId=0, eventTime=177437997, event=other, flags=0x0, uid=1000
12-28 13:41:28.214  3140  3140 D PowerManagerService: userActivityNoUpdateLocked: groupId=0, eventTime=177438005, event=other, flags=0x0, uid=1000
12-28 13:41:28.222  3140  3140 D PowerManagerService: userActivityNoUpdateLocked: groupId=0, eventTime=177438013, event=other, flags=0x0, uid=1000
12-28 13:41:28.230  3140  3140 D PowerManagerService: userActivityNoUpdateLocked: groupId=0, eventTime=177438022, event=other, flags=0x0, uid=1000
12-28 13:41:28.239  3140  3140 D PowerManagerService: userActivityNoUpdateLocked: groupId=0, eventTime=177438030, event=other, flags=0x0, uid=1000
12-28 13:41:28.246  3140  3140 D PowerManagerService: userActivityNoUpdateLocked: groupId=0, eventTime=177438037, event=other, flags=0x0, uid=1000
12-28 13:41:28.456  3140  3140 D PowerManagerService: userActivityNoUpdateLocked: groupId=0, eventTime=177438247, event=other, flags=0x0, uid=1000
12-28 13:41:28.458  3140  3919 D PowerManagerService: userActivityNoUpdateLocked: groupId=0, eventTime=177438247, event=touch, flags=0x0, uid=1000
12-28 13:41:28.473  3140  3140 D PowerManagerService: userActivityNoUpdateLocked: groupId=0, eventTime=177438264, event=other, flags=0x0, uid=1000
12-28 13:41:28.480  3140  3140 D PowerManagerService: userActivityNoUpdateLocked: groupId=0, eventTime=177438272, event=other, flags=0x0, uid=1000
12-28 13:41:28.489  3140  3140 D PowerManagerService: userActivityNoUpdateLocked: groupId=0, eventTime=177438280, event=other, flags=0x0, uid=1000
12-28 13:41:28.496  3140  3140 D PowerManagerService: userActivityNoUpdateLocked: groupId=0, eventTime=177438288, event=other, flags=0x0, uid=1000
12-28 13:41:28.505  3140  3140 D PowerManagerService: userActivityNoUpdateLocked: groupId=0, eventTime=177438296, event=other, flags=0x0, uid=1000
12-28 13:41:28.512  3140  3140 D PowerManagerService: userActivityNoUpdateLocked: groupId=0, eventTime=177438304, event=other, flags=0x0, uid=1000
12-28 13:41:28.521  3140  3140 D PowerManagerService: userActivityNoUpdateLocked: groupId=0, eventTime=177438312, event=other, flags=0x0, uid=1000
12-28 13:41:28.529  3140  3140 D PowerManagerService: userActivityNoUpdateLocked: groupId=0, eventTime=177438320, event=other, flags=0x0, uid=1000
12-28 13:41:28.537  3140  3140 D PowerManagerService: userActivityNoUpdateLocked: groupId=0, eventTime=177438328, event=other, flags=0x0, uid=1000
12-28 13:41:28.546  3140  3140 D PowerManagerService: userActivityNoUpdateLocked: groupId=0, eventTime=177438337, event=other, flags=0x0, uid=1000
12-28 13:41:28.553  3140  3140 D PowerManagerService: userActivityNoUpdateLocked: groupId=0, eventTime=177438344, event=other, flags=0x0, uid=1000
12-28 13:41:28.561  3140  3140 D PowerManagerService: userActivityNoUpdateLocked: groupId=0, eventTime=177438353, event=other, flags=0x0, uid=1000
12-28 13:41:28.563  3140  3919 D PowerManagerService: userActivityNoUpdateLocked: groupId=0, eventTime=177438353, event=touch, flags=0x0, uid=1000
12-28 13:41:28.569  3140  3140 D PowerManagerService: userActivityNoUpdateLocked: groupId=0, eventTime=177438360, event=other, flags=0x0, uid=1000
12-28 13:41:28.577  3140  3140 D PowerManagerService: userActivityNoUpdateLocked: groupId=0, eventTime=177438369, event=other, flags=0x0, uid=1000
12-28 13:41:28.585  3140  3140 D PowerManagerService: userActivityNoUpdateLocked: groupId=0, eventTime=177438377, event=other, flags=0x0, uid=1000
12-28 13:41:28.593  3140  3140 D PowerManagerService: userActivityNoUpdateLocked: groupId=0, eventTime=177438385, event=other, flags=0x0, uid=1000
12-28 13:41:28.601  3140  3140 D PowerManagerService: userActivityNoUpdateLocked: groupId=0, eventTime=177438393, event=other, flags=0x0, uid=1000
12-28 13:41:28.610  3140  3140 D PowerManagerService: userActivityNoUpdateLocked: groupId=0, eventTime=177438401, event=other, flags=0x0, uid=1000
12-28 13:41:28.618  3140  3140 D PowerManagerService: userActivityNoUpdateLocked: groupId=0, eventTime=177438409, event=other, flags=0x0, uid=1000
12-28 13:41:28.625  3140  3140 D PowerManagerService: userActivityNoUpdateLocked: groupId=0, eventTime=177438417, event=other, flags=0x0, uid=1000
12-28 13:41:28.634  3140  3140 D PowerManagerService: userActivityNoUpdateLocked: groupId=0, eventTime=177438425, event=other, flags=0x0, uid=1000
12-28 13:41:28.642  3140  3140 D PowerManagerService: userActivityNoUpdateLocked: groupId=0, eventTime=177438433, event=other, flags=0x0, uid=1000
12-28 13:41:28.650  3140  3140 D PowerManagerService: userActivityNoUpdateLocked: groupId=0, eventTime=177438441, event=other, flags=0x0, uid=1000
12-28 13:41:28.658  3140  3140 D PowerManagerService: userActivityNoUpdateLocked: groupId=0, eventTime=177438449, event=other, flags=0x0, uid=1000
12-28 13:41:28.666  3140  3140 D PowerManagerService: userActivityNoUpdateLocked: groupId=0, eventTime=177438457, event=other, flags=0x0, uid=1000
12-28 13:41:28.668  3140  3919 D PowerManagerService: userActivityNoUpdateLocked: groupId=0, eventTime=177438457, event=touch, flags=0x0, uid=1000
12-28 13:41:28.674  3140  3140 D PowerManagerService: userActivityNoUpdateLocked: groupId=0, eventTime=177438465, event=other, flags=0x0, uid=1000
12-28 13:41:28.682  3140  3140 D PowerManagerService: userActivityNoUpdateLocked: groupId=0, eventTime=177438474, event=other, flags=0x0, uid=1000
12-28 13:41:28.690  3140  3140 D PowerManagerService: userActivityNoUpdateLocked: groupId=0, eventTime=177438482, event=other, flags=0x0, uid=1000
12-28 13:41:28.699  3140  3140 D PowerManagerService: userActivityNoUpdateLocked: groupId=0, eventTime=177438490, event=other, flags=0x0, uid=1000
12-28 13:41:28.707  3140  3140 D PowerManagerService: userActivityNoUpdateLocked: groupId=0, eventTime=177438498, event=other, flags=0x0, uid=1000
12-28 13:41:28.715  3140  3140 D PowerManagerService: userActivityNoUpdateLocked: groupId=0, eventTime=177438506, event=other, flags=0x0, uid=1000
12-28 13:41:28.878  3140  3140 D PowerManagerService: userActivityNoUpdateLocked: groupId=0, eventTime=177438668, event=other, flags=0x0, uid=1000
12-28 13:41:28.881  3140  3919 D PowerManagerService: userActivityNoUpdateLocked: groupId=0, eventTime=177438668, event=touch, flags=0x0, uid=1000
12-28 13:41:28.900  3140  3140 D PowerManagerService: userActivityNoUpdateLocked: groupId=0, eventTime=177438691, event=other, flags=0x0, uid=1000
12-28 13:41:28.917  3140  3140 D PowerManagerService: userActivityNoUpdateLocked: groupId=0, eventTime=177438707, event=other, flags=0x0, uid=1000
12-28 13:41:28.924  3140  3140 D PowerManagerService: userActivityNoUpdateLocked: groupId=0, eventTime=177438716, event=other, flags=0x0, uid=1000
12-28 13:41:28.933  3140  3140 D PowerManagerService: userActivityNoUpdateLocked: groupId=0, eventTime=177438724, event=other, flags=0x0, uid=1000
12-28 13:41:28.941  3140  3140 D PowerManagerService: userActivityNoUpdateLocked: groupId=0, eventTime=177438732, event=other, flags=0x0, uid=1000
12-28 13:41:28.949  3140  3140 D PowerManagerService: userActivityNoUpdateLocked: groupId=0, eventTime=177438740, event=other, flags=0x0, uid=1000
12-28 13:41:28.957  3140  3140 D PowerManagerService: userActivityNoUpdateLocked: groupId=0, eventTime=177438748, event=other, flags=0x0, uid=1000
12-28 13:41:28.965  3140  3140 D PowerManagerService: userActivityNoUpdateLocked: groupId=0, eventTime=177438756, event=other, flags=0x0, uid=1000
12-28 13:41:28.973  3140  3140 D PowerManagerService: userActivityNoUpdateLocked: groupId=0, eventTime=177438764, event=other, flags=0x0, uid=1000
12-28 13:41:28.981  3140  3140 D PowerManagerService: userActivityNoUpdateLocked: groupId=0, eventTime=177438772, event=other, flags=0x0, uid=1000
12-28 13:41:28.984  3140  3919 D PowerManagerService: userActivityNoUpdateLocked: groupId=0, eventTime=177438772, event=touch, flags=0x0, uid=1000
12-28 13:41:28.989  3140  3140 D PowerManagerService: userActivityNoUpdateLocked: groupId=0, eventTime=177438780, event=other, flags=0x0, uid=1000
12-28 13:41:28.998  3140  3140 D PowerManagerService: userActivityNoUpdateLocked: groupId=0, eventTime=177438789, event=other, flags=0x0, uid=1000
12-28 13:41:29.006  3140  3140 D PowerManagerService: userActivityNoUpdateLocked: groupId=0, eventTime=177438797, event=other, flags=0x0, uid=1000
12-28 13:41:29.014  3140  3140 D PowerManagerService: userActivityNoUpdateLocked: groupId=0, eventTime=177438805, event=other, flags=0x0, uid=1000
12-28 13:41:29.021  3140  3140 D PowerManagerService: userActivityNoUpdateLocked: groupId=0, eventTime=177438813, event=other, flags=0x0, uid=1000
12-28 13:41:29.029  3140  3140 D PowerManagerService: userActivityNoUpdateLocked: groupId=0, eventTime=177438821, event=other, flags=0x0, uid=1000
12-28 13:41:29.037  3140  3140 D PowerManagerService: userActivityNoUpdateLocked: groupId=0, eventTime=177438829, event=other, flags=0x0, uid=1000
12-28 13:41:29.045  3140  3140 D PowerManagerService: userActivityNoUpdateLocked: groupId=0, eventTime=177438837, event=other, flags=0x0, uid=1000
12-28 13:41:29.053  3140  3140 D PowerManagerService: userActivityNoUpdateLocked: groupId=0, eventTime=177438845, event=other, flags=0x0, uid=1000
12-28 13:41:29.062  3140  3140 D PowerManagerService: userActivityNoUpdateLocked: groupId=0, eventTime=177438853, event=other, flags=0x0, uid=1000
12-28 13:41:29.070  3140  3140 D PowerManagerService: userActivityNoUpdateLocked: groupId=0, eventTime=177438861, event=other, flags=0x0, uid=1000
12-28 13:41:29.078  3140  3140 D PowerManagerService: userActivityNoUpdateLocked: groupId=0, eventTime=177438869, event=other, flags=0x0, uid=1000
12-28 13:41:29.086  3140  3140 D PowerManagerService: userActivityNoUpdateLocked: groupId=0, eventTime=177438877, event=other, flags=0x0, uid=1000
12-28 13:41:29.087  3140  3919 D PowerManagerService: userActivityNoUpdateLocked: groupId=0, eventTime=177438877, event=touch, flags=0x0, uid=1000
12-28 13:41:29.094  3140  3140 D PowerManagerService: userActivityNoUpdateLocked: groupId=0, eventTime=177438886, event=other, flags=0x0, uid=1000
12-28 13:41:29.102  3140  3140 D PowerManagerService: userActivityNoUpdateLocked: groupId=0, eventTime=177438893, event=other, flags=0x0, uid=1000
12-28 13:41:29.110  3140  3140 D PowerManagerService: userActivityNoUpdateLocked: groupId=0, eventTime=177438901, event=other, flags=0x0, uid=1000
12-28 13:41:29.118  3140  3140 D PowerManagerService: userActivityNoUpdateLocked: groupId=0, eventTime=177438909, event=other, flags=0x0, uid=1000
12-28 13:41:29.126  3140  3140 D PowerManagerService: userActivityNoUpdateLocked: groupId=0, eventTime=177438918, event=other, flags=0x0, uid=1000
12-28 13:41:29.134  3140  3140 D PowerManagerService: userActivityNoUpdateLocked: groupId=0, eventTime=177438926, event=other, flags=0x0, uid=1000
12-28 13:41:29.143  3140  3140 D PowerManagerService: userActivityNoUpdateLocked: groupId=0, eventTime=177438934, event=other, flags=0x0, uid=1000
12-28 13:41:29.151  3140  3140 D PowerManagerService: userActivityNoUpdateLocked: groupId=0, eventTime=177438942, event=other, flags=0x0, uid=1000
12-28 13:41:29.159  3140  3140 D PowerManagerService: userActivityNoUpdateLocked: groupId=0, eventTime=177438950, event=other, flags=0x0, uid=1000
12-28 13:41:29.167  3140  3140 D PowerManagerService: userActivityNoUpdateLocked: groupId=0, eventTime=177438958, event=other, flags=0x0, uid=1000
12-28 13:41:29.176  3140  3140 D PowerManagerService: userActivityNoUpdateLocked: groupId=0, eventTime=177438967, event=other, flags=0x0, uid=1000
12-28 13:41:29.183  3140  3140 D PowerManagerService: userActivityNoUpdateLocked: groupId=0, eventTime=177438974, event=other, flags=0x0, uid=1000
12-28 13:41:29.191  3140  3140 D PowerManagerService: userActivityNoUpdateLocked: groupId=0, eventTime=177438982, event=other, flags=0x0, uid=1000
12-28 13:41:29.193  3140  3919 D PowerManagerService: userActivityNoUpdateLocked: groupId=0, eventTime=177438982, event=touch, flags=0x0, uid=1000
12-28 13:41:29.199  3140  3140 D PowerManagerService: userActivityNoUpdateLocked: groupId=0, eventTime=177438990, event=other, flags=0x0, uid=1000
12-28 13:41:29.207  3140  3140 D PowerManagerService: userActivityNoUpdateLocked: groupId=0, eventTime=177438998, event=other, flags=0x0, uid=1000
12-28 13:41:29.215  3140  3140 D PowerManagerService: userActivityNoUpdateLocked: groupId=0, eventTime=177439006, event=other, flags=0x0, uid=1000
12-28 13:41:29.223  3140  3140 D PowerManagerService: userActivityNoUpdateLocked: groupId=0, eventTime=177439014, event=other, flags=0x0, uid=1000
12-28 13:41:29.231  3140  3140 D PowerManagerService: userActivityNoUpdateLocked: groupId=0, eventTime=177439022, event=other, flags=0x0, uid=1000
12-28 13:41:29.239  3140  3140 D PowerManagerService: userActivityNoUpdateLocked: groupId=0, eventTime=177439030, event=other, flags=0x0, uid=1000
12-28 13:41:29.248  3140  3140 D PowerManagerService: userActivityNoUpdateLocked: groupId=0, eventTime=177439039, event=other, flags=0x0, uid=1000
12-28 13:41:29.256  3140  3140 D PowerManagerService: userActivityNoUpdateLocked: groupId=0, eventTime=177439047, event=other, flags=0x0, uid=1000
12-28 13:41:29.263  3140  3140 D PowerManagerService: userActivityNoUpdateLocked: groupId=0, eventTime=177439055, event=other, flags=0x0, uid=1000
12-28 13:41:29.272  3140  3140 D PowerManagerService: userActivityNoUpdateLocked: groupId=0, eventTime=177439063, event=other, flags=0x0, uid=1000
12-28 13:41:29.280  3140  3140 D PowerManagerService: userActivityNoUpdateLocked: groupId=0, eventTime=177439071, event=other, flags=0x0, uid=1000
12-28 13:41:29.288  3140  3140 D PowerManagerService: userActivityNoUpdateLocked: groupId=0, eventTime=177439079, event=other, flags=0x0, uid=1000
12-28 13:41:29.296  3140  3140 D PowerManagerService: userActivityNoUpdateLocked: groupId=0, eventTime=177439087, event=other, flags=0x0, uid=1000
12-28 13:41:29.299  3140  3919 D PowerManagerService: userActivityNoUpdateLocked: groupId=0, eventTime=177439087, event=touch, flags=0x0, uid=1000
12-28 13:41:29.304  3140  3140 D PowerManagerService: userActivityNoUpdateLocked: groupId=0, eventTime=177439095, event=other, flags=0x0, uid=1000
12-28 13:41:29.313  3140  3140 D PowerManagerService: userActivityNoUpdateLocked: groupId=0, eventTime=177439103, event=other, flags=0x0, uid=1000
12-28 13:41:29.320  3140  3140 D PowerManagerService: userActivityNoUpdateLocked: groupId=0, eventTime=177439111, event=other, flags=0x0, uid=1000
12-28 13:41:29.328  3140  3140 D PowerManagerService: userActivityNoUpdateLocked: groupId=0, eventTime=177439119, event=other, flags=0x0, uid=1000
12-28 13:41:29.336  3140  3140 D PowerManagerService: userActivityNoUpdateLocked: groupId=0, eventTime=177439127, event=other, flags=0x0, uid=1000
12-28 13:41:29.344  3140  3140 D PowerManagerService: userActivityNoUpdateLocked: groupId=0, eventTime=177439135, event=other, flags=0x0, uid=1000
12-28 13:41:29.352  3140  3140 D PowerManagerService: userActivityNoUpdateLocked: groupId=0, eventTime=177439144, event=other, flags=0x0, uid=1000
12-28 13:41:29.360  3140  3140 D PowerManagerService: userActivityNoUpdateLocked: groupId=0, eventTime=177439152, event=other, flags=0x0, uid=1000
12-28 13:41:29.368  3140  3140 D PowerManagerService: userActivityNoUpdateLocked: groupId=0, eventTime=177439160, event=other, flags=0x0, uid=1000
12-28 13:41:29.376  3140  3140 D PowerManagerService: userActivityNoUpdateLocked: groupId=0, eventTime=177439168, event=other, flags=0x0, uid=1000
12-28 13:41:29.468  3140  3140 D PowerManagerService: userActivityNoUpdateLocked: groupId=0, eventTime=177439257, event=other, flags=0x0, uid=1000
12-28 13:41:29.473  3140  3919 D PowerManagerService: userActivityNoUpdateLocked: groupId=0, eventTime=177439257, event=touch, flags=0x0, uid=1000
12-28 13:41:29.490  3140  3140 D PowerManagerService: userActivityNoUpdateLocked: groupId=0, eventTime=177439281, event=other, flags=0x0, uid=1000
12-28 13:41:29.498  3140  3140 D PowerManagerService: userActivityNoUpdateLocked: groupId=0, eventTime=177439289, event=other, flags=0x0, uid=1000
12-28 13:41:29.514  3140  3140 D PowerManagerService: userActivityNoUpdateLocked: groupId=0, eventTime=177439305, event=other, flags=0x0, uid=1000
12-28 13:41:29.526  3140  4604 D OplusAlarmAdjustment: alignAlarmsByUid(), uid=10296, pkgName=com.nearme.gamecenter, actions=null, procs=null, requester=1
12-28 13:41:29.527  3140  3297 D OplusAlarmAdjustMap: addAlignUid, uid=10296, pkgName=com.nearme.gamecenter, requester=1, mode=1
12-28 13:41:29.530  3140  3140 D PowerManagerService: userActivityNoUpdateLocked: groupId=0, eventTime=177439321, event=other, flags=0x0, uid=1000
12-28 13:41:29.538  3140  3140 D PowerManagerService: userActivityNoUpdateLocked: groupId=0, eventTime=177439329, event=other, flags=0x0, uid=1000
12-28 13:41:29.546  3140  3140 D PowerManagerService: userActivityNoUpdateLocked: groupId=0, eventTime=177439337, event=other, flags=0x0, uid=1000
12-28 13:41:29.554  3140  3140 D PowerManagerService: userActivityNoUpdateLocked: groupId=0, eventTime=177439345, event=other, flags=0x0, uid=1000
12-28 13:41:29.562  3140  3140 D PowerManagerService: userActivityNoUpdateLocked: groupId=0, eventTime=177439354, event=other, flags=0x0, uid=1000
12-28 13:41:29.571  3140  3140 D PowerManagerService: userActivityNoUpdateLocked: groupId=0, eventTime=177439362, event=other, flags=0x0, uid=1000
12-28 13:41:29.573  3140  3919 D PowerManagerService: userActivityNoUpdateLocked: groupId=0, eventTime=177439362, event=touch, flags=0x0, uid=1000
12-28 13:41:29.578  3140  3140 D PowerManagerService: userActivityNoUpdateLocked: groupId=0, eventTime=177439370, event=other, flags=0x0, uid=1000
12-28 13:41:29.586  3140  3140 D PowerManagerService: userActivityNoUpdateLocked: groupId=0, eventTime=177439378, event=other, flags=0x0, uid=1000
12-28 13:41:29.595  3140  3140 D PowerManagerService: userActivityNoUpdateLocked: groupId=0, eventTime=177439386, event=other, flags=0x0, uid=1000
12-28 13:41:29.603  3140  3140 D PowerManagerService: userActivityNoUpdateLocked: groupId=0, eventTime=177439394, event=other, flags=0x0, uid=1000
12-28 13:41:29.611  3140  3140 D PowerManagerService: userActivityNoUpdateLocked: groupId=0, eventTime=177439402, event=other, flags=0x0, uid=1000
12-28 13:41:29.619  3140  3140 D PowerManagerService: userActivityNoUpdateLocked: groupId=0, eventTime=177439410, event=other, flags=0x0, uid=1000
12-28 13:41:29.627  3140  3140 D PowerManagerService: userActivityNoUpdateLocked: groupId=0, eventTime=177439418, event=other, flags=0x0, uid=1000
12-28 13:41:29.635  3140  3140 D PowerManagerService: userActivityNoUpdateLocked: groupId=0, eventTime=177439426, event=other, flags=0x0, uid=1000
12-28 13:41:29.643  3140  3140 D PowerManagerService: userActivityNoUpdateLocked: groupId=0, eventTime=177439434, event=other, flags=0x0, uid=1000
12-28 13:41:29.651  3140  3140 D PowerManagerService: userActivityNoUpdateLocked: groupId=0, eventTime=177439442, event=other, flags=0x0, uid=1000
12-28 13:41:29.659  3140  3140 D PowerManagerService: userActivityNoUpdateLocked: groupId=0, eventTime=177439450, event=other, flags=0x0, uid=1000
12-28 13:41:29.667  3140  3140 D PowerManagerService: userActivityNoUpdateLocked: groupId=0, eventTime=177439458, event=other, flags=0x0, uid=1000
12-28 13:41:29.675  3140  3140 D PowerManagerService: userActivityNoUpdateLocked: groupId=0, eventTime=177439467, event=other, flags=0x0, uid=1000
12-28 13:41:29.677  3140  3919 D PowerManagerService: userActivityNoUpdateLocked: groupId=0, eventTime=177439467, event=touch, flags=0x0, uid=1000
12-28 13:41:29.683  3140  3140 D PowerManagerService: userActivityNoUpdateLocked: groupId=0, eventTime=177439475, event=other, flags=0x0, uid=1000
12-28 13:41:29.691  3140  3140 D PowerManagerService: userActivityNoUpdateLocked: groupId=0, eventTime=177439483, event=other, flags=0x0, uid=1000
12-28 13:41:29.699  3140  3140 D PowerManagerService: userActivityNoUpdateLocked: groupId=0, eventTime=177439491, event=other, flags=0x0, uid=1000
12-28 13:41:29.707  3140  3140 D PowerManagerService: userActivityNoUpdateLocked: groupId=0, eventTime=177439499, event=other, flags=0x0, uid=1000
12-28 13:41:29.716  3140  3140 D PowerManagerService: userActivityNoUpdateLocked: groupId=0, eventTime=177439507, event=other, flags=0x0, uid=1000
12-28 13:41:29.724  3140  3140 D PowerManagerService: userActivityNoUpdateLocked: groupId=0, eventTime=177439515, event=other, flags=0x0, uid=1000
12-28 13:41:29.732  3140  3140 D PowerManagerService: userActivityNoUpdateLocked: groupId=0, eventTime=177439523, event=other, flags=0x0, uid=1000
12-28 13:41:29.740  3140  3140 D PowerManagerService: userActivityNoUpdateLocked: groupId=0, eventTime=177439531, event=other, flags=0x0, uid=1000
12-28 13:41:29.748  3140  3140 D PowerManagerService: userActivityNoUpdateLocked: groupId=0, eventTime=177439539, event=other, flags=0x0, uid=1000
12-28 13:41:29.756  3140  3140 D PowerManagerService: userActivityNoUpdateLocked: groupId=0, eventTime=177439547, event=other, flags=0x0, uid=1000
12-28 13:41:29.764  3140  3140 D PowerManagerService: userActivityNoUpdateLocked: groupId=0, eventTime=177439555, event=other, flags=0x0, uid=1000
12-28 13:41:29.772  3140  3140 D PowerManagerService: userActivityNoUpdateLocked: groupId=0, eventTime=177439563, event=other, flags=0x0, uid=1000
12-28 13:41:29.780  3140  3140 D PowerManagerService: userActivityNoUpdateLocked: groupId=0, eventTime=177439572, event=other, flags=0x0, uid=1000
12-28 13:41:29.783  3140  3919 D PowerManagerService: userActivityNoUpdateLocked: groupId=0, eventTime=177439572, event=touch, flags=0x0, uid=1000
12-28 13:41:29.789  3140  3140 D PowerManagerService: userActivityNoUpdateLocked: groupId=0, eventTime=177439580, event=other, flags=0x0, uid=1000
12-28 13:41:29.796  3140  3140 D PowerManagerService: userActivityNoUpdateLocked: groupId=0, eventTime=177439588, event=other, flags=0x0, uid=1000
12-28 13:41:29.804  3140  3140 D PowerManagerService: userActivityNoUpdateLocked: groupId=0, eventTime=177439596, event=other, flags=0x0, uid=1000
12-28 13:41:29.812  3140  3140 D PowerManagerService: userActivityNoUpdateLocked: groupId=0, eventTime=177439603, event=other, flags=0x0, uid=1000
12-28 13:41:30.334  3140  3254 D OplusGameRotationService: stopRotationInGame: check windowContainer = ActivityRecord{2d00400 u0 info.dvkr.screenstream.dev/info.dvkr.screenstream.SingleActivity t12531}
12-28 13:41:30.334  3140  3254 D OplusGameRotationService: stopRotationInGame: stop lock rotation, another app request the rotation.
12-28 13:41:30.334  3140  3254 D Putt:manager: stopRotationInPutt, the current rotating task displayId = 0, and taskId = 12531
12-28 13:41:30.334  3140  3254 I WindowManager: Display id 0 rotation changed to ROTATION_90 (1) from ROTATION_0 (0), lastOrientation = SCREEN_ORIENTATION_UNSPECIFIED (-1) lastOrientationSource = ActivityRecord{2d00400 u0 info.dvkr.screenstream.dev/info.dvkr.screenstream.SingleActivity t12531}
12-28 13:41:30.338  4465  4493 V WindowManagerShell: Transition requested (#3313): android.os.BinderProxy@3b0c6c7 TransitionRequestInfo { type = CHANGE, triggerTask = null, pipTask = null, remoteTransition = null, displayChange = DisplayChange { displayId = 0, startAbsBounds = null, endAbsBounds = null, startRotation = 0, endRotation = 1, physicalDisplayChanged = false }, flags = 0, debugId = 3313 }
12-28 13:41:30.342  3140  3268 D UAF-VIP_RES: Enter vip group:transition-change, eventId:5002, tokenSize:5, result=false
12-28 13:41:30.345  4465  4493 D OneHandedDisplayAreaOrganizer: onRotateDisplay: called!!!
12-28 13:41:30.346  4465  4493 D OneHandedState: newState = 0
12-28 13:41:30.350  3140  3254 D AsyncRotation:  don't scheduleTimeout again ,this=com.android.server.wm.AsyncRotationController@c9a9dad
12-28 13:41:30.353  3140  3256 D DisplayManagerServiceExtImpl: scheduleTraversalLocked intraversal=false
12-28 13:41:30.353  3140  3256 I DisplayManagerServiceExtImpl: handle logical display changed logicalDisplay=id=0,stack=0,content=true,displayInfo{stack=0,type=1,id=0,uId=local:4630946358012694402,state=ON,pkg=null}
12-28 13:41:30.354  3140  3296 D BrightnessThermalClamper: Thermal status observer already started
12-28 13:41:30.354  3140  3296 D BrightnessPowerClamper: Power throttling data is missing for configuration data.
12-28 13:41:30.356  3140  3256 I ActivityTaskManager: Config changes=20000480 {1.0 ??mcc??mnc [zh_CN] ldltr sw360dp w804dp h360dp 480dpi nrml long hdr widecg land finger -keyb/v/h -nav/h winConfig={ mBounds=Rect(0, 0 - 2412, 1080) mAppBounds=Rect(0, 0 - 2412, 1080) mMaxBounds=Rect(0, 0 - 2412, 1080) mDisplayRotation=ROTATION_90 mWindowingMode=fullscreen mActivityType=undefined mAlwaysOnTop=undefined mRotation=ROTATION_90} s.21304 fontWeightAdjustment=0mThemeChanged= 0, mThemeChangedFlags= 0, mFlipFont= 0, mScenario= 0, mAccessibleChanged= -1, mUxIconConfig= 1163078655912968224, mMaterialColor= 0, mUserId= 0, mFontUserId= 0, mFontVariationSettings= 1226, mFoldingAngle = -1.0, mIconPackName= , mDarkModeBackgroundMaxL= 0.0, mDarkModeDialogBgMaxL= 27.0, mDarkModeForegroundMinL= 100.0, mOplusConfigType= 1, mOplusChangedConfigs= 0, OpSans= -1, mBurmeseFontFlag= 2, mFlag= 0, mFlexibleActivitySuitable= -1, mPuttDisplayFlag= -1} callers:com.android.server.wm.DisplayContent.updateDisplayOverrideConfigurationLocked:7457 com.android.server.wm.DisplayContent.updateDisplayOverrideConfigurationLocked:7435 com.android.server.wm.DisplayContent.sendNewConfiguration:1872 com.android.server.wm.Transition.applyDisplayChangeIfNeeded:3884 com.android.server.wm.WindowOrganizerController.applyTransaction:742 com.android.server.wm.WindowOrganizerController.applyTransaction:688 com.android.server.wm.WindowOrganizerController.lambda$startTransition$4:456 com.android.server.wm.WindowOrganizerController.$r8$lambda$OxMmVYZeM4xJh7uJ-Y5zE6BDr8Y:0 com.android.server.wm.WindowOrganizerController$$ExternalSyntheticLambda12.run:0 android.os.Handler.handleCallback:959 
12-28 13:41:30.364  3140  3259 D SurfaceAnimationRunner: onAnimationStart:Surface(name=Surface(name=WindowToken{5d2fb44 type=2000 android.os.BinderProxy@8f729d6})/@0xdaa5b83 - animation-leash of token_transform)/@0xa26bb71
12-28 13:41:30.364  3140  3259 D SurfaceAnimationRunner: onAnimationEnd:Surface(name=Surface(name=WindowToken{5d2fb44 type=2000 android.os.BinderProxy@8f729d6})/@0xdaa5b83 - animation-leash of token_transform)/@0xa26bb71
12-28 13:41:30.364  3140  3259 D SurfaceAnimationRunner: onAnimationStart:Surface(name=Surface(name=WindowToken{5496393 type=2032 android.os.Binder@ee082})/@0x8dd7f0e - animation-leash of token_transform)/@0xa02f1d7
12-28 13:41:30.364  3140  3259 D SurfaceAnimationRunner: onAnimationEnd:Surface(name=Surface(name=WindowToken{5496393 type=2032 android.os.Binder@ee082})/@0x8dd7f0e - animation-leash of token_transform)/@0xa02f1d7
12-28 13:41:30.364  3140  3259 D SurfaceAnimationRunner: onAnimationStart:Surface(name=Surface(name=WindowToken{eb0a781 type=2038 android.os.BinderProxy@c262768})/@0x69f6f32 - animation-leash of token_transform)/@0x86fc483
12-28 13:41:30.364  3140  3259 D SurfaceAnimationRunner: onAnimationEnd:Surface(name=Surface(name=WindowToken{eb0a781 type=2038 android.os.BinderProxy@c262768})/@0x69f6f32 - animation-leash of token_transform)/@0x86fc483
12-28 13:41:30.364  3140  3259 D SurfaceAnimationRunner: onAnimationStart:Surface(name=Surface(name=WindowToken{e15cfac type=2038 android.os.BinderProxy@c01795f})/@0xd6025df - animation-leash of token_transform)/@0x6f4422c
12-28 13:41:30.364  3140  3259 D SurfaceAnimationRunner: onAnimationEnd:Surface(name=Surface(name=WindowToken{e15cfac type=2038 android.os.BinderProxy@c01795f})/@0xd6025df - animation-leash of token_transform)/@0x6f4422c
12-28 13:41:30.365  3140  3259 D SurfaceAnimationRunner: onAnimationStart:Surface(name=Surface(name=WindowToken{e6aba82 type=2314 android.os.BinderProxy@9ba91cd})/@0x70c56ce - animation-leash of token_transform)/@0x6d07e39
12-28 13:41:30.365  3140  3259 D SurfaceAnimationRunner: onAnimationEnd:Surface(name=Surface(name=WindowToken{e6aba82 type=2314 android.os.BinderProxy@9ba91cd})/@0x70c56ce - animation-leash of token_transform)/@0x6d07e39
12-28 13:41:30.365  3140  3259 D SurfaceAnimationRunner: onAnimationStart:Surface(name=Surface(name=WindowToken{c73fa61 type=2038 android.os.BinderProxy@b2979c8})/@0x5b1b28a - animation-leash of token_transform)/@0x1cb40fb
12-28 13:41:30.365  3140  3259 D SurfaceAnimationRunner: onAnimationEnd:Surface(name=Surface(name=WindowToken{c73fa61 type=2038 android.os.BinderProxy@b2979c8})/@0x5b1b28a - animation-leash of token_transform)/@0x1cb40fb
12-28 13:41:30.365  3140  3256 D CompatChangeReporter: Compat change id reported: 151861875; UID 10177; state: ENABLED
12-28 13:41:30.366  3140  3256 D CompatChangeReporter: Compat change id reported: 151861875; UID 10150; state: ENABLED
12-28 13:41:30.366  3140  3256 D CompatChangeReporter: Compat change id reported: 151861875; UID 10187; state: ENABLED
12-28 13:41:30.367  3140  3256 D CompatChangeReporter: Compat change id reported: 151861875; UID 10116; state: ENABLED
12-28 13:41:30.367  3140  3256 D CompatChangeReporter: Compat change id reported: 151861875; UID 10182; state: ENABLED
12-28 13:41:30.367  3140  3256 D CompatChangeReporter: Compat change id reported: 151861875; UID 10064; state: ENABLED
12-28 13:41:30.368  3140  3256 D CompatChangeReporter: Compat change id reported: 151861875; UID 10082; state: ENABLED
12-28 13:41:30.368  3140  3256 D CompatChangeReporter: Compat change id reported: 151861875; UID 10099; state: ENABLED
12-28 13:41:30.368  3140  3256 D CompatChangeReporter: Compat change id reported: 151861875; UID 10112; state: ENABLED
12-28 13:41:30.370  3140  3256 D CompatChangeReporter: Compat change id reported: 151861875; UID 10096; state: ENABLED
12-28 13:41:30.386  3140  3256 D CompatChangeReporter: Compat change id reported: 151861875; UID 99910339; state: ENABLED
12-28 13:41:30.391  3140  3256 D CompatChangeReporter: Compat change id reported: 151861875; UID 10339; state: ENABLED
12-28 13:41:30.391  3140  3256 D CompatChangeReporter: Compat change id reported: 151861875; UID 10197; state: ENABLED
12-28 13:41:30.391  3140  3256 D CompatChangeReporter: Compat change id reported: 151861875; UID 10190; state: ENABLED
12-28 13:41:30.399  3140  3256 D CompatChangeReporter: Compat change id reported: 151861875; UID 10171; state: ENABLED
12-28 13:41:30.400  3140  3256 D CompatChangeReporter: Compat change id reported: 151861875; UID 10320; state: ENABLED
12-28 13:41:30.403  3140  3256 D CompatChangeReporter: Compat change id reported: 151861875; UID 10127; state: ENABLED
12-28 13:41:30.404  3140  3256 D CompatChangeReporter: Compat change id reported: 151861875; UID 10270; state: ENABLED
12-28 13:41:30.404  3140  3256 I WindowManager: Override config changes=20000480 {1.0 ??mcc??mnc [zh_CN] ldltr sw360dp w804dp h360dp 480dpi nrml long hdr widecg land finger -keyb/v/h -nav/h winConfig={ mBounds=Rect(0, 0 - 2412, 1080) mAppBounds=Rect(0, 0 - 2412, 1080) mMaxBounds=Rect(0, 0 - 2412, 1080) mDisplayRotation=ROTATION_90 mWindowingMode=fullscreen mActivityType=undefined mAlwaysOnTop=undefined mRotation=ROTATION_90} s.21304 fontWeightAdjustment=0mThemeChanged= 0, mThemeChangedFlags= 0, mFlipFont= 0, mScenario= 0, mAccessibleChanged= -1, mUxIconConfig= 1163078655912968224, mMaterialColor= 0, mUserId= 0, mFontUserId= 0, mFontVariationSettings= 1226, mFoldingAngle = -1.0, mIconPackName= , mDarkModeBackgroundMaxL= 0.0, mDarkModeDialogBgMaxL= 27.0, mDarkModeForegroundMinL= 100.0, mOplusConfigType= 1, mOplusChangedConfigs= 0, OpSans= -1, mBurmeseFontFlag= 2, mFlag= 0, mFlexibleActivitySuitable= -1, mPuttDisplayFlag= -1} for displayId=0
12-28 13:41:30.404  3140  4604 D OplusAlarmAdjustment: unalignAlarmsByUid(), uid=10296, pkgName=com.nearme.gamecenter, actions=null, procs=null, requester=1
12-28 13:41:30.404  3140  3297 D OplusAlarmAdjustMap: removeAlignUid, uid=10296, requester=1
12-28 13:41:30.411  4146  4146 I OplusIsolatedSystemService: [onConfigurationChanged]
12-28 13:41:30.411  4146  4146 I OplusSystemServiceManager: [configurationChange][this]com.oplus.exsystemservice.OplusSystemServiceManager@5b54d88
12-28 13:41:30.448  3140  3256 D OplusCompatModeManagerService:  onPreActivityRecordConfigurationChanged {1.0 ??mcc??mnc [zh_CN] ldltr sw360dp w804dp h360dp 480dpi nrml long hdr widecg land finger -keyb/v/h -nav/h winConfig={ mBounds=Rect(0, 0 - 2412, 1080) mAppBounds=Rect(0, 0 - 2412, 1080) mMaxBounds=Rect(0, 0 - 2412, 1080) mDisplayRotation=ROTATION_90 mWindowingMode=fullscreen mActivityType=standard mAlwaysOnTop=undefined mRotation=ROTATION_90} s.21304 fontWeightAdjustment=0mThemeChanged= 0, mThemeChangedFlags= 0, mFlipFont= 0, mScenario= 0, mAccessibleChanged= -1, mUxIconConfig= 1163078655912968224, mMaterialColor= 0, mUserId= 0, mFontUserId= 0, mFontVariationSettings= 1226, mFoldingAngle = -1.0, mIconPackName= , mDarkModeBackgroundMaxL= 0.0, mDarkModeDialogBgMaxL= 27.0, mDarkModeForegroundMinL= 100.0, mOplusConfigType= 1, mOplusChangedConfigs= 0, OpSans= -1, mBurmeseFontFlag= 2, mFlag= 0, mFlexibleActivitySuitable= -1, mPuttDisplayFlag= -1} compatModeValid: false
12-28 13:41:30.448  3140  3256 D OplusCompatModeManagerService:  getOverrideMinAspectRatioForCompatMode: 0.0 getRawOverrideMinAspectRatioForCompatMode: 0.0
12-28 13:41:30.448  3140  3256 D OplusCompatModeManagerService:  ar : ActivityRecord{2d00400 u0 info.dvkr.screenstream.dev/info.dvkr.screenstream.SingleActivity t12531} displayId:0 inCompatMode: false
12-28 13:41:30.448  3140  3256 D OplusCompatModeManagerService: isDefaultDisplay true oldRect: Rect(0, 0 - 1080, 2412) newRect Rect(0, 0 - 2412, 1080)
12-28 13:41:30.448  3140  3256 D OplusCompatModeManagerService: reloadCompactRatio mParWorldContainer.isEnabledParallelWindow(pkg):false,mParWorldContainer.isDisabledCompactWindow:false,isUIAutoLayout:false, isFullOrientation: false
12-28 13:41:30.449  3140  3256 D OplusCompatModeManagerService:  onPreActivityRecordConfigurationChanged {1.0 ??mcc??mnc [zh_CN] ldltr sw360dp w804dp h360dp 480dpi nrml long hdr widecg land finger -keyb/v/h -nav/h winConfig={ mBounds=Rect(0, 0 - 2412, 1080) mAppBounds=Rect(0, 0 - 2412, 1080) mMaxBounds=Rect(0, 0 - 2412, 1080) mDisplayRotation=ROTATION_90 mWindowingMode=fullscreen mActivityType=home mAlwaysOnTop=undefined mRotation=ROTATION_90} s.21304 fontWeightAdjustment=0mThemeChanged= 0, mThemeChangedFlags= 0, mFlipFont= 0, mScenario= 0, mAccessibleChanged= -1, mUxIconConfig= 1163078655912968224, mMaterialColor= 0, mUserId= 0, mFontUserId= 0, mFontVariationSettings= 1226, mFoldingAngle = -1.0, mIconPackName= , mDarkModeBackgroundMaxL= 0.0, mDarkModeDialogBgMaxL= 27.0, mDarkModeForegroundMinL= 100.0, mOplusConfigType= 1, mOplusChangedConfigs= 0, OpSans= -1, mBurmeseFontFlag= 2, mFlag= 0, mFlexibleActivitySuitable= -1, mPuttDisplayFlag= -1} compatModeValid: false
12-28 13:41:30.449  3140  3256 D OplusCompatModeManagerService:  getOverrideMinAspectRatioForCompatMode: 0.0 getRawOverrideMinAspectRatioForCompatMode: 0.0
12-28 13:41:30.449  3140  3256 D OplusCompatModeManagerService:  ar : ActivityRecord{408adb9 u0 com.microsoft.launcher/.Launcher t12130} displayId:0 inCompatMode: false
12-28 13:41:30.449  3140  3256 D OplusCompatModeManagerService: isDefaultDisplay true oldRect: Rect(0, 0 - 1080, 2412) newRect Rect(0, 0 - 2412, 1080)
12-28 13:41:30.449  3140  3256 D OplusCompatModeManagerService: reloadCompactRatio mParWorldContainer.isEnabledParallelWindow(pkg):false,mParWorldContainer.isDisabledCompactWindow:false,isUIAutoLayout:false, isFullOrientation: false
12-28 13:41:30.449  3140  3256 D OplusCompatModeManagerService:  onPreActivityRecordConfigurationChanged {1.0 ??mcc??mnc [zh_CN] ldltr sw360dp w804dp h360dp 480dpi nrml long hdr widecg land finger -keyb/v/h -nav/h winConfig={ mBounds=Rect(0, 0 - 2412, 1080) mAppBounds=Rect(0, 0 - 2412, 1080) mMaxBounds=Rect(0, 0 - 2412, 1080) mDisplayRotation=ROTATION_90 mWindowingMode=fullscreen mActivityType=recents mAlwaysOnTop=undefined mRotation=ROTATION_90} s.21304 fontWeightAdjustment=0mThemeChanged= 0, mThemeChangedFlags= 0, mFlipFont= 0, mScenario= 0, mAccessibleChanged= -1, mUxIconConfig= 1163078655912968224, mMaterialColor= 0, mUserId= 0, mFontUserId= 0, mFontVariationSettings= 1226, mFoldingAngle = -1.0, mIconPackName= , mDarkModeBackgroundMaxL= 0.0, mDarkModeDialogBgMaxL= 27.0, mDarkModeForegroundMinL= 100.0, mOplusConfigType= 1, mOplusChangedConfigs= 0, OpSans= -1, mBurmeseFontFlag= 2, mFlag= 0, mFlexibleActivitySuitable= -1, mPuttDisplayFlag= -1} compatModeValid: false
12-28 13:41:30.449  3140  3256 D OplusCompatModeManagerService:  getOverrideMinAspectRatioForCompatMode: 0.0 getRawOverrideMinAspectRatioForCompatMode: 0.0
12-28 13:41:30.449  3140  3256 D OplusCompatModeManagerService:  ar : ActivityRecord{ac3553b u0 com.android.launcher/com.android.quickstep.RecentsActivity t12133} displayId:0 inCompatMode: false
12-28 13:41:30.449  3140  3256 D OplusCompatModeManagerService: isDefaultDisplay true oldRect: Rect(0, 0 - 1080, 2412) newRect Rect(0, 0 - 2412, 1080)
12-28 13:41:30.449  3140  3256 D OplusCompatModeManagerService: reloadCompactRatio mParWorldContainer.isEnabledParallelWindow(pkg):false,mParWorldContainer.isDisabledCompactWindow:false,isUIAutoLayout:false, isFullOrientation: false
12-28 13:41:30.450  3140  3256 D OplusCompatModeManagerService:  onPreActivityRecordConfigurationChanged {1.0 ??mcc??mnc [zh_CN] ldltr sw360dp w804dp h360dp 480dpi nrml long hdr widecg land finger -keyb/v/h -nav/h winConfig={ mBounds=Rect(0, 0 - 2412, 1080) mAppBounds=Rect(0, 0 - 2412, 1080) mMaxBounds=Rect(0, 0 - 2412, 1080) mDisplayRotation=ROTATION_90 mWindowingMode=fullscreen mActivityType=standard mAlwaysOnTop=undefined mRotation=ROTATION_90} s.21304 fontWeightAdjustment=0mThemeChanged= 0, mThemeChangedFlags= 0, mFlipFont= 0, mScenario= 0, mAccessibleChanged= -1, mUxIconConfig= 1163078655912968224, mMaterialColor= 0, mUserId= 0, mFontUserId= 0, mFontVariationSettings= 1226, mFoldingAngle = -1.0, mIconPackName= , mDarkModeBackgroundMaxL= 0.0, mDarkModeDialogBgMaxL= 27.0, mDarkModeForegroundMinL= 100.0, mOplusConfigType= 1, mOplusChangedConfigs= 0, OpSans= -1, mBurmeseFontFlag= 2, mFlag= 0, mFlexibleActivitySuitable= -1, mPuttDisplayFlag= -1} compatModeValid: false
12-28 13:41:30.450  3140  3256 D OplusCompatModeManagerService:  getOverrideMinAspectRatioForCompatMode: 0.0 getRawOverrideMinAspectRatioForCompatMode: 0.0
12-28 13:41:30.450  3140  3256 D OplusCompatModeManagerService:  ar : ActivityRecord{11f4eef u0 tv.danmaku.bili/.MainActivityV2 t12172} displayId:0 inCompatMode: false
12-28 13:41:30.450  3140  3256 D OplusCompatModeManagerService: isDefaultDisplay true oldRect: Rect(0, 0 - 1080, 2412) newRect Rect(0, 0 - 2412, 1080)
12-28 13:41:30.450  3140  3256 D OplusCompatModeManagerService: reloadCompactRatio mParWorldContainer.isEnabledParallelWindow(pkg):false,mParWorldContainer.isDisabledCompactWindow:false,isUIAutoLayout:false, isFullOrientation: false
